12-12 08:43:54.453  2017  2569 E FirebaseInstanceId: 	at aurm.b(PG:356)
12-12 08:43:54.453  2017  2569 E FirebaseInstanceId: 	at auqx.run(PG:233)
12-12 08:43:54.453  2017  2569 E FirebaseInstanceId: 	at java.util.concurrent.ThreadPoolExecutor.runWorker(ThreadPoolExecutor.java:1145)
12-12 08:43:54.453  2017  2569 E FirebaseInstanceId: 	at java.util.concurrent.ThreadPoolExecutor$Worker.run(ThreadPoolExecutor.java:644)
12-12 08:43:54.453  2017  2569 E FirebaseInstanceId: 	... 1 more
12-12 08:43:54.566   678   678 W Looper  : Drained
12-12 08:43:54.664   678   776 W AppOpService: Ignored setUidMode call for runtime permission app op: uid = 1001, code = RECEIVE_SMS, mode = allow, callingUid = 1001, oldMode = allow
12-12 08:43:54.667   678   718 W Looper  : Slow dispatch took 261ms android.fg h=android.os.Handler c=<recycled PooledLambda@ddebce1> m=0
12-12 08:43:54.703  2434  2434 I Finsky:background: [2] vto.onTrimMemory(11): Memory trim requested to level 40
12-12 08:43:54.704  2434  2434 I Finsky:background: [2] vto.onTrimMemory(11): Memory trim requested to level 40
12-12 08:43:54.738   678   804 I RoleService: Granting default roles...
12-12 08:43:54.754   678  1666 W AppOpService: Ignored setUidMode call for runtime permission app op: uid = 1001, code = RECEIVE_WAP_PUSH, mode = allow, callingUid = 1001, oldMode = allow
12-12 08:43:54.808   678   718 W Looper  : Slow delivery took 260ms android.fg h=android.os.Handler c=com.android.server.location.injector.SystemLocationPermissionsHelper$$ExternalSyntheticLambda1@d3db374 m=0
12-12 08:43:54.808   678   718 W Looper  : Slow dispatch took 137ms android.fg h=android.os.Handler c=com.android.server.location.injector.SystemLocationPermissionsHelper$$ExternalSyntheticLambda1@d3db374 m=0
12-12 08:43:54.840  2017  5388 I Finsky  : [170] ota.accept(82): Wrote row to frosting DB: 263
12-12 08:43:54.865   678  1666 W AppOpService: Ignored setUidMode call for runtime permission app op: uid = 1001, code = SEND_SMS, mode = allow, callingUid = 1001, oldMode = allow
12-12 08:43:54.867   678  1666 W AppOpService: Ignored setUidMode call for runtime permission app op: uid = 1001, code = READ_CELL_BROADCASTS, mode = allow, callingUid = 1001, oldMode = allow
12-12 08:43:54.899   678   718 W Looper  : Drained
12-12 08:43:54.916  2017  5388 I Finsky  : [170] ota.accept(82): Wrote row to frosting DB: 264
12-12 08:43:55.086   678  2977 E RoleControllerServiceImpl: Default/fallback role holder package doesn't qualify for the role, package: com.google.android.gms, role: android.app.role.WALLET
12-12 08:43:55.198   678  1666 W ParceledListSlice: Element #25 is 19828 bytes.
12-12 08:43:55.206   678  1666 W ParceledListSlice: Element #26 is 19864 bytes.
12-12 08:43:55.218   678  1666 W ParceledListSlice: Element #27 is 19708 bytes.
12-12 08:43:55.230   678  1666 W ParceledListSlice: Element #28 is 19616 bytes.
12-12 08:43:55.233   678  1666 W ParceledListSlice: Element #29 is 19728 bytes.
12-12 08:43:55.282  1566  2006 W PackageManager: Failure retrieving text 0x7f130786 in package com.android.systemui
12-12 08:43:55.282  1566  2006 W PackageManager: android.content.res.Resources$NotFoundException: String resource ID #0x7f130786
12-12 08:43:55.282  1566  2006 W PackageManager: 	at android.content.res.Resources.getText(Resources.java:466)
12-12 08:43:55.282  1566  2006 W PackageManager: 	at android.app.ApplicationPackageManager.getText(ApplicationPackageManager.java:2405)
12-12 08:43:55.282  1566  2006 W PackageManager: 	at android.appwidget.AppWidgetProviderInfo.loadDescription(AppWidgetProviderInfo.java:484)
12-12 08:43:55.282  1566  2006 W PackageManager: 	at kml.a(PG:341)
12-12 08:43:55.282  1566  2006 W PackageManager: 	at kmg.b(PG:39)
12-12 08:43:55.282  1566  2006 W PackageManager: 	at aaer.g(PG:13)
12-12 08:43:55.282  1566  2006 W PackageManager: 	at kotlinx.coroutines.DispatchedTask.run(PG:114)
12-12 08:43:55.282  1566  2006 W PackageManager: 	at java.util.concurrent.Executors$RunnableAdapter.call(Executors.java:487)
12-12 08:43:55.282  1566  2006 W PackageManager: 	at wqm.a(PG:3)
12-12 08:43:55.282  1566  2006 W PackageManager: 	at wpo.run(PG:21)
12-12 08:43:55.282  1566  2006 W PackageManager: 	at wqn.run(PG:5)
12-12 08:43:55.282  1566  2006 W PackageManager: 	at java.util.concurrent.Executors$RunnableAdapter.call(Executors.java:487)
12-12 08:43:55.282  1566  2006 W PackageManager: 	at java.util.concurrent.FutureTask.run(FutureTask.java:264)
12-12 08:43:55.282  1566  2006 W PackageManager: 	at java.util.concurrent.ScheduledThreadPoolExecutor$ScheduledFutureTask.run(ScheduledThreadPoolExecutor.java:307)
12-12 08:43:55.282  1566  2006 W PackageManager: 	at java.util.concurrent.ThreadPoolExecutor.runWorker(ThreadPoolExecutor.java:1145)
12-12 08:43:55.282  1566  2006 W PackageManager: 	at java.util.concurrent.ThreadPoolExecutor$Worker.run(ThreadPoolExecutor.java:644)
12-12 08:43:55.282  1566  2006 W PackageManager: 	at hqv.run(PG:221)
12-12 08:43:55.282  1566  2006 W PackageManager: 	at java.lang.Thread.run(Thread.java:1012)
12-12 08:43:55.309  1240  1240 I SsBaseTemplateCard: Secondary card pane is null
12-12 08:43:55.337  2017  2017 I Finsky  : [2] adwx.f(9): Clearing split related stale data.
12-12 08:43:55.498   678  2977 E RoleControllerServiceImpl: Default/fallback role holder package doesn't qualify for the role, package: com.google.android.devicelockcontroller, role: android.app.role.SYSTEM_FINANCED_DEVICE_CONTROLLER
12-12 08:43:55.614  2017  2017 I Finsky  : [2] aljs.c(44): Do not start WearSupportService due to Wear service optimization
12-12 08:43:55.637   678  2127 W BestClock: java.time.DateTimeException: Missing network time fix
12-12 08:43:55.685   678  2127 W BestClock: java.time.DateTimeException: Missing network time fix
12-12 08:43:55.773   678  2977 W Role    : Default holder doesn't have required signing certificate: com.google.android.retaildemo:6547c73dee150c103980bfdffe55cc9a011d785dd694a5f99afd8205bcaf1f80
12-12 08:43:55.776   678  2977 E RoleControllerServiceImpl: Default/fallback role holder package doesn't qualify for the role, package: com.google.android.gms.supervision, role: android.app.role.SYSTEM_SUPERVISION
12-12 08:43:55.800  2434  2434 I Finsky:background: [2] vto.onTrimMemory(11): Memory trim requested to level 40
12-12 08:43:55.805   678  2977 W Role    : Default holder doesn't have required signing certificate: com.google.android.apps.work.clouddpc:23962F4B43B9857638EA66F4D419518EAE282491ACDA4B94707BD59003C45E58
12-12 08:43:55.806  2017  2017 I Finsky  : [2] sta.lL(11): DTU: Received onPackageAdded, replacing: false
12-12 08:43:55.995  1578  1834 I ebvk$a  : (REDACTED) Unable to retrieve flag snapshot for %s, using defaults.
12-12 08:43:56.031  5370  5370 I MultiDex: Installing application
12-12 08:43:56.050   678  1704 W BestClock: java.time.DateTimeException: Missing network time fix
12-12 08:43:56.099  5370  5370 I MultiDex: VM with version 2.1.0 has multidex support
12-12 08:43:56.110  5370  5370 I MultiDex: VM has multidex support, MultiDex support library is disabled.
12-12 08:43:56.129  1578  5404 I Auth    : [SupervisedAccountIntentOperation] onHandleIntent(): android.intent.action.PACKAGE_ADDED
12-12 08:43:56.130  1578  5404 I Auth    : [SupervisedAccountIntentOperation] This operation is disabled
12-12 08:43:56.232   678  1666 W ActivityManager: Slow operation: 65ms so far, now at finishAttachApplicationInner: after dispatching broadcasts
12-12 08:43:56.259  2017  2297 I Finsky  : [61] kwh.a(47): AIM: AppInfoManager-Perf > OnDeviceAppInfo > cacheHitCount=0, cacheMissCount=1. Missed  in cache (limit 10) : [com.ichi2.anki]
12-12 08:43:56.262  2017  2017 I Finsky  : [2] vto.onTrimMemory(11): Memory trim requested to level 40
12-12 08:43:56.263  2017  2017 I Finsky  : [2] zsw.accept(118): Flushing in-memory image cache
12-12 08:43:56.263  2017  2017 I Finsky  : [2] vto.onTrimMemory(11): Memory trim requested to level 40
12-12 08:43:56.264  2017  2017 I Finsky  : [2] zsw.accept(118): Flushing in-memory image cache
12-12 08:43:56.270  2017  2017 I Finsky  : [2] yea.g(1): yea - Received: android.intent.action.PACKAGE_CHANGED, [vXxgMBFj8qGkiEnZagMwKA65__KXewRZS-35zkBI3ls]
12-12 08:43:56.495  2017  2297 I Finsky  : [61] ked.apply(1260): AIM: Got app ownership map. App counts: . Unique apps: 0
12-12 08:43:56.505  1578  5411 I Dck     : (REDACTED) disableDckSupport: %s
12-12 08:43:56.505  1578  5411 I Dck     : (REDACTED) doesDeviceHaveSupportedWirelessCapabilities: wccSysProp:%d, wccMendel:%d, deviceWccOverride:%s
12-12 08:43:56.506  1578  5411 I Dck     : Dck module condition - hasWccSupport: false [CONTEXT service_id=289 ]
12-12 08:43:56.507  1578  5411 I Dck     : Dck module condition - downloadAllowed: false [CONTEXT service_id=289 ]
12-12 08:43:56.525  1578  5411 W Dck     : Dck module not eligible for asynchronous downloading [CONTEXT service_id=289 ]
12-12 08:43:56.777  5370  5381 W PrimesLoggerHolder: Primes not initialized, returning default (no-op) Primes instance which will ignore all calls. Please call Primes.initialize(...) before using any Primes API.
12-12 08:43:56.859   678  1094 W ParceledListSlice: Element #25 is 19828 bytes.
12-12 08:43:56.859   678  1094 W ParceledListSlice: Element #26 is 19864 bytes.
12-12 08:43:56.878  2017  2297 I Finsky  : [61] kwh.a(47): AIM: AppInfoManager-Perf > OnDeviceAppInfo > cacheHitCount=0, cacheMissCount=1. Missed  in cache (limit 10) : [com.ichi2.anki]
12-12 08:43:56.880  2017  2297 I Finsky  : [61] ked.apply(1260): AIM: Got app ownership map. App counts: . Unique apps: 0
12-12 08:43:56.892   678  1094 W ParceledListSlice: Element #27 is 19708 bytes.
12-12 08:43:56.892   678  1094 W ParceledListSlice: Element #28 is 19616 bytes.
12-12 08:43:56.892   678  1094 W ParceledListSlice: Element #29 is 19728 bytes.
12-12 08:43:56.923  2017  2017 I Finsky  : [2] vto.onTrimMemory(11): Memory trim requested to level 40
12-12 08:43:56.942  2017  2017 I Finsky  : [2] zsw.accept(118): Flushing in-memory image cache
12-12 08:43:57.051  1578  5404 I Blockstore: (REDACTED) [DataStoreImpl] Clearing Blockstore Data for package %s
12-12 08:43:57.119  2017  5388 I Finsky  : [170] ota.accept(82): Wrote row to frosting DB: 265
12-12 08:43:57.138   678   719 W Looper  : Slow dispatch took 224ms android.ui h=com.android.server.am.ActivityManagerService$UiHandler c=com.android.server.am.UidObserverController$$ExternalSyntheticLambda0@be24f6f m=0
12-12 08:43:57.182   678  2127 W BestClock: java.time.DateTimeException: Missing network time fix
12-12 08:43:57.187   678  2977 E RoleControllerServiceImpl: Default/fallback role holder package doesn't qualify for the role, package: com.google.android.gms, role: android.app.role.WALLET
12-12 08:43:57.234   678  2127 W BestClock: java.time.DateTimeException: Missing network time fix
12-12 08:43:57.274  1203  5341 W GCM     : Unexpected forwarded intent: Intent { act=android.intent.action.PACKAGE_ADDED dat=package: flg=0x4000010 pkg=com.google.android.gms cmp=com.google.android.gms/.chimera.PersistentIntentOperationService (has extras) }
12-12 08:43:57.331   678  2127 W BestClock: java.time.DateTimeException: Missing network time fix
12-12 08:43:57.344  1578  5414 I Blockstore: [DataStoreImpl] Keyless data not found or its IsLastInstallationData = false. [CONTEXT service_id=258 ]
12-12 08:43:57.355  1240  1301 W PackageManager: Failure retrieving text 0x7f130786 in package com.android.systemui
12-12 08:43:57.355  1240  1301 W PackageManager: android.content.res.Resources$NotFoundException: String resource ID #0x7f130786
12-12 08:43:57.355  1240  1301 W PackageManager: 	at android.content.res.Resources.getText(Resources.java:466)
12-12 08:43:57.355  1240  1301 W PackageManager: 	at android.app.ApplicationPackageManager.getText(ApplicationPackageManager.java:2405)
12-12 08:43:57.355  1240  1301 W PackageManager: 	at android.appwidget.AppWidgetProviderInfo.loadDescription(AppWidgetProviderInfo.java:484)
12-12 08:43:57.355  1240  1301 W PackageManager: 	at com.android.launcher3.model.WidgetItem.<init>(go/retraceme 2855a437b73635ce9cad76b9289087e631bbb67fc90008a0da13d343a00e5041:4)
12-12 08:43:57.355  1240  1301 W PackageManager: 	at com.android.launcher3.model.WidgetsModel.update(go/retraceme 2855a437b73635ce9cad76b9289087e631bbb67fc90008a0da13d343a00e5041:72)
12-12 08:43:57.355  1240  1301 W PackageManager: 	at com.android.launcher3.o0.execute(go/retraceme 2855a437b73635ce9cad76b9289087e631bbb67fc90008a0da13d343a00e5041:16)
12-12 08:43:57.355  1240  1301 W PackageManager: 	at com.android.launcher3.LauncherModel.a(go/retraceme 2855a437b73635ce9cad76b9289087e631bbb67fc90008a0da13d343a00e5041:27)
12-12 08:43:57.355  1240  1301 W PackageManager: 	at com.android.launcher3.s0.run(go/retraceme 2855a437b73635ce9cad76b9289087e631bbb67fc90008a0da13d343a00e5041:12)
12-12 08:43:57.355  1240  1301 W PackageManager: 	at android.os.Handler.handleCallback(Handler.java:959)
12-12 08:43:57.355  1240  1301 W PackageManager: 	at android.os.Handler.dispatchMessage(Handler.java:100)
12-12 08:43:57.355  1240  1301 W PackageManager: 	at android.os.Looper.loopOnce(Looper.java:232)
12-12 08:43:57.355  1240  1301 W PackageManager: 	at android.os.Looper.loop(Looper.java:317)
12-12 08:43:57.355  1240  1301 W PackageManager: 	at android.os.HandlerThread.run(HandlerThread.java:85)
12-12 08:43:57.493   678  2977 E RoleControllerServiceImpl: Default/fallback role holder package doesn't qualify for the role, package: com.google.android.devicelockcontroller, role: android.app.role.SYSTEM_FINANCED_DEVICE_CONTROLLER
12-12 08:43:57.580  1578  1788 I GmscoreIpa: (REDACTED) Using %s flags by method %d
12-12 08:43:57.607  1536  1544 W mit.droidbotapp: Suspending all threads took: 35.475ms
12-12 08:43:57.624  2017  2297 I Finsky  : [61] kwc.a(215): AIM: AppInfoManager-Perf > ItemModel > CacheSize=0, cacheHitCount=0, cacheMissCount=1, total appsWithNoServerDataCount=0. Missed  in cache (limit 10) : [com.ichi2.anki]
12-12 08:43:57.645  2017  2297 I Finsky  : [61] kwg.n(19): AIM: AppInfoManager-Perf > ItemModel > ItemStore Called 1 apps cacheOptions = USE_CACHE
12-12 08:43:57.680  2017  2297 I Finsky  : [61] tup.e(252): ItemStore: Not cached: com.ichi2.anki
12-12 08:43:57.687  2017  2292 E Finsky  : [57] svy.a(247): Error when retrieving FCM instance id
12-12 08:43:57.689  1847  2379 I MicroDetectionState: (REDACTED) Updating hotword opa ineligibility to %b
12-12 08:43:57.712  2017  5388 I Finsky  : [170] ota.accept(82): Wrote row to frosting DB: 266
12-12 08:43:57.741  2017  2224 I Finsky  : [53] kwc.a(215): AIM: AppInfoManager-Perf > ItemModel > CacheSize=0, cacheHitCount=0, cacheMissCount=1, total appsWithNoServerDataCount=0. Missed  in cache (limit 10) : [com.ichi2.anki]
12-12 08:43:57.747  2017  2224 I Finsky  : [53] kwg.n(19): AIM: AppInfoManager-Perf > ItemModel > ItemStore Called 1 apps cacheOptions = USE_CACHE
12-12 08:43:57.748  2017  2224 I Finsky  : [53] tup.e(252): ItemStore: Not cached: com.ichi2.anki
12-12 08:43:57.754  1847  2379 I A       : getLocaleToModelSpecsMap
12-12 08:43:57.754  1847  2379 I A       : Proto config empty. Exit merge.
12-12 08:43:57.781  2017  2224 I Finsky  : [53] kwc.a(1112): AIM: ItemModel fetch - unauth(1), auth()
12-12 08:43:57.798  2017  2297 I Finsky  : [61] kwc.a(1112): AIM: ItemModel fetch - unauth(1), auth()
12-12 08:43:57.821  1847  2379 I MicroDetectionWorker: (REDACTED) Initializing MicroDataManager InitializeType-%d, isForced-%b, isActivePhoneEnrollment-%b isActiveGoogleHomeEnrollment-%b
12-12 08:43:57.828  1847  2379 I A       : getLocaleToModelSpecsMap
12-12 08:43:57.828  1536  1544 I mit.droidbotapp: Background concurrent mark compact GC freed 1220KB AllocSpace bytes, 58(1864KB) LOS objects, 49% free, 2950KB/5900KB, paused 127.644ms,21.740ms total 549.423ms
12-12 08:43:57.839  1847  2379 I A       : Proto config empty. Exit merge.
12-12 08:43:57.846  2017  2349 E Finsky  : [73] mwv.c(59): Unexpected android-id = 0
12-12 08:43:57.859  2017  2346 E Finsky  : [70] mwv.c(59): Unexpected android-id = 0
12-12 08:43:57.866  1847  2379 I MicroDataManager: (REDACTED) Location for model with model type: %s and locale: %s, is : %s
12-12 08:43:57.879  1847  2379 I MicroDetectionState: (REDACTED) #takeChangeMicroDetectorMode [mIsBargeInEnabled: %b, mCurrentDetectionMode: %s]
12-12 08:43:57.926  1203  5341 I Fitness : (REDACTED) OnPackageChangedOperation got intent: %s
12-12 08:43:57.939  1203  5419 W NetworkScheduler: Unexpected forwarded intent: Intent { act=android.intent.action.PACKAGE_ADDED dat=package: flg=0x4000010 pkg=com.google.android.gms cmp=com.google.android.gms/.chimera.PersistentIntentOperationService (has extras) }
12-12 08:43:57.953  2017  2035 W android.vending: Missing inline cache for java.lang.Object anch.a(ankq)
12-12 08:43:57.954  2017  2035 W android.vending: Missing inline cache for java.lang.Object anch.a(ankq)
12-12 08:43:57.954  2017  2035 W android.vending: Missing inline cache for java.lang.Object anch.a(ankq)
12-12 08:43:57.954  2017  2035 W android.vending: Missing inline cache for java.lang.Object anch.a(ankq)
12-12 08:43:57.955  2017  2035 W android.vending: Missing inline cache for java.lang.Object anch.a(ankq)
12-12 08:43:57.955  2017  2035 W android.vending: Missing inline cache for java.lang.Object anch.a(ankq)
12-12 08:43:57.955  2017  2035 W android.vending: Missing inline cache for java.lang.Object anch.a(ankq)
12-12 08:43:57.956  2017  2035 W android.vending: Missing inline cache for java.lang.Object anch.a(ankq)
12-12 08:43:58.043  1847  2379 I MicroDetectionState: (REDACTED) Should stop hotword detection immediately - %b
12-12 08:43:58.049  5370  5370 I isc     : SslGuard completed installation.
12-12 08:43:58.163  2017  2292 I Finsky  : [57] pfq.accept(60): SCH: Scheduling phonesky job Id: 12-1, CT: 1733993035998, Constraints: [{ L: 15000, D: 86400000, C: 1, I: 1, N: 1 }]
12-12 08:43:58.165  1847  2379 I MicroDetectionState: (REDACTED) #takeChangeMicroDetectorMode [mIsBargeInEnabled: %b, mCurrentDetectionMode: %s]
12-12 08:43:58.165  1847  2379 I MicroDetectionState: (REDACTED) Should stop hotword detection immediately - %b
12-12 08:43:58.173  1847  2379 I A       : getLocaleToModelSpecsMap
12-12 08:43:58.174  1847  2379 I A       : Proto config empty. Exit merge.
12-12 08:43:58.249  2017  2297 I Finsky  : [61] jxb.apply(216): SCH: Scheduling 0 system job(s)
12-12 08:43:58.268  2017  2224 I Finsky  : [53] mqh.kE(87): [ContentSync] finished, scheduled=true
12-12 08:43:58.303  1566  2006 I AiAiEcho: EchoSearch: WidgetFetcherImpl is initialized with [37] widgets [reason=package added for userId: 0]
12-12 08:43:58.361   678  1094 W ActivityManager: Slow operation: 265ms so far, now at finishAttachApplicationInner: after mServices.attachApplicationLocked
12-12 08:43:58.361   678  1094 W ActivityManager: Slow operation: 266ms so far, now at finishAttachApplicationInner: after dispatching broadcasts
12-12 08:43:58.416   678  1094 W ActivityManager: Slow operation: 321ms so far, now at finishAttachApplicationInner: after updateOomAdjLocked
12-12 08:43:58.442   678   733 W EnhancedConfirmationService: The packageName should not be null.
12-12 08:43:58.446   678   733 W MagnificationConnectionManager: requestConnection duplicated request: connect=false, mConnectionState=DISCONNECTED
12-12 08:43:58.450   678  2395 W BestClock: java.time.DateTimeException: Missing network time fix
12-12 08:43:58.463   678   678 W IPCThreadState: Sending oneway calls to frozen process.
12-12 08:43:58.478   678   678 W IPCThreadState: Sending oneway calls to frozen process.
12-12 08:43:58.479   678  2395 W BestClock: java.time.DateTimeException: Missing network time fix
12-12 08:43:58.487   678   678 W IPCThreadState: Sending oneway calls to frozen process.
12-12 08:43:58.495   678   776 W BestClock: java.time.DateTimeException: Missing network time fix
12-12 08:43:58.644  1566  1566 I AiAiEcho: AppFetcherImpl onPackageChanged com.ichi2.anki.
12-12 08:43:58.663  1566  5367 I AiAiEcho: AppIndexer Package:[com.ichi2.anki] UserProfile:[0] Enabled:[true].
12-12 08:43:58.671  1566  5367 I AiAiEcho: AppFetcherImplV2 updateApps package:[com.ichi2.anki], userId:[0], reason:[package is updated.].
12-12 08:43:58.819  1578  1834 I Icing   : IndexChimeraService.getServiceInterface callingPackage=com.google.android.gms componentName=AppsCorpus serviceId=36
12-12 08:43:58.854  1578  4280 E ProtoLiteUtils: Corrupt protobuf data, expected CRC: 53910447467363 computed CRC: 0
12-12 08:43:58.993  1203  5342 I Fitness : (REDACTED) FitCleanupIntentOperation received Intent %s
12-12 08:43:59.015  1203  5419 I Fitness : (REDACTED) OnPackageChangedOperation got intent: %s
12-12 08:43:59.203  1578  5414 I Icing   : Usage reports ok 0, Failed Usage reports 0, indexed 0, rejected 0
12-12 08:43:59.322  1203  5341 I Fitness : (REDACTED) FitCleanupIntentOperation received Intent %s
12-12 08:43:59.435  1578  1752 I Icing   : IndexChimeraService.getServiceInterface callingPackage=com.google.android.gms componentName=null serviceId=30
12-12 08:43:59.460  5370  5381 W DynamiteModule: Local module descriptor class for com.google.android.gms.googlecertificates not found.
12-12 08:43:59.490  1578  4280 E ProtoLiteUtils: Corrupt protobuf data, expected CRC: 53910447467363 computed CRC: 0
12-12 08:43:59.512   678  1094 W BestClock: java.time.DateTimeException: Missing network time fix
12-12 08:43:59.529   678  1094 W BestClock: java.time.DateTimeException: Missing network time fix
12-12 08:43:59.539   678   776 W BestClock: java.time.DateTimeException: Missing network time fix
12-12 08:43:59.548  5370  5381 W ziparchive: Unable to open '/data/user_de/0/com.google.android.gms/app_chimera/m/00000002/DynamiteLoader.uncompressed.dm': No such file or directory
12-12 08:43:59.549  5370  5381 W ziparchive: Unable to open '/data/user_de/0/com.google.android.gms/app_chimera/m/00000002/DynamiteLoader.uncompressed.dm': No such file or directory
12-12 08:43:59.676  1578  5414 I Icing   : Usage reports ok 0, Failed Usage reports 0, indexed 0, rejected 0
12-12 08:43:59.733  5370  5381 I DynamiteModule: Considering local module com.google.android.gms.googlecertificates:0 and remote module com.google.android.gms.googlecertificates:7
12-12 08:43:59.734  5370  5381 I DynamiteModule: Selected remote version of com.google.android.gms.googlecertificates, version >= 7
12-12 08:43:59.798  1578  4280 E ProtoLiteUtils: Corrupt protobuf data, expected CRC: 53910447467363 computed CRC: 0
12-12 08:43:59.970  5370  5381 W ziparchive: Unable to open '/data/user_de/0/com.google.android.gms/app_chimera/m/00000005/GoogleCertificates.dm': No such file or directory
12-12 08:43:59.970  5370  5381 W ziparchive: Unable to open '/data/user_de/0/com.google.android.gms/app_chimera/m/00000005/GoogleCertificates.dm': No such file or directory
12-12 08:44:00.023  1566  1719 I AiAiEcho: Predicting[0]:  [CONTEXT sampling_count=5 ]
12-12 08:44:00.024  1566  1719 I AiAiEcho: EchoTargets: 
12-12 08:44:00.024  1566  1719 I AiAiEcho: Filtered by AiAi flag check: 
12-12 08:44:00.024  1566  1719 I AiAiEcho: [CONTEXT ratelimit_period="10 SECONDS" ]
12-12 08:44:00.028  1566  1719 I AiAiEcho: Ranked targets strategy: SORT, count: 0, ranking metadata:  [CONTEXT ratelimit_period="10 SECONDS" ]
12-12 08:44:00.030  1566  1719 I AiAiEcho: #remoteViewsTwiddler: feature disabled.
12-12 08:44:00.033  1566  1719 I AiAiEcho: Predicting[0]:  [CONTEXT sampling_count=5 ]
12-12 08:44:00.036  1566  1719 I AiAiEcho: EchoTargets: 
12-12 08:44:00.036  1566  1719 I AiAiEcho: Filtered by AiAi flag check: 
12-12 08:44:00.036  1566  1719 I AiAiEcho: [CONTEXT ratelimit_period="10 SECONDS" ]
12-12 08:44:00.039  1566  1719 I AiAiEcho: Ranked targets strategy: SORT, count: 0, ranking metadata:  [CONTEXT ratelimit_period="10 SECONDS" ]
12-12 08:44:00.042  1566  1719 I AiAiEcho: #remoteViewsTwiddler: feature disabled.
12-12 08:44:00.048  1566  1719 I AiAiEcho: #postPredictionTargets: Sending updates to UISurface lockscreen with targets# 0 (types=[])
12-12 08:44:00.052  1566  1719 I AiAiEcho: #postPredictionTargets: Sending updates to UISurface home with targets# 0 (types=[])
12-12 08:44:00.063  1240  1240 I SsBaseTemplateCard: Secondary card pane is null
12-12 08:44:00.092   953   953 W PageIndicator: Total number of pages invalid: 0. Assuming 1 page.
12-12 08:44:00.239  1578  5414 I Icing   : Indexing com.google.android.gms-apps from com.google.android.gms
12-12 08:44:00.280  1578  5414 E ProtoLiteUtils: Corrupt protobuf data, expected CRC: 53910447467363 computed CRC: 0
12-12 08:44:00.554   678  2126 W BestClock: java.time.DateTimeException: Missing network time fix
12-12 08:44:00.567   678  2126 W BestClock: java.time.DateTimeException: Missing network time fix
12-12 08:44:00.576   678  2126 W BestClock: java.time.DateTimeException: Missing network time fix
12-12 08:44:01.371   678   847 W BestClock: java.time.DateTimeException: Missing network time fix
12-12 08:44:01.471   678   847 W BestClock: java.time.DateTimeException: Missing network time fix
12-12 08:44:01.527   208  5352 I keystore2: system/security/keystore2/watchdog/src/lib.rs:319 - Watchdog thread idle -> terminating. Have a great day.
12-12 08:44:01.591   678  2127 W BestClock: java.time.DateTimeException: Missing network time fix
12-12 08:44:01.600   678  2127 W BestClock: java.time.DateTimeException: Missing network time fix
12-12 08:44:01.612   678   733 W IPCThreadState: Sending oneway calls to frozen process.
12-12 08:44:01.614   678  2310 W BestClock: java.time.DateTimeException: Missing network time fix
12-12 08:44:01.637  1639  1639 W TimedProcessReaper: Memory state is: 125
12-12 08:44:02.233  1578  5414 E ProtoLiteUtils: Corrupt protobuf data, expected CRC: 53910447467363 computed CRC: 0
12-12 08:44:02.311  1578  5414 E ProtoLiteUtils: Corrupt protobuf data, expected CRC: 53910447467363 computed CRC: 0
12-12 08:44:02.359  1578  5414 E ProtoLiteUtils: Corrupt protobuf data, expected CRC: 53910447467363 computed CRC: 0
12-12 08:44:02.383  1578  5414 E ProtoLiteUtils: Corrupt protobuf data, expected CRC: 53910447467363 computed CRC: 0
12-12 08:44:02.402  1578  5414 E ProtoLiteUtils: Corrupt protobuf data, expected CRC: 53910447467363 computed CRC: 0
12-12 08:44:02.402  1578  5414 I Icing   : Indexing done com.google.android.gms-apps
12-12 08:44:02.405  1578  5414 I Icing   : Indexing com.google.android.gms-internal.3p:MobileApplication from com.google.android.gms
12-12 08:44:02.473  1578  1585 I gle.android.gms: Compiler allocated 4122KB to compile bfic bfid.c(bfat, bfia, long)
12-12 08:44:02.501  1578  5414 I Icing   : Indexing done com.google.android.gms-internal.3p:MobileApplication
12-12 08:44:02.619   678  1094 W BestClock: java.time.DateTimeException: Missing network time fix
12-12 08:44:02.620   678  1094 W BestClock: java.time.DateTimeException: Missing network time fix
12-12 08:44:02.623   678  1094 W BestClock: java.time.DateTimeException: Missing network time fix
12-12 08:44:02.723   678   776 I ActivityManager: Background started FGS: Allowed [callingPackage: com.google.android.apps.wellbeing; callingUid: 10143; uidState: BTOP; uidBFSL: [BFSL]; intent: Intent { cmp=com.google.android.apps.wellbeing/com.google.apps.tiktok.concurrent.InternalForegroundService (has extras) }; code:BACKGROUND_ACTIVITY_PERMISSION; tempAllowListReason:<null>; targetSdkVersion:34; callerTargetSdkVersion:34; startForegroundCount:0; bindFromPackage:null: isBindService:false]
12-12 08:44:02.734   678   776 W ForegroundServiceTypeLoggerModule: Foreground service start for UID: 10143 does not have any types
12-12 08:44:02.746   678   776 W ForegroundServiceTypeLoggerModule: FGS stop call for: 10143 has no types!
12-12 08:44:02.975   678   678 I NotificationService: Cannot find enqueued record for key: 0|com.google.android.apps.wellbeing|174344743|null|10143
12-12 08:44:03.029  5471  5471 W BpBinder: Linking to death on android.gui.ISurfaceComposer but there are no threads (yet?) listening to incoming transactions. See ProcessState::startThreadPool and ProcessState::setThreadPoolMaxThreadCount. Generally you should setup the binder threadpool before other initialization steps.
12-12 08:44:03.031  5471  5471 W ProcessState: Extra binder thread started, but 0 threads requested. Do not use *startThreadPool when zero threads are requested.
12-12 08:44:03.633   678  1094 W BestClock: java.time.DateTimeException: Missing network time fix
12-12 08:44:03.635   678  1094 W BestClock: java.time.DateTimeException: Missing network time fix
12-12 08:44:03.640   678  1094 W BestClock: java.time.DateTimeException: Missing network time fix
12-12 08:44:04.661   678   776 W BestClock: java.time.DateTimeException: Missing network time fix
12-12 08:44:04.664   678   776 W BestClock: java.time.DateTimeException: Missing network time fix
12-12 08:44:04.679   678  1094 W BestClock: java.time.DateTimeException: Missing network time fix
12-12 08:44:04.927  5370  5376 I .apps.wellbeing: Background concurrent mark compact GC freed 4511KB AllocSpace bytes, 0(0B) LOS objects, 49% free, 3424KB/6848KB, paused 23.140ms,27.101ms total 306.701ms
12-12 08:44:04.960  5370  5378 W .apps.wellbeing: ApkAssets: Deleting an ApkAssets object '<empty> and /product/app/YouTube/YouTube.apk' with 1 weak references
12-12 08:44:04.974  5370  5378 W .apps.wellbeing: ApkAssets: Deleting an ApkAssets object '<empty> and /product/overlay/DisplayCutoutEmulationCorner/DisplayCutoutEmulationCornerOverlay.apk' with 1 weak references
12-12 08:44:04.987  5370  5378 W .apps.wellbeing: ApkAssets: Deleting an ApkAssets object '<empty> and /apex/com.android.extservices/priv-app/GoogleExtServices@350820300/GoogleExtServices.apk' with 1 weak references
12-12 08:44:05.014  5370  5378 W .apps.wellbeing: ApkAssets: Deleting an ApkAssets object '<empty> and /product/overlay/DisplayCutoutEmulationDouble/DisplayCutoutEmulationDoubleOverlay.apk' with 1 weak references
12-12 08:44:05.020  5370  5378 W .apps.wellbeing: ApkAssets: Deleting an ApkAssets object '<empty> and /system/priv-app/TelephonyProvider/TelephonyProvider.apk' with 1 weak references
12-12 08:44:05.031  5370  5378 W .apps.wellbeing: ApkAssets: Deleting an ApkAssets object '/product/overlay/TelephonyProvider__sdk_gphone64_x86_64__auto_generated_rro_product.apk' with 1 weak references
12-12 08:44:05.049  5370  5378 W .apps.wellbeing: ApkAssets: Deleting an ApkAssets object '<empty> and /system/priv-app/DynamicSystemInstallationService/DynamicSystemInstallationService.apk' with 1 weak references
12-12 08:44:05.057  5370  5378 W .apps.wellbeing: ApkAssets: Deleting an ApkAssets object '<empty> and /product/priv-app/Velvet/Velvet.apk' with 1 weak references
12-12 08:44:05.095  5370  5378 W .apps.wellbeing: ApkAssets: Deleting an ApkAssets object '<empty> and /system/priv-app/CalendarProvider/CalendarProvider.apk' with 1 weak references
12-12 08:44:05.103  5370  5378 W .apps.wellbeing: ApkAssets: Deleting an ApkAssets object '<empty> and /product/priv-app/GoogleOneTimeInitializer/GoogleOneTimeInitializer.apk' with 1 weak references
12-12 08:44:05.106  5370  5378 W .apps.wellbeing: ApkAssets: Deleting an ApkAssets object '<empty> and /system/app/GoogleExtShared/GoogleExtShared.apk' with 1 weak references
12-12 08:44:05.111  5370  5378 W .apps.wellbeing: ApkAssets: Deleting an ApkAssets object '<empty> and /data/app/~~EUVYEHKyRAOskaF2pHpDLA==/com.ichi2.anki-nnN2Pk0mJKBxB_4zB3zlBA==/base.apk' with 1 weak references
12-12 08:44:05.119  5370  5378 W .apps.wellbeing: ApkAssets: Deleting an ApkAssets object '<empty> and /system/priv-app/ExternalStorageProvider/ExternalStorageProvider.apk' with 1 weak references
12-12 08:44:05.120  5370  5378 W .apps.wellbeing: ApkAssets: Deleting an ApkAssets object '<empty> and /system/app/HTMLViewer/HTMLViewer.apk' with 1 weak references
12-12 08:44:05.127  5370  5378 W .apps.wellbeing: ApkAssets: Deleting an ApkAssets object '<empty> and /system/app/CompanionDeviceManager/CompanionDeviceManager.apk' with 1 weak references
12-12 08:44:05.131  5370  5378 W .apps.wellbeing: ApkAssets: Deleting an ApkAssets object '<empty> and /system/priv-app/DownloadProvider/DownloadProvider.apk' with 1 weak references
12-12 08:44:05.135  5370  5378 W .apps.wellbeing: ApkAssets: Deleting an ApkAssets object '<empty> and /product/priv-app/PrebuiltBugle/PrebuiltBugle.apk' with 1 weak references
12-12 08:44:05.141  5370  5378 W .apps.wellbeing: ApkAssets: Deleting an ApkAssets object '<empty> and /product/app/SoundPickerPrebuilt/SoundPickerPrebuilt.apk' with 1 weak references
12-12 08:44:05.148  5370  5378 W .apps.wellbeing: ApkAssets: Deleting an ApkAssets object '<empty> and /apex/com.android.mediaprovider/priv-app/MediaProviderGoogle@350820300/MediaProviderGoogle.apk' with 1 weak references
12-12 08:44:05.156  5370  5378 W .apps.wellbeing: ApkAssets: Deleting an ApkAssets object '<empty> and /product/priv-app/SafetyHubPrebuilt/SafetyHubPrebuilt.apk' with 1 weak references
12-12 08:44:05.163  5370  5378 W .apps.wellbeing: ApkAssets: Deleting an ApkAssets object '<empty> and /system/priv-app/DownloadProviderUi/DownloadProviderUi.apk' with 1 weak references
12-12 08:44:05.166  5370  5378 W .apps.wellbeing: ApkAssets: Deleting an ApkAssets object '<empty> and /apex/com.android.wifi/app/OsuLoginGoogle@350820300/OsuLoginGoogle.apk' with 1 weak references
12-12 08:44:05.167   181   181 I hwservicemanager: getTransport: Cannot find entry android.hardware.graphics.mapper@4.0::IMapper/default in either framework or device VINTF manifest.
12-12 08:44:05.170  5370  5378 W .apps.wellbeing: ApkAssets: Deleting an ApkAssets object '<empty> and /product/priv-app/Phonesky/Phonesky.apk' with 1 weak references
12-12 08:44:05.173  5471  5477 I Gralloc4: mapper 4.x is not supported
12-12 08:44:05.174  5370  5378 W .apps.wellbeing: ApkAssets: Deleting an ApkAssets object '<empty> and /system/app/PacProcessor/PacProcessor.apk' with 1 weak references
12-12 08:44:05.179  5370  5378 W .apps.wellbeing: ApkAssets: Deleting an ApkAssets object '<empty> and /system/app/SimAppDialog/SimAppDialog.apk' with 1 weak references
12-12 08:44:05.182  5370  5378 W .apps.wellbeing: ApkAssets: Deleting an ApkAssets object '/product/overlay/SimAppDialog__sdk_gphone64_x86_64__auto_generated_rro_product.apk' with 1 weak references
12-12 08:44:05.579  1548  1800 W MediaProvider: isAppCloneUserPair for user 0: false
12-12 08:44:05.705   678  2127 W BestClock: java.time.DateTimeException: Missing network time fix
12-12 08:44:05.707   678  2127 W BestClock: java.time.DateTimeException: Missing network time fix
12-12 08:44:05.720   678  2127 W BestClock: java.time.DateTimeException: Missing network time fix
12-12 08:44:06.097  1203  5420 I NetworkScheduler.Stats: (REDACTED) Task %s/%s started execution. cause:%s exec_start_elapsed_seconds: %s
12-12 08:44:06.188  1203  5408 I NetworkScheduler.Stats: (REDACTED) Task %s/%s finished executing. cause:%s result: %s elapsed_millis: %s uptime_millis: %s exec_start_elapsed_seconds: %s
12-12 08:44:06.470  1203  5420 I NetworkScheduler.Stats: (REDACTED) Task %s/%s started execution. cause:%s exec_start_elapsed_seconds: %s
12-12 08:44:06.471  1578  5414 I GCM-GMS : Registering GMS for direct boot.
12-12 08:44:06.562  1578  5414 W GCM-GMS : Failed to get direct boot token: java.io.IOException: AUTHENTICATION_FAILED
12-12 08:44:06.575  1203  5408 I NetworkScheduler.Stats: (REDACTED) Task %s/%s started execution. cause:%s exec_start_elapsed_seconds: %s
12-12 08:44:06.603  1578  4280 I GCM-GMS : Registering GMS 745476177629
12-12 08:44:06.608  1203  5408 I NetworkScheduler.Stats: (REDACTED) Task %s/%s finished executing. cause:%s result: %s elapsed_millis: %s uptime_millis: %s exec_start_elapsed_seconds: %s
12-12 08:44:06.701  1578  4280 W GCM-GMS : Failed to get registration: java.io.IOException: AUTHENTICATION_FAILED
12-12 08:44:06.742   678  2310 W BestClock: java.time.DateTimeException: Missing network time fix
12-12 08:44:06.753   678  2310 W BestClock: java.time.DateTimeException: Missing network time fix
12-12 08:44:06.763   678  2127 W BestClock: java.time.DateTimeException: Missing network time fix
12-12 08:44:06.770  1203  5420 I NetworkScheduler.Stats: (REDACTED) Task %s/%s finished executing. cause:%s result: %s elapsed_millis: %s uptime_millis: %s exec_start_elapsed_seconds: %s
12-12 08:44:07.769   678  2126 W BestClock: java.time.DateTimeException: Missing network time fix
12-12 08:44:07.775   678  2126 W BestClock: java.time.DateTimeException: Missing network time fix
12-12 08:44:07.799   678  2310 W BestClock: java.time.DateTimeException: Missing network time fix
12-12 08:44:07.924  5370  5376 I .apps.wellbeing: Background concurrent mark compact GC freed 3296KB AllocSpace bytes, 5(164KB) LOS objects, 49% free, 3429KB/6858KB, paused 7.405ms,6.293ms total 84.887ms
12-12 08:44:07.928  5370  5378 W .apps.wellbeing: ApkAssets: Deleting an ApkAssets object '<empty> and /apex/com.android.adservices/priv-app/AdServicesApkGoogle@350820260/AdServicesApkGoogle.apk' with 1 weak references
12-12 08:44:07.938  5370  5378 W .apps.wellbeing: ApkAssets: Deleting an ApkAssets object '<empty> and /product/overlay/DisplayCutoutEmulationTall/DisplayCutoutEmulationTallOverlay.apk' with 1 weak references
12-12 08:44:07.939  5370  5378 W .apps.wellbeing: ApkAssets: Deleting an ApkAssets object '<empty> and /system/app/CertInstaller/CertInstaller.apk' with 1 weak references
12-12 08:44:07.940  5370  5378 W .apps.wellbeing: ApkAssets: Deleting an ApkAssets object '<empty> and /product/app/talkback/talkback.apk' with 1 weak references
12-12 08:44:07.946  5370  5378 W .apps.wellbeing: ApkAssets: Deleting an ApkAssets object '/vendor/overlay/EmulatorTalkBackOverlay/EmulatorTalkBackOverlay.apk' with 1 weak references
12-12 08:44:07.950  5370  5378 W .apps.wellbeing: ApkAssets: Deleting an ApkAssets object '<empty> and /product/overlay/NavigationBarMode3Button/NavigationBarMode3ButtonOverlay.apk' with 1 weak references
12-12 08:44:07.952  5370  5378 W .apps.wellbeing: ApkAssets: Deleting an ApkAssets object '<empty> and /product/app/Camera2/Camera2.apk' with 1 weak references
12-12 08:44:07.953  5370  5378 W .apps.wellbeing: ApkAssets: Deleting an ApkAssets object '<empty> and /system/app/EasterEgg/EasterEgg.apk' with 1 weak references
12-12 08:44:07.954  5370  5378 W .apps.wellbeing: ApkAssets: Deleting an ApkAssets object '<empty> and /system/priv-app/MtpService/MtpService.apk' with 1 weak references
12-12 08:44:07.954  5370  5378 W .apps.wellbeing: ApkAssets: Deleting an ApkAssets object '<empty> and /apex/com.android.nfcservices/priv-app/NfcNciApexGoogle@AE3A.240806.036/NfcNciApexGoogle.apk' with 1 weak references
12-12 08:44:07.955  5370  5378 W .apps.wellbeing: ApkAssets: Deleting an ApkAssets object '<empty> and /system/app/Stk/Stk.apk' with 1 weak references
12-12 08:44:07.958  5370  5378 W .apps.wellbeing: ApkAssets: Deleting an ApkAssets object '<empty> and /product/app/PrebuiltDeskClockGoogle/PrebuiltDeskClockGoogle.apk' with 1 weak references
12-12 08:44:07.960  5370  5378 W .apps.wellbeing: ApkAssets: Deleting an ApkAssets object '<empty> and /product/overlay/NavigationBarMode2Button/NavigationBarMode2ButtonOverlay.apk' with 1 weak references
12-12 08:44:07.962  5370  5378 W .apps.wellbeing: ApkAssets: Deleting an ApkAssets object '<empty> and /product/priv-app/DevicePersonalizationPrebuiltPixel2021-aiai_20240329.00_RC16/DevicePersonalizationPrebuiltPixel2021-aiai_20240329.00_RC16.apk' with 1 weak references
12-12 08:44:07.962  5370  5378 W .apps.wellbeing: ApkAssets: Deleting an ApkAssets object '<empty> and /product/app/PrebuiltGmail/PrebuiltGmail.apk' with 1 weak references
12-12 08:44:07.964  5370  5378 W .apps.wellbeing: ApkAssets: Deleting an ApkAssets object '<empty> and /apex/com.android.permission/priv-app/GooglePermissionController@350820360/GooglePermissionController.apk' with 1 weak references
12-12 08:44:07.967  5370  5378 W .apps.wellbeing: ApkAssets: Deleting an ApkAssets object '/product/overlay/GooglePermissionControllerOverlay.apk' with 1 weak references
12-12 08:44:07.967  5370  5378 W .apps.wellbeing: ApkAssets: Deleting an ApkAssets object '<empty> and /apex/com.android.btservices/app/BluetoothGoogle@342010060/BluetoothGoogle.apk' with 1 weak references
12-12 08:44:07.968  5370  5378 W .apps.wellbeing: ApkAssets: Deleting an ApkAssets object '<empty> and /system/priv-app/SettingsProvider/SettingsProvider.apk' with 1 weak references
12-12 08:44:07.969  5370  5378 W .apps.wellbeing: ApkAssets: Deleting an ApkAssets object '/product/overlay/LargeScreenSettingsProviderOverlay.apk' with 1 weak references
12-12 08:44:07.971  5370  5378 W .apps.wellbeing: ApkAssets: Deleting an ApkAssets object '/product/overlay/SettingsProvider__sdk_gphone64_x86_64__auto_generated_rro_product.apk' with 1 weak references
12-12 08:44:07.971  5370  5378 W .apps.wellbeing: ApkAssets: Deleting an ApkAssets object '<empty> and /system/app/PrintSpooler/PrintSpooler.apk' with 1 weak references
12-12 08:44:07.973  5370  5378 W .apps.wellbeing: ApkAssets: Deleting an ApkAssets object '<empty> and /system/app/BasicDreams/BasicDreams.apk' with 1 weak references
12-12 08:44:07.973  5370  5378 W .apps.wellbeing: ApkAssets: Deleting an ApkAssets object '<empty> and /product/priv-app/DeviceIntelligenceNetworkPrebuilt-astrea_20240329.00_RC02/DeviceIntelligenceNetworkPrebuilt-astrea_20240329.00_RC02.apk' with 1 weak references
12-12 08:44:07.977  5370  5378 W .apps.wellbeing: ApkAssets: Deleting an ApkAssets object '<empty> and /system/priv-app/InputDevices/InputDevices.apk' with 1 weak references
12-12 08:44:07.978  5370  5378 W .apps.wellbeing: ApkAssets: Deleting an ApkAssets object '<empty> and /apex/com.android.devicelock/priv-app/DeviceLockControllerGoogle@AE3A.240806.036/DeviceLockControllerGoogle.apk' with 1 weak references
12-12 08:44:07.982  5370  5378 W .apps.wellbeing: ApkAssets: Deleting an ApkAssets object '<empty> and /product/priv-app/GoogleDialer/GoogleDialer.apk' with 1 weak references
12-12 08:44:07.985  5370  5378 W .apps.wellbeing: ApkAssets: Deleting an ApkAssets object '<empty> and /system/priv-app/BuiltInPrintService/BuiltInPrintService.apk' with 1 weak references
12-12 08:44:07.986  5370  5378 W .apps.wellbeing: ApkAssets: Deleting an ApkAssets object '/product/overlay/BuiltInPrintService__sdk_gphone64_x86_64__auto_generated_rro_product.apk' with 1 weak references
12-12 08:44:07.987  5370  5378 W .apps.wellbeing: ApkAssets: Deleting an ApkAssets object '<empty> and /system/app/CaptivePortalLoginGoogle/CaptivePortalLoginGoogle.apk' with 1 weak references
12-12 08:44:07.987  1612  1986 I BistoHotwordHelper: (REDACTED) getHotwordActive::active query: %s, watch: %s, devices connected: %s
12-12 08:44:07.991  5370  5378 W .apps.wellbeing: ApkAssets: Deleting an ApkAssets object '<empty> and /system/priv-app/MusicFX/MusicFX.apk' with 1 weak references
12-12 08:44:07.992  5370  5378 W .apps.wellbeing: ApkAssets: Deleting an ApkAssets object '<empty> and /product/app/Drive/Drive.apk' with 1 weak references
12-12 08:44:07.996  5370  5378 W .apps.wellbeing: ApkAssets: Deleting an ApkAssets object '<empty> and /product/app/Maps/Maps.apk' with 1 weak references
12-12 08:44:07.999  5370  5378 W .apps.wellbeing: ApkAssets: Deleting an ApkAssets object '<empty> and /product/app/ModuleMetadataGoogle/ModuleMetadataGoogle.apk' with 1 weak references
12-12 08:44:08.004  5370  5378 W .apps.wellbeing: ApkAssets: Deleting an ApkAssets object '<empty> and /product/overlay/DisplayCutoutEmulationEmu01/DisplayCutoutEmulationEmu01Overlay.apk' with 1 weak references
12-12 08:44:08.006  5370  5378 W .apps.wellbeing: ApkAssets: Deleting an ApkAssets object '<empty> and /system_ext/priv-app/AvatarPickerGoogle/AvatarPickerGoogle.apk' with 1 weak references
12-12 08:44:08.007  5370  5378 W .apps.wellbeing: ApkAssets: Deleting an ApkAssets object '<empty> and /product/app/MarkupGoogle_v2/MarkupGoogle_v2.apk' with 1 weak references
12-12 08:44:08.009  5370  5378 W .apps.wellbeing: ApkAssets: Deleting an ApkAssets object '<empty> and /system/priv-app/NetworkStackGoogle/NetworkStackGoogle.apk' with 1 weak references
12-12 08:44:08.010  5370  5378 W .apps.wellbeing: ApkAssets: Deleting an ApkAssets object '<empty> and /apex/com.android.rkpd/priv-app/rkpdapp.google@350820300/rkpdapp.google.apk' with 1 weak references
12-12 08:44:08.010  5370  5378 W .apps.wellbeing: ApkAssets: Deleting an ApkAssets object '<empty> and /product/app/GoogleContacts/GoogleContacts.apk' with 1 weak references
12-12 08:44:08.012  5370  5378 W .apps.wellbeing: ApkAssets: Deleting an ApkAssets object '<empty> and /system/priv-app/Telecom/Telecom.apk' with 1 weak references
12-12 08:44:08.015  5370  5378 W .apps.wellbeing: ApkAssets: Deleting an ApkAssets object '/product/overlay/Telecom__sdk_gphone64_x86_64__auto_generated_rro_product.apk' with 1 weak references
12-12 08:44:08.020  5370  5378 W .apps.wellbeing: ApkAssets: Deleting an ApkAssets object '<empty> and /system/app/KeyChain/KeyChain.apk' with 1 weak references
12-12 08:44:08.023  5370  5378 W .apps.wellbeing: ApkAssets: Deleting an ApkAssets object '<empty> and /data/app/~~aD-xXMXOC5N3Bbj6uXb6Lw==/com.android.chrome-VTCrayHkyceIvBJF7RkfEQ==/Chrome.apk' with 1 weak references
12-12 08:44:08.027  5370  5378 W .apps.wellbeing: ApkAssets: Deleting an ApkAssets object '<empty> and /data/app/~~34AIYx5h0Vjmz12cLTdt4A==/com.google.android.trichromelibrary_636771938-W05_TI5N6p5CRLaFFbXMZg==/TrichromeLibrary.apk' with 1 weak references
12-12 08:44:08.033  5370  5378 W .apps.wellbeing: ApkAssets: Deleting an ApkAssets object '<empty> and /system/priv-app/GooglePackageInstaller/GooglePackageInstaller.apk' with 1 weak references
12-12 08:44:08.035  5370  5378 W .apps.wellbeing: ApkAssets: Deleting an ApkAssets object '<empty> and /product/app/PixelThemesStub/PixelThemesStub.apk' with 1 weak references
12-12 08:44:08.038  5370  5378 W .apps.wellbeing: ApkAssets: Deleting an ApkAssets object '<empty> and /system_ext/priv-app/GoogleServicesFramework/GoogleServicesFramework.apk' with 1 weak references
12-12 08:44:08.043  5370  5378 W .apps.wellbeing: ApkAssets: Deleting an ApkAssets object '<empty> and /system/priv-app/TagGoogle/TagGoogle.apk' with 1 weak references
12-12 08:44:08.044  5370  5378 W .apps.wellbeing: ApkAssets: Deleting an ApkAssets object '<empty> and /product/app/GoogleTTS/GoogleTTS.apk' with 1 weak references
12-12 08:44:08.050  5370  5378 W .apps.wellbeing: ApkAssets: Deleting an ApkAssets object '<empty> and /system/priv-app/CallLogBackup/CallLogBackup.apk' with 1 weak references
12-12 08:44:08.051  5370  5378 W .apps.wellbeing: ApkAssets: Deleting an ApkAssets object '<empty> and /product/priv-app/PartnerSetupPrebuilt/PartnerSetupPrebuilt.apk' with 1 weak references
12-12 08:44:08.051  5370  5378 W .apps.wellbeing: ApkAssets: Deleting an ApkAssets object '<empty> and /system/app/CameraExtensionsProxy/CameraExtensionsProxy.apk' with 1 weak references
12-12 08:44:08.051  5370  5378 W .apps.wellbeing: ApkAssets: Deleting an ApkAssets object '<empty> and /product/app/NexusWallpapersStubPrebuilt2018/NexusWallpapersStubPrebuilt2018.apk' with 1 weak references
12-12 08:44:08.051  5370  5378 W .apps.wellbeing: ApkAssets: Deleting an ApkAssets object '<empty> and /system_ext/priv-app/NexusLauncherRelease/NexusLauncherRelease.apk' with 1 weak references
12-12 08:44:08.053  5370  5378 W .apps.wellbeing: ApkAssets: Deleting an ApkAssets object '<empty> and /system/app/CarrierDefaultApp/CarrierDefaultApp.apk' with 1 weak references
12-12 08:44:08.053  5370  5378 W .apps.wellbeing: ApkAssets: Deleting an ApkAssets object '<empty> and /system/priv-app/CredentialManager/CredentialManager.apk' with 1 weak references
12-12 08:44:08.053  5370  5378 W .apps.wellbeing: ApkAssets: Deleting an ApkAssets object '<empty> and /product/overlay/FontNotoSerifSource/FontNotoSerifSourceOverlay.apk' with 1 weak references
12-12 08:44:08.054  5370  5378 W .apps.wellbeing: ApkAssets: Deleting an ApkAssets object '<empty> and /system/priv-app/DeviceAsWebcam/DeviceAsWebcam.apk' with 1 weak references
12-12 08:44:08.054  5370  5378 W .apps.wellbeing: ApkAssets: Deleting an ApkAssets object '<empty> and /system/priv-app/ProxyHandler/ProxyHandler.apk' with 1 weak references
12-12 08:44:08.054  5370  5378 W .apps.wellbeing: ApkAssets: Deleting an ApkAssets object '<empty> and /apex/com.android.permission/priv-app/GoogleSafetyCenterResources@350820360/GoogleSafetyCenterResources.apk' with 1 weak references
12-12 08:44:08.055  5370  5378 W .apps.wellbeing: ApkAssets: Deleting an ApkAssets object '<empty> and /product/overlay/DisplayCutoutEmulationWaterfall/DisplayCutoutEmulationWaterfallOverlay.apk' with 1 weak references
12-12 08:44:08.059  5370  5378 W .apps.wellbeing: ApkAssets: Deleting an ApkAssets object '<empty> and /system/priv-app/IntentResolver/IntentResolver.apk' with 1 weak references
12-12 08:44:08.067  5370  5378 W .apps.wellbeing: ApkAssets: Deleting an ApkAssets object '<empty> and /product/overlay/TransparentNavigationBar/TransparentNavigationBarOverlay.apk' with 1 weak references
12-12 08:44:08.067  5370  5378 W .apps.wellbeing: ApkAssets: Deleting an ApkAssets object '<empty> and /system/priv-app/E2eeContactKeysProvider/E2eeContactKeysProvider.apk' with 1 weak references
12-12 08:44:08.069  5370  5378 W .apps.wellbeing: ApkAssets: Deleting an ApkAssets object '<empty> and /apex/com.android.tethering/priv-app/ServiceConnectivityResourcesGoogle@350820300/ServiceConnectivityResourcesGoogle.apk' with 1 weak references
