12-12 08:44:36.826  5370  5378 W .apps.wellbeing: ApkAssets: Deleting an ApkAssets object '<empty> and /product/overlay/NotesRoleEnabled/NotesRoleEnabledOverlay.apk' with 1 weak references
12-12 08:44:36.826  5370  5378 W .apps.wellbeing: ApkAssets: Deleting an ApkAssets object '<empty> and /system/priv-app/LiveWallpapersPicker/LiveWallpapersPicker.apk' with 1 weak references
12-12 08:44:36.826  5370  5378 W .apps.wellbeing: ApkAssets: Deleting an ApkAssets object '<empty> and /product/app/PrebuiltGoogleAdservicesTvp/PrebuiltGoogleAdservicesTvp.apk' with 1 weak references
12-12 08:44:36.826  5370  5378 W .apps.wellbeing: ApkAssets: Deleting an ApkAssets object '<empty> and /apex/com.android.healthfitness/priv-app/HealthConnectControllerGoogle@350820300/HealthConnectControllerGoogle.apk' with 1 weak references
12-12 08:44:36.826  5370  5378 W .apps.wellbeing: ApkAssets: Deleting an ApkAssets object '<empty> and /product/priv-app/KidsSupervisionStub/KidsSupervisionStub.apk' with 1 weak references
12-12 08:44:36.826  5370  5378 W .apps.wellbeing: ApkAssets: Deleting an ApkAssets object '<empty> and /system_ext/priv-app/StorageManager/StorageManager.apk' with 1 weak references
12-12 08:44:36.827  5370  5378 W .apps.wellbeing: ApkAssets: Deleting an ApkAssets object '/product/overlay/StorageManager__sdk_gphone64_x86_64__auto_generated_rro_product.apk' with 1 weak references
12-12 08:44:36.827  5370  5378 W .apps.wellbeing: ApkAssets: Deleting an ApkAssets object '<empty> and /system/app/BookmarkProvider/BookmarkProvider.apk' with 1 weak references
12-12 08:44:36.827  5370  5378 W .apps.wellbeing: ApkAssets: Deleting an ApkAssets object '<empty> and /system_ext/priv-app/SettingsGoogle/SettingsGoogle.apk' with 1 weak references
12-12 08:44:36.833  5370  5378 W .apps.wellbeing: ApkAssets: Deleting an ApkAssets object '/product/overlay/SettingsGoogle__sdk_gphone64_x86_64__auto_generated_rro_product.apk' with 1 weak references
12-12 08:44:36.836  5370  5378 W .apps.wellbeing: ApkAssets: Deleting an ApkAssets object '<empty> and /product/priv-app/SettingsIntelligenceGooglePrebuilt/SettingsIntelligenceGooglePrebuilt.apk' with 1 weak references
12-12 08:44:36.837  5370  5378 W .apps.wellbeing: ApkAssets: Deleting an ApkAssets object '<empty> and /apex/com.android.uwb/priv-app/ServiceUwbResourcesGoogle@350820300/ServiceUwbResourcesGoogle.apk' with 1 weak references
12-12 08:44:36.837  5370  5378 W .apps.wellbeing: ApkAssets: Deleting an ApkAssets object '<empty> and /apex/com.android.wifi/priv-app/ServiceWifiResourcesGoogle@350820300/ServiceWifiResourcesGoogle.apk' with 1 weak references
12-12 08:44:36.837  5370  5378 W .apps.wellbeing: ApkAssets: Deleting an ApkAssets object '<empty> and /system_ext/priv-app/ThemePicker/ThemePicker.apk' with 1 weak references
12-12 08:44:36.837  5370  5378 W .apps.wellbeing: ApkAssets: Deleting an ApkAssets object '<empty> and /system_ext/priv-app/WallpaperPickerGoogleRelease/WallpaperPickerGoogleRelease.apk' with 1 weak references
12-12 08:44:36.837  5370  5378 W .apps.wellbeing: ApkAssets: Deleting an ApkAssets object '<empty> and /product/priv-app/OdadPrebuilt/OdadPrebuilt.apk' with 1 weak references
12-12 08:44:36.838  5370  5378 W .apps.wellbeing: ApkAssets: Deleting an ApkAssets object '<empty> and /system/priv-app/TeleService/TeleService.apk' with 1 weak references
12-12 08:44:36.838  5370  5378 W .apps.wellbeing: ApkAssets: Deleting an ApkAssets object '/vendor/overlay/TeleService__sdk_gphone64_x86_64__auto_generated_rro_vendor.apk' with 1 weak references
12-12 08:44:36.838  5370  5378 W .apps.wellbeing: ApkAssets: Deleting an ApkAssets object '/product/overlay/TeleService__sdk_gphone64_x86_64__auto_generated_rro_product.apk' with 1 weak references
12-12 08:44:36.842  5370  5378 W .apps.wellbeing: ApkAssets: Deleting an ApkAssets object '<empty> and /system/priv-app/Shell/Shell.apk' with 1 weak references
12-12 08:44:36.842  5370  5378 W .apps.wellbeing: ApkAssets: Deleting an ApkAssets object '<empty> and /system/priv-app/BlockedNumberProvider/BlockedNumberProvider.apk' with 1 weak references
12-12 08:44:36.842  5370  5378 W .apps.wellbeing: ApkAssets: Deleting an ApkAssets object '<empty> and /system/priv-app/UserDictionaryProvider/UserDictionaryProvider.apk' with 1 weak references
12-12 08:44:36.842  5370  5378 W .apps.wellbeing: ApkAssets: Deleting an ApkAssets object '<empty> and /system_ext/app/EmergencyInfoGoogleNoUi/EmergencyInfoGoogleNoUi.apk' with 1 weak references
12-12 08:44:36.842  5370  5378 W .apps.wellbeing: ApkAssets: Deleting an ApkAssets object '<empty> and /product/overlay/NavigationBarModeGestural/NavigationBarModeGesturalOverlay.apk' with 1 weak references
12-12 08:44:36.843  5370  5378 W .apps.wellbeing: ApkAssets: Deleting an ApkAssets object '<empty> and /system/priv-app/FusedLocation/FusedLocation.apk' with 1 weak references
12-12 08:44:36.843  5370  5378 W .apps.wellbeing: ApkAssets: Deleting an ApkAssets object '<empty> and /system_ext/priv-app/SystemUIGoogle/SystemUIGoogle.apk' with 1 weak references
12-12 08:44:36.843  5370  5378 W .apps.wellbeing: ApkAssets: Deleting an ApkAssets object '/vendor/overlay/SystemUIGoogle__sdk_gphone64_x86_64__auto_generated_rro_vendor.apk' with 1 weak references
12-12 08:44:36.843  5370  5378 W .apps.wellbeing: ApkAssets: Deleting an ApkAssets object '/product/overlay/SystemUIGoogle__sdk_gphone64_x86_64__auto_generated_rro_product.apk' with 1 weak references
12-12 08:44:36.844  5370  5378 W .apps.wellbeing: ApkAssets: Deleting an ApkAssets object '<empty> and /product/app/YouTubeMusicPrebuilt/YouTubeMusicPrebuilt.apk' with 1 weak references
12-12 08:44:36.845  5370  5378 W .apps.wellbeing: ApkAssets: Deleting an ApkAssets object '<empty> and /system/app/BluetoothMidiService/BluetoothMidiService.apk' with 1 weak references
12-12 08:44:36.846  5370  5378 W .apps.wellbeing: ApkAssets: Deleting an ApkAssets object '<empty> and /system/app/Traceur/Traceur.apk' with 1 weak references
12-12 08:44:36.847  5370  5378 W .apps.wellbeing: ApkAssets: Deleting an ApkAssets object '<empty> and /apex/com.android.cellbroadcast/priv-app/GoogleCellBroadcastApp@350820300/GoogleCellBroadcastApp.apk' with 1 weak references
12-12 08:44:36.847  5370  5378 W .apps.wellbeing: ApkAssets: Deleting an ApkAssets object '<empty> and /system/priv-app/ContactsProvider/ContactsProvider.apk' with 1 weak references
12-12 08:44:36.847  5370  5378 W .apps.wellbeing: ApkAssets: Deleting an ApkAssets object '/product/overlay/ContactsProvider__sdk_gphone64_x86_64__auto_generated_rro_product.apk' with 1 weak references
12-12 08:44:36.847  5370  5378 W .apps.wellbeing: ApkAssets: Deleting an ApkAssets object '<empty> and /product/app/LatinIMEGooglePrebuilt/LatinIMEGooglePrebuilt.apk' with 1 weak references
12-12 08:44:36.848  5370  5378 W .apps.wellbeing: ApkAssets: Deleting an ApkAssets object '<empty> and /product/priv-app/GoogleRestorePrebuilt-v526684/GoogleRestorePrebuilt-v526684.apk' with 1 weak references
12-12 08:44:36.857  1578  5749 I GmscoreIpa: Starting mediastore instant index [CONTEXT service_id=255 ]
12-12 08:44:36.869   678  1094 W OptProp : Cannot read opt property android.window.PROPERTY_COMPAT_ENABLE_FAKE_FOCUS
12-12 08:44:36.895   678   760 I AppsFilter: interaction: PackageSetting{1cd4af2 com.android.microdroid.empty_payload/10208} -> PackageSetting{1785677 com.ichi2.anki/10209} BLOCKED
12-12 08:44:36.895   678   760 I AppsFilter: interaction: PackageSetting{14967c0 io.github.ylimit.droidbotapp/10215} -> PackageSetting{1785677 com.ichi2.anki/10209} BLOCKED
12-12 08:44:36.907  5589  5589 I AnkiDroid: Setting theme to LIGHT
12-12 08:44:36.919  5589  5589 I AnkiDroid: IntroductionActivity::onCreate
12-12 08:44:37.010   678   804 I RoleService: Granting default roles...
12-12 08:44:37.222   678   733 W MagnificationConnectionManager: requestConnection duplicated request: connect=false, mConnectionState=DISCONNECTED
12-12 08:44:37.267   678   678 W IPCThreadState: Sending oneway calls to frozen process.
12-12 08:44:37.289  1566  1566 I AiAiEcho: AppFetcherImpl onPackageChanged com.ichi2.anki.
12-12 08:44:37.299  1566  5439 I AiAiEcho: AppIndexer Package:[com.ichi2.anki] UserProfile:[0] Enabled:[true].
12-12 08:44:37.301  1566  5439 I AiAiEcho: AppFetcherImplV2 updateApps package:[com.ichi2.anki], userId:[0], reason:[package is updated.].
12-12 08:44:37.352   678   678 W IPCThreadState: Sending oneway calls to frozen process.
12-12 08:44:37.352   678   678 W IPCThreadState: Sending oneway calls to frozen process.
12-12 08:44:37.380   678  2310 W UserManagerService: Requested status bar icon for non-badged user 0
12-12 08:44:37.428   678   678 W IPCThreadState: Sending oneway calls to frozen process.
12-12 08:44:37.483   678   678 W Looper  : Slow dispatch took 217ms main h=com.android.server.accessibility.AccessibilityManagerService$MainHandler c=com.android.server.accessibility.AccessibilityManagerService$$ExternalSyntheticLambda3@aaa5562 m=0
12-12 08:44:37.485   678  2977 W Role    : Default holder doesn't have required signing certificate: com.google.android.retaildemo:6547c73dee150c103980bfdffe55cc9a011d785dd694a5f99afd8205bcaf1f80
12-12 08:44:37.487   678  2977 E RoleControllerServiceImpl: Default/fallback role holder package doesn't qualify for the role, package: com.google.android.gms.supervision, role: android.app.role.SYSTEM_SUPERVISION
12-12 08:44:37.528   678  2977 W Role    : Default holder doesn't have required signing certificate: com.google.android.apps.work.clouddpc:23962F4B43B9857638EA66F4D419518EAE282491ACDA4B94707BD59003C45E58
12-12 08:44:37.660   678   937 W Looper  : Slow dispatch took 537ms android.perm h=android.os.Handler c=com.android.internal.infra.ServiceConnector$Impl$$ExternalSyntheticLambda2@85c65ae m=0
12-12 08:44:37.734   953  1732 E SurfaceSyncGroup: Failed to receive transaction ready in 1000ms. Marking SurfaceSyncGroup(wmsSync-VRI[anki]#4) as ready
12-12 08:44:37.738   953  1732 E SurfaceSyncGroup: Failed to receive transaction ready in 1000ms. Marking SurfaceSyncGroup(VRI[anki]#5) as ready
12-12 08:44:37.847   678  1699 W ContentProviderHelper: Slow operation: 72ms so far, now at getContentProviderImpl: after updateOomAdj
12-12 08:44:37.847   678  1699 W ContentProviderHelper: Slow operation: 116ms so far, now at getContentProviderImpl: done!
12-12 08:44:37.880   678  2127 W UserManagerService: Requested status bar icon for non-badged user 0
12-12 08:44:37.890  1099  1099 E SmsApplication: com.google.android.apps.messaging lost android:read_cell_broadcasts:  (fixing)
12-12 08:44:37.952   678  2127 W AppOpService: Ignored setUidMode call for runtime permission app op: uid = 10141, code = READ_CELL_BROADCASTS, mode = allow, callingUid = 1001, oldMode = allow
12-12 08:44:38.056  1099  1099 E CellBroadcastUtils: getDefaultCellBroadcastReceiverPackageName: no package found
12-12 08:44:38.078   678  2127 W AppOpService: Ignored setUidMode call for runtime permission app op: uid = 1001, code = READ_SMS, mode = allow, callingUid = 1001, oldMode = allow
12-12 08:44:38.121   678   776 W AppOpService: Ignored setUidMode call for runtime permission app op: uid = 1001, code = RECEIVE_SMS, mode = allow, callingUid = 1001, oldMode = allow
12-12 08:44:38.142   678   776 W AppOpService: Ignored setUidMode call for runtime permission app op: uid = 1001, code = RECEIVE_WAP_PUSH, mode = allow, callingUid = 1001, oldMode = allow
12-12 08:44:38.170   678   706 W AppOpService: Ignored setUidMode call for runtime permission app op: uid = 1001, code = SEND_SMS, mode = allow, callingUid = 1001, oldMode = allow
12-12 08:44:38.233   678   706 W AppOpService: Ignored setUidMode call for runtime permission app op: uid = 1001, code = READ_CELL_BROADCASTS, mode = allow, callingUid = 1001, oldMode = allow
12-12 08:44:38.331   678  2127 W UserManagerService: Requested status bar icon for non-badged user 0
12-12 08:44:38.434   678   776 W UserManagerService: Requested status bar icon for non-badged user 0
12-12 08:44:38.472   678  1699 W UserManagerService: Requested status bar icon for non-badged user 0
12-12 08:44:38.545  5589  5589 I AnkiDroid: IntroductionActivity::SetupCollectionFragment::onAttach
12-12 08:44:38.570  5589  5589 I AnkiDroid: IntroductionActivity::SetupCollectionFragment::onCreate
12-12 08:44:38.629   678  2127 W UserManagerService: Requested status bar icon for non-badged user 0
12-12 08:44:38.639  5589  5589 I AnkiDroid: IntroductionActivity::onStart
12-12 08:44:38.810  1203  1203 W ChimeraProxyRslvr: No registered Chimera impl for com.google.android.gms.play.cloud.search.PlayCloudSearchEndpointService
12-12 08:44:38.825  1203  1203 E ChimeraSrvcProxy: Proxy without impl failing onBind()
12-12 08:44:38.825  1203  1203 I ChimeraSrvcProxy: com.google.android.gms.play.cloud.search.PlayCloudSearchEndpointService returning NullBinder for action com.google.android.gms.play.cloud.search.grpc.io.action.BIND
12-12 08:44:38.883   678  2310 W BestClock: java.time.DateTimeException: Missing network time fix
12-12 08:44:38.887   678  2310 W BestClock: java.time.DateTimeException: Missing network time fix
12-12 08:44:38.911   678  2310 W BestClock: java.time.DateTimeException: Missing network time fix
12-12 08:44:39.614  5701  5701 I GoogleTtsServicePeer: Creating Google TTS service, version googletts.google-speech-apk_20240319.00_p0.617183227
12-12 08:44:39.737  5701  5701 I ExoPlayerImpl: Init cec33ae [AndroidXMedia3/1.3.0] [emu64xa, sdk_gphone64_x86_64, Google, 35]
12-12 08:44:40.028  1417  1441 I PermissionControllerServiceImpl: Updating user sensitive for uid 10209
12-12 08:44:40.035   678   776 W BestClock: java.time.DateTimeException: Missing network time fix
12-12 08:44:40.103   678   719 W Looper  : Slow dispatch took 109ms android.ui h=com.android.server.am.ActivityManagerService$UiHandler c=com.android.server.am.UidObserverController$$ExternalSyntheticLambda0@be24f6f m=0
12-12 08:44:40.137  1240  1240 I Choreographer: Skipped 203 frames!  The application may be doing too much work on its main thread.
12-12 08:44:40.288   678   776 W BestClock: java.time.DateTimeException: Missing network time fix
12-12 08:44:40.364  1417  1517 E AccessibilitySettingsUtil: unable to parse accessibility service null
12-12 08:44:40.653   678  2310 W BestClock: java.time.DateTimeException: Missing network time fix
12-12 08:44:40.763  1240  2175 I HWUI    : Davey! duration=2650ms; Flags=0, FrameTimelineVsyncId=17016, IntendedVsync=1144657557330, Vsync=1144657557330, InputEventId=0, HandleInputStart=1144668862800, AnimationStart=1144668909200, PerformTraversalsStart=1144672577700, DrawStart=1144672838500, FrameDeadline=1144690890662, FrameInterval=1144668848500, FrameStartTime=16666666, SyncQueued=1144672890900, SyncStart=1144728569300, IssueDrawCommandsStart=1144728756800, SwapBuffers=1144745763700, FrameCompleted=1147363811500, DequeueBufferDuration=143500, QueueBufferDuration=70840800, GpuCompleted=1147077196400, SwapBuffersCompleted=1147363811500, DisplayPresentTime=0, CommandSubmissionCompleted=1144745763700, 
12-12 08:44:40.786  5589  5589 I AnkiDroid: IntroductionActivity::SetupCollectionFragment::onViewCreated
12-12 08:44:40.786   953   969 I HWUI    : Davey! duration=3664ms; Flags=1, FrameTimelineVsyncId=17008, IntendedVsync=1144624223998, Vsync=1144690890662, InputEventId=0, HandleInputStart=1144697410100, AnimationStart=1144697454600, PerformTraversalsStart=1144697584300, DrawStart=1147037071300, FrameDeadline=1144640890664, FrameInterval=1144697383100, FrameStartTime=16666666, SyncQueued=1147055340700, SyncStart=1147525868700, IssueDrawCommandsStart=1147761126300, SwapBuffers=1147986134800, FrameCompleted=1148759064600, DequeueBufferDuration=319800, QueueBufferDuration=7414800, GpuCompleted=1148759064600, SwapBuffersCompleted=1148304587900, DisplayPresentTime=16960825855817, CommandSubmissionCompleted=1147986134800, 
12-12 08:44:40.804   181   181 I hwservicemanager: getTransport: Cannot find entry android.hardware.graphics.mapper@4.0::IMapper/default in either framework or device VINTF manifest.
12-12 08:44:40.810  5740  5748 I Gralloc4: mapper 4.x is not supported
12-12 08:44:40.829  5589  5589 I AnkiDroid: IntroductionActivity::SetupCollectionFragment::onStart
12-12 08:44:40.944   678  1094 W ParceledListSlice: Element #25 is 19828 bytes.
12-12 08:44:40.944   678  1094 W ParceledListSlice: Element #26 is 19864 bytes.
12-12 08:44:40.991   678  2310 W ParceledListSlice: Element #27 is 19708 bytes.
12-12 08:44:40.991   678  2310 W ParceledListSlice: Element #28 is 19616 bytes.
12-12 08:44:40.991   678  2310 W ParceledListSlice: Element #29 is 19728 bytes.
12-12 08:44:41.159  1240  1301 W PackageManager: Failure retrieving text 0x7f130786 in package com.android.systemui
12-12 08:44:41.159  1240  1301 W PackageManager: android.content.res.Resources$NotFoundException: String resource ID #0x7f130786
12-12 08:44:41.159  1240  1301 W PackageManager: 	at android.content.res.Resources.getText(Resources.java:466)
12-12 08:44:41.159  1240  1301 W PackageManager: 	at android.app.ApplicationPackageManager.getText(ApplicationPackageManager.java:2405)
12-12 08:44:41.159  1240  1301 W PackageManager: 	at android.appwidget.AppWidgetProviderInfo.loadDescription(AppWidgetProviderInfo.java:484)
12-12 08:44:41.159  1240  1301 W PackageManager: 	at com.android.launcher3.model.WidgetItem.<init>(go/retraceme 2855a437b73635ce9cad76b9289087e631bbb67fc90008a0da13d343a00e5041:4)
12-12 08:44:41.159  1240  1301 W PackageManager: 	at com.android.launcher3.model.WidgetsModel.update(go/retraceme 2855a437b73635ce9cad76b9289087e631bbb67fc90008a0da13d343a00e5041:72)
12-12 08:44:41.159  1240  1301 W PackageManager: 	at com.android.launcher3.o0.execute(go/retraceme 2855a437b73635ce9cad76b9289087e631bbb67fc90008a0da13d343a00e5041:16)
12-12 08:44:41.159  1240  1301 W PackageManager: 	at com.android.launcher3.LauncherModel.a(go/retraceme 2855a437b73635ce9cad76b9289087e631bbb67fc90008a0da13d343a00e5041:27)
12-12 08:44:41.159  1240  1301 W PackageManager: 	at com.android.launcher3.s0.run(go/retraceme 2855a437b73635ce9cad76b9289087e631bbb67fc90008a0da13d343a00e5041:12)
12-12 08:44:41.159  1240  1301 W PackageManager: 	at android.os.Handler.handleCallback(Handler.java:959)
12-12 08:44:41.159  1240  1301 W PackageManager: 	at android.os.Handler.dispatchMessage(Handler.java:100)
12-12 08:44:41.159  1240  1301 W PackageManager: 	at android.os.Looper.loopOnce(Looper.java:232)
12-12 08:44:41.159  1240  1301 W PackageManager: 	at android.os.Looper.loop(Looper.java:317)
12-12 08:44:41.159  1240  1301 W PackageManager: 	at android.os.HandlerThread.run(HandlerThread.java:85)
12-12 08:44:41.203   678  2977 E RoleControllerServiceImpl: Default/fallback role holder package doesn't qualify for the role, package: com.google.android.gms, role: android.app.role.WALLET
12-12 08:44:41.295   678   721 W ActivityTaskManager: Launch timeout has expired, giving up wake lock!
12-12 08:44:41.396  5589  5589 I AnkiDroid: IntroductionActivity::onResume
12-12 08:44:41.406  5589  5589 I AnkiDroid: IntroductionActivity::SetupCollectionFragment::onResume
12-12 08:44:41.443   678   735 W ActivityManager: Slow operation: 100ms so far, now at startProcess: returned from zygote!
12-12 08:44:41.454   678   735 W ActivityManager: Slow operation: 112ms so far, now at startProcess: done updating battery stats
12-12 08:44:41.466  1240  1240 I Choreographer: Skipped 39 frames!  The application may be doing too much work on its main thread.
12-12 08:44:41.483  5701  5701 I ExoPlayerImpl: Init b24103f [AndroidXMedia3/1.3.0] [emu64xa, sdk_gphone64_x86_64, Google, 35]
12-12 08:44:41.559   678   735 W ActivityManager: Slow operation: 217ms so far, now at startProcess: building log message
12-12 08:44:41.602   678   735 I ActivityManager: Start proc 5765:com.android.chrome/u0a146 for service {com.android.chrome/org.chromium.chrome.browser.customtabs.CustomTabsConnectionService}
12-12 08:44:41.607   678   735 W ActivityManager: Slow operation: 265ms so far, now at startProcess: starting to update pids map
12-12 08:44:41.627   678   735 W ActivityManager: Slow operation: 285ms so far, now at startProcess: done updating pids map
12-12 08:44:41.628  5589  5589 W HWUI    : Unknown dataspace 0
12-12 08:44:41.628  1548  1801 W MediaProvider: isAppCloneUserPair for user 0: false
12-12 08:44:41.761  5765  5765 I .android.chrome: Using CollectorTypeCMC GC.
12-12 08:44:41.807  5765  5765 W .android.chrome: Unexpected CPU variant for x86: x86_64.
12-12 08:44:41.807  5765  5765 W .android.chrome: Known variants: atom, sandybridge, silvermont, goldmont, goldmont-plus, goldmont-without-sha-xsaves, tremont, kabylake, default
12-12 08:44:41.852  5765  5765 E .android.chrome: Not starting debugger since process cannot load the jdwp agent.
12-12 08:44:41.874   678  2977 E RoleControllerServiceImpl: Default/fallback role holder package doesn't qualify for the role, package: com.google.android.devicelockcontroller, role: android.app.role.SYSTEM_FINANCED_DEVICE_CONTROLLER
12-12 08:44:42.006   678  1094 W BestClock: java.time.DateTimeException: Missing network time fix
12-12 08:44:42.009   678  1094 W BestClock: java.time.DateTimeException: Missing network time fix
12-12 08:44:42.043   678  2127 W BestClock: java.time.DateTimeException: Missing network time fix
12-12 08:44:42.143   678  2127 W ActivityManager: Slow operation: 52ms so far, now at attachApplicationLocked: immediately before bindApplication
12-12 08:44:42.146  1240  1708 I HWUI    : Davey! duration=1164ms; Flags=0, FrameTimelineVsyncId=17244, IntendedVsync=1148807557164, Vsync=1149457557138, InputEventId=1525271750, HandleInputStart=1149468094500, AnimationStart=1149468300200, PerformTraversalsStart=1149539493600, DrawStart=1149543825200, FrameDeadline=1148824223830, FrameInterval=1149466754600, FrameStartTime=16666666, SyncQueued=1149544150000, SyncStart=1149554750700, IssueDrawCommandsStart=1149554926800, SwapBuffers=1149878537300, FrameCompleted=1149982207900, DequeueBufferDuration=198400, QueueBufferDuration=82246600, GpuCompleted=1149972837100, SwapBuffersCompleted=1149982207900, DisplayPresentTime=72057628414509830, CommandSubmissionCompleted=1149878537300, 
12-12 08:44:42.154  5589  5593 W com.ichi2.anki: Suspending all threads took: 14.305ms
12-12 08:44:42.176   678  1733 E TaskPersister: File error accessing recents directory (directory doesn't exist?).
12-12 08:44:42.203   678  2127 W ActivityManager: Slow operation: 113ms so far, now at attachApplicationLocked: immediately after bindApplication
12-12 08:44:42.211  5701  5701 I RankedDispatcher: Redirect from zh_CN to cmn_CN
12-12 08:44:42.222   678  2127 W ActivityManager: Slow operation: 132ms so far, now at attachApplicationLocked: after updateLruProcessLocked
12-12 08:44:42.252   678  2127 W ActivityManager: Slow operation: 161ms so far, now at attachApplicationLocked: after updateOomAdjLocked
12-12 08:44:42.315  5701  5701 I VoiceDataManager: Explicitly adding voicepack to downloads: cmn-cn-x-multi
12-12 08:44:42.322  5701  5701 I VoiceDataDownloader: voicesToFetch cmn-cn
12-12 08:44:42.339  5701  5701 I VoiceDataDownloader: fetchVoiceInternal cmn-cn
12-12 08:44:42.353  5589  5593 I com.ichi2.anki: Background concurrent mark compact GC freed 3927KB AllocSpace bytes, 30(920KB) LOS objects, 49% free, 3938KB/7877KB, paused 35.334ms,87.194ms total 547.344ms
12-12 08:44:42.359  5701  5779 I VoiceDataDownloader: Not already initialized. Initializing Superpacks.
12-12 08:44:42.361  5589  5595 W com.ichi2.anki: ApkAssets: Deleting an ApkAssets object '<empty> and /data/app/~~6gC3vjCkoOoCnU-cg7IdRA==/com.google.android.webview-7r8x3LwBSzAU6LKGLI9eUw==/WebViewGoogle.apk' with 2 weak references
12-12 08:44:42.363  5589  5595 W com.ichi2.anki: ApkAssets: Deleting an ApkAssets object '<empty> and /product/app/GoogleTTS/GoogleTTS.apk' with 1 weak references
12-12 08:44:42.364  1203  1203 W ChimeraProxyRslvr: No registered Chimera impl for com.google.android.gms.play.cloud.search.PlayCloudSearchEndpointService
12-12 08:44:42.398  1203  1203 E ChimeraSrvcProxy: Proxy without impl failing onBind()
12-12 08:44:42.398  1203  1203 I ChimeraSrvcProxy: com.google.android.gms.play.cloud.search.PlayCloudSearchEndpointService returning NullBinder for action com.google.android.gms.play.cloud.search.grpc.io.action.BIND
12-12 08:44:42.476  5765  5765 W ziparchive: Unable to open '/data/app/~~34AIYx5h0Vjmz12cLTdt4A==/com.google.android.trichromelibrary_636771938-W05_TI5N6p5CRLaFFbXMZg==/TrichromeLibrary.dm': No such file or directory
12-12 08:44:42.476  5765  5765 W ziparchive: Unable to open '/data/app/~~34AIYx5h0Vjmz12cLTdt4A==/com.google.android.trichromelibrary_636771938-W05_TI5N6p5CRLaFFbXMZg==/TrichromeLibrary.dm': No such file or directory
12-12 08:44:42.477  5765  5765 W .android.chrome: Entry not found
12-12 08:44:42.555  5701  5701 I RankedDispatcher: Redirect from zh_CN to cmn_CN
12-12 08:44:42.578  5701  5701 I GoogleTTSServiceImpl: currentLocale = cmn-CN
12-12 08:44:42.639  5701  5701 I RankedDispatcher: Redirect from zh_CN to cmn_CN
12-12 08:44:42.680  5589  5598 I TextToSpeech: Connected to TTS engine
12-12 08:44:42.942  5701  5779 I VoiceDataDownloader: Superpack object built.
12-12 08:44:42.947  5701  5779 I VoiceDataDownloader: Superpack slicing strategy registered
12-12 08:44:42.977  5701  5779 I VoiceDataDownloader: Superpack quota set for all voices.
12-12 08:44:43.000  5701  5779 I VoiceDataDownloader: Got bundled voice en-us-x-multi-r70
12-12 08:44:43.136   678  2310 W BestClock: java.time.DateTimeException: Missing network time fix
12-12 08:44:43.164   678  2310 W BestClock: java.time.DateTimeException: Missing network time fix
12-12 08:44:43.201  5701  5718 W LegacyVoicePolicyManage: The requested voice is not available for this app identifier
12-12 08:44:43.202  5701  5718 W LegacyVoicePolicyManage: The requested voice is not available for this app identifier
12-12 08:44:43.203  5701  5718 W LegacyVoicePolicyManage: The requested voice is not available for this app identifier
12-12 08:44:43.203  5701  5718 W LegacyVoicePolicyManage: The requested voice is not available for this app identifier
12-12 08:44:43.204  5701  5718 W LegacyVoicePolicyManage: The requested voice is not available for this app identifier
12-12 08:44:43.205  5701  5718 W LegacyVoicePolicyManage: The requested voice is not available for this app identifier
12-12 08:44:43.206  5701  5718 W LegacyVoicePolicyManage: The requested voice is not available for this app identifier
12-12 08:44:43.206  5701  5718 W LegacyVoicePolicyManage: The requested voice is not available for this app identifier
12-12 08:44:43.207  5701  5718 W LegacyVoicePolicyManage: The requested voice is not available for this app identifier
12-12 08:44:43.210  5701  5718 W LegacyVoicePolicyManage: The requested voice is not available for this app identifier
12-12 08:44:43.210  5701  5718 W LegacyVoicePolicyManage: The requested voice is not available for this app identifier
12-12 08:44:43.211  5701  5718 W LegacyVoicePolicyManage: The requested voice is not available for this app identifier
12-12 08:44:43.211  5701  5718 W LegacyVoicePolicyManage: The requested voice is not available for this app identifier
12-12 08:44:43.211  5701  5718 W LegacyVoicePolicyManage: The requested voice is not available for this app identifier
12-12 08:44:43.212  5701  5718 W LegacyVoicePolicyManage: The requested voice is not available for this app identifier
12-12 08:44:43.214  5701  5718 W LegacyVoicePolicyManage: The requested voice is not available for this app identifier
12-12 08:44:43.215  5701  5718 W LegacyVoicePolicyManage: The requested voice is not available for this app identifier
12-12 08:44:43.216  5701  5718 W LegacyVoicePolicyManage: The requested voice is not available for this app identifier
12-12 08:44:43.217  5701  5718 W LegacyVoicePolicyManage: The requested voice is not available for this app identifier
12-12 08:44:43.218  5701  5718 W LegacyVoicePolicyManage: The requested voice is not available for this app identifier
12-12 08:44:43.218  5701  5718 W LegacyVoicePolicyManage: The requested voice is not available for this app identifier
12-12 08:44:43.219  5701  5718 W LegacyVoicePolicyManage: The requested voice is not available for this app identifier
12-12 08:44:43.221  5701  5718 W LegacyVoicePolicyManage: The requested voice is not available for this app identifier
12-12 08:44:43.222  5701  5718 W LegacyVoicePolicyManage: The requested voice is not available for this app identifier
12-12 08:44:43.222  5701  5718 W LegacyVoicePolicyManage: The requested voice is not available for this app identifier
12-12 08:44:43.222  5701  5718 W LegacyVoicePolicyManage: The requested voice is not available for this app identifier
12-12 08:44:43.223  5701  5718 W LegacyVoicePolicyManage: The requested voice is not available for this app identifier
12-12 08:44:43.223  5701  5718 W LegacyVoicePolicyManage: The requested voice is not available for this app identifier
12-12 08:44:43.227  5701  5718 W LegacyVoicePolicyManage: The requested voice is not available for this app identifier
12-12 08:44:43.227  5701  5718 W LegacyVoicePolicyManage: The requested voice is not available for this app identifier
12-12 08:44:43.227  5701  5718 W LegacyVoicePolicyManage: The requested voice is not available for this app identifier
12-12 08:44:43.229  5701  5718 W LegacyVoicePolicyManage: The requested voice is not available for this app identifier
12-12 08:44:43.230  5701  5718 W LegacyVoicePolicyManage: The requested voice is not available for this app identifier
12-12 08:44:43.238  5701  5718 W LegacyVoicePolicyManage: The requested voice is not available for this app identifier
12-12 08:44:43.240  5701  5718 W LegacyVoicePolicyManage: The requested voice is not available for this app identifier
12-12 08:44:43.243  5701  5718 W LegacyVoicePolicyManage: The requested voice is not available for this app identifier
12-12 08:44:43.244  5701  5718 W LegacyVoicePolicyManage: The requested voice is not available for this app identifier
12-12 08:44:43.248  5701  5718 W LegacyVoicePolicyManage: The requested voice is not available for this app identifier
12-12 08:44:43.249  5701  5718 W LegacyVoicePolicyManage: The requested voice is not available for this app identifier
12-12 08:44:43.250  5701  5718 W LegacyVoicePolicyManage: The requested voice is not available for this app identifier
12-12 08:44:43.251  5701  5718 W LegacyVoicePolicyManage: The requested voice is not available for this app identifier
12-12 08:44:43.252  5701  5718 W LegacyVoicePolicyManage: The requested voice is not available for this app identifier
12-12 08:44:43.254  5701  5718 W LegacyVoicePolicyManage: The requested voice is not available for this app identifier
12-12 08:44:43.255  5701  5718 W LegacyVoicePolicyManage: The requested voice is not available for this app identifier
12-12 08:44:43.260  5701  5718 W LegacyVoicePolicyManage: The requested voice is not available for this app identifier
12-12 08:44:43.262  5701  5718 W LegacyVoicePolicyManage: The requested voice is not available for this app identifier
12-12 08:44:43.263  5701  5718 W LegacyVoicePolicyManage: The requested voice is not available for this app identifier
12-12 08:44:43.266  5701  5718 W LegacyVoicePolicyManage: The requested voice is not available for this app identifier
12-12 08:44:43.267  5701  5718 W LegacyVoicePolicyManage: The requested voice is not available for this app identifier
12-12 08:44:43.267  5701  5718 W LegacyVoicePolicyManage: The requested voice is not available for this app identifier
12-12 08:44:43.270  5701  5718 W LegacyVoicePolicyManage: The requested voice is not available for this app identifier
12-12 08:44:43.270  5701  5718 W LegacyVoicePolicyManage: The requested voice is not available for this app identifier
12-12 08:44:43.272  5701  5718 W LegacyVoicePolicyManage: The requested voice is not available for this app identifier
12-12 08:44:43.275  5701  5718 W LegacyVoicePolicyManage: The requested voice is not available for this app identifier
12-12 08:44:43.275  5701  5718 W LegacyVoicePolicyManage: The requested voice is not available for this app identifier
12-12 08:44:43.276  5701  5718 W LegacyVoicePolicyManage: The requested voice is not available for this app identifier
12-12 08:44:43.276  5701  5718 W LegacyVoicePolicyManage: The requested voice is not available for this app identifier
12-12 08:44:43.276  5701  5718 W LegacyVoicePolicyManage: The requested voice is not available for this app identifier
12-12 08:44:43.277  5701  5718 W LegacyVoicePolicyManage: The requested voice is not available for this app identifier
12-12 08:44:43.281  5701  5718 W LegacyVoicePolicyManage: The requested voice is not available for this app identifier
12-12 08:44:43.282  5701  5718 W LegacyVoicePolicyManage: The requested voice is not available for this app identifier
12-12 08:44:43.283  5701  5718 W LegacyVoicePolicyManage: The requested voice is not available for this app identifier
12-12 08:44:43.283  5701  5718 W LegacyVoicePolicyManage: The requested voice is not available for this app identifier
12-12 08:44:43.288  5701  5718 W LegacyVoicePolicyManage: The requested voice is not available for this app identifier
12-12 08:44:43.290  5701  5718 W LegacyVoicePolicyManage: The requested voice is not available for this app identifier
12-12 08:44:43.291  5701  5718 W LegacyVoicePolicyManage: The requested voice is not available for this app identifier
12-12 08:44:43.293  5701  5718 W LegacyVoicePolicyManage: The requested voice is not available for this app identifier
12-12 08:44:43.294  5701  5718 W LegacyVoicePolicyManage: The requested voice is not available for this app identifier
12-12 08:44:43.297  5701  5718 W LegacyVoicePolicyManage: The requested voice is not available for this app identifier
12-12 08:44:43.299  5701  5718 W LegacyVoicePolicyManage: The requested voice is not available for this app identifier
12-12 08:44:43.299  5701  5718 W LegacyVoicePolicyManage: The requested voice is not available for this app identifier
12-12 08:44:43.301  5701  5718 W LegacyVoicePolicyManage: The requested voice is not available for this app identifier
12-12 08:44:43.302  5701  5718 W LegacyVoicePolicyManage: The requested voice is not available for this app identifier
12-12 08:44:43.303  5701  5718 W LegacyVoicePolicyManage: The requested voice is not available for this app identifier
12-12 08:44:43.306  5701  5718 W LegacyVoicePolicyManage: The requested voice is not available for this app identifier
12-12 08:44:43.307  5701  5718 W LegacyVoicePolicyManage: The requested voice is not available for this app identifier
12-12 08:44:43.310  5701  5718 W LegacyVoicePolicyManage: The requested voice is not available for this app identifier
12-12 08:44:43.310  5701  5718 W LegacyVoicePolicyManage: The requested voice is not available for this app identifier
12-12 08:44:43.311  5701  5718 W LegacyVoicePolicyManage: The requested voice is not available for this app identifier
12-12 08:44:43.311  5701  5718 W LegacyVoicePolicyManage: The requested voice is not available for this app identifier
12-12 08:44:43.313  5701  5718 W LegacyVoicePolicyManage: The requested voice is not available for this app identifier
12-12 08:44:43.314  5701  5718 W LegacyVoicePolicyManage: The requested voice is not available for this app identifier
12-12 08:44:43.316  5701  5718 W LegacyVoicePolicyManage: The requested voice is not available for this app identifier
12-12 08:44:43.318  5701  5718 W LegacyVoicePolicyManage: The requested voice is not available for this app identifier
12-12 08:44:43.319  5701  5718 W LegacyVoicePolicyManage: The requested voice is not available for this app identifier
12-12 08:44:43.369   678  1094 W BestClock: java.time.DateTimeException: Missing network time fix
12-12 08:44:43.384  5701  5718 W LegacyVoicePolicyManage: The requested voice is not available for this app identifier
12-12 08:44:43.388  5701  5782 I SP      : Registering ttsvoices.2530, url: null, constraints: *:*:*:*, flags: *, requested: 2530, current: 2530
12-12 08:44:43.391  5701  5718 W LegacyVoicePolicyManage: The requested voice is not available for this app identifier
12-12 08:44:43.399  5701  5718 W LegacyVoicePolicyManage: The requested voice is not available for this app identifier
12-12 08:44:43.405  5701  5718 W LegacyVoicePolicyManage: The requested voice is not available for this app identifier
12-12 08:44:43.406  5701  5718 W LegacyVoicePolicyManage: The requested voice is not available for this app identifier
12-12 08:44:43.407  5701  5718 W LegacyVoicePolicyManage: The requested voice is not available for this app identifier
12-12 08:44:43.420  5701  5718 W LegacyVoicePolicyManage: The requested voice is not available for this app identifier
12-12 08:44:43.423   678  2127 I RemoteProvisionSysSvc: getRegistration(android.hardware.security.keymint.IRemotelyProvisionedComponent/default)
12-12 08:44:43.432  5701  5718 W LegacyVoicePolicyManage: The requested voice is not available for this app identifier
12-12 08:44:43.433  5701  5718 W LegacyVoicePolicyManage: The requested voice is not available for this app identifier
12-12 08:44:43.434  5701  5718 W LegacyVoicePolicyManage: The requested voice is not available for this app identifier
12-12 08:44:43.434  5701  5718 W LegacyVoicePolicyManage: The requested voice is not available for this app identifier
12-12 08:44:43.435  5701  5718 W LegacyVoicePolicyManage: The requested voice is not available for this app identifier
12-12 08:44:43.435  5701  5718 W LegacyVoicePolicyManage: The requested voice is not available for this app identifier
12-12 08:44:43.436  5701  5718 W LegacyVoicePolicyManage: The requested voice is not available for this app identifier
12-12 08:44:43.436  5701  5718 W LegacyVoicePolicyManage: The requested voice is not available for this app identifier
12-12 08:44:43.437  5701  5718 W LegacyVoicePolicyManage: The requested voice is not available for this app identifier
12-12 08:44:43.437  5701  5718 W LegacyVoicePolicyManage: The requested voice is not available for this app identifier
12-12 08:44:43.437  5701  5718 W LegacyVoicePolicyManage: The requested voice is not available for this app identifier
12-12 08:44:43.438  5701  5718 W LegacyVoicePolicyManage: The requested voice is not available for this app identifier
12-12 08:44:43.438  5701  5718 W LegacyVoicePolicyManage: The requested voice is not available for this app identifier
12-12 08:44:43.438  5701  5718 W LegacyVoicePolicyManage: The requested voice is not available for this app identifier
12-12 08:44:43.438  5701  5718 W LegacyVoicePolicyManage: The requested voice is not available for this app identifier
12-12 08:44:43.438  5701  5718 W LegacyVoicePolicyManage: The requested voice is not available for this app identifier
12-12 08:44:43.439  5701  5718 W LegacyVoicePolicyManage: The requested voice is not available for this app identifier
12-12 08:44:43.439  5701  5718 W LegacyVoicePolicyManage: The requested voice is not available for this app identifier
12-12 08:44:43.457  5701  5718 W LegacyVoicePolicyManage: The requested voice is not available for this app identifier
12-12 08:44:43.499  5701  5718 W LegacyVoicePolicyManage: The requested voice is not available for this app identifier
12-12 08:44:43.537  5701  5718 W LegacyVoicePolicyManage: The requested voice is not available for this app identifier
12-12 08:44:43.537  5701  5718 W LegacyVoicePolicyManage: The requested voice is not available for this app identifier
12-12 08:44:43.537  5701  5718 W LegacyVoicePolicyManage: The requested voice is not available for this app identifier
12-12 08:44:43.538  5701  5718 W LegacyVoicePolicyManage: The requested voice is not available for this app identifier
12-12 08:44:43.538  5701  5718 W LegacyVoicePolicyManage: The requested voice is not available for this app identifier
12-12 08:44:43.539  5701  5718 W LegacyVoicePolicyManage: The requested voice is not available for this app identifier
12-12 08:44:43.539  5701  5718 W LegacyVoicePolicyManage: The requested voice is not available for this app identifier
12-12 08:44:43.550  5701  5779 I VoiceDataDownloader: Superpacks created and default voices checked.
12-12 08:44:43.555  5701  5779 I VoiceDataManager: start to download voice cmn-cn
12-12 08:44:43.556  5701  5779 I VoiceDataDownloader: Download of cmn-cn started.
12-12 08:44:43.602  5701  5718 W LegacyVoicePolicyManage: The requested voice is not available for this app identifier
12-12 08:44:43.603  5701  5718 W LegacyVoicePolicyManage: The requested voice is not available for this app identifier
12-12 08:44:43.604  5701  5718 W LegacyVoicePolicyManage: The requested voice is not available for this app identifier
12-12 08:44:43.610  5701  5718 W LegacyVoicePolicyManage: The requested voice is not available for this app identifier
12-12 08:44:43.610  5701  5718 W LegacyVoicePolicyManage: The requested voice is not available for this app identifier
12-12 08:44:43.611  5701  5718 W LegacyVoicePolicyManage: The requested voice is not available for this app identifier
12-12 08:44:43.611  5701  5718 W LegacyVoicePolicyManage: The requested voice is not available for this app identifier
12-12 08:44:43.612  5701  5718 W LegacyVoicePolicyManage: The requested voice is not available for this app identifier
12-12 08:44:43.612  5701  5718 W LegacyVoicePolicyManage: The requested voice is not available for this app identifier
12-12 08:44:43.615  5701  5718 W LegacyVoicePolicyManage: The requested voice is not available for this app identifier
12-12 08:44:43.616  5701  5779 I VoiceDataDownloader: Registered slicing strategy for cmn-cn
12-12 08:44:43.619  5701  5718 W LegacyVoicePolicyManage: The requested voice is not available for this app identifier
12-12 08:44:43.620  5701  5718 W LegacyVoicePolicyManage: The requested voice is not available for this app identifier
12-12 08:44:43.621  5701  5718 W LegacyVoicePolicyManage: The requested voice is not available for this app identifier
12-12 08:44:43.625  5701  5718 W LegacyVoicePolicyManage: The requested voice is not available for this app identifier
12-12 08:44:43.626  5701  5718 W LegacyVoicePolicyManage: The requested voice is not available for this app identifier
12-12 08:44:43.627  5701  5718 W LegacyVoicePolicyManage: The requested voice is not available for this app identifier
12-12 08:44:43.627  5701  5718 W LegacyVoicePolicyManage: The requested voice is not available for this app identifier
12-12 08:44:43.627  5701  5718 W LegacyVoicePolicyManage: The requested voice is not available for this app identifier
12-12 08:44:43.629  5701  5718 W LegacyVoicePolicyManage: The requested voice is not available for this app identifier
12-12 08:44:43.634  5701  5718 W LegacyVoicePolicyManage: The requested voice is not available for this app identifier
12-12 08:44:43.635  5701  5718 W LegacyVoicePolicyManage: The requested voice is not available for this app identifier
12-12 08:44:43.635  5701  5718 W LegacyVoicePolicyManage: The requested voice is not available for this app identifier
12-12 08:44:43.638  5701  5718 W LegacyVoicePolicyManage: The requested voice is not available for this app identifier
12-12 08:44:43.639  5701  5718 W LegacyVoicePolicyManage: The requested voice is not available for this app identifier
12-12 08:44:43.642  5701  5718 W LegacyVoicePolicyManage: The requested voice is not available for this app identifier
12-12 08:44:43.646  5701  5718 W LegacyVoicePolicyManage: The requested voice is not available for this app identifier
12-12 08:44:43.647  5701  5718 W LegacyVoicePolicyManage: The requested voice is not available for this app identifier
12-12 08:44:43.648  5701  5718 W LegacyVoicePolicyManage: The requested voice is not available for this app identifier
12-12 08:44:43.648  5701  5718 W LegacyVoicePolicyManage: The requested voice is not available for this app identifier
12-12 08:44:43.649  5701  5718 W LegacyVoicePolicyManage: The requested voice is not available for this app identifier
12-12 08:44:43.650  5701  5718 W LegacyVoicePolicyManage: The requested voice is not available for this app identifier
12-12 08:44:43.651  5701  5718 W LegacyVoicePolicyManage: The requested voice is not available for this app identifier
12-12 08:44:43.653  5701  5718 W LegacyVoicePolicyManage: The requested voice is not available for this app identifier
12-12 08:44:43.654  5701  5718 W LegacyVoicePolicyManage: The requested voice is not available for this app identifier
12-12 08:44:43.656  5701  5718 W LegacyVoicePolicyManage: The requested voice is not available for this app identifier
12-12 08:44:43.658  5701  5718 W LegacyVoicePolicyManage: The requested voice is not available for this app identifier
12-12 08:44:43.659  5701  5718 W LegacyVoicePolicyManage: The requested voice is not available for this app identifier
12-12 08:44:43.662  5701  5718 W LegacyVoicePolicyManage: The requested voice is not available for this app identifier
12-12 08:44:43.663  5701  5718 W LegacyVoicePolicyManage: The requested voice is not available for this app identifier
12-12 08:44:43.665  5701  5718 W LegacyVoicePolicyManage: The requested voice is not available for this app identifier
12-12 08:44:43.666  5701  5718 W LegacyVoicePolicyManage: The requested voice is not available for this app identifier
12-12 08:44:43.669   208  5781 W keystore2: system/security/keystore2/watchdog/src/lib.rs:114 - ### Keystore Watchdog report - BEGIN ###
12-12 08:44:43.669   208  5781 W keystore2: system/security/keystore2/watchdog/src/lib.rs:123 - When extracting from a bug report, please include this header
12-12 08:44:43.669   208  5781 W keystore2: system/security/keystore2/watchdog/src/lib.rs:124 - and all 1 records below.
12-12 08:44:43.669  5701  5779 I VoiceDataDownloader: Getting pack name cmn-cn-x-multi-r47
12-12 08:44:43.669  5701  5718 W LegacyVoicePolicyManage: The requested voice is not available for this app identifier
12-12 08:44:43.681   208  5781 W keystore2: system/security/keystore2/watchdog/src/lib.rs:164 - ThreadId(4) Calling get_rkpd_attestation_key() Pending: 519.5435ms Overdue 19.713ms
12-12 08:44:43.681   208  5781 W keystore2: system/security/keystore2/watchdog/src/lib.rs:175 - ### Keystore Watchdog report - END ###
12-12 08:44:43.686  5701  5779 I VoiceDataDownloader: Adding pack cmn-cn-x-multi-r47 to superpack.
12-12 08:44:43.687  5701  5779 I VoiceDataDownloader: Getting pack name cmn-cn-x-multi-seanet-r47
12-12 08:44:43.707   469   654 W ServiceManagerCppClient: Permission failure: android.permission.ACCESS_SURFACE_FLINGER from uid=10209 pid=5589
12-12 08:44:43.711   469   654 W ServiceManagerCppClient: Permission failure: android.permission.ROTATE_SURFACE_FLINGER from uid=10209 pid=5589
12-12 08:44:43.715   469   479 W ServiceManagerCppClient: Permission failure: android.permission.ACCESS_SURFACE_FLINGER from uid=10209 pid=0
12-12 08:44:43.733   469   654 W ServiceManagerCppClient: Permission failure: android.permission.INTERNAL_SYSTEM_WINDOW from uid=10209 pid=5589
12-12 08:44:43.740  5589  5726 I EGL_emulation: Opening libGLESv1_CM_emulation.so
12-12 08:44:43.756  5589  5726 I EGL_emulation: Opening libGLESv2_emulation.so
12-12 08:44:43.757   469   479 W ServiceManagerCppClient: Permission failure: android.permission.INTERNAL_SYSTEM_WINDOW from uid=10209 pid=0
12-12 08:44:43.824  5701  5718 W LegacyVoicePolicyManage: The requested voice is not available for this app identifier
12-12 08:44:43.826  5701  5718 W LegacyVoicePolicyManage: The requested voice is not available for this app identifier
12-12 08:44:43.830  5701  5779 I VoiceDataDownloader: Adding pack cmn-cn-x-multi-seanet-r47 to superpack.
12-12 08:44:43.837  5701  5779 I VoiceDataDownloader: Syncing superpack cmn-cn
12-12 08:44:43.852  5701  5782 I SP      : Registering cmn-cn.47, url: null, constraints: *:*:*:*, flags: *, requested: 47, current: 47
12-12 08:44:43.876  5701  5718 W LegacyVoicePolicyManage: The requested voice is not available for this app identifier
12-12 08:44:43.899  5701  5718 W LegacyVoicePolicyManage: The requested voice is not available for this app identifier
12-12 08:44:43.900  5701  5718 W LegacyVoicePolicyManage: The requested voice is not available for this app identifier
12-12 08:44:43.900  5701  5718 W LegacyVoicePolicyManage: The requested voice is not available for this app identifier
12-12 08:44:43.901  5701  5718 W LegacyVoicePolicyManage: The requested voice is not available for this app identifier
12-12 08:44:43.923   678   678 I RegistrationProxy: onServiceConnected: com.android.rkpdapp.service.RemoteProvisioningService
12-12 08:44:43.927  5765  5765 I LoadedApk: No resource references to update in package com.google.android.trichromelibrary
12-12 08:44:43.934  5701  5782 I SP      : Syncing cmn-cn (47) with slices: [{cmn-cn-x-multi-r47, m:*:*:*}], metadata: false
12-12 08:44:43.935  5701  5718 W LegacyVoicePolicyManage: The requested voice is not available for this app identifier
12-12 08:44:43.936  5701  5718 W LegacyVoicePolicyManage: The requested voice is not available for this app identifier
12-12 08:44:44.019  5589  5726 W HWUI    : Failed to choose config with EGL_SWAP_BEHAVIOR_PRESERVED, retrying without...
12-12 08:44:44.020  5589  5726 W HWUI    : Failed to initialize 101010-2 format, error = EGL_SUCCESS
12-12 08:44:44.086  1203  4622 W GmsUrlRequestImpl: Content-Type header is overwritten.
