12-12 08:44:08.071  5370  5378 W .apps.wellbeing: ApkAssets: Deleting an ApkAssets object '/vendor/overlay/goldfish_overlay_connectivity_google.apk' with 1 weak references
12-12 08:44:08.071  5370  5378 W .apps.wellbeing: ApkAssets: Deleting an ApkAssets object '<empty> and /system_ext/priv-app/GoogleFeedback/GoogleFeedback.apk' with 1 weak references
12-12 08:44:08.071  5370  5378 W .apps.wellbeing: ApkAssets: Deleting an ApkAssets object '<empty> and /system/app/GooglePrintRecommendationService/GooglePrintRecommendationService.apk' with 1 weak references
12-12 08:44:08.071  5370  5378 W .apps.wellbeing: ApkAssets: Deleting an ApkAssets object '<empty> and /product/app/Photos/Photos.apk' with 1 weak references
12-12 08:44:08.078  5370  5378 W .apps.wellbeing: ApkAssets: Deleting an ApkAssets object '<empty> and /product/app/CalendarGooglePrebuilt/CalendarGooglePrebuilt.apk' with 1 weak references
12-12 08:44:08.659   678  1094 W ProcessStats: Tracking association SourceState{fbe9b9d com.google.android.apps.nexuslauncher/10176 BTop #2438} whose proc state 2 is better than process ProcessState{78acf5a com.google.android.googlequicksearchbox:search/10145 pkg=com.google.android.googlequicksearchbox} proc state 14 (11 skipped)
12-12 08:44:08.820   678  1094 W BestClock: java.time.DateTimeException: Missing network time fix
12-12 08:44:08.825   678  1094 W BestClock: java.time.DateTimeException: Missing network time fix
12-12 08:44:08.836   678  1094 W BestClock: java.time.DateTimeException: Missing network time fix
12-12 08:44:09.882   678  2003 W BestClock: java.time.DateTimeException: Missing network time fix
12-12 08:44:09.885   678  2003 W BestClock: java.time.DateTimeException: Missing network time fix
12-12 08:44:09.894   678  2003 W BestClock: java.time.DateTimeException: Missing network time fix
12-12 08:44:10.948   678  1094 W BestClock: java.time.DateTimeException: Missing network time fix
12-12 08:44:10.952   678  1094 W BestClock: java.time.DateTimeException: Missing network time fix
12-12 08:44:10.962   678  1094 W BestClock: java.time.DateTimeException: Missing network time fix
12-12 08:44:11.931   678  1094 I ActivityManager: Broadcasting: Intent { act=android.intent.action.MEDIA_SCANNER_SCAN_FILE dat=file:///... flg=0x400000 }
12-12 08:44:11.957   678  1094 I ActivityManager: Enqueued broadcast Intent { act=android.intent.action.MEDIA_SCANNER_SCAN_FILE dat=file:///... flg=0x400000 }: 0
12-12 08:44:11.975   678  2003 W BestClock: java.time.DateTimeException: Missing network time fix
12-12 08:44:11.977   678  2003 W BestClock: java.time.DateTimeException: Missing network time fix
12-12 08:44:11.984   678  2003 W BestClock: java.time.DateTimeException: Missing network time fix
12-12 08:44:11.987   678  2310 W JobInfo : Job 'com.google.android.providers.media.module/com.android.providers.media.MediaService#-300' has a deadline with no functional constraints. The deadline won't improve job execution latency. Consider removing the deadline.
12-12 08:44:12.039   678   718 I ActivityManager: Broadcast completed: result=0
12-12 08:44:12.066  1548  2014 I MediaProvider: Begin Intent { act=android.intent.action.MEDIA_SCANNER_SCAN_FILE dat=file:///... flg=0x1400010 cmp=com.google.android.providers.media.module/com.android.providers.media.MediaService }
12-12 08:44:12.392  1548  2014 I MediaProvider: End Intent { act=android.intent.action.MEDIA_SCANNER_SCAN_FILE dat=file:///... flg=0x1400010 cmp=com.google.android.providers.media.module/com.android.providers.media.MediaService }
12-12 08:44:12.513  1548  1554 W FuseDaemon: Suspending all threads took: 37.787ms
12-12 08:44:12.676  1548  1554 I FuseDaemon: Background concurrent mark compact GC freed 2466KB AllocSpace bytes, 9(1304KB) LOS objects, 49% free, 5503KB/10MB, paused 48.739ms,14.708ms total 417.486ms
12-12 08:44:12.998   678  1094 W BestClock: java.time.DateTimeException: Missing network time fix
12-12 08:44:13.002   678  1094 W BestClock: java.time.DateTimeException: Missing network time fix
12-12 08:44:13.011   678  1094 W BestClock: java.time.DateTimeException: Missing network time fix
12-12 08:44:13.181  1203  5103 I NetworkScheduler.Stats: (REDACTED) Task %s/%s started execution. cause:%s exec_start_elapsed_seconds: %s
12-12 08:44:13.226  1203  5499 I NetworkScheduler.Stats: (REDACTED) Task %s/%s finished executing. cause:%s result: %s elapsed_millis: %s uptime_millis: %s exec_start_elapsed_seconds: %s
12-12 08:44:13.541  1548  3047 W MediaProvider: Ignoring param:deletedata post U for external apps
12-12 08:44:13.801  1548  3047 I MediaProvider: Deleted 0 1 0 0 0 0 0 items on external_primary due to com.android.shell
12-12 08:44:14.025   678  2310 W BestClock: java.time.DateTimeException: Missing network time fix
12-12 08:44:14.027   678  2310 W BestClock: java.time.DateTimeException: Missing network time fix
12-12 08:44:14.040   678  2310 W BestClock: java.time.DateTimeException: Missing network time fix
12-12 08:44:14.312  1203  5104 I NetworkScheduler.Stats: (REDACTED) Task %s/%s started execution. cause:%s exec_start_elapsed_seconds: %s
12-12 08:44:14.363  1203  5104 I NetworkScheduler.Stats: (REDACTED) Task %s/%s finished executing. cause:%s result: %s elapsed_millis: %s uptime_millis: %s exec_start_elapsed_seconds: %s
12-12 08:44:14.967  1578  1588 W gle.android.gms: ApkAssets: Deleting an ApkAssets object '<empty> and /data/app/~~EUVYEHKyRAOskaF2pHpDLA==/com.ichi2.anki-nnN2Pk0mJKBxB_4zB3zlBA==/base.apk' with 1 weak references
12-12 08:44:14.968  1578  1588 W gle.android.gms: ApkAssets: Deleting an ApkAssets object '<empty> and /product/app/Camera2/Camera2.apk' with 1 weak references
12-12 08:44:14.968  1578  1588 W gle.android.gms: ApkAssets: Deleting an ApkAssets object '<empty> and /data/app/~~aD-xXMXOC5N3Bbj6uXb6Lw==/com.android.chrome-VTCrayHkyceIvBJF7RkfEQ==/Chrome.apk' with 1 weak references
12-12 08:44:14.968  1578  1588 W gle.android.gms: ApkAssets: Deleting an ApkAssets object '<empty> and /data/app/~~34AIYx5h0Vjmz12cLTdt4A==/com.google.android.trichromelibrary_636771938-W05_TI5N6p5CRLaFFbXMZg==/TrichromeLibrary.apk' with 1 weak references
12-12 08:44:14.969  1578  1588 W gle.android.gms: ApkAssets: Deleting an ApkAssets object '<empty> and /system_ext/priv-app/SettingsGoogle/SettingsGoogle.apk' with 1 weak references
12-12 08:44:14.970  1578  1588 W gle.android.gms: ApkAssets: Deleting an ApkAssets object '/product/overlay/SettingsGoogle__sdk_gphone64_x86_64__auto_generated_rro_product.apk' with 1 weak references
12-12 08:44:14.971  1578  1588 W gle.android.gms: ApkAssets: Deleting an ApkAssets object '<empty> and /product/priv-app/Phonesky/Phonesky.apk' with 1 weak references
12-12 08:44:14.973  1578  1588 W gle.android.gms: ApkAssets: Deleting an ApkAssets object '<empty> and /product/app/Drive/Drive.apk' with 1 weak references
12-12 08:44:14.974  1578  1588 W gle.android.gms: ApkAssets: Deleting an ApkAssets object '<empty> and /product/app/Maps/Maps.apk' with 1 weak references
12-12 08:44:14.974  1578  1588 W gle.android.gms: ApkAssets: Deleting an ApkAssets object '<empty> and /product/priv-app/PrebuiltBugle/PrebuiltBugle.apk' with 1 weak references
12-12 08:44:14.978  1578  1588 W gle.android.gms: ApkAssets: Deleting an ApkAssets object '<empty> and /product/app/Photos/Photos.apk' with 1 weak references
12-12 08:44:14.981  1578  1588 W gle.android.gms: ApkAssets: Deleting an ApkAssets object '<empty> and /product/app/YouTubeMusicPrebuilt/YouTubeMusicPrebuilt.apk' with 1 weak references
12-12 08:44:14.981  1578  1588 W gle.android.gms: ApkAssets: Deleting an ApkAssets object '<empty> and /product/app/CalendarGooglePrebuilt/CalendarGooglePrebuilt.apk' with 1 weak references
12-12 08:44:14.984  1578  1588 W gle.android.gms: ApkAssets: Deleting an ApkAssets object '<empty> and /product/app/GoogleContacts/GoogleContacts.apk' with 1 weak references
12-12 08:44:14.985  1578  1588 W gle.android.gms: ApkAssets: Deleting an ApkAssets object '<empty> and /product/app/PrebuiltDeskClockGoogle/PrebuiltDeskClockGoogle.apk' with 1 weak references
12-12 08:44:14.986  1578  1588 W gle.android.gms: ApkAssets: Deleting an ApkAssets object '<empty> and /product/priv-app/GoogleDialer/GoogleDialer.apk' with 1 weak references
12-12 08:44:14.987  1578  1588 W gle.android.gms: ApkAssets: Deleting an ApkAssets object '<empty> and /product/app/PrebuiltGmail/PrebuiltGmail.apk' with 1 weak references
12-12 08:44:14.990  1578  1588 W gle.android.gms: ApkAssets: Deleting an ApkAssets object '<empty> and /product/app/YouTube/YouTube.apk' with 1 weak references
12-12 08:44:14.992  1578  1588 W gle.android.gms: ApkAssets: Deleting an ApkAssets object '<empty> and /system/app/Stk/Stk.apk' with 1 weak references
12-12 08:44:14.992  1578  1588 W gle.android.gms: ApkAssets: Deleting an ApkAssets object '<empty> and /product/priv-app/SafetyHubPrebuilt/SafetyHubPrebuilt.apk' with 1 weak references
12-12 08:44:14.993  1578  1588 W gle.android.gms: ApkAssets: Deleting an ApkAssets object '<empty> and /system/priv-app/DocumentsUIGoogle/DocumentsUIGoogle.apk' with 1 weak references
12-12 08:44:14.995  1578  1588 W gle.android.gms: ApkAssets: Deleting an ApkAssets object '<empty> and /product/priv-app/Velvet/Velvet.apk' with 1 weak references
12-12 08:44:14.999  1578  1588 W gle.android.gms: ApkAssets: Deleting an ApkAssets object '<empty> and /data/app/~~pMoxUc2l63PgGV5PLCZnKA==/io.github.ylimit.droidbotapp-3SZ-xgJ1HyMFH3ZTi5YHRw==/base.apk' with 1 weak references
12-12 08:44:15.053   678  1094 W BestClock: java.time.DateTimeException: Missing network time fix
12-12 08:44:15.057   678  1094 W BestClock: java.time.DateTimeException: Missing network time fix
12-12 08:44:15.069   678  1094 W BestClock: java.time.DateTimeException: Missing network time fix
12-12 08:44:15.516  1548  5518 I PSyncWorker: Starting proactive picker sync from sync source: 1
12-12 08:44:15.524  1548  5518 I PickerSyncTracker: Created new sync future java.util.concurrent.CompletableFuture@331125d[Not completed, 1 dependents]. Future map: {c1bdb950-d40c-4eae-93de-d75b94d622b5=java.util.concurrent.CompletableFuture@331125d[Not completed, 1 dependents]}
12-12 08:44:15.552  1548  5518 I PickerSyncController: Executing SyncAdd. isLocal: true. authority: com.android.providers.media.photopicker
12-12 08:44:15.605  1548  5518 I PickerSyncController: Paged sync successful. QueryArgs: Bundle[{android.provider.extra.SYNC_GENERATION=1790, android.provider.extra.PAGE_SIZE=1000}] Total Rows: 0
12-12 08:44:15.606  1548  5518 I PickerSyncController: Executing SyncRemove. isLocal: true. authority: com.android.providers.media.photopicker
12-12 08:44:15.635  1548  5518 E PickerDbFacade: Could not get first date taken millis for media id: 1000000198
12-12 08:44:15.652  1548  5518 W PickerDbFacade: Unable to promote cloud media with localId: 1000000198
12-12 08:44:15.673  1548  5518 I PickerSyncController: Paged sync successful. QueryArgs: Bundle[{android.provider.extra.SYNC_GENERATION=1790, android.provider.extra.PAGE_SIZE=1000}] Total Rows: 0
12-12 08:44:15.675  1548  5518 I PickerSyncTracker: Marked sync future complete for work id: c1bdb950-d40c-4eae-93de-d75b94d622b5. Future map: {}
12-12 08:44:15.675  1548  5518 I PSyncWorker: Completed picker proactive sync complete from local provider.
12-12 08:44:15.689  1548  1774 I WM-WorkerWrapper: Worker result SUCCESS for Work [ id=c1bdb950-d40c-4eae-93de-d75b94d622b5, tags={ com.android.providers.media.photopicker.sync.ProactiveSyncWorker } ]
12-12 08:44:16.084   678  1094 W BestClock: java.time.DateTimeException: Missing network time fix
12-12 08:44:16.087   678  1094 W BestClock: java.time.DateTimeException: Missing network time fix
12-12 08:44:16.100   678  1094 W BestClock: java.time.DateTimeException: Missing network time fix
12-12 08:44:17.201   678   776 W BestClock: java.time.DateTimeException: Missing network time fix
12-12 08:44:17.205   678   776 W BestClock: java.time.DateTimeException: Missing network time fix
12-12 08:44:17.233   678   776 W BestClock: java.time.DateTimeException: Missing network time fix
12-12 08:44:18.259   678   776 W BestClock: java.time.DateTimeException: Missing network time fix
12-12 08:44:18.263   678   776 W BestClock: java.time.DateTimeException: Missing network time fix
12-12 08:44:18.275   678   776 W BestClock: java.time.DateTimeException: Missing network time fix
12-12 08:44:18.689  1847  2379 I WorkerManager: dispose()
12-12 08:44:19.397   678   776 W BestClock: java.time.DateTimeException: Missing network time fix
12-12 08:44:19.403   678   776 W BestClock: java.time.DateTimeException: Missing network time fix
12-12 08:44:19.419   678   776 W BestClock: java.time.DateTimeException: Missing network time fix
12-12 08:44:20.432   678   776 W BestClock: java.time.DateTimeException: Missing network time fix
12-12 08:44:20.437   678   776 W BestClock: java.time.DateTimeException: Missing network time fix
12-12 08:44:20.446   678   776 W BestClock: java.time.DateTimeException: Missing network time fix
12-12 08:44:21.459   678   776 W BestClock: java.time.DateTimeException: Missing network time fix
12-12 08:44:21.463   678   776 W BestClock: java.time.DateTimeException: Missing network time fix
12-12 08:44:21.474   678   776 W BestClock: java.time.DateTimeException: Missing network time fix
12-12 08:44:22.487   678  1094 W BestClock: java.time.DateTimeException: Missing network time fix
12-12 08:44:22.489   678  1094 W BestClock: java.time.DateTimeException: Missing network time fix
12-12 08:44:22.502   678  1094 W BestClock: java.time.DateTimeException: Missing network time fix
12-12 08:44:23.517   678   776 W BestClock: java.time.DateTimeException: Missing network time fix
12-12 08:44:23.522   678   776 W BestClock: java.time.DateTimeException: Missing network time fix
12-12 08:44:23.533   678   776 W BestClock: java.time.DateTimeException: Missing network time fix
12-12 08:44:23.915   678   791 W ProcessStats: Tracking association SourceState{97677c system/1000 ImpBg #2476} whose proc state 6 is better than process ProcessState{80969f8 com.google.android.apps.photos/10164 pkg=com.google.android.apps.photos} proc state 14 (0 skipped)
12-12 08:44:24.137  5530  5530 I AndroidRuntime: Using default boot image
12-12 08:44:24.138  5530  5530 I AndroidRuntime: Leaving lock profiling enabled
12-12 08:44:24.218  5530  5530 I app_process: Using CollectorTypeCMC GC.
12-12 08:44:24.551   678   776 W BestClock: java.time.DateTimeException: Missing network time fix
12-12 08:44:24.558   678   776 W BestClock: java.time.DateTimeException: Missing network time fix
12-12 08:44:24.571   678   776 W BestClock: java.time.DateTimeException: Missing network time fix
12-12 08:44:25.167   678  1094 W JobScheduler: Job didn't exist in JobStore: 7ef4894 #u0a164/1034 com.google.android.apps.photos/com.google.android.libraries.social.mediamonitor.MediaMonitorJobSchedulerService
12-12 08:44:25.587   678  2003 W BestClock: java.time.DateTimeException: Missing network time fix
12-12 08:44:25.588   678  2003 W BestClock: java.time.DateTimeException: Missing network time fix
12-12 08:44:25.598   678  2003 W BestClock: java.time.DateTimeException: Missing network time fix
12-12 08:44:25.711   678  2003 W UriGrantsManagerService: No permission grants found for com.google.android.apps.photos
12-12 08:44:25.718   678  2003 W UriGrantsManagerService: No permission grants found for com.google.android.apps.photos
12-12 08:44:26.306   678  1094 W UriGrantsManagerService: No permission grants found for com.google.android.apps.photos
12-12 08:44:26.310   678  1094 W UriGrantsManagerService: No permission grants found for com.google.android.apps.photos
12-12 08:44:26.463  5530  5530 W app_process: Unexpected CPU variant for x86: x86_64.
12-12 08:44:26.463  5530  5530 W app_process: Known variants: atom, sandybridge, silvermont, goldmont, goldmont-plus, goldmont-without-sha-xsaves, tremont, kabylake, default
12-12 08:44:26.525   678  1094 W UriGrantsManagerService: No permission grants found for com.google.android.apps.photos
12-12 08:44:26.527   678  1094 W UriGrantsManagerService: No permission grants found for com.google.android.apps.photos
12-12 08:44:26.627   678  2003 W BestClock: java.time.DateTimeException: Missing network time fix
12-12 08:44:26.635   678  2003 W BestClock: java.time.DateTimeException: Missing network time fix
12-12 08:44:26.643   678  2003 W BestClock: java.time.DateTimeException: Missing network time fix
12-12 08:44:26.655  5530  5530 W app_process: ClassLoaderContext shared library size mismatch. Expected=2, found=0 (PCL[]{PCL[/system/framework/android.test.base.jar*724373495]#PCL[/system/framework/android.test.mock.jar*1452759902]} | PCL[])
12-12 08:44:26.703  5530  5530 W app_process: ClassLoaderContext classpath size mismatch. expected=0, found=1 (PCL[]{PCL[/system/framework/android.test.runner.jar*2496447986]#PCL[/system/framework/android.test.base.jar*724373495]} | PCL[/system/framework/android.test.runner.jar*2496447986])
12-12 08:44:27.318  5530  5530 I UiAutomation: Initialized for user 0 on display 0
12-12 08:44:27.319  5530  5530 W UiAutomation: Created with deprecatead constructor, assumes DEFAULT_DISPLAY
12-12 08:44:27.334   678  1094 I UiAutomationManager: Registering UiTestAutomationService (id=com.android.server.accessibility/UiAutomation, flags=0x0) when called by user 0
12-12 08:44:27.455   678  1094 W MagnificationConnectionManager: requestConnection duplicated request: connect=false, mConnectionState=DISCONNECTED
12-12 08:44:27.471   678   678 W IPCThreadState: Sending oneway calls to frozen process.
12-12 08:44:27.473   678   678 W IPCThreadState: Sending oneway calls to frozen process.
12-12 08:44:27.474   678   678 W IPCThreadState: Sending oneway calls to frozen process.
12-12 08:44:27.496   678   678 W IPCThreadState: Sending oneway calls to frozen process.
12-12 08:44:27.498   678   678 W IPCThreadState: Sending oneway calls to frozen process.
12-12 08:44:27.500   678   678 W IPCThreadState: Sending oneway calls to frozen process.
12-12 08:44:27.664   678  2003 W BestClock: java.time.DateTimeException: Missing network time fix
12-12 08:44:27.685   678  2003 W BestClock: java.time.DateTimeException: Missing network time fix
12-12 08:44:27.698   678  2003 W BestClock: java.time.DateTimeException: Missing network time fix
12-12 08:44:28.708   678  2003 W BestClock: java.time.DateTimeException: Missing network time fix
12-12 08:44:28.712   678  2003 W BestClock: java.time.DateTimeException: Missing network time fix
12-12 08:44:28.722   678  1094 W BestClock: java.time.DateTimeException: Missing network time fix
12-12 08:44:29.734   678  1094 W BestClock: java.time.DateTimeException: Missing network time fix
12-12 08:44:29.739   678  1094 W BestClock: java.time.DateTimeException: Missing network time fix
12-12 08:44:29.752   678  1094 W BestClock: java.time.DateTimeException: Missing network time fix
12-12 08:44:30.766   678  1094 W BestClock: java.time.DateTimeException: Missing network time fix
12-12 08:44:30.771   678  1094 W BestClock: java.time.DateTimeException: Missing network time fix
12-12 08:44:30.792   678  1094 W BestClock: java.time.DateTimeException: Missing network time fix
12-12 08:44:31.058   678  2003 W OptProp : Cannot read opt property android.window.PROPERTY_COMPAT_ALLOW_USER_ASPECT_RATIO_OVERRIDE
12-12 08:44:31.058   678  2003 W OptProp : Cannot read opt property android.window.PROPERTY_COMPAT_ALLOW_USER_ASPECT_RATIO_FULLSCREEN_OVERRIDE
12-12 08:44:31.059   678  2003 W OptProp : Cannot read opt property android.window.PROPERTY_COMPAT_ALLOW_ORIENTATION_OVERRIDE
12-12 08:44:31.072   678  2003 W OptProp : Cannot read opt property android.window.PROPERTY_COMPAT_ALLOW_RESIZEABLE_ACTIVITY_OVERRIDES
12-12 08:44:31.074   678  2003 W OptProp : Cannot read opt property android.window.PROPERTY_COMPAT_ALLOW_MIN_ASPECT_RATIO_OVERRIDE
12-12 08:44:31.179   678  2003 I ActivityTaskManager: START u0 {act=android.intent.action.MAIN cat=[android.intent.category.LAUNCHER] flg=0x10200000 cmp=com.ichi2.anki/.IntentHandler bnds=[824,1873][997,2068]} with LAUNCH_MULTIPLE from uid 10176 (BAL_ALLOW_VISIBLE_WINDOW) result code=0
12-12 08:44:31.227  1240  1240 W SplitSelectStateCtor: Missing session instanceIds
12-12 08:44:31.256  1240  1240 I TopTaskTracker: onTaskMovedToFront: (moved taskInfo to front) taskId=26, baseIntent=Intent { act=android.intent.action.MAIN cat=[android.intent.category.LAUNCHER] flg=0x10200000 cmp=com.ichi2.anki/.IntentHandler }
12-12 08:44:31.339   463   483 W AudioFlinger: createTrack_l(): mismatch between requested flags (00000004) and output flags (00000002)
12-12 08:44:31.360   678   735 W ActivityManager: Slow operation: 128ms so far, now at startProcess: returned from zygote!
12-12 08:44:31.362   678   735 W ActivityManager: Slow operation: 130ms so far, now at startProcess: done updating battery stats
12-12 08:44:31.362   678   735 W ActivityManager: Slow operation: 130ms so far, now at startProcess: building log message
12-12 08:44:31.362   678   735 I ActivityManager: Start proc 5589:com.ichi2.anki/u0a209 for next-top-activity {com.ichi2.anki/com.ichi2.anki.IntentHandler}
12-12 08:44:31.363   678   735 W ActivityManager: Slow operation: 130ms so far, now at startProcess: starting to update pids map
12-12 08:44:31.368   678   735 W ActivityManager: Slow operation: 136ms so far, now at startProcess: done updating pids map
12-12 08:44:31.420   469   469 I BpBinder: onLastStrongRef automatically unlinking death recipients: 
12-12 08:44:31.495   678  1094 W ActivityTaskManager: takeTaskSnapshot: taskId=26 not found or not visible
12-12 08:44:31.499  5589  5589 I com.ichi2.anki: Using CollectorTypeCMC GC.
12-12 08:44:31.503  5589  5589 W com.ichi2.anki: Unexpected CPU variant for x86: x86_64.
12-12 08:44:31.503  5589  5589 W com.ichi2.anki: Known variants: atom, sandybridge, silvermont, goldmont, goldmont-plus, goldmont-without-sha-xsaves, tremont, kabylake, default
12-12 08:44:31.531  5589  5589 E com.ichi2.anki: Not starting debugger since process cannot load the jdwp agent.
12-12 08:44:31.643   678  2003 W AS.PlaybackActivityMon: No piid assigned for invalid/internal port id 15
12-12 08:44:32.399   678   776 W BestClock: java.time.DateTimeException: Missing network time fix
12-12 08:44:32.411   678   776 W BestClock: java.time.DateTimeException: Missing network time fix
12-12 08:44:32.415   463   541 W AudioFlinger: write blocked for 735 msecs, 1 delayed writes, thread 13
12-12 08:44:32.438   678  2127 W BestClock: java.time.DateTimeException: Missing network time fix
12-12 08:44:32.805  1240  1240 I KeyboardInsetsHandler: shouldKeyboardTransition, status=false toState:AllApps StateManager(mLastStableState:Normal, mCurrentStableState:Normal, mState:Normal, mRestState:null, isInTransition:false) isImeShown:false isImeShowRequested:false enableKeyboardAlwaysUp:false isUserControlled:true isFromIntentOrA11y:false
12-12 08:44:32.916   469   469 I BpBinder: onLastStrongRef automatically unlinking death recipients: 
12-12 08:44:33.114  5589  5589 I a       : ACRA is enabled for com.ichi2.anki, initializing...
12-12 08:44:33.219  5589  5589 W a       : ACRA#init called more than once. This might have unexpected side effects. Doing this outside of tests is discouraged.
12-12 08:44:33.222  5589  5589 I a       : ACRA is enabled for com.ichi2.anki, initializing...
12-12 08:44:33.321  1203  1203 W ChimeraProxyRslvr: No registered Chimera impl for com.google.android.gms.play.cloud.search.PlayCloudSearchEndpointService
12-12 08:44:33.353  1203  1203 E ChimeraSrvcProxy: Proxy without impl failing onBind()
12-12 08:44:33.354  1203  1203 I ChimeraSrvcProxy: com.google.android.gms.play.cloud.search.PlayCloudSearchEndpointService returning NullBinder for action com.google.android.gms.play.cloud.search.grpc.io.action.BIND
12-12 08:44:33.463  5589  5589 I AnkiDroid: Timber config: PRODUCTION
12-12 08:44:33.470   678  2003 W BestClock: java.time.DateTimeException: Missing network time fix
12-12 08:44:33.485  5589  5589 I AnkiDroid: initialize()
12-12 08:44:33.490   678  2003 W BestClock: java.time.DateTimeException: Missing network time fix
12-12 08:44:33.501   678  2003 W BestClock: java.time.DateTimeException: Missing network time fix
12-12 08:44:33.506   678  1655 W AppSearchIcing: icing-search-engine.cc:321: Error: 5, Message: Document (com.google.android.googlequicksearchbox$OneSearchZeroStateGoogleSuggestions/default, zp) not found.
12-12 08:44:33.615  5589  5589 I WebViewFactory: Loading com.google.android.webview version 124.0.6367.219 (code 636771938)
12-12 08:44:33.649  5589  5589 W ziparchive: Unable to open '/data/app/~~34AIYx5h0Vjmz12cLTdt4A==/com.google.android.trichromelibrary_636771938-W05_TI5N6p5CRLaFFbXMZg==/TrichromeLibrary.dm': No such file or directory
12-12 08:44:33.650  5589  5589 W ziparchive: Unable to open '/data/app/~~34AIYx5h0Vjmz12cLTdt4A==/com.google.android.trichromelibrary_636771938-W05_TI5N6p5CRLaFFbXMZg==/TrichromeLibrary.dm': No such file or directory
12-12 08:44:33.651  5589  5589 W com.ichi2.anki: Entry not found
12-12 08:44:33.658   678   719 W Looper  : Slow dispatch took 298ms android.ui h=com.android.server.am.ActivityManagerService$UiHandler c=com.android.server.am.UidObserverController$$ExternalSyntheticLambda0@be24f6f m=0
12-12 08:44:33.703   678   719 W Looper  : Slow delivery took 235ms android.ui h=com.android.server.am.ActivityManagerService$UiHandler c=com.android.server.am.UidObserverController$$ExternalSyntheticLambda0@be24f6f m=0
12-12 08:44:33.722  1847  2087 W A       : CompleteServer request has failed and can't show offline suggestions.
12-12 08:44:33.722  1847  2087 W A       : java.util.NoSuchElementException: Expected at least one element
12-12 08:44:33.722  1847  2087 W A       : 	at kotlinx.coroutines.b.cs.a(PG:104)
12-12 08:44:33.722  1847  2087 W A       : 	at kotlinx.coroutines.b.ch.jd(PG:11)
12-12 08:44:33.722  1847  2087 W A       : 	at n.c.b.a.a.q(PG:12)
12-12 08:44:33.722  1847  2087 W A       : 	at kotlinx.coroutines.d.am.x(PG:7)
12-12 08:44:33.722  1847  2087 W A       : 	at kotlinx.coroutines.a.q(PG:14)
12-12 08:44:33.722  1847  2087 W A       : 	at n.c.b.a.a.q(PG:36)
12-12 08:44:33.722  1847  2087 W A       : 	at kotlinx.coroutines.bh.run(PG:112)
12-12 08:44:33.722  1847  2087 W A       : 	at com.google.apps.tiktok.f.y.run(PG:3)
12-12 08:44:33.722  1847  2087 W A       : 	at com.google.apps.tiktok.tracing.fl.run(PG:24)
12-12 08:44:33.722  1847  2087 W A       : 	at com.google.android.libraries.k.x.run(PG:3)
12-12 08:44:33.722  1847  2087 W A       : 	at com.google.common.n.c.c.run(PG:50)
12-12 08:44:33.722  1847  2087 W A       : 	at com.google.android.libraries.k.e.run(PG:8)
12-12 08:44:33.722  1847  2087 W A       : 	at java.lang.Thread.run(Thread.java:1012)
12-12 08:44:33.722  1847  2087 W A       : 	at com.google.android.libraries.k.d.b.run(PG:74)
12-12 08:44:33.756  1847  2083 W A       : #getSuggestions failed
12-12 08:44:33.756  1847  2083 W A       : java.util.NoSuchElementException: Expected at least one element
12-12 08:44:33.756  1847  2083 W A       : 	at kotlinx.coroutines.b.cs.a(PG:104)
12-12 08:44:33.756  1847  2083 W A       : 	at kotlinx.coroutines.b.ch.jd(PG:11)
12-12 08:44:33.756  1847  2083 W A       : 	at n.c.b.a.a.q(PG:12)
12-12 08:44:33.756  1847  2083 W A       : 	at kotlinx.coroutines.d.am.x(PG:7)
12-12 08:44:33.756  1847  2083 W A       : 	at kotlinx.coroutines.a.q(PG:14)
12-12 08:44:33.756  1847  2083 W A       : 	at n.c.b.a.a.q(PG:36)
12-12 08:44:33.756  1847  2083 W A       : 	at kotlinx.coroutines.bh.run(PG:112)
12-12 08:44:33.756  1847  2083 W A       : 	at com.google.apps.tiktok.f.y.run(PG:3)
12-12 08:44:33.756  1847  2083 W A       : 	at com.google.apps.tiktok.tracing.fl.run(PG:24)
12-12 08:44:33.756  1847  2083 W A       : 	at com.google.android.libraries.k.x.run(PG:3)
12-12 08:44:33.756  1847  2083 W A       : 	at com.google.common.n.c.c.run(PG:50)
12-12 08:44:33.756  1847  2083 W A       : 	at com.google.android.libraries.k.e.run(PG:8)
12-12 08:44:33.756  1847  2083 W A       : 	at java.lang.Thread.run(Thread.java:1012)
12-12 08:44:33.756  1847  2083 W A       : 	at com.google.android.libraries.k.d.b.run(PG:74)
12-12 08:44:33.781  1240  5195 E OneSearchSuggestProvider: Unable to get suggestions from AGA
12-12 08:44:33.781  1240  5195 E OneSearchSuggestProvider: io.grpc.StatusRuntimeException: UNKNOWN
12-12 08:44:33.781  1240  5195 E OneSearchSuggestProvider: 	at k3.e.a(go/retraceme 2855a437b73635ce9cad76b9289087e631bbb67fc90008a0da13d343a00e5041:77)
12-12 08:44:33.781  1240  5195 E OneSearchSuggestProvider: 	at i3.l.b(go/retraceme 2855a437b73635ce9cad76b9289087e631bbb67fc90008a0da13d343a00e5041:43)
12-12 08:44:33.781  1240  5195 E OneSearchSuggestProvider: 	at i3.l.a(go/retraceme 2855a437b73635ce9cad76b9289087e631bbb67fc90008a0da13d343a00e5041:27)
12-12 08:44:33.781  1240  5195 E OneSearchSuggestProvider: 	at i3.z.run(go/retraceme 2855a437b73635ce9cad76b9289087e631bbb67fc90008a0da13d343a00e5041:7)
12-12 08:44:33.781  1240  5195 E OneSearchSuggestProvider: 	at i3.m2.run(go/retraceme 2855a437b73635ce9cad76b9289087e631bbb67fc90008a0da13d343a00e5041:19)
12-12 08:44:33.781  1240  5195 E OneSearchSuggestProvider: 	at java.util.concurrent.ThreadPoolExecutor.runWorker(ThreadPoolExecutor.java:1145)
12-12 08:44:33.781  1240  5195 E OneSearchSuggestProvider: 	at java.util.concurrent.ThreadPoolExecutor$Worker.run(ThreadPoolExecutor.java:644)
12-12 08:44:33.781  1240  5195 E OneSearchSuggestProvider: 	at java.lang.Thread.run(Thread.java:1012)
12-12 08:44:34.204   678  1733 E TaskPersister: File error accessing recents directory (directory doesn't exist?).
12-12 08:44:34.499  1203  1203 W ChimeraProxyRslvr: No registered Chimera impl for com.google.android.gms.play.cloud.search.PlayCloudSearchEndpointService
12-12 08:44:34.502  1203  1203 E ChimeraSrvcProxy: Proxy without impl failing onBind()
12-12 08:44:34.502  1203  1203 I ChimeraSrvcProxy: com.google.android.gms.play.cloud.search.PlayCloudSearchEndpointService returning NullBinder for action com.google.android.gms.play.cloud.search.grpc.io.action.BIND
12-12 08:44:34.512   678   719 W Looper  : Drained
12-12 08:44:34.526   678  1094 W BestClock: java.time.DateTimeException: Missing network time fix
12-12 08:44:34.533   678  1094 W BestClock: java.time.DateTimeException: Missing network time fix
12-12 08:44:34.559   678  1094 W BestClock: java.time.DateTimeException: Missing network time fix
12-12 08:44:34.753   678  1094 W AS.PlaybackActivityMon: No piid assigned for invalid/internal port id 15
12-12 08:44:34.825  5589  5589 I cr_WVCFactoryProvider: Loaded version=124.0.6367.219 minSdkVersion=29 isBundle=false multiprocess=true packageId=2
12-12 08:44:34.955  5589  5629 I chromium: [1212/084434.935205:INFO:variations_seed_loader.cc(66)] Failed to open file for reading.: No such file or directory (2)
12-12 08:44:34.964  5589  5629 I chromium: [INFO:variations_seed_loader.cc(66)] Failed to open file for reading.: No such file or directory (2)
12-12 08:44:34.987   678   735 I ActivityManager: Start proc 5633:com.google.android.webview:webview_service/u0a162 for service {com.google.android.webview/org.chromium.android_webview.services.VariationsSeedServer}
12-12 08:44:34.999  5589  5589 I cr_LibraryLoader: Successfully loaded native library
12-12 08:44:35.024  5589  5589 I cr_CachingUmaRecorder: Flushed 6 samples from 6 histograms, 0 samples were dropped.
12-12 08:44:35.035  5633  5633 I webview_service: Using CollectorTypeCMC GC.
12-12 08:44:35.036  5633  5633 W webview_service: Unexpected CPU variant for x86: x86_64.
12-12 08:44:35.036  5633  5633 W webview_service: Known variants: atom, sandybridge, silvermont, goldmont, goldmont-plus, goldmont-without-sha-xsaves, tremont, kabylake, default
12-12 08:44:35.039  5633  5633 E webview_service: Not starting debugger since process cannot load the jdwp agent.
12-12 08:44:35.046  5589  5589 I cr_CombinedPProvider: #registerProvider() provider:WV.V7@28ced49 isPolicyCacheEnabled:false policyProvidersSize:0
12-12 08:44:35.049  5589  5589 I cr_PolicyProvider: #setManagerAndSource() 0
12-12 08:44:35.061  5633  5633 W ziparchive: Unable to open '/data/app/~~34AIYx5h0Vjmz12cLTdt4A==/com.google.android.trichromelibrary_636771938-W05_TI5N6p5CRLaFFbXMZg==/TrichromeLibrary.dm': No such file or directory
12-12 08:44:35.062  5633  5633 W ziparchive: Unable to open '/data/app/~~34AIYx5h0Vjmz12cLTdt4A==/com.google.android.trichromelibrary_636771938-W05_TI5N6p5CRLaFFbXMZg==/TrichromeLibrary.dm': No such file or directory
12-12 08:44:35.062  5633  5633 W webview_service: Entry not found
12-12 08:44:35.082  1055  1055 I Zygote  : Entering forkRepeatedly native zygote loop
12-12 08:44:35.101   678  2003 W ProcessStats: Tracking association SourceState{8818688 com.ichi2.anki/10209 BTop #2496} whose proc state 2 is better than process ProcessState{7b02bda com.google.android.gms/10144 pkg=com.google.android.gms} proc state 14 (3 skipped)
12-12 08:44:35.103  5650  5650 I ocessService0:0: Using CollectorTypeCMC GC.
12-12 08:44:35.106  5650  5650 W ocessService0:0: Unexpected CPU variant for x86: x86_64.
12-12 08:44:35.106  5650  5650 W ocessService0:0: Known variants: atom, sandybridge, silvermont, goldmont, goldmont-plus, goldmont-without-sha-xsaves, tremont, kabylake, default
12-12 08:44:35.107  5633  5633 I LoadedApk: No resource references to update in package com.google.android.trichromelibrary
12-12 08:44:35.109  5633  5633 I cr_WebViewApkApp: Launched version=124.0.6367.219 minSdkVersion=29 isBundle=false processName=com.google.android.webview:webview_service
12-12 08:44:35.110  5650  5650 E ocessService0:0: Not starting debugger since process cannot load the jdwp agent.
12-12 08:44:35.115   678   735 I ActivityManager: Start proc 5650:com.google.android.webview:sandboxed_process0:org.chromium.content.app.SandboxedProcessService0:0/u0ai9000 for  {com.ichi2.anki/org.chromium.content.app.SandboxedProcessService0:0}
12-12 08:44:35.156  5650  5650 I LoadedApk: No resource references to update in package com.google.android.trichromelibrary
12-12 08:44:35.159  5650  5650 I cr_WebViewApkApp: Launched version=124.0.6367.219 minSdkVersion=29 isBundle=false processName=com.google.android.webview:sandboxed_process0:org.chromium.content.app.SandboxedProcessService0:0
12-12 08:44:35.167  5650  5650 I cr_ChildProcessService: Creating new ChildProcessService pid=5650
12-12 08:44:35.237  5589  5589 I cr_CombinedPProvider: #linkNativeInternal() 1
12-12 08:44:35.242  5589  5589 I cr_AppResProvider: #getApplicationRestrictionsFromUserManager() Bundle[EMPTY_PARCEL]
12-12 08:44:35.242  5589  5589 I cr_PolicyProvider: #notifySettingsAvailable() 0
12-12 08:44:35.242  5589  5589 I cr_CombinedPProvider: #onSettingsAvailable() 0
12-12 08:44:35.242  5589  5589 I cr_CombinedPProvider: #flushPolicies()
12-12 08:44:35.569   678  1094 W BestClock: java.time.DateTimeException: Missing network time fix
12-12 08:44:35.571   678  1094 W BestClock: java.time.DateTimeException: Missing network time fix
12-12 08:44:35.593   678  2127 W BestClock: java.time.DateTimeException: Missing network time fix
12-12 08:44:35.601   678  1094 W AS.PlaybackActivityMon: No piid assigned for invalid/internal port id 15
12-12 08:44:35.767  5589  5589 I AnkiDroid: Not participating in analytics sample (sample percentage vs random: 10 15)
12-12 08:44:35.767  5589  5589 I AnkiDroid: setOptIn(): from false to false
12-12 08:44:35.767  5589  5589 I AnkiDroid: Not participating in analytics sample (sample percentage vs random: 10 24)
12-12 08:44:35.767  5589  5589 I AnkiDroid: initialize()
12-12 08:44:35.810  5589  5589 I AnkiDroid: Creating notification channel with id/name: General Notifications/AnkiDroid
12-12 08:44:35.824  5589  5589 I AnkiDroid: Creating notification channel with id/name: Synchronization/
12-12 08:44:35.831  5589  5589 I AnkiDroid: Creating notification channel with id/name: Global Reminders/
12-12 08:44:35.835  5589  5589 I AnkiDroid: Creating notification channel with id/name: Deck Reminders/
12-12 08:44:35.884  1548  1800 E MediaProvider: Creating or writing to a non-default top level directory is not allowed!
12-12 08:44:35.885  5589  5589 E AnkiDroid: Instrumentation/ Could not initialize AnkiDroid directory
12-12 08:44:35.885  5589  5589 E AnkiDroid: a4.a: No write access to AnkiDroid directory /storage/emulated/0/AnkiDroid
12-12 08:44:35.885  5589  5589 E AnkiDroid: 	at M3.q4.q(SourceFile:82)
12-12 08:44:35.885  5589  5589 E AnkiDroid: 	at com.ichi2.anki.AnkiDroidApp.onCreate(SourceFile:671)
12-12 08:44:35.885  5589  5589 E AnkiDroid: 	at android.app.Instrumentation.callApplicationOnCreate(Instrumentation.java:1386)
12-12 08:44:35.885  5589  5589 E AnkiDroid: 	at android.app.ActivityThread.handleBindApplication(ActivityThread.java:7504)
12-12 08:44:35.885  5589  5589 E AnkiDroid: 	at android.app.ActivityThread.-$$Nest$mhandleBindApplication(Unknown Source:0)
12-12 08:44:35.885  5589  5589 E AnkiDroid: 	at android.app.ActivityThread$H.handleMessage(ActivityThread.java:2416)
12-12 08:44:35.885  5589  5589 E AnkiDroid: 	at android.os.Handler.dispatchMessage(Handler.java:107)
12-12 08:44:35.885  5589  5589 E AnkiDroid: 	at android.os.Looper.loopOnce(Looper.java:232)
12-12 08:44:35.885  5589  5589 E AnkiDroid: 	at android.os.Looper.loop(Looper.java:317)
12-12 08:44:35.885  5589  5589 E AnkiDroid: 	at android.app.ActivityThread.main(ActivityThread.java:8705)
12-12 08:44:35.885  5589  5589 E AnkiDroid: 	at java.lang.reflect.Method.invoke(Native Method)
12-12 08:44:35.885  5589  5589 E AnkiDroid: 	at com.android.internal.os.RuntimeInit$MethodAndArgsCaller.run(RuntimeInit.java:580)
12-12 08:44:35.885  5589  5589 E AnkiDroid: 	at com.android.internal.os.ZygoteInit.main(ZygoteInit.java:886)
12-12 08:44:35.885  5589  5589 E AnkiDroid: 
12-12 08:44:35.885  5589  5589 E AnkiDroid: a4.a: No write access to AnkiDroid directory /storage/emulated/0/AnkiDroid
12-12 08:44:35.885  5589  5589 E AnkiDroid: 	at M3.q4.q(SourceFile:82)
12-12 08:44:35.885  5589  5589 E AnkiDroid: 	at com.ichi2.anki.AnkiDroidApp.onCreate(SourceFile:671)
12-12 08:44:35.885  5589  5589 E AnkiDroid: 	at android.app.Instrumentation.callApplicationOnCreate(Instrumentation.java:1386)
12-12 08:44:35.885  5589  5589 E AnkiDroid: 	at android.app.ActivityThread.handleBindApplication(ActivityThread.java:7504)
12-12 08:44:35.885  5589  5589 E AnkiDroid: 	at android.app.ActivityThread.-$$Nest$mhandleBindApplication(Unknown Source:0)
12-12 08:44:35.885  5589  5589 E AnkiDroid: 	at android.app.ActivityThread$H.handleMessage(ActivityThread.java:2416)
12-12 08:44:35.885  5589  5589 E AnkiDroid: 	at android.os.Handler.dispatchMessage(Handler.java:107)
12-12 08:44:35.885  5589  5589 E AnkiDroid: 	at android.os.Looper.loopOnce(Looper.java:232)
12-12 08:44:35.885  5589  5589 E AnkiDroid: 	at android.os.Looper.loop(Looper.java:317)
12-12 08:44:35.885  5589  5589 E AnkiDroid: 	at android.app.ActivityThread.main(ActivityThread.java:8705)
12-12 08:44:35.885  5589  5589 E AnkiDroid: 	at java.lang.reflect.Method.invoke(Native Method)
12-12 08:44:35.885  5589  5589 E AnkiDroid: 	at com.android.internal.os.RuntimeInit$MethodAndArgsCaller.run(RuntimeInit.java:580)
12-12 08:44:35.885  5589  5589 E AnkiDroid: 	at com.android.internal.os.ZygoteInit.main(ZygoteInit.java:886)
12-12 08:44:35.895  5589  5589 I AnkiDroid: AnkiDroidApp: Starting Services
12-12 08:44:35.895  5589  5589 W AnkiDroid: AnkiDroidApp/ BootService - unexpected action received, ignoring: null
12-12 08:44:35.916   678  2127 W OptProp : Cannot read opt property android.window.PROPERTY_COMPAT_ENABLE_FAKE_FOCUS
12-12 08:44:35.928  5589  5695 I TextToSpeech: Sucessfully bound to com.google.android.tts
12-12 08:44:35.961   678   735 I ActivityManager: Start proc 5701:com.google.android.tts/u0a148 for service {com.google.android.tts/com.google.android.apps.speech.tts.googletts.service.GoogleTtsService}
12-12 08:44:35.986  5701  5701 I gle.android.tts: Using CollectorTypeCMC GC.
12-12 08:44:35.987  5701  5701 W gle.android.tts: Unexpected CPU variant for x86: x86_64.
12-12 08:44:35.987  5701  5701 W gle.android.tts: Known variants: atom, sandybridge, silvermont, goldmont, goldmont-plus, goldmont-without-sha-xsaves, tremont, kabylake, default
12-12 08:44:35.997  5701  5701 E gle.android.tts: Not starting debugger since process cannot load the jdwp agent.
12-12 08:44:36.079   678   721 W BLASTSyncEngine: Sync group 9 timeout
12-12 08:44:36.080   678   721 I BLASTSyncEngine: Unfinished container: ActivityRecord{e347186 u0 com.ichi2.anki/.IntentHandler t26}
12-12 08:44:36.080   678   721 I BLASTSyncEngine: Unfinished container: Task{6754274 #26 type=standard A=10209:com.ichi2.anki}
12-12 08:44:36.153   678   776 W UserManagerService: Requested status bar icon for non-badged user 0
12-12 08:44:36.241  5701  5701 I MultiDex: VM with version 2.1.0 has multidex support
12-12 08:44:36.242  5701  5701 I MultiDex: Installing application
12-12 08:44:36.243  5701  5701 I MultiDex: VM has multidex support, MultiDex support library is disabled.
12-12 08:44:36.243  5701  5701 I MultiDex: Installing application
12-12 08:44:36.243  5701  5701 I MultiDex: VM has multidex support, MultiDex support library is disabled.
12-12 08:44:36.254  5589  5589 I AnkiDroid: IntentHandler::onCreate
12-12 08:44:36.261  5589  5589 I AnkiDroid: Setting theme to LIGHT
12-12 08:44:36.269  5701  5729 I carui   : CarUi plugin is disabled
12-12 08:44:36.323  1203  1203 W ChimeraProxyRslvr: No registered Chimera impl for com.google.android.gms.play.cloud.search.PlayCloudSearchEndpointService
12-12 08:44:36.323  1203  1203 E ChimeraSrvcProxy: Proxy without impl failing onBind()
12-12 08:44:36.323  1203  1203 I ChimeraSrvcProxy: com.google.android.gms.play.cloud.search.PlayCloudSearchEndpointService returning NullBinder for action com.google.android.gms.play.cloud.search.grpc.io.action.BIND
12-12 08:44:36.373  5589  5589 I AnkiDroid: Launching DeckPicker
12-12 08:44:36.383   678  1094 W OptProp : Cannot read opt property android.window.PROPERTY_COMPAT_ALLOW_USER_ASPECT_RATIO_OVERRIDE
12-12 08:44:36.383   678  1094 W OptProp : Cannot read opt property android.window.PROPERTY_COMPAT_ALLOW_USER_ASPECT_RATIO_FULLSCREEN_OVERRIDE
12-12 08:44:36.383   678  1094 W OptProp : Cannot read opt property android.window.PROPERTY_COMPAT_ALLOW_ORIENTATION_OVERRIDE
12-12 08:44:36.392   678  1094 W OptProp : Cannot read opt property android.window.PROPERTY_COMPAT_ALLOW_RESIZEABLE_ACTIVITY_OVERRIDES
12-12 08:44:36.395   678  1094 W OptProp : Cannot read opt property android.window.PROPERTY_COMPAT_ALLOW_MIN_ASPECT_RATIO_OVERRIDE
12-12 08:44:36.401   678  1094 W ActivityTaskManager: Activity is launching as a new task, so cancelling activity result.
12-12 08:44:36.429  5701  5701 I Analytics: Running on TYPE_PHONE
12-12 08:44:36.453   678  1094 I ActivityTaskManager: START u0 {act=android.intent.action.MAIN cat=[android.intent.category.LAUNCHER] flg=0x10008000 cmp=com.ichi2.anki/.DeckPicker} with LAUNCH_MULTIPLE from uid 10209 (BAL_ALLOW_VISIBLE_WINDOW) result code=0
12-12 08:44:36.455   678  2003 W ActivityTaskManager: Duplicate finish request for r=ActivityRecord{e347186 u0 com.ichi2.anki/.IntentHandler t26 f}}
12-12 08:44:36.476  5589  5589 I AnkiDroid: AnkiDroid Version = 2.20.0 (d41d16a45c00b0bdbd3b13ac988143db5ef8ae90)
12-12 08:44:36.476  5589  5589 I AnkiDroid: 
12-12 08:44:36.476  5589  5589 I AnkiDroid: Backend Version = 0.1.48-anki24.11 (24.11 c47638ca36f99dd4f3b81ae82d964aec66e392e0)
12-12 08:44:36.476  5589  5589 I AnkiDroid: 
12-12 08:44:36.476  5589  5589 I AnkiDroid: Android Version = 15 (SDK 35)
12-12 08:44:36.476  5589  5589 I AnkiDroid: 
12-12 08:44:36.476  5589  5589 I AnkiDroid: ProductFlavor = full
12-12 08:44:36.476  5589  5589 I AnkiDroid: 
12-12 08:44:36.476  5589  5589 I AnkiDroid: Manufacturer = Google
12-12 08:44:36.476  5589  5589 I AnkiDroid: 
12-12 08:44:36.476  5589  5589 I AnkiDroid: Model = sdk_gphone64_x86_64
12-12 08:44:36.476  5589  5589 I AnkiDroid: 
12-12 08:44:36.476  5589  5589 I AnkiDroid: Hardware = ranchu
12-12 08:44:36.476  5589  5589 I AnkiDroid: 
12-12 08:44:36.476  5589  5589 I AnkiDroid: Webview User Agent = Mozilla/5.0 (Linux; Android 15; sdk_gphone64_x86_64 Build/AE3A.240806.036; wv) AppleWebKit/537.36 (KHTML, like Gecko) Version/4.0 Chrome/124.0.6367.219 Mobile Safari/537.36
12-12 08:44:36.476  5589  5589 I AnkiDroid: 
12-12 08:44:36.476  5589  5589 I AnkiDroid: ACRA UUID = e356f60b-80bb-4913-858c-158f7d49687c
12-12 08:44:36.476  5589  5589 I AnkiDroid: 
12-12 08:44:36.476  5589  5589 I AnkiDroid: FSRS = 1.4.3 (Enabled: null)
12-12 08:44:36.476  5589  5589 I AnkiDroid: 
12-12 08:44:36.476  5589  5589 I AnkiDroid: Crash Reports Enabled = true
12-12 08:44:36.495   678  2003 W OptProp : Cannot read opt property android.window.PROPERTY_COMPAT_ENABLE_FAKE_FOCUS
12-12 08:44:36.502  5701  5701 I fjx     : SslGuard completed installation.
12-12 08:44:36.505  5701  5701 I NativeLibraryLoader: Beginning load of tts_android...
12-12 08:44:36.578   678  1094 W ActivityManager: Slow operation: 65ms so far, now at finishAttachApplicationInner: after mServices.attachApplicationLocked
12-12 08:44:36.581   678  1094 W ActivityManager: Slow operation: 68ms so far, now at finishAttachApplicationInner: after dispatching broadcasts
12-12 08:44:36.609   678  2127 W BestClock: java.time.DateTimeException: Missing network time fix
12-12 08:44:36.621  5589  5589 I AnkiDroid: Setting theme to LIGHT
12-12 08:44:36.654   678  2127 W BestClock: java.time.DateTimeException: Missing network time fix
12-12 08:44:36.656  5589  5589 I AnkiDroid: DeckPicker::onCreate
12-12 08:44:36.663   678  2127 W BestClock: java.time.DateTimeException: Missing network time fix
12-12 08:44:36.665   678  2310 W PackageConfigPersister: App-specific configuration not found for packageName: com.ichi2.anki and userId: 0
12-12 08:44:36.682  5589  5589 I AnkiDroid: Displaying app intro
12-12 08:44:36.690   678   706 W OptProp : Cannot read opt property android.window.PROPERTY_COMPAT_ALLOW_USER_ASPECT_RATIO_OVERRIDE
12-12 08:44:36.691   678   706 W OptProp : Cannot read opt property android.window.PROPERTY_COMPAT_ALLOW_USER_ASPECT_RATIO_FULLSCREEN_OVERRIDE
12-12 08:44:36.691   678   706 W OptProp : Cannot read opt property android.window.PROPERTY_COMPAT_ALLOW_ORIENTATION_OVERRIDE
12-12 08:44:36.697   678   706 W OptProp : Cannot read opt property android.window.PROPERTY_COMPAT_ALLOW_RESIZEABLE_ACTIVITY_OVERRIDES
12-12 08:44:36.697   678   706 W OptProp : Cannot read opt property android.window.PROPERTY_COMPAT_ALLOW_MIN_ASPECT_RATIO_OVERRIDE
12-12 08:44:36.705   507  2334 W IPCThreadState: Sending oneway calls to frozen process.
12-12 08:44:36.706   678   706 I ActivityTaskManager: START u0 {flg=0x14000000 cmp=com.ichi2.anki/.IntroductionActivity} with LAUNCH_MULTIPLE from uid 10209 (BAL_ALLOW_VISIBLE_WINDOW) result code=0
12-12 08:44:36.709  5589  5589 I AnkiDroid: finishWithAnimation DEFAULT
12-12 08:44:36.737   678   721 I ActivityManager: Killing 3678:com.google.android.cellbroadcastreceiver/u0a194 (adj 985): empty #17
12-12 08:44:36.754  5740  5740 W BpBinder: Linking to death on android.gui.ISurfaceComposer but there are no threads (yet?) listening to incoming transactions. See ProcessState::startThreadPool and ProcessState::setThreadPoolMaxThreadCount. Generally you should setup the binder threadpool before other initialization steps.
12-12 08:44:36.755  5740  5740 W ProcessState: Extra binder thread started, but 0 threads requested. Do not use *startThreadPool when zero threads are requested.
12-12 08:44:36.787  5701  5739 I NativeLibraryLoader: tts_android (null) was loaded normally!
12-12 08:44:36.806   678   737 I libprocessgroup: Removed cgroup /sys/fs/cgroup/uid_10194/pid_3678
12-12 08:44:36.818   398   398 I Zygote  : Process 3678 exited due to signal 9 (Killed)
12-12 08:44:36.824  5370  5378 W .apps.wellbeing: ApkAssets: Deleting an ApkAssets object '<empty> and /system/priv-app/ManagedProvisioning/ManagedProvisioning.apk' with 1 weak references
12-12 08:44:36.825  5370  5378 W .apps.wellbeing: ApkAssets: Deleting an ApkAssets object '<empty> and /system/priv-app/SoundPicker/SoundPicker.apk' with 1 weak references
12-12 08:44:36.825  5370  5378 W .apps.wellbeing: ApkAssets: Deleting an ApkAssets object '<empty> and /system/priv-app/DocumentsUIGoogle/DocumentsUIGoogle.apk' with 1 weak references
12-12 08:44:36.825  5370  5378 W .apps.wellbeing: ApkAssets: Deleting an ApkAssets object '<empty> and /data/app/~~pMoxUc2l63PgGV5PLCZnKA==/io.github.ylimit.droidbotapp-3SZ-xgJ1HyMFH3ZTi5YHRw==/base.apk' with 1 weak references
12-12 08:44:36.825  5370  5378 W .apps.wellbeing: ApkAssets: Deleting an ApkAssets object '<empty> and /product/app/PrebuiltGoogleTelemetryTvp/PrebuiltGoogleTelemetryTvp.apk' with 1 weak references
12-12 08:44:36.825  5370  5378 W .apps.wellbeing: ApkAssets: Deleting an ApkAssets object '<empty> and /system_ext/priv-app/MultiDisplayProvider/MultiDisplayProvider.apk' with 1 weak references
12-12 08:44:36.826  5370  5378 W .apps.wellbeing: ApkAssets: Deleting an ApkAssets object '<empty> and /system/priv-app/DeviceDiagnostics/DeviceDiagnostics.apk' with 1 weak references
12-12 08:44:36.826  5370  5378 W .apps.wellbeing: ApkAssets: Deleting an ApkAssets object '/product/overlay/DeviceDiagnostics__sdk_gphone64_x86_64__auto_generated_rro_product.apk' with 1 weak references
