--------- beginning of main
12-12 08:43:01.164   678  2126 W BestClock: java.time.DateTimeException: Missing network time fix
12-12 08:43:01.165   678  2126 W BestClock: java.time.DateTimeException: Missing network time fix
12-12 08:43:01.166   678  2126 W BestClock: java.time.DateTimeException: Missing network time fix
12-12 08:43:02.171   678  2126 W BestClock: java.time.DateTimeException: Missing network time fix
12-12 08:43:02.172   678  2126 W BestClock: java.time.DateTimeException: Missing network time fix
12-12 08:43:02.176   678  2126 W BestClock: java.time.DateTimeException: Missing network time fix
12-12 08:43:02.686  1240  1240 I KeyboardInsetsHandler: shouldKeyboardTransition, status=false toState:Normal StateManager(mLastStableState:Normal, mCurrentStableState:AllApps, mState:AllApps, mRestState:null, isInTransition:false) isImeShown:false isImeShowRequested:false enableKeyboardAlwaysUp:false isUserControlled:false isFromIntentOrA11y:false
12-12 08:43:02.894   469   479 I BpBinder: onLastStrongRef automatically unlinking death recipients: 
12-12 08:43:02.900   424   574 I RanchuHwc: logCompositionFallbackIfChanged: layer 17 CompositionType fallback from 2 to 1
12-12 08:43:02.900   424   574 I RanchuHwc: logCompositionFallbackIfChanged: layer 13 CompositionType fallback from 2 to 1
12-12 08:43:02.903   429   429 I android.hardware.power-service.example: Power isModeSupported: 6
12-12 08:43:03.055  1203  1203 W ChimeraProxyRslvr: No registered Chimera impl for com.google.android.gms.play.cloud.search.PlayCloudSearchEndpointService
12-12 08:43:03.056  1203  1203 E ChimeraSrvcProxy: Proxy without impl failing onBind()
12-12 08:43:03.057  1203  1203 I ChimeraSrvcProxy: com.google.android.gms.play.cloud.search.PlayCloudSearchEndpointService returning NullBinder for action com.google.android.gms.play.cloud.search.grpc.io.action.BIND
12-12 08:43:03.180   678  2310 W BestClock: java.time.DateTimeException: Missing network time fix
12-12 08:43:03.181   678  2310 W BestClock: java.time.DateTimeException: Missing network time fix
12-12 08:43:03.185   678  2310 W BestClock: java.time.DateTimeException: Missing network time fix
12-12 08:43:04.076  1203  1203 W ChimeraProxyRslvr: No registered Chimera impl for com.google.android.gms.play.cloud.search.PlayCloudSearchEndpointService
12-12 08:43:04.077  1203  1203 E ChimeraSrvcProxy: Proxy without impl failing onBind()
12-12 08:43:04.077  1203  1203 I ChimeraSrvcProxy: com.google.android.gms.play.cloud.search.PlayCloudSearchEndpointService returning NullBinder for action com.google.android.gms.play.cloud.search.grpc.io.action.BIND
12-12 08:43:04.190   678  2395 W BestClock: java.time.DateTimeException: Missing network time fix
12-12 08:43:04.191   678  2395 W BestClock: java.time.DateTimeException: Missing network time fix
12-12 08:43:04.195   678  2395 W BestClock: java.time.DateTimeException: Missing network time fix
12-12 08:43:05.199   678  2395 W BestClock: java.time.DateTimeException: Missing network time fix
12-12 08:43:05.200   678  2395 W BestClock: java.time.DateTimeException: Missing network time fix
12-12 08:43:05.202   678  2395 W BestClock: java.time.DateTimeException: Missing network time fix
12-12 08:43:05.766  1203  1203 W ChimeraProxyRslvr: No registered Chimera impl for com.google.android.gms.play.cloud.search.PlayCloudSearchEndpointService
12-12 08:43:05.766  1203  1203 E ChimeraSrvcProxy: Proxy without impl failing onBind()
12-12 08:43:05.766  1203  1203 I ChimeraSrvcProxy: com.google.android.gms.play.cloud.search.PlayCloudSearchEndpointService returning NullBinder for action com.google.android.gms.play.cloud.search.grpc.io.action.BIND
12-12 08:43:06.206   678  2395 W BestClock: java.time.DateTimeException: Missing network time fix
12-12 08:43:06.207   678  2395 W BestClock: java.time.DateTimeException: Missing network time fix
12-12 08:43:06.211   678  2395 W BestClock: java.time.DateTimeException: Missing network time fix
12-12 08:43:07.216   678  2395 W BestClock: java.time.DateTimeException: Missing network time fix
12-12 08:43:07.217   678  2395 W BestClock: java.time.DateTimeException: Missing network time fix
12-12 08:43:07.220   678  2395 W BestClock: java.time.DateTimeException: Missing network time fix
12-12 08:43:07.977  1612  1986 I BistoHotwordHelper: (REDACTED) getHotwordActive::active query: %s, watch: %s, devices connected: %s
12-12 08:43:08.224   678  2395 W BestClock: java.time.DateTimeException: Missing network time fix
12-12 08:43:08.225   678  2395 W BestClock: java.time.DateTimeException: Missing network time fix
12-12 08:43:08.229   678  2395 W BestClock: java.time.DateTimeException: Missing network time fix
12-12 08:43:08.548  1203  1203 W ChimeraProxyRslvr: No registered Chimera impl for com.google.android.gms.play.cloud.search.PlayCloudSearchEndpointService
12-12 08:43:08.548  1203  1203 E ChimeraSrvcProxy: Proxy without impl failing onBind()
12-12 08:43:08.549  1203  1203 I ChimeraSrvcProxy: com.google.android.gms.play.cloud.search.PlayCloudSearchEndpointService returning NullBinder for action com.google.android.gms.play.cloud.search.grpc.io.action.BIND
12-12 08:43:09.234   678  2395 W BestClock: java.time.DateTimeException: Missing network time fix
12-12 08:43:09.236   678  2395 W BestClock: java.time.DateTimeException: Missing network time fix
12-12 08:43:09.239   678  2395 W BestClock: java.time.DateTimeException: Missing network time fix
12-12 08:43:10.243   678  2395 W BestClock: java.time.DateTimeException: Missing network time fix
12-12 08:43:10.244   678  2395 W BestClock: java.time.DateTimeException: Missing network time fix
12-12 08:43:10.246   678  2395 W BestClock: java.time.DateTimeException: Missing network time fix
12-12 08:43:11.251   678  2395 W BestClock: java.time.DateTimeException: Missing network time fix
12-12 08:43:11.252   678  2395 W BestClock: java.time.DateTimeException: Missing network time fix
12-12 08:43:11.255   678  2395 W BestClock: java.time.DateTimeException: Missing network time fix
12-12 08:43:12.259   678  2395 W BestClock: java.time.DateTimeException: Missing network time fix
12-12 08:43:12.260   678  2395 W BestClock: java.time.DateTimeException: Missing network time fix
12-12 08:43:12.262   678  2395 W BestClock: java.time.DateTimeException: Missing network time fix
12-12 08:43:12.819  1203  1203 W ChimeraProxyRslvr: No registered Chimera impl for com.google.android.gms.play.cloud.search.PlayCloudSearchEndpointService
12-12 08:43:12.820  1203  1203 E ChimeraSrvcProxy: Proxy without impl failing onBind()
12-12 08:43:12.820  1203  1203 I ChimeraSrvcProxy: com.google.android.gms.play.cloud.search.PlayCloudSearchEndpointService returning NullBinder for action com.google.android.gms.play.cloud.search.grpc.io.action.BIND
12-12 08:43:13.266   678  2126 W BestClock: java.time.DateTimeException: Missing network time fix
12-12 08:43:13.267   678  2126 W BestClock: java.time.DateTimeException: Missing network time fix
12-12 08:43:13.270   678  2126 W BestClock: java.time.DateTimeException: Missing network time fix
12-12 08:43:14.273   678  2126 W BestClock: java.time.DateTimeException: Missing network time fix
12-12 08:43:14.274   678  2126 W BestClock: java.time.DateTimeException: Missing network time fix
12-12 08:43:14.277   678  2126 W BestClock: java.time.DateTimeException: Missing network time fix
12-12 08:43:15.281   678  2126 W BestClock: java.time.DateTimeException: Missing network time fix
12-12 08:43:15.282   678  2126 W BestClock: java.time.DateTimeException: Missing network time fix
12-12 08:43:15.285   678  2126 W BestClock: java.time.DateTimeException: Missing network time fix
12-12 08:43:16.295   678  2126 W BestClock: java.time.DateTimeException: Missing network time fix
12-12 08:43:16.296   678  2126 W BestClock: java.time.DateTimeException: Missing network time fix
12-12 08:43:16.299   678  2126 W BestClock: java.time.DateTimeException: Missing network time fix
12-12 08:43:17.303   678  2126 W BestClock: java.time.DateTimeException: Missing network time fix
12-12 08:43:17.304   678  2126 W BestClock: java.time.DateTimeException: Missing network time fix
12-12 08:43:17.307   678  2126 W BestClock: java.time.DateTimeException: Missing network time fix
12-12 08:43:18.310   678  2126 W BestClock: java.time.DateTimeException: Missing network time fix
12-12 08:43:18.311   678  2126 W BestClock: java.time.DateTimeException: Missing network time fix
12-12 08:43:18.313   678  2126 W BestClock: java.time.DateTimeException: Missing network time fix
12-12 08:43:18.576  1203  1203 W ChimeraProxyRslvr: No registered Chimera impl for com.google.android.gms.play.cloud.search.PlayCloudSearchEndpointService
12-12 08:43:18.577  1203  1203 E ChimeraSrvcProxy: Proxy without impl failing onBind()
12-12 08:43:18.577  1203  1203 I ChimeraSrvcProxy: com.google.android.gms.play.cloud.search.PlayCloudSearchEndpointService returning NullBinder for action com.google.android.gms.play.cloud.search.grpc.io.action.BIND
12-12 08:43:19.318   678  2126 W BestClock: java.time.DateTimeException: Missing network time fix
12-12 08:43:19.320   678  2126 W BestClock: java.time.DateTimeException: Missing network time fix
12-12 08:43:19.323   678  2126 W BestClock: java.time.DateTimeException: Missing network time fix
12-12 08:43:20.327   678  2126 W BestClock: java.time.DateTimeException: Missing network time fix
12-12 08:43:20.327   678  2126 W BestClock: java.time.DateTimeException: Missing network time fix
12-12 08:43:20.329   678  2126 W BestClock: java.time.DateTimeException: Missing network time fix
12-12 08:43:21.336   678  2126 W BestClock: java.time.DateTimeException: Missing network time fix
12-12 08:43:21.336   678  2126 W BestClock: java.time.DateTimeException: Missing network time fix
12-12 08:43:21.338   678  2126 W BestClock: java.time.DateTimeException: Missing network time fix
12-12 08:43:22.349   678  2126 W BestClock: java.time.DateTimeException: Missing network time fix
12-12 08:43:22.351   678  2126 W BestClock: java.time.DateTimeException: Missing network time fix
12-12 08:43:22.365   678  2126 W BestClock: java.time.DateTimeException: Missing network time fix
12-12 08:43:23.368   678  2126 W BestClock: java.time.DateTimeException: Missing network time fix
12-12 08:43:23.369   678  2126 W BestClock: java.time.DateTimeException: Missing network time fix
12-12 08:43:23.372   678  2126 W BestClock: java.time.DateTimeException: Missing network time fix
12-12 08:43:24.377   678  2126 W BestClock: java.time.DateTimeException: Missing network time fix
12-12 08:43:24.377   678  2126 W BestClock: java.time.DateTimeException: Missing network time fix
12-12 08:43:24.380   678  2126 W BestClock: java.time.DateTimeException: Missing network time fix
12-12 08:43:25.389   678  2126 W BestClock: java.time.DateTimeException: Missing network time fix
12-12 08:43:25.393   678  2126 W BestClock: java.time.DateTimeException: Missing network time fix
12-12 08:43:25.405   678  2126 W BestClock: java.time.DateTimeException: Missing network time fix
12-12 08:43:26.411   678  2126 W BestClock: java.time.DateTimeException: Missing network time fix
12-12 08:43:26.411   678  2126 W BestClock: java.time.DateTimeException: Missing network time fix
12-12 08:43:26.413   678  2126 W BestClock: java.time.DateTimeException: Missing network time fix
12-12 08:43:27.240  1203  1203 W ChimeraProxyRslvr: No registered Chimera impl for com.google.android.gms.play.cloud.search.PlayCloudSearchEndpointService
12-12 08:43:27.241  1203  1203 E ChimeraSrvcProxy: Proxy without impl failing onBind()
12-12 08:43:27.241  1203  1203 I ChimeraSrvcProxy: com.google.android.gms.play.cloud.search.PlayCloudSearchEndpointService returning NullBinder for action com.google.android.gms.play.cloud.search.grpc.io.action.BIND
12-12 08:43:27.418   678  2395 W BestClock: java.time.DateTimeException: Missing network time fix
12-12 08:43:27.419   678  2395 W BestClock: java.time.DateTimeException: Missing network time fix
12-12 08:43:27.422   678  2395 W BestClock: java.time.DateTimeException: Missing network time fix
12-12 08:43:28.426   678  2395 W BestClock: java.time.DateTimeException: Missing network time fix
12-12 08:43:28.426   678  2395 W BestClock: java.time.DateTimeException: Missing network time fix
12-12 08:43:28.429   678  2395 W BestClock: java.time.DateTimeException: Missing network time fix
12-12 08:43:29.434   678  2395 W BestClock: java.time.DateTimeException: Missing network time fix
12-12 08:43:29.435   678  2395 W BestClock: java.time.DateTimeException: Missing network time fix
12-12 08:43:29.437   678  2395 W BestClock: java.time.DateTimeException: Missing network time fix
12-12 08:43:30.441   678  2395 W BestClock: java.time.DateTimeException: Missing network time fix
12-12 08:43:30.442   678  2395 W BestClock: java.time.DateTimeException: Missing network time fix
12-12 08:43:30.444   678  2395 W BestClock: java.time.DateTimeException: Missing network time fix
12-12 08:43:31.449   678  2395 W BestClock: java.time.DateTimeException: Missing network time fix
12-12 08:43:31.449   678  2395 W BestClock: java.time.DateTimeException: Missing network time fix
12-12 08:43:31.452   678  2395 W BestClock: java.time.DateTimeException: Missing network time fix
12-12 08:43:32.455   678  2395 W BestClock: java.time.DateTimeException: Missing network time fix
12-12 08:43:32.456   678  2395 W BestClock: java.time.DateTimeException: Missing network time fix
12-12 08:43:32.458   678  2395 W BestClock: java.time.DateTimeException: Missing network time fix
12-12 08:43:33.468   678  2395 W BestClock: java.time.DateTimeException: Missing network time fix
12-12 08:43:33.469   678  2395 W BestClock: java.time.DateTimeException: Missing network time fix
12-12 08:43:33.471   678  2395 W BestClock: java.time.DateTimeException: Missing network time fix
12-12 08:43:34.475   678  2395 W BestClock: java.time.DateTimeException: Missing network time fix
12-12 08:43:34.476   678  2395 W BestClock: java.time.DateTimeException: Missing network time fix
12-12 08:43:34.479   678  2395 W BestClock: java.time.DateTimeException: Missing network time fix
12-12 08:43:35.484   678  2395 W BestClock: java.time.DateTimeException: Missing network time fix
12-12 08:43:35.484   678  2395 W BestClock: java.time.DateTimeException: Missing network time fix
12-12 08:43:35.486   678  2395 W BestClock: java.time.DateTimeException: Missing network time fix
12-12 08:43:36.497   678  2395 W BestClock: java.time.DateTimeException: Missing network time fix
12-12 08:43:36.502   678  2395 W BestClock: java.time.DateTimeException: Missing network time fix
12-12 08:43:36.505   678  2395 W BestClock: java.time.DateTimeException: Missing network time fix
12-12 08:43:37.510   678  2395 W BestClock: java.time.DateTimeException: Missing network time fix
12-12 08:43:37.511   678  2395 W BestClock: java.time.DateTimeException: Missing network time fix
12-12 08:43:37.513   678  2395 W BestClock: java.time.DateTimeException: Missing network time fix
12-12 08:43:38.522   678  2395 W BestClock: java.time.DateTimeException: Missing network time fix
12-12 08:43:38.526   678  2395 W BestClock: java.time.DateTimeException: Missing network time fix
12-12 08:43:38.532   678  2395 W BestClock: java.time.DateTimeException: Missing network time fix
12-12 08:43:39.537   678  2395 W BestClock: java.time.DateTimeException: Missing network time fix
12-12 08:43:39.538   678  2395 W BestClock: java.time.DateTimeException: Missing network time fix
12-12 08:43:39.542   678  2395 W BestClock: java.time.DateTimeException: Missing network time fix
12-12 08:43:40.140  5276  5276 I abb     : StartCommandInProcess(73657474696e67730067657400676c6f settings.get.glo [truncated])
12-12 08:43:40.149  5276  5276 I abb     : StartCommandInProcess(7061636b61676500696e7374616c6c00 package.install. [truncated])
12-12 08:43:40.140   678   678 W binder:678_20: type=1400 audit(0.0:33): avc:  denied  { getopt } for  scontext=u:r:system_server:s0 tcontext=u:r:shell:s0 tclass=unix_stream_socket permissive=0
12-12 08:43:40.140   678   678 W binder:678_20: type=1400 audit(0.0:34): avc:  denied  { getopt } for  scontext=u:r:system_server:s0 tcontext=u:r:shell:s0 tclass=unix_stream_socket permissive=0
12-12 08:43:40.140   678   678 W binder:678_20: type=1400 audit(0.0:35): avc:  denied  { getopt } for  scontext=u:r:system_server:s0 tcontext=u:r:shell:s0 tclass=unix_stream_socket permissive=0
12-12 08:43:40.169   678   775 W IPCThreadState: Sending oneway calls to frozen process.
12-12 08:43:40.170   678   775 W IPCThreadState: Sending oneway calls to frozen process.
12-12 08:43:40.174   678   775 W IPCThreadState: Sending oneway calls to frozen process.
12-12 08:43:40.183   678   775 W IPCThreadState: Sending oneway calls to frozen process.
12-12 08:43:40.199   678   775 W IPCThreadState: Sending oneway calls to frozen process.
12-12 08:43:40.214   678   775 W IPCThreadState: Sending oneway calls to frozen process.
12-12 08:43:40.228   678   775 W IPCThreadState: Sending oneway calls to frozen process.
12-12 08:43:40.241   678   775 W IPCThreadState: Sending oneway calls to frozen process.
12-12 08:43:40.251   678   775 W IPCThreadState: Sending oneway calls to frozen process.
12-12 08:43:40.261   678   775 W IPCThreadState: Sending oneway calls to frozen process.
12-12 08:43:40.270   678   775 W IPCThreadState: Sending oneway calls to frozen process.
12-12 08:43:40.287   678   775 W IPCThreadState: Sending oneway calls to frozen process.
12-12 08:43:40.290   678   775 W IPCThreadState: Sending oneway calls to frozen process.
12-12 08:43:40.306   678   775 W IPCThreadState: Sending oneway calls to frozen process.
12-12 08:43:40.323   678   775 W IPCThreadState: Sending oneway calls to frozen process.
12-12 08:43:40.336   678   775 W IPCThreadState: Sending oneway calls to frozen process.
12-12 08:43:40.344   678   775 W IPCThreadState: Sending oneway calls to frozen process.
12-12 08:43:40.353   678   775 W IPCThreadState: Sending oneway calls to frozen process.
12-12 08:43:40.362   678   775 W IPCThreadState: Sending oneway calls to frozen process.
12-12 08:43:40.371   678   775 W IPCThreadState: Sending oneway calls to frozen process.
12-12 08:43:40.381   678   775 W IPCThreadState: Sending oneway calls to frozen process.
12-12 08:43:40.392   678   775 W IPCThreadState: Sending oneway calls to frozen process.
12-12 08:43:40.401   678   775 W IPCThreadState: Sending oneway calls to frozen process.
12-12 08:43:40.409   678   775 W IPCThreadState: Sending oneway calls to frozen process.
12-12 08:43:40.429   678   775 W IPCThreadState: Sending oneway calls to frozen process.
12-12 08:43:40.437   678   775 W IPCThreadState: Sending oneway calls to frozen process.
12-12 08:43:40.459   678   775 W IPCThreadState: Sending oneway calls to frozen process.
12-12 08:43:40.474   678   775 W IPCThreadState: Sending oneway calls to frozen process.
12-12 08:43:40.486   678   775 W IPCThreadState: Sending oneway calls to frozen process.
12-12 08:43:40.495   678   775 W IPCThreadState: Sending oneway calls to frozen process.
12-12 08:43:40.507   678   775 W IPCThreadState: Sending oneway calls to frozen process.
12-12 08:43:40.515   678   775 W IPCThreadState: Sending oneway calls to frozen process.
12-12 08:43:40.530   678   775 W IPCThreadState: Sending oneway calls to frozen process.
12-12 08:43:40.535   678   775 W IPCThreadState: Sending oneway calls to frozen process.
12-12 08:43:40.547   678  2126 W BestClock: java.time.DateTimeException: Missing network time fix
12-12 08:43:40.553   678   775 W IPCThreadState: Sending oneway calls to frozen process.
12-12 08:43:40.554   678  2126 W BestClock: java.time.DateTimeException: Missing network time fix
12-12 08:43:40.561   678   775 W IPCThreadState: Sending oneway calls to frozen process.
12-12 08:43:40.562   678  2310 W BestClock: java.time.DateTimeException: Missing network time fix
12-12 08:43:40.577   678   775 W IPCThreadState: Sending oneway calls to frozen process.
12-12 08:43:40.609   678   775 W IPCThreadState: Sending oneway calls to frozen process.
12-12 08:43:40.626   678   775 W IPCThreadState: Sending oneway calls to frozen process.
12-12 08:43:40.631   678   775 W IPCThreadState: Sending oneway calls to frozen process.
12-12 08:43:40.635   678   775 W IPCThreadState: Sending oneway calls to frozen process.
12-12 08:43:40.640   678   775 W IPCThreadState: Sending oneway calls to frozen process.
12-12 08:43:40.643   678   775 W IPCThreadState: Sending oneway calls to frozen process.
12-12 08:43:40.647   678   775 W IPCThreadState: Sending oneway calls to frozen process.
12-12 08:43:40.650   678   775 W IPCThreadState: Sending oneway calls to frozen process.
12-12 08:43:40.654   678   775 W IPCThreadState: Sending oneway calls to frozen process.
12-12 08:43:40.657   678   775 W IPCThreadState: Sending oneway calls to frozen process.
12-12 08:43:40.664   678   775 W IPCThreadState: Sending oneway calls to frozen process.
12-12 08:43:40.667   678   775 W IPCThreadState: Sending oneway calls to frozen process.
12-12 08:43:40.670   678   775 W IPCThreadState: Sending oneway calls to frozen process.
12-12 08:43:40.674   678   775 W IPCThreadState: Sending oneway calls to frozen process.
12-12 08:43:40.677   678   775 W IPCThreadState: Sending oneway calls to frozen process.
12-12 08:43:40.681   678   775 W IPCThreadState: Sending oneway calls to frozen process.
12-12 08:43:40.686   678   775 W IPCThreadState: Sending oneway calls to frozen process.
12-12 08:43:40.689   678   775 W IPCThreadState: Sending oneway calls to frozen process.
12-12 08:43:40.695   678   775 W IPCThreadState: Sending oneway calls to frozen process.
12-12 08:43:40.698   678   775 W IPCThreadState: Sending oneway calls to frozen process.
12-12 08:43:40.704   678   775 W IPCThreadState: Sending oneway calls to frozen process.
12-12 08:43:40.708   678   775 W IPCThreadState: Sending oneway calls to frozen process.
12-12 08:43:40.713   678   775 W IPCThreadState: Sending oneway calls to frozen process.
12-12 08:43:40.714   678   775 W IPCThreadState: Sending oneway calls to frozen process.
12-12 08:43:40.716   678   775 W IPCThreadState: Sending oneway calls to frozen process.
12-12 08:43:40.712   678   678 W binder:678_20: type=1400 audit(0.0:36): avc:  denied  { getopt } for  scontext=u:r:system_server:s0 tcontext=u:r:shell:s0 tclass=unix_stream_socket permissive=0
12-12 08:43:40.727   678  2395 E SystemServiceRegistry: No service published for: persistent_data_block
12-12 08:43:40.727   678  2395 E SystemServiceRegistry: android.os.ServiceManager$ServiceNotFoundException: No service published for: persistent_data_block
12-12 08:43:40.727   678  2395 E SystemServiceRegistry: 	at android.os.ServiceManager.getServiceOrThrow(ServiceManager.java:203)
12-12 08:43:40.727   678  2395 E SystemServiceRegistry: 	at android.app.SystemServiceRegistry$81.createService(SystemServiceRegistry.java:1071)
12-12 08:43:40.727   678  2395 E SystemServiceRegistry: 	at android.app.SystemServiceRegistry$81.createService(SystemServiceRegistry.java:1068)
12-12 08:43:40.727   678  2395 E SystemServiceRegistry: 	at android.app.SystemServiceRegistry$StaticServiceFetcher.getService(SystemServiceRegistry.java:2293)
12-12 08:43:40.727   678  2395 E SystemServiceRegistry: 	at android.app.SystemServiceRegistry.getSystemService(SystemServiceRegistry.java:1812)
12-12 08:43:40.727   678  2395 E SystemServiceRegistry: 	at android.app.ContextImpl.getSystemService(ContextImpl.java:2241)
12-12 08:43:40.727   678  2395 E SystemServiceRegistry: 	at android.content.Context.getSystemService(Context.java:4503)
12-12 08:43:40.727   678  2395 E SystemServiceRegistry: 	at com.android.server.pm.PackageInstallerSession.markAsSealed(PackageInstallerSession.java:2394)
12-12 08:43:40.727   678  2395 E SystemServiceRegistry: 	at com.android.server.pm.PackageInstallerSession.commit(PackageInstallerSession.java:2143)
12-12 08:43:40.727   678  2395 E SystemServiceRegistry: 	at android.content.pm.PackageInstaller$Session.commit(PackageInstaller.java:1977)
12-12 08:43:40.727   678  2395 E SystemServiceRegistry: 	at com.android.server.pm.PackageManagerShellCommand.doCommitSession(PackageManagerShellCommand.java:4298)
12-12 08:43:40.727   678  2395 E SystemServiceRegistry: 	at com.android.server.pm.PackageManagerShellCommand.doRunInstall(PackageManagerShellCommand.java:1634)
12-12 08:43:40.727   678  2395 E SystemServiceRegistry: 	at com.android.server.pm.PackageManagerShellCommand.runInstall(PackageManagerShellCommand.java:1561)
12-12 08:43:40.727   678  2395 E SystemServiceRegistry: 	at com.android.server.pm.PackageManagerShellCommand.onCommand(PackageManagerShellCommand.java:245)
12-12 08:43:40.727   678  2395 E SystemServiceRegistry: 	at com.android.modules.utils.BasicShellCommandHandler.exec(BasicShellCommandHandler.java:97)
12-12 08:43:40.727   678  2395 E SystemServiceRegistry: 	at android.os.ShellCommand.exec(ShellCommand.java:38)
12-12 08:43:40.727   678  2395 E SystemServiceRegistry: 	at com.android.server.pm.PackageManagerService$IPackageManagerImpl.onShellCommand(PackageManagerService.java:6561)
12-12 08:43:40.727   678  2395 E SystemServiceRegistry: 	at android.os.Binder.shellCommand(Binder.java:1230)
12-12 08:43:40.727   678  2395 E SystemServiceRegistry: 	at android.os.Binder.onTransact(Binder.java:1043)
12-12 08:43:40.727   678  2395 E SystemServiceRegistry: 	at android.content.pm.IPackageManager$Stub.onTransact(IPackageManager.java:4620)
12-12 08:43:40.727   678  2395 E SystemServiceRegistry: 	at com.android.server.pm.PackageManagerService$IPackageManagerImpl.onTransact(PackageManagerService.java:6545)
12-12 08:43:40.727   678  2395 E SystemServiceRegistry: 	at android.os.Binder.execTransactInternal(Binder.java:1505)
12-12 08:43:40.727   678  2395 E SystemServiceRegistry: 	at android.os.Binder.execTransact(Binder.java:1444)
--------- beginning of system
12-12 08:43:40.727   678  2395 E SystemServiceRegistry: Manager wrapper not available: persistent_data_block
12-12 08:43:41.034   678   775 W IPCThreadState: Sending oneway calls to frozen process.
12-12 08:43:41.037   678   775 W NativeLibraryHelper: Failed to punch apk : /data/app/vmdl757771075.tmp/base.apk at extra field
12-12 08:43:41.038   678   775 W IPCThreadState: Sending oneway calls to frozen process.
12-12 08:43:41.063   678   820 W PackageParsing: No actions in intent-filter at /data/app/vmdl757771075.tmp/base.apk Binary XML file line #383
12-12 08:43:41.078   678   760 I PackageManager: Integrity check passed for file:///data/app/vmdl757771075.tmp
12-12 08:43:41.091   678   760 W PackageParsing: No actions in intent-filter at /data/app/vmdl757771075.tmp/base.apk Binary XML file line #383
12-12 08:43:41.143   678   718 W IPCThreadState: Sending oneway calls to frozen process.
12-12 08:43:41.144   678   718 W IPCThreadState: Sending oneway calls to frozen process.
12-12 08:43:41.146   678   718 W IPCThreadState: Sending oneway calls to frozen process.
12-12 08:43:41.146   678   764 I ActivityManager: Killing 3657:com.android.traceur/u0a127 (adj 985): empty #17
12-12 08:43:41.147   678   718 W IPCThreadState: Sending oneway calls to frozen process.
12-12 08:43:41.152   678   764 I ActivityManager: Killing 3644:com.google.android.marvin.talkback/u0a168 (adj 985): empty #18
12-12 08:43:41.154   678   764 I ActivityManager: Killing 3518:com.google.android.partnersetup/u0a136 (adj 995): empty #19
12-12 08:43:41.159   678   764 W ProcessStats: Tracking association SourceState{1da60d3 system/1000 BFgs #2296} whose proc state 4 is better than process ProcessState{675c46f com.google.android.ext.services/10204 pkg=com.google.android.ext.services} proc state 14 (14 skipped)
12-12 08:43:41.183   398   398 I Zygote  : Process 3644 exited due to signal 9 (Killed)
12-12 08:43:41.190   398   398 I Zygote  : Process 3657 exited due to signal 9 (Killed)
12-12 08:43:41.202   678   737 I libprocessgroup: Removed cgroup /sys/fs/cgroup/uid_10127/pid_3657
12-12 08:43:41.212   398   398 I Zygote  : Process 3518 exited due to signal 9 (Killed)
12-12 08:43:41.238   678   737 I libprocessgroup: Removed cgroup /sys/fs/cgroup/uid_10168/pid_3644
12-12 08:43:41.244   678   737 I libprocessgroup: Removed cgroup /sys/fs/cgroup/uid_10136/pid_3518
12-12 08:43:41.397   678   678 W Looper  : Slow dispatch took 254ms main h=android.os.Handler c=null m=1
12-12 08:43:41.399   678   678 W Looper  : Slow delivery took 255ms main h=android.os.Handler c=null m=1
12-12 08:43:41.403   678   718 E AppOps  : Trying to set mode for unknown uid 10209.
12-12 08:43:41.435   678   719 W Looper  : Slow dispatch took 197ms android.ui h=com.android.server.am.ActivityManagerService$UiHandler c=com.android.server.am.UidObserverController$$ExternalSyntheticLambda0@be24f6f m=0
12-12 08:43:41.435   678   719 W Looper  : Slow delivery took 207ms android.ui h=com.android.server.am.ActivityManagerService$UiHandler c=null m=32
12-12 08:43:41.442   678   718 E AppOpService: Blocked setUidMode call for runtime permission app op: uid = 10209, code = RECORD_AUDIO, mode = foreground, callingUid = 1000, oldMode = allow
12-12 08:43:41.442   678   718 E AppOpService: java.lang.RuntimeException
12-12 08:43:41.442   678   718 E AppOpService: 	at com.android.server.permission.access.appop.AppOpService.setUidMode(AppOpService.kt:268)
12-12 08:43:41.442   678   718 E AppOpService: 	at com.android.server.appop.AppOpsCheckingServiceTracingDecorator.setUidMode(AppOpsCheckingServiceTracingDecorator.java:120)
12-12 08:43:41.442   678   718 E AppOpService: 	at com.android.server.appop.AppOpsService.setUidMode(AppOpsService.java:2076)
12-12 08:43:41.442   678   718 E AppOpService: 	at com.android.server.appop.AppOpsService.-$$Nest$msetUidMode(AppOpsService.java:0)
12-12 08:43:41.442   678   718 E AppOpService: 	at com.android.server.appop.AppOpsService$AppOpsManagerInternalImpl.setUidModeFromPermissionPolicy(AppOpsService.java:7125)
12-12 08:43:41.442   678   718 E AppOpService: 	at com.android.server.policy.PermissionPolicyService$PermissionToOpSynchroniser.setUidMode(PermissionPolicyService.java:1112)
12-12 08:43:41.442   678   718 E AppOpService: 	at com.android.server.policy.PermissionPolicyService$PermissionToOpSynchroniser.setUidModeForeground(PermissionPolicyService.java:1086)
12-12 08:43:41.442   678   718 E AppOpService: 	at com.android.server.policy.PermissionPolicyService$PermissionToOpSynchroniser.syncPackages(PermissionPolicyService.java:887)
12-12 08:43:41.442   678   718 E AppOpService: 	at com.android.server.policy.PermissionPolicyService$PermissionToOpSynchroniser.-$$Nest$msyncPackages(PermissionPolicyService.java:0)
12-12 08:43:41.442   678   718 E AppOpService: 	at com.android.server.policy.PermissionPolicyService.synchronizeUidPermissionsAndAppOps(PermissionPolicyService.java:690)
12-12 08:43:41.442   678   718 E AppOpService: 	at com.android.server.policy.PermissionPolicyService.$r8$lambda$g9YhLNd1OZQfuSCyT_yO-G8mZv0(PermissionPolicyService.java:0)
12-12 08:43:41.442   678   718 E AppOpService: 	at com.android.server.policy.PermissionPolicyService$$ExternalSyntheticLambda4.accept(R8$$SyntheticClass:0)
12-12 08:43:41.442   678   718 E AppOpService: 	at com.android.internal.util.function.pooled.PooledLambdaImpl.doInvoke(PooledLambdaImpl.java:281)
12-12 08:43:41.442   678   718 E AppOpService: 	at com.android.internal.util.function.pooled.PooledLambdaImpl.invoke(PooledLambdaImpl.java:204)
12-12 08:43:41.442   678   718 E AppOpService: 	at com.android.internal.util.function.pooled.OmniFunction.run(OmniFunction.java:87)
12-12 08:43:41.442   678   718 E AppOpService: 	at android.os.Handler.handleCallback(Handler.java:959)
12-12 08:43:41.442   678   718 E AppOpService: 	at android.os.Handler.dispatchMessage(Handler.java:100)
12-12 08:43:41.442   678   718 E AppOpService: 	at android.os.Looper.loopOnce(Looper.java:232)
12-12 08:43:41.442   678   718 E AppOpService: 	at android.os.Looper.loop(Looper.java:317)
12-12 08:43:41.442   678   718 E AppOpService: 	at android.os.HandlerThread.run(HandlerThread.java:85)
12-12 08:43:41.442   678   718 E AppOpService: 	at com.android.server.ServiceThread.run(ServiceThread.java:46)
12-12 08:43:41.448   678   718 W Looper  : Slow dispatch took 291ms android.fg h=android.os.Handler c=<recycled PooledLambda@ddebce1> m=0
12-12 08:43:41.456   678   718 W Looper  : Slow delivery took 284ms android.fg h=android.os.Handler c=com.android.server.power.hint.HintManagerService$MyUidObserver$$ExternalSyntheticLambda0@c692a06 m=0
12-12 08:43:41.478   678   718 W Looper  : Drained
12-12 08:43:41.592   678  2126 W BestClock: java.time.DateTimeException: Missing network time fix
12-12 08:43:41.596   678  2126 W BestClock: java.time.DateTimeException: Missing network time fix
12-12 08:43:41.611   678  1700 W BestClock: java.time.DateTimeException: Missing network time fix
12-12 08:43:41.622  2095  2102 W gs.intelligence: ApkAssets: Deleting an ApkAssets object '<empty> and /system_ext/priv-app/SettingsGoogle/SettingsGoogle.apk' with 1 weak references
12-12 08:43:41.624  2095  2102 W gs.intelligence: ApkAssets: Deleting an ApkAssets object '/product/overlay/SettingsGoogle__sdk_gphone64_x86_64__auto_generated_rro_product.apk' with 1 weak references
12-12 08:43:41.722  1106  1131 W ndroid.settings: ApkAssets: Deleting an ApkAssets object '<empty> and /apex/com.android.extservices/priv-app/GoogleExtServices@350820300/GoogleExtServices.apk' with 1 weak references
12-12 08:43:41.914  5295  5295 I artd    : Starting artd
12-12 08:43:41.917  5295  5295 I AidlLazyServiceRegistrar: Registering service artd
12-12 08:43:41.943  5295  5295 I AidlLazyServiceRegistrar: Process has 1 (of 1 available) client(s) in use after notification artd has clients: 1
12-12 08:43:41.991  5295  5297 I artd    : Merge skipped because there are no existing profiles
12-12 08:43:41.993   678   760 I ArtService: Adjusting the compiler filter for 'com.ichi2.anki' from 'speed-profile' to 'verify' because there is no valid profile
12-12 08:43:42.197  5295  5297 I artd    : Dex parent of /data/app/~~EUVYEHKyRAOskaF2pHpDLA==/com.ichi2.anki-nnN2Pk0mJKBxB_4zB3zlBA==/base.apk is not writable: Permission denied
12-12 08:43:42.197  5295  5297 I artd    : GetBestInfo checking odex in dalvik-cache (/data/dalvik-cache/x86_64/data@app@~~EUVYEHKyRAOskaF2pHpDLA==@com.ichi2.anki-nnN2Pk0mJKBxB_4zB3zlBA==@base.apk@classes.dex)
12-12 08:43:42.198  5295  5297 I artd    : Loading /data/dalvik-cache/x86_64/data@app@~~EUVYEHKyRAOskaF2pHpDLA==@com.ichi2.anki-nnN2Pk0mJKBxB_4zB3zlBA==@base.apk@classes.dex with executable: 0
12-12 08:43:42.198  5295  5297 I artd    : OatFileAssistant test for existing oat file /data/dalvik-cache/x86_64/data@app@~~EUVYEHKyRAOskaF2pHpDLA==@com.ichi2.anki-nnN2Pk0mJKBxB_4zB3zlBA==@base.apk@classes.dex: File /data/dalvik-cache/x86_64/data@app@~~EUVYEHKyRAOskaF2pHpDLA==@com.ichi2.anki-nnN2Pk0mJKBxB_4zB3zlBA==@base.apk@classes.vdex does not exist.
12-12 08:43:42.198  5295  5297 I artd    : GetBestInfo checking odex next to the dex file (/data/app/~~EUVYEHKyRAOskaF2pHpDLA==/com.ichi2.anki-nnN2Pk0mJKBxB_4zB3zlBA==/oat/x86_64/base.odex)
12-12 08:43:42.198  5295  5297 I artd    : Loading /data/app/~~EUVYEHKyRAOskaF2pHpDLA==/com.ichi2.anki-nnN2Pk0mJKBxB_4zB3zlBA==/oat/x86_64/base.odex with executable: 0
12-12 08:43:42.198  5295  5297 I artd    : OatFileAssistant test for existing oat file /data/app/~~EUVYEHKyRAOskaF2pHpDLA==/com.ichi2.anki-nnN2Pk0mJKBxB_4zB3zlBA==/oat/x86_64/base.odex: File /data/app/~~EUVYEHKyRAOskaF2pHpDLA==/com.ichi2.anki-nnN2Pk0mJKBxB_4zB3zlBA==/oat/x86_64/base.vdex does not exist.
12-12 08:43:42.198  5295  5297 I artd    : GetBestInfo checking vdex in dalvik-cache (/data/dalvik-cache/x86_64/data@app@~~EUVYEHKyRAOskaF2pHpDLA==@com.ichi2.anki-nnN2Pk0mJKBxB_4zB3zlBA==@base.apk@classes.vdex)
12-12 08:43:42.198  5295  5297 I artd    : unable to open vdex file /data/dalvik-cache/x86_64/data@app@~~EUVYEHKyRAOskaF2pHpDLA==@com.ichi2.anki-nnN2Pk0mJKBxB_4zB3zlBA==@base.apk@classes.vdex: File /data/dalvik-cache/x86_64/data@app@~~EUVYEHKyRAOskaF2pHpDLA==@com.ichi2.anki-nnN2Pk0mJKBxB_4zB3zlBA==@base.apk@classes.vdex does not exist.
12-12 08:43:42.198  5295  5297 I artd    : OatFileAssistant test for existing oat file /data/dalvik-cache/x86_64/data@app@~~EUVYEHKyRAOskaF2pHpDLA==@com.ichi2.anki-nnN2Pk0mJKBxB_4zB3zlBA==@base.apk@classes.vdex: File /data/dalvik-cache/x86_64/data@app@~~EUVYEHKyRAOskaF2pHpDLA==@com.ichi2.anki-nnN2Pk0mJKBxB_4zB3zlBA==@base.apk@classes.vdex does not exist.
12-12 08:43:42.198  5295  5297 I artd    : GetBestInfo checking vdex next to the dex file (/data/app/~~EUVYEHKyRAOskaF2pHpDLA==/com.ichi2.anki-nnN2Pk0mJKBxB_4zB3zlBA==/oat/x86_64/base.vdex)
12-12 08:43:42.199  5295  5297 I artd    : unable to open vdex file /data/app/~~EUVYEHKyRAOskaF2pHpDLA==/com.ichi2.anki-nnN2Pk0mJKBxB_4zB3zlBA==/oat/x86_64/base.vdex: File /data/app/~~EUVYEHKyRAOskaF2pHpDLA==/com.ichi2.anki-nnN2Pk0mJKBxB_4zB3zlBA==/oat/x86_64/base.vdex does not exist.
12-12 08:43:42.199  5295  5297 I artd    : OatFileAssistant test for existing oat file /data/app/~~EUVYEHKyRAOskaF2pHpDLA==/com.ichi2.anki-nnN2Pk0mJKBxB_4zB3zlBA==/oat/x86_64/base.vdex: File /data/app/~~EUVYEHKyRAOskaF2pHpDLA==/com.ichi2.anki-nnN2Pk0mJKBxB_4zB3zlBA==/oat/x86_64/base.vdex does not exist.
12-12 08:43:42.199  5295  5297 I artd    : GetBestInfo checking dm (/data/app/~~EUVYEHKyRAOskaF2pHpDLA==/com.ichi2.anki-nnN2Pk0mJKBxB_4zB3zlBA==/base.dm)
12-12 08:43:42.199  5295  5297 W ziparchive: Unable to open '/data/app/~~EUVYEHKyRAOskaF2pHpDLA==/com.ichi2.anki-nnN2Pk0mJKBxB_4zB3zlBA==/base.dm': No such file or directory
12-12 08:43:42.199  5295  5297 I artd    : OatFileAssistant test for existing oat file /data/app/~~EUVYEHKyRAOskaF2pHpDLA==/com.ichi2.anki-nnN2Pk0mJKBxB_4zB3zlBA==/base.dm: I/O error
12-12 08:43:42.199  5295  5297 I artd    : GetBestInfo checking dm (/data/app/~~EUVYEHKyRAOskaF2pHpDLA==/com.ichi2.anki-nnN2Pk0mJKBxB_4zB3zlBA==/base.dm)
12-12 08:43:42.200  5295  5297 W ziparchive: Unable to open '/data/app/~~EUVYEHKyRAOskaF2pHpDLA==/com.ichi2.anki-nnN2Pk0mJKBxB_4zB3zlBA==/base.dm': No such file or directory
12-12 08:43:42.200  5295  5297 I artd    : OatFileAssistant test for existing oat file /data/app/~~EUVYEHKyRAOskaF2pHpDLA==/com.ichi2.anki-nnN2Pk0mJKBxB_4zB3zlBA==/base.dm: I/O error
12-12 08:43:42.200  5295  5297 I artd    : GetBestInfo no usable artifacts
12-12 08:43:42.254  5295  5297 I artd    : Running dex2oat: /apex/com.android.art/bin/art_exec --drop-capabilities --set-task-profile=Dex2OatBootComplete --set-priority=background --keep-fds=6:7:8:9:10:11 -- /apex/com.android.art/bin/dex2oat64 --zip-fd=6 --zip-location=/data/app/~~EUVYEHKyRAOskaF2pHpDLA==/com.ichi2.anki-nnN2Pk0mJKBxB_4zB3zlBA==/base.apk --oat-fd=7 --oat-location=/data/app/~~EUVYEHKyRAOskaF2pHpDLA==/com.ichi2.anki-nnN2Pk0mJKBxB_4zB3zlBA==/oat/x86_64/base.odex --output-vdex-fd=8 --swap-fd=9 --class-loader-context-fds=10:11 --class-loader-context=PCL[]{PCL[/system_ext/framework/androidx.window.extensions.jar]#PCL[/system_ext/framework/androidx.window.sidecar.jar]} --classpath-dir=/data/app/~~EUVYEHKyRAOskaF2pHpDLA==/com.ichi2.anki-nnN2Pk0mJKBxB_4zB3zlBA== --instruction-set=x86_64 --instruction-set-features=default --instruction-set-variant=x86_64 --compiler-filter=verify --compilation-reason=install --compact-dex-level=none --max-image-block-size=524288 --resolve-startup-const-strings=true --generate-mini-debug-info --runtime-arg -Xtarget-sdk-version:34 --runtime-arg -Xhidden-api-policy:enabled --runtime-arg -Xms64m --runtime-arg -Xmx512m --comments=app-name:com.ichi2.anki,app-version-name:2.20.0,app-version-code:22000300,art-version:350820300
12-12 08:43:42.254  5295  5297 I artd    : Opened FDs: 6:/data/app/~~EUVYEHKyRAOskaF2pHpDLA==/com.ichi2.anki-nnN2Pk0mJKBxB_4zB3zlBA==/base.apk 7:/data/app/~~EUVYEHKyRAOskaF2pHpDLA==/com.ichi2.anki-nnN2Pk0mJKBxB_4zB3zlBA==/oat/x86_64/base.odex.BRL3Bb.tmp 8:/data/app/~~EUVYEHKyRAOskaF2pHpDLA==/com.ichi2.anki-nnN2Pk0mJKBxB_4zB3zlBA==/oat/x86_64/base.vdex.sgCgLO.tmp 9:/data/app/~~EUVYEHKyRAOskaF2pHpDLA==/com.ichi2.anki-nnN2Pk0mJKBxB_4zB3zlBA==/oat/x86_64/base.odex.swap.DUe9O7.tmp 10:/system_ext/framework/androidx.window.sidecar.jar 11:/system_ext/framework/androidx.window.extensions.jar 
12-12 08:43:42.306  1203  2047 W GLSUser : [AppCertManager] Exception while requesting key: 
12-12 08:43:42.306  1203  2047 W GLSUser : java.util.concurrent.ExecutionException: bpcw: Failed to process request
12-12 08:43:42.306  1203  2047 W GLSUser : 	at etvr.s(:com.google.android.gms@242335041@24.23.35 (190800-646585959):21)
12-12 08:43:42.306  1203  2047 W GLSUser : 	at etvr.get(:com.google.android.gms@242335041@24.23.35 (190800-646585959):10)
12-12 08:43:42.306  1203  2047 W GLSUser : 	at yfw.b(:com.google.android.gms@242335041@24.23.35 (190800-646585959):477)
12-12 08:43:42.306  1203  2047 W GLSUser : 	at yfu.b(:com.google.android.gms@242335041@24.23.35 (190800-646585959):31)
12-12 08:43:42.306  1203  2047 W GLSUser : 	at yfp.a(:com.google.android.gms@242335041@24.23.35 (190800-646585959):1)
12-12 08:43:42.306  1203  2047 W GLSUser : 	at yfs.a(:com.google.android.gms@242335041@24.23.35 (190800-646585959):58)
12-12 08:43:42.306  1203  2047 W GLSUser : 	at uou.call(:com.google.android.gms@242335041@24.23.35 (190800-646585959):56)
12-12 08:43:42.306  1203  2047 W GLSUser : 	at java.util.concurrent.FutureTask.run(FutureTask.java:264)
12-12 08:43:42.306  1203  2047 W GLSUser : 	at angs.c(:com.google.android.gms@242335041@24.23.35 (190800-646585959):50)
12-12 08:43:42.306  1203  2047 W GLSUser : 	at angs.run(:com.google.android.gms@242335041@24.23.35 (190800-646585959):76)
12-12 08:43:42.306  1203  2047 W GLSUser : 	at java.util.concurrent.ThreadPoolExecutor.runWorker(ThreadPoolExecutor.java:1145)
12-12 08:43:42.306  1203  2047 W GLSUser : 	at java.util.concurrent.ThreadPoolExecutor$Worker.run(ThreadPoolExecutor.java:644)
12-12 08:43:42.306  1203  2047 W GLSUser : 	at anmg.run(:com.google.android.gms@242335041@24.23.35 (190800-646585959):8)
12-12 08:43:42.306  1203  2047 W GLSUser : 	at java.lang.Thread.run(Thread.java:1012)
12-12 08:43:42.306  1203  2047 W GLSUser : Caused by: bpcw: Failed to process request
12-12 08:43:42.306  1203  2047 W GLSUser : 	at bpgb.b(:com.google.android.gms@242335041@24.23.35 (190800-646585959):19)
12-12 08:43:42.306  1203  2047 W GLSUser : 	at bpgp.onFailed(:com.google.android.gms@242335041@24.23.35 (190800-646585959):13)
12-12 08:43:42.306  1203  2047 W GLSUser : 	at m.mw.onFailed(:com.google.android.gms.dynamite_cronetdynamite@242335041@24.23.35 (190800-0):3)
12-12 08:43:42.306  1203  2047 W GLSUser : 	at m.lw.run(:com.google.android.gms.dynamite_cronetdynamite@242335041@24.23.35 (190800-0):9)
12-12 08:43:42.306  1203  2047 W GLSUser : 	... 6 more
12-12 08:43:42.306  1203  2047 W GLSUser : Caused by: m.mg: Exception in CronetUrlRequest: net::ERR_TIMED_OUT, ErrorCode=4, InternalErrorCode=-7, Retryable=true
12-12 08:43:42.306  1203  2047 W GLSUser : 	at org.chromium.net.impl.CronetUrlRequest.onError(:com.google.android.gms.dynamite_cronetdynamite@242335041@24.23.35 (190800-0):4)
12-12 08:43:42.368  2265  2276 W DG      : [flow devicekey] DroidGuardRunner.newVmProcessForFastSignalCollection(): Fast program not found [CONTEXT service_id=25 ]
12-12 08:43:42.596  5298  5298 W dex2oat64: Obsolete flag --compact-dex-level ignored
12-12 08:43:42.597  5298  5298 W dex2oat64: Unexpected CPU variant for x86: x86_64.
12-12 08:43:42.597  5298  5298 W dex2oat64: Known variants: atom, sandybridge, silvermont, goldmont, goldmont-plus, goldmont-without-sha-xsaves, tremont, kabylake, default
12-12 08:43:42.609  5298  5298 W dex2oat64: Mismatch between dex2oat instruction set features to use (ISA: X86_64 Feature string: -ssse3,-sse4.1,-sse4.2,-avx,-avx2,-popcnt) and those from CPP defines (ISA: X86_64 Feature string: ssse3,sse4.1,sse4.2,-avx,-avx2,popcnt) for the command line:
12-12 08:43:42.609  5298  5298 W dex2oat64: /apex/com.android.art/bin/dex2oat64 --zip-fd=6 --zip-location=/data/app/~~EUVYEHKyRAOskaF2pHpDLA==/com.ichi2.anki-nnN2Pk0mJKBxB_4zB3zlBA==/base.apk --oat-fd=7 --oat-location=/data/app/~~EUVYEHKyRAOskaF2pHpDLA==/com.ichi2.anki-nnN2Pk0mJKBxB_4zB3zlBA==/oat/x86_64/base.odex --output-vdex-fd=8 --swap-fd=9 --class-loader-context-fds=10:11 --class-loader-context=PCL[]{PCL[/system_ext/framework/androidx.window.extensions.jar]#PCL[/system_ext/framework/androidx.window.sidecar.jar]} --classpath-dir=/data/app/~~EUVYEHKyRAOskaF2pHpDLA==/com.ichi2.anki-nnN2Pk0mJKBxB_4zB3zlBA== --instruction-set=x86_64 --instruction-set-features=default --instruction-set-variant=x86_64 --compiler-filter=verify --compilation-reason=install --compact-dex-level=none --max-image-block-size=524288 --resolve-startup-const-strings=true --generate-mini-debug-info --runtime-arg -Xtarget-sdk-version:34 --runtime-arg -Xhidden-api-policy:enabled --runtime-arg -Xms64m --runtime-arg -Xmx512m --comments=app-name:com.ichi2.anki,app-version-name:2.20.0,app-version-code:22000300,art-version:350820300
12-12 08:43:42.610  5298  5298 I dex2oat64: /apex/com.android.art/bin/dex2oat64 --output-vdex-fd=8 --class-loader-context-fds=10:11 --class-loader-context=PCL[]{PCL[/system_ext/framework/androidx.window.extensions.jar]#PCL[/system_ext/framework/androidx.window.sidecar.jar]} --classpath-dir=/data/app/~~EUVYEHKyRAOskaF2pHpDLA==/com.ichi2.anki-nnN2Pk0mJKBxB_4zB3zlBA== --compiler-filter=verify --compilation-reason=install --compact-dex-level=none --max-image-block-size=524288 --resolve-startup-const-strings=true --generate-mini-debug-info --comments=app-name:com.ichi2.anki,app-version-name:2.20.0,app-version-code:22000300,art-version:350820300
12-12 08:43:42.626   678  2003 W BestClock: java.time.DateTimeException: Missing network time fix
12-12 08:43:42.631   678  2003 W BestClock: java.time.DateTimeException: Missing network time fix
12-12 08:43:42.647   678  2003 W BestClock: java.time.DateTimeException: Missing network time fix
12-12 08:43:43.103  5298  5298 I dex2oat64: Using CollectorTypeCMC GC.
12-12 08:43:43.661   678  2128 W BestClock: java.time.DateTimeException: Missing network time fix
12-12 08:43:43.666   678  2128 W BestClock: java.time.DateTimeException: Missing network time fix
12-12 08:43:43.688  5295  5295 I artd    : Dex parent of /data/app/~~EUVYEHKyRAOskaF2pHpDLA==/com.ichi2.anki-nnN2Pk0mJKBxB_4zB3zlBA==/base.apk is not writable: Permission denied
12-12 08:43:43.688  5295  5295 I artd    : GetBestInfo checking odex in dalvik-cache (/data/dalvik-cache/x86_64/data@app@~~EUVYEHKyRAOskaF2pHpDLA==@com.ichi2.anki-nnN2Pk0mJKBxB_4zB3zlBA==@base.apk@classes.dex)
12-12 08:43:43.688  5295  5295 I artd    : Loading /data/dalvik-cache/x86_64/data@app@~~EUVYEHKyRAOskaF2pHpDLA==@com.ichi2.anki-nnN2Pk0mJKBxB_4zB3zlBA==@base.apk@classes.dex with executable: 0
12-12 08:43:43.689  5295  5295 I artd    : OatFileAssistant test for existing oat file /data/dalvik-cache/x86_64/data@app@~~EUVYEHKyRAOskaF2pHpDLA==@com.ichi2.anki-nnN2Pk0mJKBxB_4zB3zlBA==@base.apk@classes.dex: File /data/dalvik-cache/x86_64/data@app@~~EUVYEHKyRAOskaF2pHpDLA==@com.ichi2.anki-nnN2Pk0mJKBxB_4zB3zlBA==@base.apk@classes.vdex does not exist.
12-12 08:43:43.690  5295  5295 I artd    : GetBestInfo checking odex next to the dex file (/data/app/~~EUVYEHKyRAOskaF2pHpDLA==/com.ichi2.anki-nnN2Pk0mJKBxB_4zB3zlBA==/oat/x86_64/base.odex)
12-12 08:43:43.690  5295  5295 I artd    : Loading /data/app/~~EUVYEHKyRAOskaF2pHpDLA==/com.ichi2.anki-nnN2Pk0mJKBxB_4zB3zlBA==/oat/x86_64/base.odex with executable: 0
12-12 08:43:43.690  5295  5295 I artd    : OatFileAssistant test for existing oat file /data/app/~~EUVYEHKyRAOskaF2pHpDLA==/com.ichi2.anki-nnN2Pk0mJKBxB_4zB3zlBA==/oat/x86_64/base.odex: File /data/app/~~EUVYEHKyRAOskaF2pHpDLA==/com.ichi2.anki-nnN2Pk0mJKBxB_4zB3zlBA==/oat/x86_64/base.vdex does not exist.
12-12 08:43:43.690  5295  5295 I artd    : GetBestInfo checking vdex in dalvik-cache (/data/dalvik-cache/x86_64/data@app@~~EUVYEHKyRAOskaF2pHpDLA==@com.ichi2.anki-nnN2Pk0mJKBxB_4zB3zlBA==@base.apk@classes.vdex)
12-12 08:43:43.690  5295  5295 I artd    : unable to open vdex file /data/dalvik-cache/x86_64/data@app@~~EUVYEHKyRAOskaF2pHpDLA==@com.ichi2.anki-nnN2Pk0mJKBxB_4zB3zlBA==@base.apk@classes.vdex: File /data/dalvik-cache/x86_64/data@app@~~EUVYEHKyRAOskaF2pHpDLA==@com.ichi2.anki-nnN2Pk0mJKBxB_4zB3zlBA==@base.apk@classes.vdex does not exist.
12-12 08:43:43.690  5295  5295 I artd    : OatFileAssistant test for existing oat file /data/dalvik-cache/x86_64/data@app@~~EUVYEHKyRAOskaF2pHpDLA==@com.ichi2.anki-nnN2Pk0mJKBxB_4zB3zlBA==@base.apk@classes.vdex: File /data/dalvik-cache/x86_64/data@app@~~EUVYEHKyRAOskaF2pHpDLA==@com.ichi2.anki-nnN2Pk0mJKBxB_4zB3zlBA==@base.apk@classes.vdex does not exist.
12-12 08:43:43.690  5295  5295 I artd    : GetBestInfo checking vdex next to the dex file (/data/app/~~EUVYEHKyRAOskaF2pHpDLA==/com.ichi2.anki-nnN2Pk0mJKBxB_4zB3zlBA==/oat/x86_64/base.vdex)
12-12 08:43:43.690  5295  5295 I artd    : unable to open vdex file /data/app/~~EUVYEHKyRAOskaF2pHpDLA==/com.ichi2.anki-nnN2Pk0mJKBxB_4zB3zlBA==/oat/x86_64/base.vdex: File /data/app/~~EUVYEHKyRAOskaF2pHpDLA==/com.ichi2.anki-nnN2Pk0mJKBxB_4zB3zlBA==/oat/x86_64/base.vdex does not exist.
12-12 08:43:43.690  5295  5295 I artd    : OatFileAssistant test for existing oat file /data/app/~~EUVYEHKyRAOskaF2pHpDLA==/com.ichi2.anki-nnN2Pk0mJKBxB_4zB3zlBA==/oat/x86_64/base.vdex: File /data/app/~~EUVYEHKyRAOskaF2pHpDLA==/com.ichi2.anki-nnN2Pk0mJKBxB_4zB3zlBA==/oat/x86_64/base.vdex does not exist.
