12-24 02:22:31.221 15762 15762 I Input   : injectMotionEvent: MotionEvent { action=ACTION_MOVE, actionButton=0, id[0]=0, x[0]=1038.0, y[0]=457.0, toolType[0]=TOOL_TYPE_UNKNOWN, buttonState=0, metaState=0, flags=0x0, edgeFlags=0x0, pointerCount=1, historySize=0, eventTime=3037637, downTime=3037637, deviceId=0, source=0x1002 }
12-24 02:22:31.238 15762 15762 I Input   : injectMotionEvent: MotionEvent { action=ACTION_MOVE, actionButton=0, id[0]=0, x[0]=1038.0, y[0]=457.0, toolType[0]=TOOL_TYPE_UNKNOWN, buttonState=0, metaState=0, flags=0x0, edgeFlags=0x0, pointerCount=1, historySize=0, eventTime=3037654, downTime=3037654, deviceId=0, source=0x1002 }
12-24 02:22:31.256 15762 15762 I Input   : injectMotionEvent: MotionEvent { action=ACTION_MOVE, actionButton=0, id[0]=0, x[0]=1038.0, y[0]=457.0, toolType[0]=TOOL_TYPE_UNKNOWN, buttonState=0, metaState=0, flags=0x0, edgeFlags=0x0, pointerCount=1, historySize=0, eventTime=3037671, downTime=3037671, deviceId=0, source=0x1002 }
12-24 02:22:31.275 15762 15762 I Input   : injectMotionEvent: MotionEvent { action=ACTION_MOVE, actionButton=0, id[0]=0, x[0]=1038.0, y[0]=457.0, toolType[0]=TOOL_TYPE_UNKNOWN, buttonState=0, metaState=0, flags=0x0, edgeFlags=0x0, pointerCount=1, historySize=0, eventTime=3037690, downTime=3037690, deviceId=0, source=0x1002 }
12-24 02:22:31.293 15762 15762 I Input   : injectMotionEvent: MotionEvent { action=ACTION_MOVE, actionButton=0, id[0]=0, x[0]=1038.0, y[0]=457.0, toolType[0]=TOOL_TYPE_UNKNOWN, buttonState=0, metaState=0, flags=0x0, edgeFlags=0x0, pointerCount=1, historySize=0, eventTime=3037708, downTime=3037708, deviceId=0, source=0x1002 }
12-24 02:22:31.311 15762 15762 I Input   : injectMotionEvent: MotionEvent { action=ACTION_MOVE, actionButton=0, id[0]=0, x[0]=1038.0, y[0]=457.0, toolType[0]=TOOL_TYPE_UNKNOWN, buttonState=0, metaState=0, flags=0x0, edgeFlags=0x0, pointerCount=1, historySize=0, eventTime=3037726, downTime=3037726, deviceId=0, source=0x1002 }
12-24 02:22:31.328 15762 15762 I Input   : injectMotionEvent: MotionEvent { action=ACTION_MOVE, actionButton=0, id[0]=0, x[0]=1038.0, y[0]=457.0, toolType[0]=TOOL_TYPE_UNKNOWN, buttonState=0, metaState=0, flags=0x0, edgeFlags=0x0, pointerCount=1, historySize=0, eventTime=3037743, downTime=3037743, deviceId=0, source=0x1002 }
12-24 02:22:31.347 15762 15762 I Input   : injectMotionEvent: MotionEvent { action=ACTION_MOVE, actionButton=0, id[0]=0, x[0]=1038.0, y[0]=457.0, toolType[0]=TOOL_TYPE_UNKNOWN, buttonState=0, metaState=0, flags=0x0, edgeFlags=0x0, pointerCount=1, historySize=0, eventTime=3037762, downTime=3037762, deviceId=0, source=0x1002 }
12-24 02:22:31.365 15762 15762 I Input   : injectMotionEvent: MotionEvent { action=ACTION_UP, actionButton=0, id[0]=0, x[0]=1038.0, y[0]=457.0, toolType[0]=TOOL_TYPE_UNKNOWN, buttonState=0, metaState=0, flags=0x0, edgeFlags=0x0, pointerCount=1, historySize=0, eventTime=3037781, downTime=3037781, deviceId=0, source=0x1002 }
12-24 02:22:31.366 14837 14837 I AnkiDroid: DeckPicker:: Model browser button pressed
12-24 02:22:31.367  2022  4104 I ActivityManager: START u0 {cmp=com.ichi2.anki/.notetype.ManageNotetypes} from uid 10095
12-24 02:22:31.369  1639  6667 W audio_hw_generic: Not supplying enough data to HAL, expected position 4937832 , only wrote 4937760
12-24 02:22:31.372 14837 14837 I AnkiDroid: DeckPicker::onPause
12-24 02:22:31.384 14837 14837 W ActivityThread: handleWindowVisibility: no activity for token android.os.BinderProxy@7222fe6
12-24 02:22:31.387 14837 14837 I AnkiDroid: Setting theme to LIGHT
12-24 02:22:31.389 14837 14837 I AnkiDroid: ManageNotetypes::onCreate
12-24 02:22:31.398 14837 14837 I AnkiDroid: ManageNotetypes::onStart
12-24 02:22:31.399 14837 14837 I AnkiDroid: ManageNotetypes::onResume
12-24 02:22:31.521  2022  2055 I ActivityManager: Displayed com.ichi2.anki/.notetype.ManageNotetypes: +147ms
12-24 02:22:31.577 14837 14943 I chatty  : uid=10095(com.ichi2.anki) RenderThread identical 2 lines
12-24 02:22:31.672  1857  2109 E SurfaceFlinger: ro.sf.lcd_density must be defined as a build property
12-24 02:22:31.687 15786 15786 E eglCodecCommon: GoldfishAddressSpaceHostMemoryAllocator: ioctl_ping failed for device_type=5, ret=-1
12-24 02:22:31.944  1857  1894 W SurfaceFlinger: Attempting to set client state on removed layer: PopupWindow:ea80f98#0
12-24 02:22:31.944  1857  1894 W SurfaceFlinger: Attempting to destroy on removed layer: PopupWindow:ea80f98#0
12-24 02:22:31.968 14837 14837 I AnkiDroid: DeckPicker::onStop
12-24 02:22:31.970 14837 14837 I AnkiDroid: DeckPicker::onSaveInstanceState
12-24 02:22:31.979  2022  2457 I GnssLocationProvider: WakeLock acquired by sendMessage(REPORT_SV_STATUS, 0, com.android.server.location.GnssLocationProvider$SvStatusInfo@e114c91)
12-24 02:22:31.979  2022  2044 I GnssLocationProvider: WakeLock released by handleMessage(REPORT_SV_STATUS, 0, com.android.server.location.GnssLocationProvider$SvStatusInfo@e114c91)
12-24 02:22:32.026  2022  2045 W BroadcastQueue: Background execution not allowed: receiving Intent { act=android.intent.action.DROPBOX_ENTRY_ADDED flg=0x10 (has extras) } to com.google.android.gms/.stats.service.DropBoxEntryAddedReceiver
12-24 02:22:32.026  2022  2045 W BroadcastQueue: Background execution not allowed: receiving Intent { act=android.intent.action.DROPBOX_ENTRY_ADDED flg=0x10 (has extras) } to com.google.android.gms/.chimera.GmsIntentOperationService$PersistentTrustedReceiver
12-24 02:22:32.132  2022  4647 W WindowManager: removeWindowToken: Attempted to remove non-existing token: android.os.Binder@cb32d3b
12-24 02:22:32.132  2022  4104 W WindowManager: removeWindowToken: Attempted to remove non-existing token: android.os.Binder@cb32d3b
12-24 02:22:32.132  2022  4104 W BinderNative: Uncaught exception from death notification
12-24 02:22:32.132  2022  4104 W BinderNative: java.lang.NullPointerException: Attempt to invoke virtual method 'void com.android.server.accessibility.UiAutomationManager$UiAutomationService.resetLocked()' on a null object reference
12-24 02:22:32.132  2022  4104 W BinderNative: 	at com.android.server.accessibility.UiAutomationManager.destroyUiAutomationService(UiAutomationManager.java:181)
12-24 02:22:32.132  2022  4104 W BinderNative: 	at com.android.server.accessibility.UiAutomationManager.access$200(UiAutomationManager.java:41)
12-24 02:22:32.132  2022  4104 W BinderNative: 	at com.android.server.accessibility.UiAutomationManager$1.binderDied(UiAutomationManager.java:62)
12-24 02:22:32.132  2022  4104 W BinderNative: 	at android.os.BinderProxy.sendDeathNotice(Binder.java:1193)
12-24 02:22:32.133  2022  4647 W BinderNative: Uncaught exception from death notification
12-24 02:22:32.133  2022  4647 W BinderNative: java.lang.NullPointerException: Attempt to read from field 'android.accessibilityservice.IAccessibilityServiceClient com.android.server.accessibility.AbstractAccessibilityServiceConnection.mServiceInterface' on a null object reference
12-24 02:22:32.133  2022  4647 W BinderNative: 	at com.android.server.accessibility.UiAutomationManager.destroyUiAutomationService(UiAutomationManager.java:179)
12-24 02:22:32.133  2022  4647 W BinderNative: 	at com.android.server.accessibility.UiAutomationManager.access$200(UiAutomationManager.java:41)
12-24 02:22:32.133  2022  4647 W BinderNative: 	at com.android.server.accessibility.UiAutomationManager$UiAutomationService.binderDied(UiAutomationManager.java:230)
12-24 02:22:32.133  2022  4647 W BinderNative: 	at android.os.BinderProxy.sendDeathNotice(Binder.java:1193)
12-24 02:22:32.979  2022  2457 I GnssLocationProvider: WakeLock acquired by sendMessage(REPORT_SV_STATUS, 0, com.android.server.location.GnssLocationProvider$SvStatusInfo@2835ada)
12-24 02:22:32.979  2022  2044 I GnssLocationProvider: WakeLock released by handleMessage(REPORT_SV_STATUS, 0, com.android.server.location.GnssLocationProvider$SvStatusInfo@2835ada)
12-24 02:22:33.410  1857  1986 E SurfaceFlinger: ro.sf.lcd_density must be defined as a build property
12-24 02:22:33.425 15825 15825 E eglCodecCommon: GoldfishAddressSpaceHostMemoryAllocator: ioctl_ping failed for device_type=5, ret=-1
12-24 02:22:33.744  2022  2045 W BroadcastQueue: Background execution not allowed: receiving Intent { act=android.intent.action.DROPBOX_ENTRY_ADDED flg=0x10 (has extras) } to com.google.android.gms/.stats.service.DropBoxEntryAddedReceiver
12-24 02:22:33.744  2022  2045 W BroadcastQueue: Background execution not allowed: receiving Intent { act=android.intent.action.DROPBOX_ENTRY_ADDED flg=0x10 (has extras) } to com.google.android.gms/.chimera.GmsIntentOperationService$PersistentTrustedReceiver
12-24 02:22:33.980  2022  2457 I GnssLocationProvider: WakeLock acquired by sendMessage(REPORT_SV_STATUS, 0, com.android.server.location.GnssLocationProvider$SvStatusInfo@3b631df)
12-24 02:22:33.980  2022  2044 I GnssLocationProvider: WakeLock released by handleMessage(REPORT_SV_STATUS, 0, com.android.server.location.GnssLocationProvider$SvStatusInfo@3b631df)
12-24 02:22:34.015  2582 14830 I Checkin : [EventLogChimeraService] Opted in for usage reporting: false
12-24 02:22:34.015  2582 14830 I Checkin : [EventLogChimeraService] Aggregate from 1735005173674 (log), 1735005173674 (data)
12-24 02:22:34.080  2022  2045 W BroadcastQueue: Background execution not allowed: receiving Intent { act=android.intent.action.DROPBOX_ENTRY_ADDED flg=0x10 (has extras) } to com.google.android.gms/.stats.service.DropBoxEntryAddedReceiver
12-24 02:22:34.080  2022  2045 W BroadcastQueue: Background execution not allowed: receiving Intent { act=android.intent.action.DROPBOX_ENTRY_ADDED flg=0x10 (has extras) } to com.google.android.gms/.chimera.GmsIntentOperationService$PersistentTrustedReceiver
12-24 02:22:34.595  1639  9864 W audio_hw_generic: Not supplying enough data to HAL, expected position 5245557 , only wrote 5092560
12-24 02:22:34.981  2022  2457 I GnssLocationProvider: WakeLock acquired by sendMessage(REPORT_SV_STATUS, 0, com.android.server.location.GnssLocationProvider$SvStatusInfo@90f09ad)
12-24 02:22:34.981  2022  2044 I GnssLocationProvider: WakeLock released by handleMessage(REPORT_SV_STATUS, 0, com.android.server.location.GnssLocationProvider$SvStatusInfo@90f09ad)
12-24 02:22:35.983  2022  2457 I GnssLocationProvider: WakeLock acquired by sendMessage(REPORT_SV_STATUS, 0, com.android.server.location.GnssLocationProvider$SvStatusInfo@92804e2)
12-24 02:22:35.984  2022  2044 I GnssLocationProvider: WakeLock released by handleMessage(REPORT_SV_STATUS, 0, com.android.server.location.GnssLocationProvider$SvStatusInfo@92804e2)
12-24 02:22:36.984  2022  2457 I GnssLocationProvider: WakeLock acquired by sendMessage(REPORT_SV_STATUS, 0, com.android.server.location.GnssLocationProvider$SvStatusInfo@532073)
12-24 02:22:36.986  2022  2044 I GnssLocationProvider: WakeLock released by handleMessage(REPORT_SV_STATUS, 0, com.android.server.location.GnssLocationProvider$SvStatusInfo@532073)
12-24 02:22:37.982  2022  2457 I GnssLocationProvider: WakeLock acquired by sendMessage(REPORT_SV_STATUS, 0, com.android.server.location.GnssLocationProvider$SvStatusInfo@33a0b30)
12-24 02:22:37.983  2022  2044 I GnssLocationProvider: WakeLock released by handleMessage(REPORT_SV_STATUS, 0, com.android.server.location.GnssLocationProvider$SvStatusInfo@33a0b30)
12-24 02:22:38.986  2022  2457 I GnssLocationProvider: WakeLock acquired by sendMessage(REPORT_SV_STATUS, 0, com.android.server.location.GnssLocationProvider$SvStatusInfo@63f93a9)
12-24 02:22:38.988  2022  2044 I GnssLocationProvider: WakeLock released by handleMessage(REPORT_SV_STATUS, 0, com.android.server.location.GnssLocationProvider$SvStatusInfo@63f93a9)
12-24 02:22:39.987  2022  2457 I GnssLocationProvider: WakeLock acquired by sendMessage(REPORT_SV_STATUS, 0, com.android.server.location.GnssLocationProvider$SvStatusInfo@5c58d2e)
12-24 02:22:39.990  2022  2044 I GnssLocationProvider: WakeLock released by handleMessage(REPORT_SV_STATUS, 0, com.android.server.location.GnssLocationProvider$SvStatusInfo@5c58d2e)
12-24 02:22:40.989  2022  2457 I GnssLocationProvider: WakeLock acquired by sendMessage(REPORT_SV_STATUS, 0, com.android.server.location.GnssLocationProvider$SvStatusInfo@5b550cf)
12-24 02:22:40.991  2022  2044 I GnssLocationProvider: WakeLock released by handleMessage(REPORT_SV_STATUS, 0, com.android.server.location.GnssLocationProvider$SvStatusInfo@5b550cf)
12-24 02:22:41.824  2022  2049 E BatteryExternalStatsWorker: no controller energy info supplied for wifi
12-24 02:22:41.991  2022  2457 I GnssLocationProvider: WakeLock acquired by sendMessage(REPORT_SV_STATUS, 0, com.android.server.location.GnssLocationProvider$SvStatusInfo@becaa5c)
12-24 02:22:41.993  2022  2044 I GnssLocationProvider: WakeLock released by handleMessage(REPORT_SV_STATUS, 0, com.android.server.location.GnssLocationProvider$SvStatusInfo@becaa5c)
12-24 02:22:42.991  2022  2457 I GnssLocationProvider: WakeLock acquired by sendMessage(REPORT_SV_STATUS, 0, com.android.server.location.GnssLocationProvider$SvStatusInfo@ed4c165)
12-24 02:22:42.993  2022  2044 I GnssLocationProvider: WakeLock released by handleMessage(REPORT_SV_STATUS, 0, com.android.server.location.GnssLocationProvider$SvStatusInfo@ed4c165)
12-24 02:22:43.180  2022  2045 W BroadcastQueue: Background execution not allowed: receiving Intent { act=android.intent.action.DROPBOX_ENTRY_ADDED flg=0x10 (has extras) } to com.google.android.gms/.stats.service.DropBoxEntryAddedReceiver
12-24 02:22:43.180  2022  2045 W BroadcastQueue: Background execution not allowed: receiving Intent { act=android.intent.action.DROPBOX_ENTRY_ADDED flg=0x10 (has extras) } to com.google.android.gms/.chimera.GmsIntentOperationService$PersistentTrustedReceiver
12-24 02:22:43.198 15865 15865 W app_process: Could not reserve sentinel fault page
12-24 02:22:43.219 15865 15865 W app_process: Unexpected CPU variant for X86 using defaults: x86
12-24 02:22:43.220 15865 15865 I app_process: The ClassLoaderContext is a special shared library.
12-24 02:22:43.220 15865 15865 I app_process: The ClassLoaderContext is a special shared library.
12-24 02:22:43.235  2022  4647 W WindowManager: removeWindowToken: Attempted to remove non-existing token: android.os.Binder@d627dfc
12-24 02:22:43.333  2022  2045 W BroadcastQueue: Background execution not allowed: receiving Intent { act=android.intent.action.DROPBOX_ENTRY_ADDED flg=0x10 (has extras) } to com.google.android.gms/.stats.service.DropBoxEntryAddedReceiver
12-24 02:22:43.333  2022  2045 W BroadcastQueue: Background execution not allowed: receiving Intent { act=android.intent.action.DROPBOX_ENTRY_ADDED flg=0x10 (has extras) } to com.google.android.gms/.chimera.GmsIntentOperationService$PersistentTrustedReceiver
12-24 02:22:43.492  2022  2045 W BroadcastQueue: Background execution not allowed: receiving Intent { act=android.intent.action.DROPBOX_ENTRY_ADDED flg=0x10 (has extras) } to com.google.android.gms/.stats.service.DropBoxEntryAddedReceiver
12-24 02:22:43.492  2022  2045 W BroadcastQueue: Background execution not allowed: receiving Intent { act=android.intent.action.DROPBOX_ENTRY_ADDED flg=0x10 (has extras) } to com.google.android.gms/.chimera.GmsIntentOperationService$PersistentTrustedReceiver
12-24 02:22:43.734 15908 15908 W app_process: Could not reserve sentinel fault page
12-24 02:22:43.756 15908 15908 W app_process: Unexpected CPU variant for X86 using defaults: x86
12-24 02:22:43.756 15908 15908 I app_process: The ClassLoaderContext is a special shared library.
12-24 02:22:43.768 15908 15908 I Input   : injectMotionEvent: MotionEvent { action=ACTION_DOWN, actionButton=0, id[0]=0, x[0]=84.0, y[0]=168.0, toolType[0]=TOOL_TYPE_UNKNOWN, buttonState=0, metaState=0, flags=0x0, edgeFlags=0x0, pointerCount=1, historySize=0, eventTime=3050182, downTime=3050182, deviceId=0, source=0x1002 }
12-24 02:22:43.769 15908 15908 I Input   : injectMotionEvent: MotionEvent { action=ACTION_MOVE, actionButton=0, id[0]=0, x[0]=84.0, y[0]=168.0, toolType[0]=TOOL_TYPE_UNKNOWN, buttonState=0, metaState=0, flags=0x0, edgeFlags=0x0, pointerCount=1, historySize=0, eventTime=3050182, downTime=3050182, deviceId=0, source=0x1002 }
12-24 02:22:43.787 15908 15908 I Input   : injectMotionEvent: MotionEvent { action=ACTION_MOVE, actionButton=0, id[0]=0, x[0]=84.0, y[0]=168.0, toolType[0]=TOOL_TYPE_UNKNOWN, buttonState=0, metaState=0, flags=0x0, edgeFlags=0x0, pointerCount=1, historySize=0, eventTime=3050202, downTime=3050202, deviceId=0, source=0x1002 }
12-24 02:22:43.807 15908 15908 I Input   : injectMotionEvent: MotionEvent { action=ACTION_MOVE, actionButton=0, id[0]=0, x[0]=84.0, y[0]=168.0, toolType[0]=TOOL_TYPE_UNKNOWN, buttonState=0, metaState=0, flags=0x0, edgeFlags=0x0, pointerCount=1, historySize=0, eventTime=3050222, downTime=3050222, deviceId=0, source=0x1002 }
12-24 02:22:43.823 15908 15908 I Input   : injectMotionEvent: MotionEvent { action=ACTION_MOVE, actionButton=0, id[0]=0, x[0]=84.0, y[0]=168.0, toolType[0]=TOOL_TYPE_UNKNOWN, buttonState=0, metaState=0, flags=0x0, edgeFlags=0x0, pointerCount=1, historySize=0, eventTime=3050239, downTime=3050239, deviceId=0, source=0x1002 }
12-24 02:22:43.839 15908 15908 I Input   : injectMotionEvent: MotionEvent { action=ACTION_MOVE, actionButton=0, id[0]=0, x[0]=84.0, y[0]=168.0, toolType[0]=TOOL_TYPE_UNKNOWN, buttonState=0, metaState=0, flags=0x0, edgeFlags=0x0, pointerCount=1, historySize=0, eventTime=3050254, downTime=3050254, deviceId=0, source=0x1002 }
12-24 02:22:43.857 15908 15908 I Input   : injectMotionEvent: MotionEvent { action=ACTION_MOVE, actionButton=0, id[0]=0, x[0]=84.0, y[0]=168.0, toolType[0]=TOOL_TYPE_UNKNOWN, buttonState=0, metaState=0, flags=0x0, edgeFlags=0x0, pointerCount=1, historySize=0, eventTime=3050272, downTime=3050272, deviceId=0, source=0x1002 }
12-24 02:22:43.873 15908 15908 I Input   : injectMotionEvent: MotionEvent { action=ACTION_MOVE, actionButton=0, id[0]=0, x[0]=84.0, y[0]=168.0, toolType[0]=TOOL_TYPE_UNKNOWN, buttonState=0, metaState=0, flags=0x0, edgeFlags=0x0, pointerCount=1, historySize=0, eventTime=3050288, downTime=3050288, deviceId=0, source=0x1002 }
12-24 02:22:43.894 15908 15908 I Input   : injectMotionEvent: MotionEvent { action=ACTION_MOVE, actionButton=0, id[0]=0, x[0]=84.0, y[0]=168.0, toolType[0]=TOOL_TYPE_UNKNOWN, buttonState=0, metaState=0, flags=0x0, edgeFlags=0x0, pointerCount=1, historySize=0, eventTime=3050310, downTime=3050310, deviceId=0, source=0x1002 }
12-24 02:22:43.914 15908 15908 I Input   : injectMotionEvent: MotionEvent { action=ACTION_MOVE, actionButton=0, id[0]=0, x[0]=84.0, y[0]=168.0, toolType[0]=TOOL_TYPE_UNKNOWN, buttonState=0, metaState=0, flags=0x0, edgeFlags=0x0, pointerCount=1, historySize=0, eventTime=3050329, downTime=3050329, deviceId=0, source=0x1002 }
12-24 02:22:43.930 15908 15908 I Input   : injectMotionEvent: MotionEvent { action=ACTION_MOVE, actionButton=0, id[0]=0, x[0]=84.0, y[0]=168.0, toolType[0]=TOOL_TYPE_UNKNOWN, buttonState=0, metaState=0, flags=0x0, edgeFlags=0x0, pointerCount=1, historySize=0, eventTime=3050345, downTime=3050345, deviceId=0, source=0x1002 }
12-24 02:22:43.948 15908 15908 I Input   : injectMotionEvent: MotionEvent { action=ACTION_MOVE, actionButton=0, id[0]=0, x[0]=84.0, y[0]=168.0, toolType[0]=TOOL_TYPE_UNKNOWN, buttonState=0, metaState=0, flags=0x0, edgeFlags=0x0, pointerCount=1, historySize=0, eventTime=3050363, downTime=3050363, deviceId=0, source=0x1002 }
12-24 02:22:43.965 15908 15908 I Input   : injectMotionEvent: MotionEvent { action=ACTION_MOVE, actionButton=0, id[0]=0, x[0]=84.0, y[0]=168.0, toolType[0]=TOOL_TYPE_UNKNOWN, buttonState=0, metaState=0, flags=0x0, edgeFlags=0x0, pointerCount=1, historySize=0, eventTime=3050381, downTime=3050381, deviceId=0, source=0x1002 }
12-24 02:22:43.983 15908 15908 I Input   : injectMotionEvent: MotionEvent { action=ACTION_UP, actionButton=0, id[0]=0, x[0]=84.0, y[0]=168.0, toolType[0]=TOOL_TYPE_UNKNOWN, buttonState=0, metaState=0, flags=0x0, edgeFlags=0x0, pointerCount=1, historySize=0, eventTime=3050398, downTime=3050398, deviceId=0, source=0x1002 }
12-24 02:22:43.983 14837 14837 I AnkiDroid: Home button pressed
12-24 02:22:43.983 14837 14837 I AnkiDroid: finishWithAnimation DEFAULT
12-24 02:22:43.985 14837 14837 I AnkiDroid: ManageNotetypes::onPause
12-24 02:22:43.988  1639  6667 W audio_hw_generic: Not supplying enough data to HAL, expected position 5092752 , only wrote 5092560
12-24 02:22:43.990  2022  2457 I GnssLocationProvider: WakeLock acquired by sendMessage(REPORT_SV_STATUS, 0, com.android.server.location.GnssLocationProvider$SvStatusInfo@11cdd5)
12-24 02:22:43.991  2022  2044 I GnssLocationProvider: WakeLock released by handleMessage(REPORT_SV_STATUS, 0, com.android.server.location.GnssLocationProvider$SvStatusInfo@11cdd5)
12-24 02:22:44.048 14837 14837 I AnkiDroid: DeckPicker::onStart
12-24 02:22:44.050 14837 14837 I AnkiDroid: DeckPicker::onResume
12-24 02:22:44.052 14837 14837 I AnkiDroid: isLegacyStorage(): current dir: /storage/emulated/0/AnkiDroid
12-24 02:22:44.052 14837 14837 I AnkiDroid: scoped external dirs: /storage/emulated/0/Android/data/com.ichi2.anki/files, /storage/0907-3C18/Android/data/com.ichi2.anki/files
12-24 02:22:44.052 14837 14837 I AnkiDroid: scoped internal dir: /data/user/0/com.ichi2.anki/files
12-24 02:22:44.052 14837 14837 I AnkiDroid: isLegacyStorage(): true
12-24 02:22:44.137 14837 14837 I AnkiDroid: Updating deck list UI
12-24 02:22:44.261 14837 15934 I AnkiDroid: deck filter: 1 ()
12-24 02:22:44.286  1857  1894 E SurfaceFlinger: ro.sf.lcd_density must be defined as a build property
12-24 02:22:44.302 15932 15932 E eglCodecCommon: GoldfishAddressSpaceHostMemoryAllocator: ioctl_ping failed for device_type=5, ret=-1
12-24 02:22:44.389 14837 14943 I chatty  : uid=10095(com.ichi2.anki) RenderThread identical 1 line
12-24 02:22:44.642  2022  2045 W BroadcastQueue: Background execution not allowed: receiving Intent { act=android.intent.action.DROPBOX_ENTRY_ADDED flg=0x10 (has extras) } to com.google.android.gms/.stats.service.DropBoxEntryAddedReceiver
12-24 02:22:44.642  2022  2045 W BroadcastQueue: Background execution not allowed: receiving Intent { act=android.intent.action.DROPBOX_ENTRY_ADDED flg=0x10 (has extras) } to com.google.android.gms/.chimera.GmsIntentOperationService$PersistentTrustedReceiver
12-24 02:22:44.709 14837 14837 I AnkiDroid: ManageNotetypes::onStop
12-24 02:22:44.711 14837 14837 I AnkiDroid: ManageNotetypes::onDestroy
12-24 02:22:44.767  2022  4104 W WindowManager: removeWindowToken: Attempted to remove non-existing token: android.os.Binder@e948ac7
12-24 02:22:44.767  2022  2080 W WindowManager: removeWindowToken: Attempted to remove non-existing token: android.os.Binder@e948ac7
12-24 02:22:44.769  2022  2080 W BinderNative: Uncaught exception from death notification
12-24 02:22:44.769  2022  2080 W BinderNative: java.lang.NullPointerException: Attempt to read from field 'android.accessibilityservice.IAccessibilityServiceClient com.android.server.accessibility.AbstractAccessibilityServiceConnection.mServiceInterface' on a null object reference
12-24 02:22:44.769  2022  2080 W BinderNative: 	at com.android.server.accessibility.UiAutomationManager.destroyUiAutomationService(UiAutomationManager.java:179)
12-24 02:22:44.769  2022  2080 W BinderNative: 	at com.android.server.accessibility.UiAutomationManager.access$200(UiAutomationManager.java:41)
12-24 02:22:44.769  2022  2080 W BinderNative: 	at com.android.server.accessibility.UiAutomationManager$UiAutomationService.binderDied(UiAutomationManager.java:230)
12-24 02:22:44.769  2022  2080 W BinderNative: 	at android.os.BinderProxy.sendDeathNotice(Binder.java:1193)
12-24 02:22:44.992  2022  2457 I GnssLocationProvider: WakeLock acquired by sendMessage(REPORT_SV_STATUS, 0, com.android.server.location.GnssLocationProvider$SvStatusInfo@7b2b5d8)
12-24 02:22:44.993  2022  2044 I GnssLocationProvider: WakeLock released by handleMessage(REPORT_SV_STATUS, 0, com.android.server.location.GnssLocationProvider$SvStatusInfo@7b2b5d8)
12-24 02:22:45.992  2022  2457 I GnssLocationProvider: WakeLock acquired by sendMessage(REPORT_SV_STATUS, 0, com.android.server.location.GnssLocationProvider$SvStatusInfo@4895784)
12-24 02:22:45.992  2022  2044 I GnssLocationProvider: WakeLock released by handleMessage(REPORT_SV_STATUS, 0, com.android.server.location.GnssLocationProvider$SvStatusInfo@4895784)
12-24 02:22:46.051  1857  1893 E SurfaceFlinger: ro.sf.lcd_density must be defined as a build property
12-24 02:22:46.058  2022  2049 E BatteryExternalStatsWorker: no controller energy info supplied for wifi
12-24 02:22:46.065 15969 15969 E eglCodecCommon: GoldfishAddressSpaceHostMemoryAllocator: ioctl_ping failed for device_type=5, ret=-1
12-24 02:22:46.375  2022  2045 W BroadcastQueue: Background execution not allowed: receiving Intent { act=android.intent.action.DROPBOX_ENTRY_ADDED flg=0x10 (has extras) } to com.google.android.gms/.stats.service.DropBoxEntryAddedReceiver
12-24 02:22:46.376  2022  2045 W BroadcastQueue: Background execution not allowed: receiving Intent { act=android.intent.action.DROPBOX_ENTRY_ADDED flg=0x10 (has extras) } to com.google.android.gms/.chimera.GmsIntentOperationService$PersistentTrustedReceiver
12-24 02:22:46.993  2022  2457 I GnssLocationProvider: WakeLock acquired by sendMessage(REPORT_SV_STATUS, 0, com.android.server.location.GnssLocationProvider$SvStatusInfo@9e317ee)
12-24 02:22:46.994  2022  2044 I GnssLocationProvider: WakeLock released by handleMessage(REPORT_SV_STATUS, 0, com.android.server.location.GnssLocationProvider$SvStatusInfo@9e317ee)
12-24 02:22:47.199  1639  9864 W audio_hw_generic: Not supplying enough data to HAL, expected position 5398818 , only wrote 5246640
12-24 02:22:47.993  2022  2457 I GnssLocationProvider: WakeLock acquired by sendMessage(REPORT_SV_STATUS, 0, com.android.server.location.GnssLocationProvider$SvStatusInfo@70fe48f)
12-24 02:22:47.993  2022  2044 I GnssLocationProvider: WakeLock released by handleMessage(REPORT_SV_STATUS, 0, com.android.server.location.GnssLocationProvider$SvStatusInfo@70fe48f)
12-24 02:22:48.994  2022  2457 I GnssLocationProvider: WakeLock acquired by sendMessage(REPORT_SV_STATUS, 0, com.android.server.location.GnssLocationProvider$SvStatusInfo@f02131c)
12-24 02:22:48.994  2022  2044 I GnssLocationProvider: WakeLock released by handleMessage(REPORT_SV_STATUS, 0, com.android.server.location.GnssLocationProvider$SvStatusInfo@f02131c)
12-24 02:22:49.996  2022  2457 I GnssLocationProvider: WakeLock acquired by sendMessage(REPORT_SV_STATUS, 0, com.android.server.location.GnssLocationProvider$SvStatusInfo@95cdb25)
12-24 02:22:49.998  2022  2044 I GnssLocationProvider: WakeLock released by handleMessage(REPORT_SV_STATUS, 0, com.android.server.location.GnssLocationProvider$SvStatusInfo@95cdb25)
12-24 02:22:50.995  2022  2457 I GnssLocationProvider: WakeLock acquired by sendMessage(REPORT_SV_STATUS, 0, com.android.server.location.GnssLocationProvider$SvStatusInfo@aecc4fa)
12-24 02:22:50.996  2022  2044 I GnssLocationProvider: WakeLock released by handleMessage(REPORT_SV_STATUS, 0, com.android.server.location.GnssLocationProvider$SvStatusInfo@aecc4fa)
12-24 02:22:51.847  2022  2045 W BroadcastQueue: Background execution not allowed: receiving Intent { act=android.intent.action.DROPBOX_ENTRY_ADDED flg=0x10 (has extras) } to com.google.android.gms/.stats.service.DropBoxEntryAddedReceiver
12-24 02:22:51.847  2022  2045 W BroadcastQueue: Background execution not allowed: receiving Intent { act=android.intent.action.DROPBOX_ENTRY_ADDED flg=0x10 (has extras) } to com.google.android.gms/.chimera.GmsIntentOperationService$PersistentTrustedReceiver
12-24 02:22:51.868 15999 15999 W app_process: Could not reserve sentinel fault page
12-24 02:22:51.888 15999 15999 W app_process: Unexpected CPU variant for X86 using defaults: x86
12-24 02:22:51.888 15999 15999 I app_process: The ClassLoaderContext is a special shared library.
12-24 02:22:51.889 15999 15999 I app_process: The ClassLoaderContext is a special shared library.
12-24 02:22:51.904  2022  6316 W WindowManager: removeWindowToken: Attempted to remove non-existing token: android.os.Binder@da4754a
12-24 02:22:51.996  2022  2457 I GnssLocationProvider: WakeLock acquired by sendMessage(REPORT_SV_STATUS, 0, com.android.server.location.GnssLocationProvider$SvStatusInfo@eec49dd)
12-24 02:22:51.997  2022  2044 I GnssLocationProvider: WakeLock released by handleMessage(REPORT_SV_STATUS, 0, com.android.server.location.GnssLocationProvider$SvStatusInfo@eec49dd)
12-24 02:22:52.000  2022  2045 W BroadcastQueue: Background execution not allowed: receiving Intent { act=android.intent.action.DROPBOX_ENTRY_ADDED flg=0x10 (has extras) } to com.google.android.gms/.stats.service.DropBoxEntryAddedReceiver
12-24 02:22:52.000  2022  2045 W BroadcastQueue: Background execution not allowed: receiving Intent { act=android.intent.action.DROPBOX_ENTRY_ADDED flg=0x10 (has extras) } to com.google.android.gms/.chimera.GmsIntentOperationService$PersistentTrustedReceiver
12-24 02:22:52.150  2022  2045 W BroadcastQueue: Background execution not allowed: receiving Intent { act=android.intent.action.DROPBOX_ENTRY_ADDED flg=0x10 (has extras) } to com.google.android.gms/.stats.service.DropBoxEntryAddedReceiver
12-24 02:22:52.150  2022  2045 W BroadcastQueue: Background execution not allowed: receiving Intent { act=android.intent.action.DROPBOX_ENTRY_ADDED flg=0x10 (has extras) } to com.google.android.gms/.chimera.GmsIntentOperationService$PersistentTrustedReceiver
12-24 02:22:52.404 16039 16039 W app_process: Unexpected CPU variant for X86 using defaults: x86
12-24 02:22:52.405 16039 16039 I app_process: The ClassLoaderContext is a special shared library.
12-24 02:22:52.417 16039 16039 I Input   : injectMotionEvent: MotionEvent { action=ACTION_DOWN, actionButton=0, id[0]=0, x[0]=156.0, y[0]=618.0, toolType[0]=TOOL_TYPE_UNKNOWN, buttonState=0, metaState=0, flags=0x0, edgeFlags=0x0, pointerCount=1, historySize=0, eventTime=3058831, downTime=3058831, deviceId=0, source=0x1002 }
12-24 02:22:52.418 16039 16039 I Input   : injectMotionEvent: MotionEvent { action=ACTION_MOVE, actionButton=0, id[0]=0, x[0]=156.0, y[0]=618.0, toolType[0]=TOOL_TYPE_UNKNOWN, buttonState=0, metaState=0, flags=0x0, edgeFlags=0x0, pointerCount=1, historySize=0, eventTime=3058831, downTime=3058831, deviceId=0, source=0x1002 }
12-24 02:22:52.439 16039 16039 I Input   : injectMotionEvent: MotionEvent { action=ACTION_MOVE, actionButton=0, id[0]=0, x[0]=156.0, y[0]=618.0, toolType[0]=TOOL_TYPE_UNKNOWN, buttonState=0, metaState=0, flags=0x0, edgeFlags=0x0, pointerCount=1, historySize=0, eventTime=3058855, downTime=3058855, deviceId=0, source=0x1002 }
12-24 02:22:52.457 16039 16039 I Input   : injectMotionEvent: MotionEvent { action=ACTION_MOVE, actionButton=0, id[0]=0, x[0]=156.0, y[0]=618.0, toolType[0]=TOOL_TYPE_UNKNOWN, buttonState=0, metaState=0, flags=0x0, edgeFlags=0x0, pointerCount=1, historySize=0, eventTime=3058872, downTime=3058872, deviceId=0, source=0x1002 }
12-24 02:22:52.474 16039 16039 I Input   : injectMotionEvent: MotionEvent { action=ACTION_MOVE, actionButton=0, id[0]=0, x[0]=156.0, y[0]=618.0, toolType[0]=TOOL_TYPE_UNKNOWN, buttonState=0, metaState=0, flags=0x0, edgeFlags=0x0, pointerCount=1, historySize=0, eventTime=3058889, downTime=3058889, deviceId=0, source=0x1002 }
12-24 02:22:52.493 16039 16039 I Input   : injectMotionEvent: MotionEvent { action=ACTION_MOVE, actionButton=0, id[0]=0, x[0]=156.0, y[0]=618.0, toolType[0]=TOOL_TYPE_UNKNOWN, buttonState=0, metaState=0, flags=0x0, edgeFlags=0x0, pointerCount=1, historySize=0, eventTime=3058908, downTime=3058908, deviceId=0, source=0x1002 }
12-24 02:22:52.510 16039 16039 I Input   : injectMotionEvent: MotionEvent { action=ACTION_MOVE, actionButton=0, id[0]=0, x[0]=156.0, y[0]=618.0, toolType[0]=TOOL_TYPE_UNKNOWN, buttonState=0, metaState=0, flags=0x0, edgeFlags=0x0, pointerCount=1, historySize=0, eventTime=3058925, downTime=3058925, deviceId=0, source=0x1002 }
12-24 02:22:52.528 16039 16039 I Input   : injectMotionEvent: MotionEvent { action=ACTION_MOVE, actionButton=0, id[0]=0, x[0]=156.0, y[0]=618.0, toolType[0]=TOOL_TYPE_UNKNOWN, buttonState=0, metaState=0, flags=0x0, edgeFlags=0x0, pointerCount=1, historySize=0, eventTime=3058943, downTime=3058943, deviceId=0, source=0x1002 }
12-24 02:22:52.548 16039 16039 I Input   : injectMotionEvent: MotionEvent { action=ACTION_MOVE, actionButton=0, id[0]=0, x[0]=156.0, y[0]=618.0, toolType[0]=TOOL_TYPE_UNKNOWN, buttonState=0, metaState=0, flags=0x0, edgeFlags=0x0, pointerCount=1, historySize=0, eventTime=3058963, downTime=3058963, deviceId=0, source=0x1002 }
12-24 02:22:52.564 16039 16039 I Input   : injectMotionEvent: MotionEvent { action=ACTION_MOVE, actionButton=0, id[0]=0, x[0]=156.0, y[0]=618.0, toolType[0]=TOOL_TYPE_UNKNOWN, buttonState=0, metaState=0, flags=0x0, edgeFlags=0x0, pointerCount=1, historySize=0, eventTime=3058980, downTime=3058980, deviceId=0, source=0x1002 }
12-24 02:22:52.582 16039 16039 I Input   : injectMotionEvent: MotionEvent { action=ACTION_MOVE, actionButton=0, id[0]=0, x[0]=156.0, y[0]=618.0, toolType[0]=TOOL_TYPE_UNKNOWN, buttonState=0, metaState=0, flags=0x0, edgeFlags=0x0, pointerCount=1, historySize=0, eventTime=3058998, downTime=3058998, deviceId=0, source=0x1002 }
12-24 02:22:52.600 16039 16039 I Input   : injectMotionEvent: MotionEvent { action=ACTION_MOVE, actionButton=0, id[0]=0, x[0]=156.0, y[0]=618.0, toolType[0]=TOOL_TYPE_UNKNOWN, buttonState=0, metaState=0, flags=0x0, edgeFlags=0x0, pointerCount=1, historySize=0, eventTime=3059015, downTime=3059015, deviceId=0, source=0x1002 }
12-24 02:22:52.618 16039 16039 I Input   : injectMotionEvent: MotionEvent { action=ACTION_UP, actionButton=0, id[0]=0, x[0]=156.0, y[0]=618.0, toolType[0]=TOOL_TYPE_UNKNOWN, buttonState=0, metaState=0, flags=0x0, edgeFlags=0x0, pointerCount=1, historySize=0, eventTime=3059034, downTime=3059034, deviceId=0, source=0x1002 }
12-24 02:22:52.906  1857  1893 E SurfaceFlinger: ro.sf.lcd_density must be defined as a build property
12-24 02:22:52.919 16061 16061 E eglCodecCommon: GoldfishAddressSpaceHostMemoryAllocator: ioctl_ping failed for device_type=5, ret=-1
12-24 02:22:52.996  2022  2457 I GnssLocationProvider: WakeLock acquired by sendMessage(REPORT_SV_STATUS, 0, com.android.server.location.GnssLocationProvider$SvStatusInfo@3f90f7f)
12-24 02:22:52.997  2022  2044 I GnssLocationProvider: WakeLock released by handleMessage(REPORT_SV_STATUS, 0, com.android.server.location.GnssLocationProvider$SvStatusInfo@3f90f7f)
12-24 02:22:53.236  2022  2045 W BroadcastQueue: Background execution not allowed: receiving Intent { act=android.intent.action.DROPBOX_ENTRY_ADDED flg=0x10 (has extras) } to com.google.android.gms/.stats.service.DropBoxEntryAddedReceiver
12-24 02:22:53.236  2022  2045 W BroadcastQueue: Background execution not allowed: receiving Intent { act=android.intent.action.DROPBOX_ENTRY_ADDED flg=0x10 (has extras) } to com.google.android.gms/.chimera.GmsIntentOperationService$PersistentTrustedReceiver
12-24 02:22:53.358  2022  4104 W WindowManager: removeWindowToken: Attempted to remove non-existing token: android.os.Binder@fb236c6
12-24 02:22:53.359  2022  6316 W WindowManager: removeWindowToken: Attempted to remove non-existing token: android.os.Binder@fb236c6
12-24 02:22:53.359  2022  4104 W BinderNative: Uncaught exception from death notification
12-24 02:22:53.359  2022  4104 W BinderNative: java.lang.NullPointerException: Attempt to invoke virtual method 'void com.android.server.accessibility.UiAutomationManager$UiAutomationService.resetLocked()' on a null object reference
12-24 02:22:53.359  2022  4104 W BinderNative: 	at com.android.server.accessibility.UiAutomationManager.destroyUiAutomationService(UiAutomationManager.java:181)
12-24 02:22:53.359  2022  4104 W BinderNative: 	at com.android.server.accessibility.UiAutomationManager.access$200(UiAutomationManager.java:41)
12-24 02:22:53.359  2022  4104 W BinderNative: 	at com.android.server.accessibility.UiAutomationManager$1.binderDied(UiAutomationManager.java:62)
12-24 02:22:53.359  2022  4104 W BinderNative: 	at android.os.BinderProxy.sendDeathNotice(Binder.java:1193)
12-24 02:22:53.998  2022  2457 I GnssLocationProvider: WakeLock acquired by sendMessage(REPORT_SV_STATUS, 0, com.android.server.location.GnssLocationProvider$SvStatusInfo@65b6f77)
12-24 02:22:53.999  2022  2044 I GnssLocationProvider: WakeLock released by handleMessage(REPORT_SV_STATUS, 0, com.android.server.location.GnssLocationProvider$SvStatusInfo@65b6f77)
12-24 02:22:54.635  1857  2531 E SurfaceFlinger: ro.sf.lcd_density must be defined as a build property
12-24 02:22:54.646 16096 16096 E eglCodecCommon: GoldfishAddressSpaceHostMemoryAllocator: ioctl_ping failed for device_type=5, ret=-1
12-24 02:22:54.952  2022  2045 W BroadcastQueue: Background execution not allowed: receiving Intent { act=android.intent.action.DROPBOX_ENTRY_ADDED flg=0x10 (has extras) } to com.google.android.gms/.stats.service.DropBoxEntryAddedReceiver
12-24 02:22:54.953  2022  2045 W BroadcastQueue: Background execution not allowed: receiving Intent { act=android.intent.action.DROPBOX_ENTRY_ADDED flg=0x10 (has extras) } to com.google.android.gms/.chimera.GmsIntentOperationService$PersistentTrustedReceiver
12-24 02:22:54.997  2022  2457 I GnssLocationProvider: WakeLock acquired by sendMessage(REPORT_SV_STATUS, 0, com.android.server.location.GnssLocationProvider$SvStatusInfo@333f849)
12-24 02:22:54.998  2022  2044 I GnssLocationProvider: WakeLock released by handleMessage(REPORT_SV_STATUS, 0, com.android.server.location.GnssLocationProvider$SvStatusInfo@333f849)
12-24 02:22:55.998  2022  2457 I GnssLocationProvider: WakeLock acquired by sendMessage(REPORT_SV_STATUS, 0, com.android.server.location.GnssLocationProvider$SvStatusInfo@43d254e)
12-24 02:22:55.998  2022  2044 I GnssLocationProvider: WakeLock released by handleMessage(REPORT_SV_STATUS, 0, com.android.server.location.GnssLocationProvider$SvStatusInfo@43d254e)
12-24 02:22:57.000  2022  2457 I GnssLocationProvider: WakeLock acquired by sendMessage(REPORT_SV_STATUS, 0, com.android.server.location.GnssLocationProvider$SvStatusInfo@7bad66f)
12-24 02:22:57.001  2022  2044 I GnssLocationProvider: WakeLock released by handleMessage(REPORT_SV_STATUS, 0, com.android.server.location.GnssLocationProvider$SvStatusInfo@7bad66f)
12-24 02:22:58.003  2022  2457 I GnssLocationProvider: WakeLock acquired by sendMessage(REPORT_SV_STATUS, 0, com.android.server.location.GnssLocationProvider$SvStatusInfo@bd4f7c)
12-24 02:22:58.005  2022  2044 I GnssLocationProvider: WakeLock released by handleMessage(REPORT_SV_STATUS, 0, com.android.server.location.GnssLocationProvider$SvStatusInfo@bd4f7c)
12-24 02:22:58.227  2022  2045 W BroadcastQueue: Background execution not allowed: receiving Intent { act=android.intent.action.DROPBOX_ENTRY_ADDED flg=0x10 (has extras) } to com.google.android.gms/.stats.service.DropBoxEntryAddedReceiver
12-24 02:22:58.227  2022  2045 W BroadcastQueue: Background execution not allowed: receiving Intent { act=android.intent.action.DROPBOX_ENTRY_ADDED flg=0x10 (has extras) } to com.google.android.gms/.chimera.GmsIntentOperationService$PersistentTrustedReceiver
12-24 02:22:58.266 16121 16121 W app_process: Unexpected CPU variant for X86 using defaults: x86
12-24 02:22:58.266 16121 16121 I app_process: The ClassLoaderContext is a special shared library.
12-24 02:22:58.267 16121 16121 I app_process: The ClassLoaderContext is a special shared library.
12-24 02:22:58.283  2022  4135 W WindowManager: removeWindowToken: Attempted to remove non-existing token: android.os.Binder@81516ec
12-24 02:22:58.386  2022  2045 W BroadcastQueue: Background execution not allowed: receiving Intent { act=android.intent.action.DROPBOX_ENTRY_ADDED flg=0x10 (has extras) } to com.google.android.gms/.stats.service.DropBoxEntryAddedReceiver
12-24 02:22:58.386  2022  2045 W BroadcastQueue: Background execution not allowed: receiving Intent { act=android.intent.action.DROPBOX_ENTRY_ADDED flg=0x10 (has extras) } to com.google.android.gms/.chimera.GmsIntentOperationService$PersistentTrustedReceiver
12-24 02:22:58.542  2022  2045 W BroadcastQueue: Background execution not allowed: receiving Intent { act=android.intent.action.DROPBOX_ENTRY_ADDED flg=0x10 (has extras) } to com.google.android.gms/.stats.service.DropBoxEntryAddedReceiver
12-24 02:22:58.542  2022  2045 W BroadcastQueue: Background execution not allowed: receiving Intent { act=android.intent.action.DROPBOX_ENTRY_ADDED flg=0x10 (has extras) } to com.google.android.gms/.chimera.GmsIntentOperationService$PersistentTrustedReceiver
12-24 02:22:58.776 16162 16162 W app_process: Could not reserve sentinel fault page
12-24 02:22:58.797 16162 16162 W app_process: Unexpected CPU variant for X86 using defaults: x86
12-24 02:22:58.798 16162 16162 I app_process: The ClassLoaderContext is a special shared library.
12-24 02:22:58.810 16162 16162 I Input   : injectMotionEvent: MotionEvent { action=ACTION_DOWN, actionButton=0, id[0]=0, x[0]=156.0, y[0]=618.0, toolType[0]=TOOL_TYPE_UNKNOWN, buttonState=0, metaState=0, flags=0x0, edgeFlags=0x0, pointerCount=1, historySize=0, eventTime=3065224, downTime=3065224, deviceId=0, source=0x1002 }
12-24 02:22:58.811 16162 16162 I Input   : injectMotionEvent: MotionEvent { action=ACTION_MOVE, actionButton=0, id[0]=0, x[0]=156.0, y[0]=618.0, toolType[0]=TOOL_TYPE_UNKNOWN, buttonState=0, metaState=0, flags=0x0, edgeFlags=0x0, pointerCount=1, historySize=0, eventTime=3065224, downTime=3065224, deviceId=0, source=0x1002 }
12-24 02:22:58.819 16162 16162 I Input   : injectMotionEvent: MotionEvent { action=ACTION_MOVE, actionButton=0, id[0]=0, x[0]=156.0, y[0]=618.0, toolType[0]=TOOL_TYPE_UNKNOWN, buttonState=0, metaState=0, flags=0x0, edgeFlags=0x0, pointerCount=1, historySize=0, eventTime=3065234, downTime=3065234, deviceId=0, source=0x1002 }
12-24 02:22:58.829 16162 16162 I Input   : injectMotionEvent: MotionEvent { action=ACTION_MOVE, actionButton=0, id[0]=0, x[0]=156.0, y[0]=618.0, toolType[0]=TOOL_TYPE_UNKNOWN, buttonState=0, metaState=0, flags=0x0, edgeFlags=0x0, pointerCount=1, historySize=0, eventTime=3065244, downTime=3065244, deviceId=0, source=0x1002 }
12-24 02:22:58.846 16162 16162 I Input   : injectMotionEvent: MotionEvent { action=ACTION_MOVE, actionButton=0, id[0]=0, x[0]=156.0, y[0]=618.0, toolType[0]=TOOL_TYPE_UNKNOWN, buttonState=0, metaState=0, flags=0x0, edgeFlags=0x0, pointerCount=1, historySize=0, eventTime=3065262, downTime=3065262, deviceId=0, source=0x1002 }
12-24 02:22:58.863 16162 16162 I Input   : injectMotionEvent: MotionEvent { action=ACTION_MOVE, actionButton=0, id[0]=0, x[0]=156.0, y[0]=618.0, toolType[0]=TOOL_TYPE_UNKNOWN, buttonState=0, metaState=0, flags=0x0, edgeFlags=0x0, pointerCount=1, historySize=0, eventTime=3065279, downTime=3065279, deviceId=0, source=0x1002 }
12-24 02:22:58.880 16162 16162 I Input   : injectMotionEvent: MotionEvent { action=ACTION_MOVE, actionButton=0, id[0]=0, x[0]=156.0, y[0]=618.0, toolType[0]=TOOL_TYPE_UNKNOWN, buttonState=0, metaState=0, flags=0x0, edgeFlags=0x0, pointerCount=1, historySize=0, eventTime=3065296, downTime=3065296, deviceId=0, source=0x1002 }
12-24 02:22:58.896 16162 16162 I Input   : injectMotionEvent: MotionEvent { action=ACTION_MOVE, actionButton=0, id[0]=0, x[0]=156.0, y[0]=618.0, toolType[0]=TOOL_TYPE_UNKNOWN, buttonState=0, metaState=0, flags=0x0, edgeFlags=0x0, pointerCount=1, historySize=0, eventTime=3065311, downTime=3065311, deviceId=0, source=0x1002 }
12-24 02:22:58.914 16162 16162 I Input   : injectMotionEvent: MotionEvent { action=ACTION_MOVE, actionButton=0, id[0]=0, x[0]=156.0, y[0]=618.0, toolType[0]=TOOL_TYPE_UNKNOWN, buttonState=0, metaState=0, flags=0x0, edgeFlags=0x0, pointerCount=1, historySize=0, eventTime=3065330, downTime=3065330, deviceId=0, source=0x1002 }
12-24 02:22:58.935 16162 16162 I Input   : injectMotionEvent: MotionEvent { action=ACTION_MOVE, actionButton=0, id[0]=0, x[0]=156.0, y[0]=618.0, toolType[0]=TOOL_TYPE_UNKNOWN, buttonState=0, metaState=0, flags=0x0, edgeFlags=0x0, pointerCount=1, historySize=0, eventTime=3065350, downTime=3065350, deviceId=0, source=0x1002 }
12-24 02:22:58.953 16162 16162 I Input   : injectMotionEvent: MotionEvent { action=ACTION_MOVE, actionButton=0, id[0]=0, x[0]=156.0, y[0]=618.0, toolType[0]=TOOL_TYPE_UNKNOWN, buttonState=0, metaState=0, flags=0x0, edgeFlags=0x0, pointerCount=1, historySize=0, eventTime=3065368, downTime=3065368, deviceId=0, source=0x1002 }
12-24 02:22:58.970 16162 16162 I Input   : injectMotionEvent: MotionEvent { action=ACTION_MOVE, actionButton=0, id[0]=0, x[0]=156.0, y[0]=618.0, toolType[0]=TOOL_TYPE_UNKNOWN, buttonState=0, metaState=0, flags=0x0, edgeFlags=0x0, pointerCount=1, historySize=0, eventTime=3065385, downTime=3065385, deviceId=0, source=0x1002 }
12-24 02:22:58.988 16162 16162 I Input   : injectMotionEvent: MotionEvent { action=ACTION_MOVE, actionButton=0, id[0]=0, x[0]=156.0, y[0]=618.0, toolType[0]=TOOL_TYPE_UNKNOWN, buttonState=0, metaState=0, flags=0x0, edgeFlags=0x0, pointerCount=1, historySize=0, eventTime=3065404, downTime=3065404, deviceId=0, source=0x1002 }
12-24 02:22:59.001  2022  2457 I GnssLocationProvider: WakeLock acquired by sendMessage(REPORT_SV_STATUS, 0, com.android.server.location.GnssLocationProvider$SvStatusInfo@2843b80)
12-24 02:22:59.002  2022  2044 I GnssLocationProvider: WakeLock released by handleMessage(REPORT_SV_STATUS, 0, com.android.server.location.GnssLocationProvider$SvStatusInfo@2843b80)
12-24 02:22:59.007 16162 16162 I Input   : injectMotionEvent: MotionEvent { action=ACTION_MOVE, actionButton=0, id[0]=0, x[0]=156.0, y[0]=618.0, toolType[0]=TOOL_TYPE_UNKNOWN, buttonState=0, metaState=0, flags=0x0, edgeFlags=0x0, pointerCount=1, historySize=0, eventTime=3065423, downTime=3065423, deviceId=0, source=0x1002 }
12-24 02:22:59.023 16162 16162 I Input   : injectMotionEvent: MotionEvent { action=ACTION_UP, actionButton=0, id[0]=0, x[0]=156.0, y[0]=618.0, toolType[0]=TOOL_TYPE_UNKNOWN, buttonState=0, metaState=0, flags=0x0, edgeFlags=0x0, pointerCount=1, historySize=0, eventTime=3065439, downTime=3065439, deviceId=0, source=0x1002 }
12-24 02:22:59.319  1857  2531 E SurfaceFlinger: ro.sf.lcd_density must be defined as a build property
12-24 02:22:59.331 16184 16184 E eglCodecCommon: GoldfishAddressSpaceHostMemoryAllocator: ioctl_ping failed for device_type=5, ret=-1
12-24 02:22:59.639  2022  2045 W BroadcastQueue: Background execution not allowed: receiving Intent { act=android.intent.action.DROPBOX_ENTRY_ADDED flg=0x10 (has extras) } to com.google.android.gms/.stats.service.DropBoxEntryAddedReceiver
12-24 02:22:59.640  2022  2045 W BroadcastQueue: Background execution not allowed: receiving Intent { act=android.intent.action.DROPBOX_ENTRY_ADDED flg=0x10 (has extras) } to com.google.android.gms/.chimera.GmsIntentOperationService$PersistentTrustedReceiver
12-24 02:22:59.750  2022  4104 W WindowManager: removeWindowToken: Attempted to remove non-existing token: android.os.Binder@24de768
12-24 02:22:59.750  2022  4135 W WindowManager: removeWindowToken: Attempted to remove non-existing token: android.os.Binder@24de768
12-24 02:22:59.750  2022  4135 W BinderNative: Uncaught exception from death notification
12-24 02:22:59.750  2022  4135 W BinderNative: java.lang.NullPointerException: Attempt to invoke virtual method 'void com.android.server.accessibility.UiAutomationManager$UiAutomationService.resetLocked()' on a null object reference
12-24 02:22:59.750  2022  4135 W BinderNative: 	at com.android.server.accessibility.UiAutomationManager.destroyUiAutomationService(UiAutomationManager.java:181)
12-24 02:22:59.750  2022  4135 W BinderNative: 	at com.android.server.accessibility.UiAutomationManager.access$200(UiAutomationManager.java:41)
12-24 02:22:59.750  2022  4135 W BinderNative: 	at com.android.server.accessibility.UiAutomationManager$1.binderDied(UiAutomationManager.java:62)
12-24 02:22:59.750  2022  4135 W BinderNative: 	at android.os.BinderProxy.sendDeathNotice(Binder.java:1193)
12-24 02:22:59.752  2022  4104 W BinderNative: Uncaught exception from death notification
12-24 02:22:59.752  2022  4104 W BinderNative: java.lang.NullPointerException: Attempt to read from field 'android.accessibilityservice.IAccessibilityServiceClient com.android.server.accessibility.AbstractAccessibilityServiceConnection.mServiceInterface' on a null object reference
12-24 02:22:59.752  2022  4104 W BinderNative: 	at com.android.server.accessibility.UiAutomationManager.destroyUiAutomationService(UiAutomationManager.java:179)
12-24 02:22:59.752  2022  4104 W BinderNative: 	at com.android.server.accessibility.UiAutomationManager.access$200(UiAutomationManager.java:41)
12-24 02:22:59.752  2022  4104 W BinderNative: 	at com.android.server.accessibility.UiAutomationManager$UiAutomationService.binderDied(UiAutomationManager.java:230)
12-24 02:22:59.752  2022  4104 W BinderNative: 	at android.os.BinderProxy.sendDeathNotice(Binder.java:1193)
12-24 02:23:00.002  2022  2457 I GnssLocationProvider: WakeLock acquired by sendMessage(REPORT_SV_STATUS, 0, com.android.server.location.GnssLocationProvider$SvStatusInfo@4dd84b0)
12-24 02:23:00.003  2022  2044 I GnssLocationProvider: WakeLock released by handleMessage(REPORT_SV_STATUS, 0, com.android.server.location.GnssLocationProvider$SvStatusInfo@4dd84b0)
12-24 02:23:01.002  2022  2457 I GnssLocationProvider: WakeLock acquired by sendMessage(REPORT_SV_STATUS, 0, com.android.server.location.GnssLocationProvider$SvStatusInfo@a0e3bdc)
12-24 02:23:01.002  2022  2044 I GnssLocationProvider: WakeLock released by handleMessage(REPORT_SV_STATUS, 0, com.android.server.location.GnssLocationProvider$SvStatusInfo@a0e3bdc)
