12-24 02:21:23.165 15271 15271 I Input   : injectMotionEvent: MotionEvent { action=ACTION_MOVE, actionButton=0, id[0]=0, x[0]=672.0, y[0]=2410.0, toolType[0]=TOOL_TYPE_UNKNOWN, buttonState=0, metaState=0, flags=0x0, edgeFlags=0x0, pointerCount=1, historySize=0, eventTime=2969580, downTime=2969580, deviceId=0, source=0x1002 }
12-24 02:21:23.165 15271 15271 I Input   : injectMotionEvent: MotionEvent { action=ACTION_MOVE, actionButton=0, id[0]=0, x[0]=672.0, y[0]=2410.0, toolType[0]=TOOL_TYPE_UNKNOWN, buttonState=0, metaState=0, flags=0x0, edgeFlags=0x0, pointerCount=1, historySize=0, eventTime=2969581, downTime=2969581, deviceId=0, source=0x1002 }
12-24 02:21:23.166 15271 15271 I Input   : injectMotionEvent: MotionEvent { action=ACTION_MOVE, actionButton=0, id[0]=0, x[0]=672.0, y[0]=2410.0, toolType[0]=TOOL_TYPE_UNKNOWN, buttonState=0, metaState=0, flags=0x0, edgeFlags=0x0, pointerCount=1, historySize=0, eventTime=2969581, downTime=2969581, deviceId=0, source=0x1002 }
12-24 02:21:23.167 15271 15271 I Input   : injectMotionEvent: MotionEvent { action=ACTION_MOVE, actionButton=0, id[0]=0, x[0]=672.0, y[0]=2410.0, toolType[0]=TOOL_TYPE_UNKNOWN, buttonState=0, metaState=0, flags=0x0, edgeFlags=0x0, pointerCount=1, historySize=0, eventTime=2969582, downTime=2969582, deviceId=0, source=0x1002 }
12-24 02:21:23.167 15271 15271 I Input   : injectMotionEvent: MotionEvent { action=ACTION_MOVE, actionButton=0, id[0]=0, x[0]=672.0, y[0]=2410.0, toolType[0]=TOOL_TYPE_UNKNOWN, buttonState=0, metaState=0, flags=0x0, edgeFlags=0x0, pointerCount=1, historySize=0, eventTime=2969582, downTime=2969582, deviceId=0, source=0x1002 }
12-24 02:21:23.168 15271 15271 I Input   : injectMotionEvent: MotionEvent { action=ACTION_MOVE, actionButton=0, id[0]=0, x[0]=672.0, y[0]=2410.0, toolType[0]=TOOL_TYPE_UNKNOWN, buttonState=0, metaState=0, flags=0x0, edgeFlags=0x0, pointerCount=1, historySize=0, eventTime=2969583, downTime=2969583, deviceId=0, source=0x1002 }
12-24 02:21:23.168 15271 15271 I Input   : injectMotionEvent: MotionEvent { action=ACTION_MOVE, actionButton=0, id[0]=0, x[0]=672.0, y[0]=2410.0, toolType[0]=TOOL_TYPE_UNKNOWN, buttonState=0, metaState=0, flags=0x0, edgeFlags=0x0, pointerCount=1, historySize=0, eventTime=2969583, downTime=2969583, deviceId=0, source=0x1002 }
12-24 02:21:23.169 15271 15271 I Input   : injectMotionEvent: MotionEvent { action=ACTION_MOVE, actionButton=0, id[0]=0, x[0]=672.0, y[0]=2410.0, toolType[0]=TOOL_TYPE_UNKNOWN, buttonState=0, metaState=0, flags=0x0, edgeFlags=0x0, pointerCount=1, historySize=0, eventTime=2969584, downTime=2969584, deviceId=0, source=0x1002 }
12-24 02:21:23.169 15271 15271 I Input   : injectMotionEvent: MotionEvent { action=ACTION_MOVE, actionButton=0, id[0]=0, x[0]=672.0, y[0]=2410.0, toolType[0]=TOOL_TYPE_UNKNOWN, buttonState=0, metaState=0, flags=0x0, edgeFlags=0x0, pointerCount=1, historySize=0, eventTime=2969585, downTime=2969585, deviceId=0, source=0x1002 }
12-24 02:21:23.170 15271 15271 I Input   : injectMotionEvent: MotionEvent { action=ACTION_MOVE, actionButton=0, id[0]=0, x[0]=672.0, y[0]=2410.0, toolType[0]=TOOL_TYPE_UNKNOWN, buttonState=0, metaState=0, flags=0x0, edgeFlags=0x0, pointerCount=1, historySize=0, eventTime=2969585, downTime=2969585, deviceId=0, source=0x1002 }
12-24 02:21:23.170 15271 15271 I Input   : injectMotionEvent: MotionEvent { action=ACTION_MOVE, actionButton=0, id[0]=0, x[0]=672.0, y[0]=2410.0, toolType[0]=TOOL_TYPE_UNKNOWN, buttonState=0, metaState=0, flags=0x0, edgeFlags=0x0, pointerCount=1, historySize=0, eventTime=2969586, downTime=2969586, deviceId=0, source=0x1002 }
12-24 02:21:23.171 15271 15271 I Input   : injectMotionEvent: MotionEvent { action=ACTION_MOVE, actionButton=0, id[0]=0, x[0]=672.0, y[0]=2410.0, toolType[0]=TOOL_TYPE_UNKNOWN, buttonState=0, metaState=0, flags=0x0, edgeFlags=0x0, pointerCount=1, historySize=0, eventTime=2969586, downTime=2969586, deviceId=0, source=0x1002 }
12-24 02:21:23.171 15271 15271 I Input   : injectMotionEvent: MotionEvent { action=ACTION_MOVE, actionButton=0, id[0]=0, x[0]=672.0, y[0]=2410.0, toolType[0]=TOOL_TYPE_UNKNOWN, buttonState=0, metaState=0, flags=0x0, edgeFlags=0x0, pointerCount=1, historySize=0, eventTime=2969587, downTime=2969587, deviceId=0, source=0x1002 }
12-24 02:21:23.172 15271 15271 I Input   : injectMotionEvent: MotionEvent { action=ACTION_MOVE, actionButton=0, id[0]=0, x[0]=672.0, y[0]=2410.0, toolType[0]=TOOL_TYPE_UNKNOWN, buttonState=0, metaState=0, flags=0x0, edgeFlags=0x0, pointerCount=1, historySize=0, eventTime=2969588, downTime=2969588, deviceId=0, source=0x1002 }
12-24 02:21:23.173 15271 15271 I Input   : injectMotionEvent: MotionEvent { action=ACTION_MOVE, actionButton=0, id[0]=0, x[0]=672.0, y[0]=2410.0, toolType[0]=TOOL_TYPE_UNKNOWN, buttonState=0, metaState=0, flags=0x0, edgeFlags=0x0, pointerCount=1, historySize=0, eventTime=2969588, downTime=2969588, deviceId=0, source=0x1002 }
12-24 02:21:23.175 15271 15271 I Input   : injectMotionEvent: MotionEvent { action=ACTION_MOVE, actionButton=0, id[0]=0, x[0]=672.0, y[0]=2410.0, toolType[0]=TOOL_TYPE_UNKNOWN, buttonState=0, metaState=0, flags=0x0, edgeFlags=0x0, pointerCount=1, historySize=0, eventTime=2969590, downTime=2969590, deviceId=0, source=0x1002 }
12-24 02:21:23.175 15271 15271 I Input   : injectMotionEvent: MotionEvent { action=ACTION_MOVE, actionButton=0, id[0]=0, x[0]=672.0, y[0]=2410.0, toolType[0]=TOOL_TYPE_UNKNOWN, buttonState=0, metaState=0, flags=0x0, edgeFlags=0x0, pointerCount=1, historySize=0, eventTime=2969590, downTime=2969590, deviceId=0, source=0x1002 }
12-24 02:21:23.181 15271 15271 I Input   : injectMotionEvent: MotionEvent { action=ACTION_MOVE, actionButton=0, id[0]=0, x[0]=672.0, y[0]=2410.0, toolType[0]=TOOL_TYPE_UNKNOWN, buttonState=0, metaState=0, flags=0x0, edgeFlags=0x0, pointerCount=1, historySize=0, eventTime=2969596, downTime=2969596, deviceId=0, source=0x1002 }
12-24 02:21:23.181 15271 15271 I Input   : injectMotionEvent: MotionEvent { action=ACTION_MOVE, actionButton=0, id[0]=0, x[0]=672.0, y[0]=2410.0, toolType[0]=TOOL_TYPE_UNKNOWN, buttonState=0, metaState=0, flags=0x0, edgeFlags=0x0, pointerCount=1, historySize=0, eventTime=2969597, downTime=2969597, deviceId=0, source=0x1002 }
12-24 02:21:23.182 15271 15271 I Input   : injectMotionEvent: MotionEvent { action=ACTION_MOVE, actionButton=0, id[0]=0, x[0]=672.0, y[0]=2410.0, toolType[0]=TOOL_TYPE_UNKNOWN, buttonState=0, metaState=0, flags=0x0, edgeFlags=0x0, pointerCount=1, historySize=0, eventTime=2969598, downTime=2969598, deviceId=0, source=0x1002 }
12-24 02:21:23.183 15271 15271 I Input   : injectMotionEvent: MotionEvent { action=ACTION_MOVE, actionButton=0, id[0]=0, x[0]=672.0, y[0]=2410.0, toolType[0]=TOOL_TYPE_UNKNOWN, buttonState=0, metaState=0, flags=0x0, edgeFlags=0x0, pointerCount=1, historySize=0, eventTime=2969598, downTime=2969598, deviceId=0, source=0x1002 }
12-24 02:21:23.183 15271 15271 I Input   : injectMotionEvent: MotionEvent { action=ACTION_MOVE, actionButton=0, id[0]=0, x[0]=672.0, y[0]=2410.0, toolType[0]=TOOL_TYPE_UNKNOWN, buttonState=0, metaState=0, flags=0x0, edgeFlags=0x0, pointerCount=1, historySize=0, eventTime=2969599, downTime=2969599, deviceId=0, source=0x1002 }
12-24 02:21:23.184 15271 15271 I Input   : injectMotionEvent: MotionEvent { action=ACTION_MOVE, actionButton=0, id[0]=0, x[0]=672.0, y[0]=2410.0, toolType[0]=TOOL_TYPE_UNKNOWN, buttonState=0, metaState=0, flags=0x0, edgeFlags=0x0, pointerCount=1, historySize=0, eventTime=2969599, downTime=2969599, deviceId=0, source=0x1002 }
12-24 02:21:23.185 15271 15271 I Input   : injectMotionEvent: MotionEvent { action=ACTION_MOVE, actionButton=0, id[0]=0, x[0]=672.0, y[0]=2410.0, toolType[0]=TOOL_TYPE_UNKNOWN, buttonState=0, metaState=0, flags=0x0, edgeFlags=0x0, pointerCount=1, historySize=0, eventTime=2969600, downTime=2969600, deviceId=0, source=0x1002 }
12-24 02:21:23.185 15271 15271 I Input   : injectMotionEvent: MotionEvent { action=ACTION_MOVE, actionButton=0, id[0]=0, x[0]=672.0, y[0]=2410.0, toolType[0]=TOOL_TYPE_UNKNOWN, buttonState=0, metaState=0, flags=0x0, edgeFlags=0x0, pointerCount=1, historySize=0, eventTime=2969601, downTime=2969601, deviceId=0, source=0x1002 }
12-24 02:21:23.186 15271 15271 I Input   : injectMotionEvent: MotionEvent { action=ACTION_MOVE, actionButton=0, id[0]=0, x[0]=672.0, y[0]=2410.0, toolType[0]=TOOL_TYPE_UNKNOWN, buttonState=0, metaState=0, flags=0x0, edgeFlags=0x0, pointerCount=1, historySize=0, eventTime=2969601, downTime=2969601, deviceId=0, source=0x1002 }
12-24 02:21:23.187 15271 15271 I Input   : injectMotionEvent: MotionEvent { action=ACTION_MOVE, actionButton=0, id[0]=0, x[0]=672.0, y[0]=2410.0, toolType[0]=TOOL_TYPE_UNKNOWN, buttonState=0, metaState=0, flags=0x0, edgeFlags=0x0, pointerCount=1, historySize=0, eventTime=2969602, downTime=2969602, deviceId=0, source=0x1002 }
12-24 02:21:23.187 15271 15271 I Input   : injectMotionEvent: MotionEvent { action=ACTION_MOVE, actionButton=0, id[0]=0, x[0]=672.0, y[0]=2410.0, toolType[0]=TOOL_TYPE_UNKNOWN, buttonState=0, metaState=0, flags=0x0, edgeFlags=0x0, pointerCount=1, historySize=0, eventTime=2969602, downTime=2969602, deviceId=0, source=0x1002 }
12-24 02:21:23.188 15271 15271 I Input   : injectMotionEvent: MotionEvent { action=ACTION_MOVE, actionButton=0, id[0]=0, x[0]=672.0, y[0]=2410.0, toolType[0]=TOOL_TYPE_UNKNOWN, buttonState=0, metaState=0, flags=0x0, edgeFlags=0x0, pointerCount=1, historySize=0, eventTime=2969603, downTime=2969603, deviceId=0, source=0x1002 }
12-24 02:21:23.189 15271 15271 I Input   : injectMotionEvent: MotionEvent { action=ACTION_MOVE, actionButton=0, id[0]=0, x[0]=672.0, y[0]=2410.0, toolType[0]=TOOL_TYPE_UNKNOWN, buttonState=0, metaState=0, flags=0x0, edgeFlags=0x0, pointerCount=1, historySize=0, eventTime=2969604, downTime=2969604, deviceId=0, source=0x1002 }
12-24 02:21:23.189 15271 15271 I Input   : injectMotionEvent: MotionEvent { action=ACTION_MOVE, actionButton=0, id[0]=0, x[0]=672.0, y[0]=2410.0, toolType[0]=TOOL_TYPE_UNKNOWN, buttonState=0, metaState=0, flags=0x0, edgeFlags=0x0, pointerCount=1, historySize=0, eventTime=2969604, downTime=2969604, deviceId=0, source=0x1002 }
12-24 02:21:23.190 15271 15271 I Input   : injectMotionEvent: MotionEvent { action=ACTION_MOVE, actionButton=0, id[0]=0, x[0]=672.0, y[0]=2410.0, toolType[0]=TOOL_TYPE_UNKNOWN, buttonState=0, metaState=0, flags=0x0, edgeFlags=0x0, pointerCount=1, historySize=0, eventTime=2969605, downTime=2969605, deviceId=0, source=0x1002 }
12-24 02:21:23.190 15271 15271 I Input   : injectMotionEvent: MotionEvent { action=ACTION_MOVE, actionButton=0, id[0]=0, x[0]=672.0, y[0]=2410.0, toolType[0]=TOOL_TYPE_UNKNOWN, buttonState=0, metaState=0, flags=0x0, edgeFlags=0x0, pointerCount=1, historySize=0, eventTime=2969606, downTime=2969606, deviceId=0, source=0x1002 }
12-24 02:21:23.190  2022  2080 I chatty  : uid=1000(system) Binder:2022_3 identical 38 lines
12-24 02:21:23.190  2022  2080 W InputManager: Input event injection from pid 15271 failed.
12-24 02:21:23.191  2022  4647 W InputManager: Input event injection from pid 15271 failed.
12-24 02:21:23.191 15271 15271 I chatty  : uid=2000(shell) main identical 1 line
12-24 02:21:23.191 15271 15271 I Input   : injectMotionEvent: MotionEvent { action=ACTION_MOVE, actionButton=0, id[0]=0, x[0]=672.0, y[0]=2410.0, toolType[0]=TOOL_TYPE_UNKNOWN, buttonState=0, metaState=0, flags=0x0, edgeFlags=0x0, pointerCount=1, historySize=0, eventTime=2969606, downTime=2969606, deviceId=0, source=0x1002 }
12-24 02:21:23.192 15271 15271 I Input   : injectMotionEvent: MotionEvent { action=ACTION_MOVE, actionButton=0, id[0]=0, x[0]=672.0, y[0]=2410.0, toolType[0]=TOOL_TYPE_UNKNOWN, buttonState=0, metaState=0, flags=0x0, edgeFlags=0x0, pointerCount=1, historySize=0, eventTime=2969607, downTime=2969607, deviceId=0, source=0x1002 }
12-24 02:21:23.192 15271 15271 I Input   : injectMotionEvent: MotionEvent { action=ACTION_MOVE, actionButton=0, id[0]=0, x[0]=672.0, y[0]=2410.0, toolType[0]=TOOL_TYPE_UNKNOWN, buttonState=0, metaState=0, flags=0x0, edgeFlags=0x0, pointerCount=1, historySize=0, eventTime=2969608, downTime=2969608, deviceId=0, source=0x1002 }
12-24 02:21:23.193 15271 15271 I Input   : injectMotionEvent: MotionEvent { action=ACTION_MOVE, actionButton=0, id[0]=0, x[0]=672.0, y[0]=2410.0, toolType[0]=TOOL_TYPE_UNKNOWN, buttonState=0, metaState=0, flags=0x0, edgeFlags=0x0, pointerCount=1, historySize=0, eventTime=2969608, downTime=2969608, deviceId=0, source=0x1002 }
12-24 02:21:23.193 15271 15271 I Input   : injectMotionEvent: MotionEvent { action=ACTION_MOVE, actionButton=0, id[0]=0, x[0]=672.0, y[0]=2410.0, toolType[0]=TOOL_TYPE_UNKNOWN, buttonState=0, metaState=0, flags=0x0, edgeFlags=0x0, pointerCount=1, historySize=0, eventTime=2969609, downTime=2969609, deviceId=0, source=0x1002 }
12-24 02:21:23.194 15271 15271 I chatty  : uid=2000(shell) main identical 1 line
12-24 02:21:23.194 15271 15271 I Input   : injectMotionEvent: MotionEvent { action=ACTION_MOVE, actionButton=0, id[0]=0, x[0]=672.0, y[0]=2410.0, toolType[0]=TOOL_TYPE_UNKNOWN, buttonState=0, metaState=0, flags=0x0, edgeFlags=0x0, pointerCount=1, historySize=0, eventTime=2969609, downTime=2969609, deviceId=0, source=0x1002 }
12-24 02:21:23.194 15271 15271 I Input   : injectMotionEvent: MotionEvent { action=ACTION_MOVE, actionButton=0, id[0]=0, x[0]=672.0, y[0]=2410.0, toolType[0]=TOOL_TYPE_UNKNOWN, buttonState=0, metaState=0, flags=0x0, edgeFlags=0x0, pointerCount=1, historySize=0, eventTime=2969610, downTime=2969610, deviceId=0, source=0x1002 }
12-24 02:21:23.196 15271 15271 I Input   : injectMotionEvent: MotionEvent { action=ACTION_MOVE, actionButton=0, id[0]=0, x[0]=672.0, y[0]=2410.0, toolType[0]=TOOL_TYPE_UNKNOWN, buttonState=0, metaState=0, flags=0x0, edgeFlags=0x0, pointerCount=1, historySize=0, eventTime=2969611, downTime=2969611, deviceId=0, source=0x1002 }
12-24 02:21:23.196 15271 15271 I Input   : injectMotionEvent: MotionEvent { action=ACTION_MOVE, actionButton=0, id[0]=0, x[0]=672.0, y[0]=2410.0, toolType[0]=TOOL_TYPE_UNKNOWN, buttonState=0, metaState=0, flags=0x0, edgeFlags=0x0, pointerCount=1, historySize=0, eventTime=2969612, downTime=2969612, deviceId=0, source=0x1002 }
12-24 02:21:23.197 15271 15271 I Input   : injectMotionEvent: MotionEvent { action=ACTION_MOVE, actionButton=0, id[0]=0, x[0]=672.0, y[0]=2410.0, toolType[0]=TOOL_TYPE_UNKNOWN, buttonState=0, metaState=0, flags=0x0, edgeFlags=0x0, pointerCount=1, historySize=0, eventTime=2969613, downTime=2969613, deviceId=0, source=0x1002 }
12-24 02:21:23.198 15271 15271 I Input   : injectMotionEvent: MotionEvent { action=ACTION_MOVE, actionButton=0, id[0]=0, x[0]=672.0, y[0]=2410.0, toolType[0]=TOOL_TYPE_UNKNOWN, buttonState=0, metaState=0, flags=0x0, edgeFlags=0x0, pointerCount=1, historySize=0, eventTime=2969613, downTime=2969613, deviceId=0, source=0x1002 }
12-24 02:21:23.198 15271 15271 I Input   : injectMotionEvent: MotionEvent { action=ACTION_MOVE, actionButton=0, id[0]=0, x[0]=672.0, y[0]=2410.0, toolType[0]=TOOL_TYPE_UNKNOWN, buttonState=0, metaState=0, flags=0x0, edgeFlags=0x0, pointerCount=1, historySize=0, eventTime=2969614, downTime=2969614, deviceId=0, source=0x1002 }
12-24 02:21:23.199 15271 15271 I Input   : injectMotionEvent: MotionEvent { action=ACTION_MOVE, actionButton=0, id[0]=0, x[0]=672.0, y[0]=2410.0, toolType[0]=TOOL_TYPE_UNKNOWN, buttonState=0, metaState=0, flags=0x0, edgeFlags=0x0, pointerCount=1, historySize=0, eventTime=2969614, downTime=2969614, deviceId=0, source=0x1002 }
12-24 02:21:23.199 15271 15271 I Input   : injectMotionEvent: MotionEvent { action=ACTION_MOVE, actionButton=0, id[0]=0, x[0]=672.0, y[0]=2410.0, toolType[0]=TOOL_TYPE_UNKNOWN, buttonState=0, metaState=0, flags=0x0, edgeFlags=0x0, pointerCount=1, historySize=0, eventTime=2969615, downTime=2969615, deviceId=0, source=0x1002 }
12-24 02:21:23.200 15271 15271 I Input   : injectMotionEvent: MotionEvent { action=ACTION_MOVE, actionButton=0, id[0]=0, x[0]=672.0, y[0]=2410.0, toolType[0]=TOOL_TYPE_UNKNOWN, buttonState=0, metaState=0, flags=0x0, edgeFlags=0x0, pointerCount=1, historySize=0, eventTime=2969615, downTime=2969615, deviceId=0, source=0x1002 }
12-24 02:21:23.200 15271 15271 I Input   : injectMotionEvent: MotionEvent { action=ACTION_MOVE, actionButton=0, id[0]=0, x[0]=672.0, y[0]=2410.0, toolType[0]=TOOL_TYPE_UNKNOWN, buttonState=0, metaState=0, flags=0x0, edgeFlags=0x0, pointerCount=1, historySize=0, eventTime=2969616, downTime=2969616, deviceId=0, source=0x1002 }
12-24 02:21:23.201 15271 15271 I Input   : injectMotionEvent: MotionEvent { action=ACTION_MOVE, actionButton=0, id[0]=0, x[0]=672.0, y[0]=2410.0, toolType[0]=TOOL_TYPE_UNKNOWN, buttonState=0, metaState=0, flags=0x0, edgeFlags=0x0, pointerCount=1, historySize=0, eventTime=2969616, downTime=2969616, deviceId=0, source=0x1002 }
12-24 02:21:23.202 15271 15271 I Input   : injectMotionEvent: MotionEvent { action=ACTION_MOVE, actionButton=0, id[0]=0, x[0]=672.0, y[0]=2410.0, toolType[0]=TOOL_TYPE_UNKNOWN, buttonState=0, metaState=0, flags=0x0, edgeFlags=0x0, pointerCount=1, historySize=0, eventTime=2969617, downTime=2969617, deviceId=0, source=0x1002 }
12-24 02:21:23.202 15271 15271 I Input   : injectMotionEvent: MotionEvent { action=ACTION_MOVE, actionButton=0, id[0]=0, x[0]=672.0, y[0]=2410.0, toolType[0]=TOOL_TYPE_UNKNOWN, buttonState=0, metaState=0, flags=0x0, edgeFlags=0x0, pointerCount=1, historySize=0, eventTime=2969617, downTime=2969617, deviceId=0, source=0x1002 }
12-24 02:21:23.202 15271 15271 I Input   : injectMotionEvent: MotionEvent { action=ACTION_MOVE, actionButton=0, id[0]=0, x[0]=672.0, y[0]=2410.0, toolType[0]=TOOL_TYPE_UNKNOWN, buttonState=0, metaState=0, flags=0x0, edgeFlags=0x0, pointerCount=1, historySize=0, eventTime=2969618, downTime=2969618, deviceId=0, source=0x1002 }
12-24 02:21:23.203 15271 15271 I Input   : injectMotionEvent: MotionEvent { action=ACTION_MOVE, actionButton=0, id[0]=0, x[0]=672.0, y[0]=2410.0, toolType[0]=TOOL_TYPE_UNKNOWN, buttonState=0, metaState=0, flags=0x0, edgeFlags=0x0, pointerCount=1, historySize=0, eventTime=2969618, downTime=2969618, deviceId=0, source=0x1002 }
12-24 02:21:23.203 15271 15271 I Input   : injectMotionEvent: MotionEvent { action=ACTION_MOVE, actionButton=0, id[0]=0, x[0]=672.0, y[0]=2410.0, toolType[0]=TOOL_TYPE_UNKNOWN, buttonState=0, metaState=0, flags=0x0, edgeFlags=0x0, pointerCount=1, historySize=0, eventTime=2969619, downTime=2969619, deviceId=0, source=0x1002 }
12-24 02:21:23.204 15271 15271 I Input   : injectMotionEvent: MotionEvent { action=ACTION_MOVE, actionButton=0, id[0]=0, x[0]=672.0, y[0]=2410.0, toolType[0]=TOOL_TYPE_UNKNOWN, buttonState=0, metaState=0, flags=0x0, edgeFlags=0x0, pointerCount=1, historySize=0, eventTime=2969619, downTime=2969619, deviceId=0, source=0x1002 }
12-24 02:21:23.205 15271 15271 I Input   : injectMotionEvent: MotionEvent { action=ACTION_MOVE, actionButton=0, id[0]=0, x[0]=672.0, y[0]=2410.0, toolType[0]=TOOL_TYPE_UNKNOWN, buttonState=0, metaState=0, flags=0x0, edgeFlags=0x0, pointerCount=1, historySize=0, eventTime=2969621, downTime=2969621, deviceId=0, source=0x1002 }
12-24 02:21:23.206 15271 15271 I Input   : injectMotionEvent: MotionEvent { action=ACTION_MOVE, actionButton=0, id[0]=0, x[0]=672.0, y[0]=2410.0, toolType[0]=TOOL_TYPE_UNKNOWN, buttonState=0, metaState=0, flags=0x0, edgeFlags=0x0, pointerCount=1, historySize=0, eventTime=2969622, downTime=2969622, deviceId=0, source=0x1002 }
12-24 02:21:23.206  2022  4647 I chatty  : uid=1000(system) Binder:2022_19 identical 26 lines
12-24 02:21:23.207  2022  4647 W InputManager: Input event injection from pid 15271 failed.
12-24 02:21:23.207  2022  2080 W InputManager: Input event injection from pid 15271 failed.
12-24 02:21:23.207 15271 15271 I Input   : injectMotionEvent: MotionEvent { action=ACTION_MOVE, actionButton=0, id[0]=0, x[0]=672.0, y[0]=2410.0, toolType[0]=TOOL_TYPE_UNKNOWN, buttonState=0, metaState=0, flags=0x0, edgeFlags=0x0, pointerCount=1, historySize=0, eventTime=2969622, downTime=2969622, deviceId=0, source=0x1002 }
12-24 02:21:23.207 15271 15271 I Input   : injectMotionEvent: MotionEvent { action=ACTION_MOVE, actionButton=0, id[0]=0, x[0]=672.0, y[0]=2410.0, toolType[0]=TOOL_TYPE_UNKNOWN, buttonState=0, metaState=0, flags=0x0, edgeFlags=0x0, pointerCount=1, historySize=0, eventTime=2969623, downTime=2969623, deviceId=0, source=0x1002 }
12-24 02:21:23.208 15271 15271 I Input   : injectMotionEvent: MotionEvent { action=ACTION_MOVE, actionButton=0, id[0]=0, x[0]=672.0, y[0]=2410.0, toolType[0]=TOOL_TYPE_UNKNOWN, buttonState=0, metaState=0, flags=0x0, edgeFlags=0x0, pointerCount=1, historySize=0, eventTime=2969623, downTime=2969623, deviceId=0, source=0x1002 }
12-24 02:21:23.208 15271 15271 I Input   : injectMotionEvent: MotionEvent { action=ACTION_MOVE, actionButton=0, id[0]=0, x[0]=672.0, y[0]=2410.0, toolType[0]=TOOL_TYPE_UNKNOWN, buttonState=0, metaState=0, flags=0x0, edgeFlags=0x0, pointerCount=1, historySize=0, eventTime=2969624, downTime=2969624, deviceId=0, source=0x1002 }
12-24 02:21:23.209 15271 15271 I Input   : injectMotionEvent: MotionEvent { action=ACTION_MOVE, actionButton=0, id[0]=0, x[0]=672.0, y[0]=2410.0, toolType[0]=TOOL_TYPE_UNKNOWN, buttonState=0, metaState=0, flags=0x0, edgeFlags=0x0, pointerCount=1, historySize=0, eventTime=2969624, downTime=2969624, deviceId=0, source=0x1002 }
12-24 02:21:23.210 15271 15271 I Input   : injectMotionEvent: MotionEvent { action=ACTION_MOVE, actionButton=0, id[0]=0, x[0]=672.0, y[0]=2410.0, toolType[0]=TOOL_TYPE_UNKNOWN, buttonState=0, metaState=0, flags=0x0, edgeFlags=0x0, pointerCount=1, historySize=0, eventTime=2969625, downTime=2969625, deviceId=0, source=0x1002 }
12-24 02:21:23.210 15271 15271 I Input   : injectMotionEvent: MotionEvent { action=ACTION_MOVE, actionButton=0, id[0]=0, x[0]=672.0, y[0]=2410.0, toolType[0]=TOOL_TYPE_UNKNOWN, buttonState=0, metaState=0, flags=0x0, edgeFlags=0x0, pointerCount=1, historySize=0, eventTime=2969625, downTime=2969625, deviceId=0, source=0x1002 }
12-24 02:21:23.211 15271 15271 I Input   : injectMotionEvent: MotionEvent { action=ACTION_MOVE, actionButton=0, id[0]=0, x[0]=672.0, y[0]=2410.0, toolType[0]=TOOL_TYPE_UNKNOWN, buttonState=0, metaState=0, flags=0x0, edgeFlags=0x0, pointerCount=1, historySize=0, eventTime=2969626, downTime=2969626, deviceId=0, source=0x1002 }
12-24 02:21:23.211 15271 15271 I Input   : injectMotionEvent: MotionEvent { action=ACTION_MOVE, actionButton=0, id[0]=0, x[0]=672.0, y[0]=2410.0, toolType[0]=TOOL_TYPE_UNKNOWN, buttonState=0, metaState=0, flags=0x0, edgeFlags=0x0, pointerCount=1, historySize=0, eventTime=2969627, downTime=2969627, deviceId=0, source=0x1002 }
12-24 02:21:23.212 15271 15271 I Input   : injectMotionEvent: MotionEvent { action=ACTION_MOVE, actionButton=0, id[0]=0, x[0]=672.0, y[0]=2410.0, toolType[0]=TOOL_TYPE_UNKNOWN, buttonState=0, metaState=0, flags=0x0, edgeFlags=0x0, pointerCount=1, historySize=0, eventTime=2969627, downTime=2969627, deviceId=0, source=0x1002 }
12-24 02:21:23.212 15271 15271 I Input   : injectMotionEvent: MotionEvent { action=ACTION_MOVE, actionButton=0, id[0]=0, x[0]=672.0, y[0]=2410.0, toolType[0]=TOOL_TYPE_UNKNOWN, buttonState=0, metaState=0, flags=0x0, edgeFlags=0x0, pointerCount=1, historySize=0, eventTime=2969628, downTime=2969628, deviceId=0, source=0x1002 }
12-24 02:21:23.213 15271 15271 I Input   : injectMotionEvent: MotionEvent { action=ACTION_MOVE, actionButton=0, id[0]=0, x[0]=672.0, y[0]=2410.0, toolType[0]=TOOL_TYPE_UNKNOWN, buttonState=0, metaState=0, flags=0x0, edgeFlags=0x0, pointerCount=1, historySize=0, eventTime=2969628, downTime=2969628, deviceId=0, source=0x1002 }
12-24 02:21:23.213 15271 15271 I Input   : injectMotionEvent: MotionEvent { action=ACTION_MOVE, actionButton=0, id[0]=0, x[0]=672.0, y[0]=2410.0, toolType[0]=TOOL_TYPE_UNKNOWN, buttonState=0, metaState=0, flags=0x0, edgeFlags=0x0, pointerCount=1, historySize=0, eventTime=2969629, downTime=2969629, deviceId=0, source=0x1002 }
12-24 02:21:23.214 15271 15271 I Input   : injectMotionEvent: MotionEvent { action=ACTION_MOVE, actionButton=0, id[0]=0, x[0]=672.0, y[0]=2410.0, toolType[0]=TOOL_TYPE_UNKNOWN, buttonState=0, metaState=0, flags=0x0, edgeFlags=0x0, pointerCount=1, historySize=0, eventTime=2969629, downTime=2969629, deviceId=0, source=0x1002 }
12-24 02:21:23.215 15271 15271 I Input   : injectMotionEvent: MotionEvent { action=ACTION_MOVE, actionButton=0, id[0]=0, x[0]=672.0, y[0]=2410.0, toolType[0]=TOOL_TYPE_UNKNOWN, buttonState=0, metaState=0, flags=0x0, edgeFlags=0x0, pointerCount=1, historySize=0, eventTime=2969630, downTime=2969630, deviceId=0, source=0x1002 }
12-24 02:21:23.215 15271 15271 I Input   : injectMotionEvent: MotionEvent { action=ACTION_MOVE, actionButton=0, id[0]=0, x[0]=672.0, y[0]=2410.0, toolType[0]=TOOL_TYPE_UNKNOWN, buttonState=0, metaState=0, flags=0x0, edgeFlags=0x0, pointerCount=1, historySize=0, eventTime=2969631, downTime=2969631, deviceId=0, source=0x1002 }
12-24 02:21:23.216 15271 15271 I Input   : injectMotionEvent: MotionEvent { action=ACTION_MOVE, actionButton=0, id[0]=0, x[0]=672.0, y[0]=2410.0, toolType[0]=TOOL_TYPE_UNKNOWN, buttonState=0, metaState=0, flags=0x0, edgeFlags=0x0, pointerCount=1, historySize=0, eventTime=2969631, downTime=2969631, deviceId=0, source=0x1002 }
12-24 02:21:23.216 15271 15271 I Input   : injectMotionEvent: MotionEvent { action=ACTION_MOVE, actionButton=0, id[0]=0, x[0]=672.0, y[0]=2410.0, toolType[0]=TOOL_TYPE_UNKNOWN, buttonState=0, metaState=0, flags=0x0, edgeFlags=0x0, pointerCount=1, historySize=0, eventTime=2969632, downTime=2969632, deviceId=0, source=0x1002 }
12-24 02:21:23.217 15271 15271 I Input   : injectMotionEvent: MotionEvent { action=ACTION_MOVE, actionButton=0, id[0]=0, x[0]=672.0, y[0]=2410.0, toolType[0]=TOOL_TYPE_UNKNOWN, buttonState=0, metaState=0, flags=0x0, edgeFlags=0x0, pointerCount=1, historySize=0, eventTime=2969632, downTime=2969632, deviceId=0, source=0x1002 }
12-24 02:21:23.217 15271 15271 I Input   : injectMotionEvent: MotionEvent { action=ACTION_MOVE, actionButton=0, id[0]=0, x[0]=672.0, y[0]=2410.0, toolType[0]=TOOL_TYPE_UNKNOWN, buttonState=0, metaState=0, flags=0x0, edgeFlags=0x0, pointerCount=1, historySize=0, eventTime=2969633, downTime=2969633, deviceId=0, source=0x1002 }
12-24 02:21:23.217  2022  2080 I chatty  : uid=1000(system) Binder:2022_3 identical 18 lines
12-24 02:21:23.217  2022  2080 W InputManager: Input event injection from pid 15271 failed.
12-24 02:21:23.218  2022  4647 W InputManager: Input event injection from pid 15271 failed.
12-24 02:21:23.218 15271 15271 I Input   : injectMotionEvent: MotionEvent { action=ACTION_MOVE, actionButton=0, id[0]=0, x[0]=672.0, y[0]=2410.0, toolType[0]=TOOL_TYPE_UNKNOWN, buttonState=0, metaState=0, flags=0x0, edgeFlags=0x0, pointerCount=1, historySize=0, eventTime=2969633, downTime=2969633, deviceId=0, source=0x1002 }
12-24 02:21:23.218 15271 15271 I Input   : injectMotionEvent: MotionEvent { action=ACTION_MOVE, actionButton=0, id[0]=0, x[0]=672.0, y[0]=2410.0, toolType[0]=TOOL_TYPE_UNKNOWN, buttonState=0, metaState=0, flags=0x0, edgeFlags=0x0, pointerCount=1, historySize=0, eventTime=2969634, downTime=2969634, deviceId=0, source=0x1002 }
12-24 02:21:23.219 15271 15271 I Input   : injectMotionEvent: MotionEvent { action=ACTION_MOVE, actionButton=0, id[0]=0, x[0]=672.0, y[0]=2410.0, toolType[0]=TOOL_TYPE_UNKNOWN, buttonState=0, metaState=0, flags=0x0, edgeFlags=0x0, pointerCount=1, historySize=0, eventTime=2969634, downTime=2969634, deviceId=0, source=0x1002 }
12-24 02:21:23.219 15271 15271 I Input   : injectMotionEvent: MotionEvent { action=ACTION_MOVE, actionButton=0, id[0]=0, x[0]=672.0, y[0]=2410.0, toolType[0]=TOOL_TYPE_UNKNOWN, buttonState=0, metaState=0, flags=0x0, edgeFlags=0x0, pointerCount=1, historySize=0, eventTime=2969635, downTime=2969635, deviceId=0, source=0x1002 }
12-24 02:21:23.220 15271 15271 I Input   : injectMotionEvent: MotionEvent { action=ACTION_MOVE, actionButton=0, id[0]=0, x[0]=672.0, y[0]=2410.0, toolType[0]=TOOL_TYPE_UNKNOWN, buttonState=0, metaState=0, flags=0x0, edgeFlags=0x0, pointerCount=1, historySize=0, eventTime=2969635, downTime=2969635, deviceId=0, source=0x1002 }
12-24 02:21:23.220 15271 15271 I Input   : injectMotionEvent: MotionEvent { action=ACTION_MOVE, actionButton=0, id[0]=0, x[0]=672.0, y[0]=2410.0, toolType[0]=TOOL_TYPE_UNKNOWN, buttonState=0, metaState=0, flags=0x0, edgeFlags=0x0, pointerCount=1, historySize=0, eventTime=2969636, downTime=2969636, deviceId=0, source=0x1002 }
12-24 02:21:23.221 15271 15271 I Input   : injectMotionEvent: MotionEvent { action=ACTION_MOVE, actionButton=0, id[0]=0, x[0]=672.0, y[0]=2410.0, toolType[0]=TOOL_TYPE_UNKNOWN, buttonState=0, metaState=0, flags=0x0, edgeFlags=0x0, pointerCount=1, historySize=0, eventTime=2969636, downTime=2969636, deviceId=0, source=0x1002 }
12-24 02:21:23.221 15271 15271 I Input   : injectMotionEvent: MotionEvent { action=ACTION_MOVE, actionButton=0, id[0]=0, x[0]=672.0, y[0]=2410.0, toolType[0]=TOOL_TYPE_UNKNOWN, buttonState=0, metaState=0, flags=0x0, edgeFlags=0x0, pointerCount=1, historySize=0, eventTime=2969637, downTime=2969637, deviceId=0, source=0x1002 }
12-24 02:21:23.222 15271 15271 I Input   : injectMotionEvent: MotionEvent { action=ACTION_MOVE, actionButton=0, id[0]=0, x[0]=672.0, y[0]=2410.0, toolType[0]=TOOL_TYPE_UNKNOWN, buttonState=0, metaState=0, flags=0x0, edgeFlags=0x0, pointerCount=1, historySize=0, eventTime=2969637, downTime=2969637, deviceId=0, source=0x1002 }
12-24 02:21:23.222 15271 15271 I Input   : injectMotionEvent: MotionEvent { action=ACTION_MOVE, actionButton=0, id[0]=0, x[0]=672.0, y[0]=2410.0, toolType[0]=TOOL_TYPE_UNKNOWN, buttonState=0, metaState=0, flags=0x0, edgeFlags=0x0, pointerCount=1, historySize=0, eventTime=2969638, downTime=2969638, deviceId=0, source=0x1002 }
12-24 02:21:23.225 15271 15271 I Input   : injectMotionEvent: MotionEvent { action=ACTION_MOVE, actionButton=0, id[0]=0, x[0]=672.0, y[0]=2410.0, toolType[0]=TOOL_TYPE_UNKNOWN, buttonState=0, metaState=0, flags=0x0, edgeFlags=0x0, pointerCount=1, historySize=0, eventTime=2969640, downTime=2969640, deviceId=0, source=0x1002 }
12-24 02:21:23.225 15271 15271 I Input   : injectMotionEvent: MotionEvent { action=ACTION_MOVE, actionButton=0, id[0]=0, x[0]=672.0, y[0]=2410.0, toolType[0]=TOOL_TYPE_UNKNOWN, buttonState=0, metaState=0, flags=0x0, edgeFlags=0x0, pointerCount=1, historySize=0, eventTime=2969641, downTime=2969641, deviceId=0, source=0x1002 }
12-24 02:21:23.226 15271 15271 I Input   : injectMotionEvent: MotionEvent { action=ACTION_MOVE, actionButton=0, id[0]=0, x[0]=672.0, y[0]=2410.0, toolType[0]=TOOL_TYPE_UNKNOWN, buttonState=0, metaState=0, flags=0x0, edgeFlags=0x0, pointerCount=1, historySize=0, eventTime=2969641, downTime=2969641, deviceId=0, source=0x1002 }
12-24 02:21:23.226 15271 15271 I Input   : injectMotionEvent: MotionEvent { action=ACTION_MOVE, actionButton=0, id[0]=0, x[0]=672.0, y[0]=2410.0, toolType[0]=TOOL_TYPE_UNKNOWN, buttonState=0, metaState=0, flags=0x0, edgeFlags=0x0, pointerCount=1, historySize=0, eventTime=2969642, downTime=2969642, deviceId=0, source=0x1002 }
12-24 02:21:23.227  1857  1893 W SurfaceFlinger: Attempting to set client state on removed layer: com.ichi2.anki/com.ichi2.anki.DeckPicker#0
12-24 02:21:23.227  1857  1893 W SurfaceFlinger: Attempting to set client state on removed layer: Dim Layer for - Task=15#0
12-24 02:21:23.227  1857  1893 W SurfaceFlinger: Attempting to destroy on removed layer: com.ichi2.anki/com.ichi2.anki.DeckPicker#0
12-24 02:21:23.227  1857  1893 W SurfaceFlinger: Attempting to destroy on removed layer: Dim Layer for - Task=15#0
12-24 02:21:23.227 15271 15271 I Input   : injectMotionEvent: MotionEvent { action=ACTION_MOVE, actionButton=0, id[0]=0, x[0]=672.0, y[0]=2410.0, toolType[0]=TOOL_TYPE_UNKNOWN, buttonState=0, metaState=0, flags=0x0, edgeFlags=0x0, pointerCount=1, historySize=0, eventTime=2969643, downTime=2969643, deviceId=0, source=0x1002 }
12-24 02:21:23.228 15271 15271 I Input   : injectMotionEvent: MotionEvent { action=ACTION_MOVE, actionButton=0, id[0]=0, x[0]=672.0, y[0]=2410.0, toolType[0]=TOOL_TYPE_UNKNOWN, buttonState=0, metaState=0, flags=0x0, edgeFlags=0x0, pointerCount=1, historySize=0, eventTime=2969643, downTime=2969643, deviceId=0, source=0x1002 }
12-24 02:21:23.228 15271 15271 I Input   : injectMotionEvent: MotionEvent { action=ACTION_MOVE, actionButton=0, id[0]=0, x[0]=672.0, y[0]=2410.0, toolType[0]=TOOL_TYPE_UNKNOWN, buttonState=0, metaState=0, flags=0x0, edgeFlags=0x0, pointerCount=1, historySize=0, eventTime=2969644, downTime=2969644, deviceId=0, source=0x1002 }
12-24 02:21:23.229 15271 15271 I Input   : injectMotionEvent: MotionEvent { action=ACTION_MOVE, actionButton=0, id[0]=0, x[0]=672.0, y[0]=2410.0, toolType[0]=TOOL_TYPE_UNKNOWN, buttonState=0, metaState=0, flags=0x0, edgeFlags=0x0, pointerCount=1, historySize=0, eventTime=2969644, downTime=2969644, deviceId=0, source=0x1002 }
12-24 02:21:23.229 15271 15271 I Input   : injectMotionEvent: MotionEvent { action=ACTION_MOVE, actionButton=0, id[0]=0, x[0]=672.0, y[0]=2410.0, toolType[0]=TOOL_TYPE_UNKNOWN, buttonState=0, metaState=0, flags=0x0, edgeFlags=0x0, pointerCount=1, historySize=0, eventTime=2969645, downTime=2969645, deviceId=0, source=0x1002 }
12-24 02:21:23.230 15271 15271 I Input   : injectMotionEvent: MotionEvent { action=ACTION_MOVE, actionButton=0, id[0]=0, x[0]=672.0, y[0]=2410.0, toolType[0]=TOOL_TYPE_UNKNOWN, buttonState=0, metaState=0, flags=0x0, edgeFlags=0x0, pointerCount=1, historySize=0, eventTime=2969645, downTime=2969645, deviceId=0, source=0x1002 }
12-24 02:21:23.231 15271 15271 I Input   : injectMotionEvent: MotionEvent { action=ACTION_MOVE, actionButton=0, id[0]=0, x[0]=672.0, y[0]=2410.0, toolType[0]=TOOL_TYPE_UNKNOWN, buttonState=0, metaState=0, flags=0x0, edgeFlags=0x0, pointerCount=1, historySize=0, eventTime=2969646, downTime=2969646, deviceId=0, source=0x1002 }
12-24 02:21:23.231 15271 15271 I Input   : injectMotionEvent: MotionEvent { action=ACTION_MOVE, actionButton=0, id[0]=0, x[0]=672.0, y[0]=2410.0, toolType[0]=TOOL_TYPE_UNKNOWN, buttonState=0, metaState=0, flags=0x0, edgeFlags=0x0, pointerCount=1, historySize=0, eventTime=2969646, downTime=2969646, deviceId=0, source=0x1002 }
12-24 02:21:23.232 15271 15271 I Input   : injectMotionEvent: MotionEvent { action=ACTION_MOVE, actionButton=0, id[0]=0, x[0]=672.0, y[0]=2410.0, toolType[0]=TOOL_TYPE_UNKNOWN, buttonState=0, metaState=0, flags=0x0, edgeFlags=0x0, pointerCount=1, historySize=0, eventTime=2969647, downTime=2969647, deviceId=0, source=0x1002 }
12-24 02:21:23.232 15271 15271 I Input   : injectMotionEvent: MotionEvent { action=ACTION_MOVE, actionButton=0, id[0]=0, x[0]=672.0, y[0]=2410.0, toolType[0]=TOOL_TYPE_UNKNOWN, buttonState=0, metaState=0, flags=0x0, edgeFlags=0x0, pointerCount=1, historySize=0, eventTime=2969647, downTime=2969647, deviceId=0, source=0x1002 }
12-24 02:21:23.232 15271 15271 I Input   : injectMotionEvent: MotionEvent { action=ACTION_MOVE, actionButton=0, id[0]=0, x[0]=672.0, y[0]=2410.0, toolType[0]=TOOL_TYPE_UNKNOWN, buttonState=0, metaState=0, flags=0x0, edgeFlags=0x0, pointerCount=1, historySize=0, eventTime=2969648, downTime=2969648, deviceId=0, source=0x1002 }
12-24 02:21:23.233 15271 15271 I Input   : injectMotionEvent: MotionEvent { action=ACTION_MOVE, actionButton=0, id[0]=0, x[0]=672.0, y[0]=2410.0, toolType[0]=TOOL_TYPE_UNKNOWN, buttonState=0, metaState=0, flags=0x0, edgeFlags=0x0, pointerCount=1, historySize=0, eventTime=2969648, downTime=2969648, deviceId=0, source=0x1002 }
12-24 02:21:23.233 15271 15271 I Input   : injectMotionEvent: MotionEvent { action=ACTION_MOVE, actionButton=0, id[0]=0, x[0]=672.0, y[0]=2410.0, toolType[0]=TOOL_TYPE_UNKNOWN, buttonState=0, metaState=0, flags=0x0, edgeFlags=0x0, pointerCount=1, historySize=0, eventTime=2969649, downTime=2969649, deviceId=0, source=0x1002 }
12-24 02:21:23.234 15271 15271 I Input   : injectMotionEvent: MotionEvent { action=ACTION_MOVE, actionButton=0, id[0]=0, x[0]=672.0, y[0]=2410.0, toolType[0]=TOOL_TYPE_UNKNOWN, buttonState=0, metaState=0, flags=0x0, edgeFlags=0x0, pointerCount=1, historySize=0, eventTime=2969649, downTime=2969649, deviceId=0, source=0x1002 }
12-24 02:21:23.235 15271 15271 I Input   : injectMotionEvent: MotionEvent { action=ACTION_MOVE, actionButton=0, id[0]=0, x[0]=672.0, y[0]=2410.0, toolType[0]=TOOL_TYPE_UNKNOWN, buttonState=0, metaState=0, flags=0x0, edgeFlags=0x0, pointerCount=1, historySize=0, eventTime=2969650, downTime=2969650, deviceId=0, source=0x1002 }
12-24 02:21:23.235 15271 15271 I Input   : injectMotionEvent: MotionEvent { action=ACTION_MOVE, actionButton=0, id[0]=0, x[0]=672.0, y[0]=2410.0, toolType[0]=TOOL_TYPE_UNKNOWN, buttonState=0, metaState=0, flags=0x0, edgeFlags=0x0, pointerCount=1, historySize=0, eventTime=2969650, downTime=2969650, deviceId=0, source=0x1002 }
12-24 02:21:23.235 15271 15271 I Input   : injectMotionEvent: MotionEvent { action=ACTION_MOVE, actionButton=0, id[0]=0, x[0]=672.0, y[0]=2410.0, toolType[0]=TOOL_TYPE_UNKNOWN, buttonState=0, metaState=0, flags=0x0, edgeFlags=0x0, pointerCount=1, historySize=0, eventTime=2969651, downTime=2969651, deviceId=0, source=0x1002 }
12-24 02:21:23.236 15271 15271 I Input   : injectMotionEvent: MotionEvent { action=ACTION_MOVE, actionButton=0, id[0]=0, x[0]=672.0, y[0]=2410.0, toolType[0]=TOOL_TYPE_UNKNOWN, buttonState=0, metaState=0, flags=0x0, edgeFlags=0x0, pointerCount=1, historySize=0, eventTime=2969651, downTime=2969651, deviceId=0, source=0x1002 }
12-24 02:21:23.236 15271 15271 I Input   : injectMotionEvent: MotionEvent { action=ACTION_MOVE, actionButton=0, id[0]=0, x[0]=672.0, y[0]=2410.0, toolType[0]=TOOL_TYPE_UNKNOWN, buttonState=0, metaState=0, flags=0x0, edgeFlags=0x0, pointerCount=1, historySize=0, eventTime=2969652, downTime=2969652, deviceId=0, source=0x1002 }
12-24 02:21:23.237 15271 15271 I Input   : injectMotionEvent: MotionEvent { action=ACTION_MOVE, actionButton=0, id[0]=0, x[0]=672.0, y[0]=2410.0, toolType[0]=TOOL_TYPE_UNKNOWN, buttonState=0, metaState=0, flags=0x0, edgeFlags=0x0, pointerCount=1, historySize=0, eventTime=2969652, downTime=2969652, deviceId=0, source=0x1002 }
12-24 02:21:23.237 15271 15271 I Input   : injectMotionEvent: MotionEvent { action=ACTION_MOVE, actionButton=0, id[0]=0, x[0]=672.0, y[0]=2410.0, toolType[0]=TOOL_TYPE_UNKNOWN, buttonState=0, metaState=0, flags=0x0, edgeFlags=0x0, pointerCount=1, historySize=0, eventTime=2969653, downTime=2969653, deviceId=0, source=0x1002 }
12-24 02:21:23.238 15271 15271 I Input   : injectMotionEvent: MotionEvent { action=ACTION_MOVE, actionButton=0, id[0]=0, x[0]=672.0, y[0]=2410.0, toolType[0]=TOOL_TYPE_UNKNOWN, buttonState=0, metaState=0, flags=0x0, edgeFlags=0x0, pointerCount=1, historySize=0, eventTime=2969654, downTime=2969654, deviceId=0, source=0x1002 }
12-24 02:21:23.238 15271 15271 I chatty  : uid=2000(shell) main identical 1 line
12-24 02:21:23.239 15271 15271 I Input   : injectMotionEvent: MotionEvent { action=ACTION_MOVE, actionButton=0, id[0]=0, x[0]=672.0, y[0]=2410.0, toolType[0]=TOOL_TYPE_UNKNOWN, buttonState=0, metaState=0, flags=0x0, edgeFlags=0x0, pointerCount=1, historySize=0, eventTime=2969654, downTime=2969654, deviceId=0, source=0x1002 }
12-24 02:21:23.239 15271 15271 I Input   : injectMotionEvent: MotionEvent { action=ACTION_MOVE, actionButton=0, id[0]=0, x[0]=672.0, y[0]=2410.0, toolType[0]=TOOL_TYPE_UNKNOWN, buttonState=0, metaState=0, flags=0x0, edgeFlags=0x0, pointerCount=1, historySize=0, eventTime=2969655, downTime=2969655, deviceId=0, source=0x1002 }
12-24 02:21:23.240 15271 15271 I Input   : injectMotionEvent: MotionEvent { action=ACTION_MOVE, actionButton=0, id[0]=0, x[0]=672.0, y[0]=2410.0, toolType[0]=TOOL_TYPE_UNKNOWN, buttonState=0, metaState=0, flags=0x0, edgeFlags=0x0, pointerCount=1, historySize=0, eventTime=2969655, downTime=2969655, deviceId=0, source=0x1002 }
12-24 02:21:23.241 15271 15271 I Input   : injectMotionEvent: MotionEvent { action=ACTION_MOVE, actionButton=0, id[0]=0, x[0]=672.0, y[0]=2410.0, toolType[0]=TOOL_TYPE_UNKNOWN, buttonState=0, metaState=0, flags=0x0, edgeFlags=0x0, pointerCount=1, historySize=0, eventTime=2969656, downTime=2969656, deviceId=0, source=0x1002 }
12-24 02:21:23.241 15271 15271 I Input   : injectMotionEvent: MotionEvent { action=ACTION_MOVE, actionButton=0, id[0]=0, x[0]=672.0, y[0]=2410.0, toolType[0]=TOOL_TYPE_UNKNOWN, buttonState=0, metaState=0, flags=0x0, edgeFlags=0x0, pointerCount=1, historySize=0, eventTime=2969657, downTime=2969657, deviceId=0, source=0x1002 }
12-24 02:21:23.243 15271 15271 I Input   : injectMotionEvent: MotionEvent { action=ACTION_MOVE, actionButton=0, id[0]=0, x[0]=672.0, y[0]=2410.0, toolType[0]=TOOL_TYPE_UNKNOWN, buttonState=0, metaState=0, flags=0x0, edgeFlags=0x0, pointerCount=1, historySize=0, eventTime=2969658, downTime=2969658, deviceId=0, source=0x1002 }
12-24 02:21:23.243 15271 15271 I Input   : injectMotionEvent: MotionEvent { action=ACTION_MOVE, actionButton=0, id[0]=0, x[0]=672.0, y[0]=2410.0, toolType[0]=TOOL_TYPE_UNKNOWN, buttonState=0, metaState=0, flags=0x0, edgeFlags=0x0, pointerCount=1, historySize=0, eventTime=2969658, downTime=2969658, deviceId=0, source=0x1002 }
12-24 02:21:23.243 15271 15271 I Input   : injectMotionEvent: MotionEvent { action=ACTION_MOVE, actionButton=0, id[0]=0, x[0]=672.0, y[0]=2410.0, toolType[0]=TOOL_TYPE_UNKNOWN, buttonState=0, metaState=0, flags=0x0, edgeFlags=0x0, pointerCount=1, historySize=0, eventTime=2969659, downTime=2969659, deviceId=0, source=0x1002 }
12-24 02:21:23.244 15271 15271 I Input   : injectMotionEvent: MotionEvent { action=ACTION_MOVE, actionButton=0, id[0]=0, x[0]=672.0, y[0]=2410.0, toolType[0]=TOOL_TYPE_UNKNOWN, buttonState=0, metaState=0, flags=0x0, edgeFlags=0x0, pointerCount=1, historySize=0, eventTime=2969660, downTime=2969660, deviceId=0, source=0x1002 }
12-24 02:21:23.245 15271 15271 I Input   : injectMotionEvent: MotionEvent { action=ACTION_MOVE, actionButton=0, id[0]=0, x[0]=672.0, y[0]=2410.0, toolType[0]=TOOL_TYPE_UNKNOWN, buttonState=0, metaState=0, flags=0x0, edgeFlags=0x0, pointerCount=1, historySize=0, eventTime=2969660, downTime=2969660, deviceId=0, source=0x1002 }
12-24 02:21:23.246 15271 15271 I Input   : injectMotionEvent: MotionEvent { action=ACTION_MOVE, actionButton=0, id[0]=0, x[0]=672.0, y[0]=2410.0, toolType[0]=TOOL_TYPE_UNKNOWN, buttonState=0, metaState=0, flags=0x0, edgeFlags=0x0, pointerCount=1, historySize=0, eventTime=2969661, downTime=2969661, deviceId=0, source=0x1002 }
12-24 02:21:23.246 15271 15271 I Input   : injectMotionEvent: MotionEvent { action=ACTION_MOVE, actionButton=0, id[0]=0, x[0]=672.0, y[0]=2410.0, toolType[0]=TOOL_TYPE_UNKNOWN, buttonState=0, metaState=0, flags=0x0, edgeFlags=0x0, pointerCount=1, historySize=0, eventTime=2969661, downTime=2969661, deviceId=0, source=0x1002 }
12-24 02:21:23.247 15271 15271 I Input   : injectMotionEvent: MotionEvent { action=ACTION_MOVE, actionButton=0, id[0]=0, x[0]=672.0, y[0]=2410.0, toolType[0]=TOOL_TYPE_UNKNOWN, buttonState=0, metaState=0, flags=0x0, edgeFlags=0x0, pointerCount=1, historySize=0, eventTime=2969662, downTime=2969662, deviceId=0, source=0x1002 }
12-24 02:21:23.247 15271 15271 I Input   : injectMotionEvent: MotionEvent { action=ACTION_MOVE, actionButton=0, id[0]=0, x[0]=672.0, y[0]=2410.0, toolType[0]=TOOL_TYPE_UNKNOWN, buttonState=0, metaState=0, flags=0x0, edgeFlags=0x0, pointerCount=1, historySize=0, eventTime=2969663, downTime=2969663, deviceId=0, source=0x1002 }
12-24 02:21:23.248 15271 15271 I Input   : injectMotionEvent: MotionEvent { action=ACTION_MOVE, actionButton=0, id[0]=0, x[0]=672.0, y[0]=2410.0, toolType[0]=TOOL_TYPE_UNKNOWN, buttonState=0, metaState=0, flags=0x0, edgeFlags=0x0, pointerCount=1, historySize=0, eventTime=2969663, downTime=2969663, deviceId=0, source=0x1002 }
12-24 02:21:23.248 15271 15271 I Input   : injectMotionEvent: MotionEvent { action=ACTION_MOVE, actionButton=0, id[0]=0, x[0]=672.0, y[0]=2410.0, toolType[0]=TOOL_TYPE_UNKNOWN, buttonState=0, metaState=0, flags=0x0, edgeFlags=0x0, pointerCount=1, historySize=0, eventTime=2969664, downTime=2969664, deviceId=0, source=0x1002 }
12-24 02:21:23.249 15271 15271 I Input   : injectMotionEvent: MotionEvent { action=ACTION_MOVE, actionButton=0, id[0]=0, x[0]=672.0, y[0]=2410.0, toolType[0]=TOOL_TYPE_UNKNOWN, buttonState=0, metaState=0, flags=0x0, edgeFlags=0x0, pointerCount=1, historySize=0, eventTime=2969664, downTime=2969664, deviceId=0, source=0x1002 }
12-24 02:21:23.249 15271 15271 I Input   : injectMotionEvent: MotionEvent { action=ACTION_UP, actionButton=0, id[0]=0, x[0]=672.0, y[0]=2410.0, toolType[0]=TOOL_TYPE_UNKNOWN, buttonState=0, metaState=0, flags=0x0, edgeFlags=0x0, pointerCount=1, historySize=0, eventTime=2969665, downTime=2969665, deviceId=0, source=0x1002 }
12-24 02:21:23.598  1857  1893 E SurfaceFlinger: ro.sf.lcd_density must be defined as a build property
12-24 02:21:23.613 15296 15296 E eglCodecCommon: GoldfishAddressSpaceHostMemoryAllocator: ioctl_ping failed for device_type=5, ret=-1
12-24 02:21:23.928  2022  2457 I GnssLocationProvider: WakeLock acquired by sendMessage(REPORT_SV_STATUS, 0, com.android.server.location.GnssLocationProvider$SvStatusInfo@3c0dbc7)
12-24 02:21:23.929  2022  2044 I GnssLocationProvider: WakeLock released by handleMessage(REPORT_SV_STATUS, 0, com.android.server.location.GnssLocationProvider$SvStatusInfo@3c0dbc7)
12-24 02:21:23.249  2022  4647 I chatty  : uid=1000(system) Binder:2022_19 identical 53 lines
12-24 02:21:23.250  2022  4647 W InputManager: Input event injection from pid 15271 failed.
12-24 02:21:23.941  2022  2045 W BroadcastQueue: Background execution not allowed: receiving Intent { act=android.intent.action.DROPBOX_ENTRY_ADDED flg=0x10 (has extras) } to com.google.android.gms/.stats.service.DropBoxEntryAddedReceiver
12-24 02:21:23.941  2022  2045 W BroadcastQueue: Background execution not allowed: receiving Intent { act=android.intent.action.DROPBOX_ENTRY_ADDED flg=0x10 (has extras) } to com.google.android.gms/.chimera.GmsIntentOperationService$PersistentTrustedReceiver
12-24 02:21:24.053  2022  4104 W WindowManager: removeWindowToken: Attempted to remove non-existing token: android.os.Binder@dc989f5
12-24 02:21:24.053  2022  2080 W WindowManager: removeWindowToken: Attempted to remove non-existing token: android.os.Binder@dc989f5
12-24 02:21:24.054  2022  2080 W BinderNative: Uncaught exception from death notification
12-24 02:21:24.054  2022  2080 W BinderNative: java.lang.NullPointerException: Attempt to read from field 'android.accessibilityservice.IAccessibilityServiceClient com.android.server.accessibility.AbstractAccessibilityServiceConnection.mServiceInterface' on a null object reference
12-24 02:21:24.054  2022  2080 W BinderNative: 	at com.android.server.accessibility.UiAutomationManager.destroyUiAutomationService(UiAutomationManager.java:179)
12-24 02:21:24.054  2022  2080 W BinderNative: 	at com.android.server.accessibility.UiAutomationManager.access$200(UiAutomationManager.java:41)
12-24 02:21:24.054  2022  2080 W BinderNative: 	at com.android.server.accessibility.UiAutomationManager$UiAutomationService.binderDied(UiAutomationManager.java:230)
12-24 02:21:24.054  2022  2080 W BinderNative: 	at android.os.BinderProxy.sendDeathNotice(Binder.java:1193)
12-24 02:21:24.054  2022  4104 W BinderNative: Uncaught exception from death notification
12-24 02:21:24.054  2022  4104 W BinderNative: java.lang.NullPointerException: Attempt to invoke virtual method 'void com.android.server.accessibility.UiAutomationManager$UiAutomationService.resetLocked()' on a null object reference
12-24 02:21:24.054  2022  4104 W BinderNative: 	at com.android.server.accessibility.UiAutomationManager.destroyUiAutomationService(UiAutomationManager.java:181)
12-24 02:21:24.054  2022  4104 W BinderNative: 	at com.android.server.accessibility.UiAutomationManager.access$200(UiAutomationManager.java:41)
12-24 02:21:24.054  2022  4104 W BinderNative: 	at com.android.server.accessibility.UiAutomationManager$1.binderDied(UiAutomationManager.java:62)
12-24 02:21:24.054  2022  4104 W BinderNative: 	at android.os.BinderProxy.sendDeathNotice(Binder.java:1193)
12-24 02:21:24.929  2022  2457 I GnssLocationProvider: WakeLock acquired by sendMessage(REPORT_SV_STATUS, 0, com.android.server.location.GnssLocationProvider$SvStatusInfo@5e632de)
12-24 02:21:24.931  2022  2044 I GnssLocationProvider: WakeLock released by handleMessage(REPORT_SV_STATUS, 0, com.android.server.location.GnssLocationProvider$SvStatusInfo@5e632de)
12-24 02:21:25.399  1857  1986 E SurfaceFlinger: ro.sf.lcd_density must be defined as a build property
12-24 02:21:25.411 15329 15329 E eglCodecCommon: GoldfishAddressSpaceHostMemoryAllocator: ioctl_ping failed for device_type=5, ret=-1
12-24 02:21:25.755  2022  2045 W BroadcastQueue: Background execution not allowed: receiving Intent { act=android.intent.action.DROPBOX_ENTRY_ADDED flg=0x10 (has extras) } to com.google.android.gms/.stats.service.DropBoxEntryAddedReceiver
12-24 02:21:25.755  2022  2045 W BroadcastQueue: Background execution not allowed: receiving Intent { act=android.intent.action.DROPBOX_ENTRY_ADDED flg=0x10 (has extras) } to com.google.android.gms/.chimera.GmsIntentOperationService$PersistentTrustedReceiver
12-24 02:21:25.930  2022  2457 I GnssLocationProvider: WakeLock acquired by sendMessage(REPORT_SV_STATUS, 0, com.android.server.location.GnssLocationProvider$SvStatusInfo@b180878)
12-24 02:21:25.930  2022  2044 I GnssLocationProvider: WakeLock released by handleMessage(REPORT_SV_STATUS, 0, com.android.server.location.GnssLocationProvider$SvStatusInfo@b180878)
12-24 02:21:26.932  2022  2457 I GnssLocationProvider: WakeLock acquired by sendMessage(REPORT_SV_STATUS, 0, com.android.server.location.GnssLocationProvider$SvStatusInfo@a05b51)
