12-24 02:20:53.210  3871 11532 W RcsProvisioning: 	at java.io.FileInputStream.open0(Native Method)
12-24 02:20:53.210  3871 11532 W RcsProvisioning: 	at java.io.FileInputStream.open(FileInputStream.java:231)
12-24 02:20:53.210  3871 11532 W RcsProvisioning: 	at java.io.FileInputStream.<init>(FileInputStream.java:165)
12-24 02:20:53.210  3871 11532 W RcsProvisioning: 	at android.app.ContextImpl.openFileInput(ContextImpl.java:560)
12-24 02:20:53.210  3871 11532 W RcsProvisioning: 	at android.content.ContextWrapper.openFileInput(ContextWrapper.java:202)
12-24 02:20:53.210  3871 11532 W RcsProvisioning: 	at ion.a(SourceFile:2)
12-24 02:20:53.210  3871 11532 W RcsProvisioning: 	at idl.a(SourceFile:4)
12-24 02:20:53.210  3871 11532 W RcsProvisioning: 	at idm.a(SourceFile:7)
12-24 02:20:53.210  3871 11532 W RcsProvisioning: 	at com.google.android.apps.messaging.rcsmigration.RcsStateProvider.buildRcsState(SourceFile:81)
12-24 02:20:53.210  3871 11532 W RcsProvisioning: 	at com.google.android.apps.messaging.rcsmigration.RcsStateProvider.getRcsState(SourceFile:6)
12-24 02:20:53.210  3871 11532 W RcsProvisioning: 	at com.google.android.ims.rcsmigration.IRcsStateProvider$Stub.dispatchTransaction(SourceFile:10)
12-24 02:20:53.210  3871 11532 W RcsProvisioning: 	at com.google.android.aidl.BaseStub.onTransact(SourceFile:18)
12-24 02:20:53.210  3871 11532 W RcsProvisioning: 	at android.os.Binder.execTransact(Binder.java:731)
12-24 02:20:53.218  2022  2044 E memtrack: Couldn't load memtrack module
12-24 02:20:53.218  2022  2044 W android.os.Debug: failed to get memory consumption info: -1
12-24 02:20:53.219  7285 14982 I ProvidersCache: Provider returned no roots. Possibly naughty: com.google.android.apps.docs.storage
12-24 02:20:53.238  2582  3414 I Icing   : IndexChimeraService.getServiceInterface callingPackage=com.google.android.gms componentName=AppsCorpus serviceId=36
12-24 02:20:53.243  2582  7644 W Icing   : No valid account for uploading user actions
12-24 02:20:53.252  2582  3319 I Icing   : IndexChimeraService.getServiceInterface callingPackage=com.google.android.gms componentName=null serviceId=30
12-24 02:20:53.266  2582  7644 I Icing   : Usage reports ok 1, Failed Usage reports 0, indexed 0, rejected 0
12-24 02:20:53.268  2582  7644 W Icing   : No valid account for uploading user actions
12-24 02:20:53.272  2582  7644 I Icing   : Usage reports ok 0, Failed Usage reports 0, indexed 0, rejected 0
12-24 02:20:53.416  3871 11532 W RcsProvisioning: Failed to read configuration: /data/user/0/com.google.android.apps.messaging/files/rcsconfig (No such file or directory)
12-24 02:20:53.416  3871 11532 W RcsProvisioning: java.io.FileNotFoundException: /data/user/0/com.google.android.apps.messaging/files/rcsconfig (No such file or directory)
12-24 02:20:53.416  3871 11532 W RcsProvisioning: 	at java.io.FileInputStream.open0(Native Method)
12-24 02:20:53.416  3871 11532 W RcsProvisioning: 	at java.io.FileInputStream.open(FileInputStream.java:231)
12-24 02:20:53.416  3871 11532 W RcsProvisioning: 	at java.io.FileInputStream.<init>(FileInputStream.java:165)
12-24 02:20:53.416  3871 11532 W RcsProvisioning: 	at android.app.ContextImpl.openFileInput(ContextImpl.java:560)
12-24 02:20:53.416  3871 11532 W RcsProvisioning: 	at android.content.ContextWrapper.openFileInput(ContextWrapper.java:202)
12-24 02:20:53.416  3871 11532 W RcsProvisioning: 	at ion.a(SourceFile:2)
12-24 02:20:53.416  3871 11532 W RcsProvisioning: 	at idl.a(SourceFile:4)
12-24 02:20:53.416  3871 11532 W RcsProvisioning: 	at idm.a(SourceFile:7)
12-24 02:20:53.416  3871 11532 W RcsProvisioning: 	at iez.buildConferencesFileName(SourceFile:30)
12-24 02:20:53.416  3871 11532 W RcsProvisioning: 	at com.google.android.apps.messaging.rcsmigration.RcsStateProvider.buildRcsState(SourceFile:129)
12-24 02:20:53.416  3871 11532 W RcsProvisioning: 	at com.google.android.apps.messaging.rcsmigration.RcsStateProvider.getRcsState(SourceFile:6)
12-24 02:20:53.416  3871 11532 W RcsProvisioning: 	at com.google.android.ims.rcsmigration.IRcsStateProvider$Stub.dispatchTransaction(SourceFile:10)
12-24 02:20:53.416  3871 11532 W RcsProvisioning: 	at com.google.android.aidl.BaseStub.onTransact(SourceFile:18)
12-24 02:20:53.416  3871 11532 W RcsProvisioning: 	at android.os.Binder.execTransact(Binder.java:731)
12-24 02:20:53.445  1857  2531 E SurfaceFlinger: ro.sf.lcd_density must be defined as a build property
12-24 02:20:53.461 15015 15015 E eglCodecCommon: GoldfishAddressSpaceHostMemoryAllocator: ioctl_ping failed for device_type=5, ret=-1
12-24 02:20:53.518  3871 11532 E CarrierServices: [473] iez.getFile: File not found.: /data/user/0/com.google.android.apps.messaging/files/httpft_pending (No such file or directory)
12-24 02:20:53.518  3871 11532 E CarrierServices: 	java.io.FileInputStream.open0(Native Method)
12-24 02:20:53.518  3871 11532 E CarrierServices: 	java.io.FileInputStream.open(FileInputStream.java:231)
12-24 02:20:53.518  3871 11532 E CarrierServices: 	java.io.FileInputStream.<init>(FileInputStream.java:165)
12-24 02:20:53.518  3871 11532 E CarrierServices: 	android.app.ContextImpl.openFileInput(ContextImpl.java:560)
12-24 02:20:53.518  3871 11532 E CarrierServices: 	android.content.ContextWrapper.openFileInput(ContextWrapper.java:202)
12-24 02:20:53.518  3871 11532 E CarrierServices: 	iez.getFile(SourceFile:20)
12-24 02:20:53.518  3871 11532 E CarrierServices: 	com.google.android.apps.messaging.rcsmigration.RcsStateProvider.buildRcsState(SourceFile:136)
12-24 02:20:53.518  3871 11532 E CarrierServices: 	com.google.android.apps.messaging.rcsmigration.RcsStateProvider.getRcsState(SourceFile:6)
12-24 02:20:53.518  3871 11532 E CarrierServices: 	com.google.android.ims.rcsmigration.IRcsStateProvider$Stub.dispatchTransaction(SourceFile:10)
12-24 02:20:53.518  3871 11532 E CarrierServices: 	com.google.android.aidl.BaseStub.onTransact(SourceFile:18)
12-24 02:20:53.518  3871 11532 E CarrierServices: 	android.os.Binder.execTransact(Binder.java:731)
12-24 02:20:53.518  3954 15018 I CarrierServices: [231] awt.doInBackground: Saving RCS State
12-24 02:20:53.518  3954 15018 I CarrierServices: [231] awt.doInBackground: Old operation mode: 2
12-24 02:20:53.518  3954 15018 I CarrierServices: [231] awt.doInBackground: New operation mode: 2
12-24 02:20:53.520  3871 11532 I CarrierServices: [473] RcsStateProvider.onMigrationComplete: Migration complete.
12-24 02:20:53.522  3871 11532 I CarrierServices: [473] inq.shouldUseCarrierServicesApkForV1Apis: Checking if using CarrierServices.apk is possible. Enabled: true, isAtLeastM: true, runningInsideBugle: true
12-24 02:20:53.523  3871 11532 I CarrierServices: [473] inq.e: Network Operator: 310260
12-24 02:20:53.524  3871 11532 I CarrierServices: [473] inq.e: carrierWithOldEcApis: false
12-24 02:20:53.524  3871 11532 I CarrierServices: [473] inq.e: hasDialerThatSupportsNewEc: false
12-24 02:20:53.524  3871 11532 I CarrierServices: [473] RcsStateProvider.onMigrationComplete: Rcs Engine should be running in cs.apk. Stopping JibeService.
12-24 02:20:53.528  3871 11532 I CarrierServices: [473] RcsStateProvider.onMigrationComplete: JibeService stopped: true
12-24 02:20:53.529  3871 11532 I CarrierServices: [473] inq.e: Network Operator: 310260
12-24 02:20:53.530  3871 11532 I CarrierServices: [473] inq.e: carrierWithOldEcApis: false
12-24 02:20:53.530  3871 11532 I CarrierServices: [473] inq.e: hasDialerThatSupportsNewEc: false
12-24 02:20:53.531  3871 11532 I CarrierServices: [473] jsn.connect: shouldUseCarrierServicesJibeService: true, CarrierServices rcs service found: true
12-24 02:20:53.531  3871 11532 I CarrierServices: [473] jsn.connect: Binding to JibeService in CarrierServices.
12-24 02:20:53.533  3871 11532 I CarrierServices: [473] inq.e: Network Operator: 310260
12-24 02:20:53.534  3871 11532 I CarrierServices: [473] inq.e: carrierWithOldEcApis: false
12-24 02:20:53.534  3871 11532 I CarrierServices: [473] inq.e: hasDialerThatSupportsNewEc: false
12-24 02:20:53.535  3871 11532 I CarrierServices: [473] jsn.connect: shouldUseCarrierServicesJibeService: true, CarrierServices rcs service found: true
12-24 02:20:53.535  3871 11532 I CarrierServices: [473] jsn.connect: Binding to JibeService in CarrierServices.
12-24 02:20:53.538  3871 11532 I CarrierServices: [473] inq.e: Network Operator: 310260
12-24 02:20:53.538  3871 11532 I CarrierServices: [473] inq.e: carrierWithOldEcApis: false
12-24 02:20:53.538  3871 11532 I CarrierServices: [473] inq.e: hasDialerThatSupportsNewEc: false
12-24 02:20:53.540  3871 11532 I CarrierServices: [473] jsn.connect: shouldUseCarrierServicesJibeService: true, CarrierServices rcs service found: true
12-24 02:20:53.540  3871 11532 I CarrierServices: [473] jsn.connect: Binding to JibeService in CarrierServices.
12-24 02:20:53.543  3871 11532 I CarrierServices: [473] inq.e: Network Operator: 310260
12-24 02:20:53.543  3871 11532 I CarrierServices: [473] inq.e: carrierWithOldEcApis: false
12-24 02:20:53.543  3871 11532 I CarrierServices: [473] inq.e: hasDialerThatSupportsNewEc: false
12-24 02:20:53.544  3871 11532 I CarrierServices: [473] jsn.connect: shouldUseCarrierServicesJibeService: true, CarrierServices rcs service found: true
12-24 02:20:53.544  3871 11532 I CarrierServices: [473] jsn.connect: Binding to JibeService in CarrierServices.
12-24 02:20:53.547  3871 11532 I CarrierServices: [473] inq.e: Network Operator: 310260
12-24 02:20:53.547  3871 11532 I CarrierServices: [473] inq.e: carrierWithOldEcApis: false
12-24 02:20:53.547  3871 11532 I CarrierServices: [473] inq.e: hasDialerThatSupportsNewEc: false
12-24 02:20:53.549  3871 11532 I CarrierServices: [473] jsn.connect: shouldUseCarrierServicesJibeService: true, CarrierServices rcs service found: true
12-24 02:20:53.549  3871 11532 I CarrierServices: [473] jsn.connect: Binding to JibeService in CarrierServices.
12-24 02:20:53.551  3871 11532 I CarrierServices: [473] inq.e: Network Operator: 310260
12-24 02:20:53.552  3871 11532 I CarrierServices: [473] inq.e: carrierWithOldEcApis: false
12-24 02:20:53.552  3871 11532 I CarrierServices: [473] inq.e: hasDialerThatSupportsNewEc: false
12-24 02:20:53.553  3871 11532 I CarrierServices: [473] jsn.connect: shouldUseCarrierServicesJibeService: true, CarrierServices rcs service found: true
12-24 02:20:53.553  3871 11532 I CarrierServices: [473] jsn.connect: Binding to JibeService in CarrierServices.
12-24 02:20:53.555  3871 11532 I CarrierServices: [473] inq.e: Network Operator: 310260
12-24 02:20:53.556  3871 11532 I CarrierServices: [473] inq.e: carrierWithOldEcApis: false
12-24 02:20:53.556  3871 11532 I CarrierServices: [473] inq.e: hasDialerThatSupportsNewEc: false
12-24 02:20:53.557  3871 11532 I CarrierServices: [473] jsn.connect: shouldUseCarrierServicesJibeService: true, CarrierServices rcs service found: true
12-24 02:20:53.557  3871 11532 I CarrierServices: [473] jsn.connect: Binding to JibeService in CarrierServices.
12-24 02:20:53.560  3871 11532 I CarrierServices: [473] inq.e: Network Operator: 310260
12-24 02:20:53.560  3871 11532 I CarrierServices: [473] inq.e: carrierWithOldEcApis: false
12-24 02:20:53.560  3871 11532 I CarrierServices: [473] inq.e: hasDialerThatSupportsNewEc: false
12-24 02:20:53.560  3954  3972 W CarrierServices: [176] bmc.a: No config URL. RCS will be disabled!
12-24 02:20:53.560  3871  3871 I BugleRcs: RcsAvailability ACS url: null
12-24 02:20:53.561  3871 11532 I CarrierServices: [473] jsn.connect: shouldUseCarrierServicesJibeService: true, CarrierServices rcs service found: true
12-24 02:20:53.561  3871 11532 I CarrierServices: [473] jsn.connect: Binding to JibeService in CarrierServices.
12-24 02:20:53.564  3871 11532 W RcsProvisioning: Failed to read configuration: /data/user/0/com.google.android.apps.messaging/files/rcsconfig (No such file or directory)
12-24 02:20:53.564  3871 11532 W RcsProvisioning: java.io.FileNotFoundException: /data/user/0/com.google.android.apps.messaging/files/rcsconfig (No such file or directory)
12-24 02:20:53.564  3871 11532 W RcsProvisioning: 	at java.io.FileInputStream.open0(Native Method)
12-24 02:20:53.564  3871 11532 W RcsProvisioning: 	at java.io.FileInputStream.open(FileInputStream.java:231)
12-24 02:20:53.564  3871 11532 W RcsProvisioning: 	at java.io.FileInputStream.<init>(FileInputStream.java:165)
12-24 02:20:53.564  3871 11532 W RcsProvisioning: 	at android.app.ContextImpl.openFileInput(ContextImpl.java:560)
12-24 02:20:53.564  3871 11532 W RcsProvisioning: 	at android.content.ContextWrapper.openFileInput(ContextWrapper.java:202)
12-24 02:20:53.564  3871 11532 W RcsProvisioning: 	at ion.a(SourceFile:2)
12-24 02:20:53.564  3871 11532 W RcsProvisioning: 	at idl.a(SourceFile:4)
12-24 02:20:53.564  3871 11532 W RcsProvisioning: 	at idm.a(SourceFile:7)
12-24 02:20:53.564  3871 11532 W RcsProvisioning: 	at com.google.android.apps.messaging.rcsmigration.RcsStateProvider.onMigrationComplete(SourceFile:27)
12-24 02:20:53.564  3871 11532 W RcsProvisioning: 	at com.google.android.ims.rcsmigration.IRcsStateProvider$Stub.dispatchTransaction(SourceFile:14)
12-24 02:20:53.564  3871 11532 W RcsProvisioning: 	at com.google.android.aidl.BaseStub.onTransact(SourceFile:18)
12-24 02:20:53.564  3871 11532 W RcsProvisioning: 	at android.os.Binder.execTransact(Binder.java:731)
12-24 02:20:53.565  3954  3972 W CarrierServices: [176] bmc.a: No config URL. RCS will be disabled!
12-24 02:20:53.565  3871  3871 I BugleRcs: RcsAvailability ACS url: null
12-24 02:20:53.678  3871 11532 I CarrierServices: [473] RcsStateProvider.onMigrationComplete: Deleted transfers file: false
12-24 02:20:53.680  3871 11532 W RcsProvisioning: Failed to read configuration: /data/user/0/com.google.android.apps.messaging/files/rcsconfig (No such file or directory)
12-24 02:20:53.680  3871 11532 W RcsProvisioning: java.io.FileNotFoundException: /data/user/0/com.google.android.apps.messaging/files/rcsconfig (No such file or directory)
12-24 02:20:53.680  3871 11532 W RcsProvisioning: 	at java.io.FileInputStream.open0(Native Method)
12-24 02:20:53.680  3871 11532 W RcsProvisioning: 	at java.io.FileInputStream.open(FileInputStream.java:231)
12-24 02:20:53.680  3871 11532 W RcsProvisioning: 	at java.io.FileInputStream.<init>(FileInputStream.java:165)
12-24 02:20:53.680  3871 11532 W RcsProvisioning: 	at android.app.ContextImpl.openFileInput(ContextImpl.java:560)
12-24 02:20:53.680  3871 11532 W RcsProvisioning: 	at android.content.ContextWrapper.openFileInput(ContextWrapper.java:202)
12-24 02:20:53.680  3871 11532 W RcsProvisioning: 	at ion.a(SourceFile:2)
12-24 02:20:53.680  3871 11532 W RcsProvisioning: 	at idl.a(SourceFile:4)
12-24 02:20:53.680  3871 11532 W RcsProvisioning: 	at idm.a(SourceFile:7)
12-24 02:20:53.680  3871 11532 W RcsProvisioning: 	at iez.buildConferencesFileName(SourceFile:30)
12-24 02:20:53.680  3871 11532 W RcsProvisioning: 	at com.google.android.apps.messaging.rcsmigration.RcsStateProvider.onMigrationComplete(SourceFile:48)
12-24 02:20:53.680  3871 11532 W RcsProvisioning: 	at com.google.android.ims.rcsmigration.IRcsStateProvider$Stub.dispatchTransaction(SourceFile:14)
12-24 02:20:53.680  3871 11532 W RcsProvisioning: 	at com.google.android.aidl.BaseStub.onTransact(SourceFile:18)
12-24 02:20:53.680  3871 11532 W RcsProvisioning: 	at android.os.Binder.execTransact(Binder.java:731)
12-24 02:20:53.774  2022  2045 W BroadcastQueue: Background execution not allowed: receiving Intent { act=android.intent.action.DROPBOX_ENTRY_ADDED flg=0x10 (has extras) } to com.google.android.gms/.stats.service.DropBoxEntryAddedReceiver
12-24 02:20:53.775  2022  2045 W BroadcastQueue: Background execution not allowed: receiving Intent { act=android.intent.action.DROPBOX_ENTRY_ADDED flg=0x10 (has extras) } to com.google.android.gms/.chimera.GmsIntentOperationService$PersistentTrustedReceiver
12-24 02:20:53.786  3954  3954 I CarrierServices: [2] aww.a: Unbinding RcsMigrationService
12-24 02:20:53.909  2022  2457 I GnssLocationProvider: WakeLock acquired by sendMessage(REPORT_SV_STATUS, 0, com.android.server.location.GnssLocationProvider$SvStatusInfo@1f96203)
12-24 02:20:53.910  2022  2044 I GnssLocationProvider: WakeLock released by handleMessage(REPORT_SV_STATUS, 0, com.android.server.location.GnssLocationProvider$SvStatusInfo@1f96203)
12-24 02:20:54.270  2582  7644 I Icing   : Indexing com.google.android.gms-apps from com.google.android.gms
12-24 02:20:54.287  2582  7644 I Icing   : Indexing com.google.android.gms-internal.3p:MobileApplication from com.google.android.gms
12-24 02:20:54.289  2582  7644 I Icing   : Indexing done com.google.android.gms-apps
12-24 02:20:54.291  2582  7644 I Icing   : Indexing done com.google.android.gms-internal.3p:MobileApplication
12-24 02:20:54.910  2022  2457 I GnssLocationProvider: WakeLock acquired by sendMessage(REPORT_SV_STATUS, 0, com.android.server.location.GnssLocationProvider$SvStatusInfo@45dd580)
12-24 02:20:54.912  2022  2044 I GnssLocationProvider: WakeLock released by handleMessage(REPORT_SV_STATUS, 0, com.android.server.location.GnssLocationProvider$SvStatusInfo@45dd580)
12-24 02:20:55.912  2022  2457 I GnssLocationProvider: WakeLock acquired by sendMessage(REPORT_SV_STATUS, 0, com.android.server.location.GnssLocationProvider$SvStatusInfo@40117b9)
12-24 02:20:55.914  2022  2044 I GnssLocationProvider: WakeLock released by handleMessage(REPORT_SV_STATUS, 0, com.android.server.location.GnssLocationProvider$SvStatusInfo@40117b9)
12-24 02:20:56.913  2022  2457 I GnssLocationProvider: WakeLock acquired by sendMessage(REPORT_SV_STATUS, 0, com.android.server.location.GnssLocationProvider$SvStatusInfo@bc7a7fe)
12-24 02:20:56.914  2022  2044 I GnssLocationProvider: WakeLock released by handleMessage(REPORT_SV_STATUS, 0, com.android.server.location.GnssLocationProvider$SvStatusInfo@bc7a7fe)
12-24 02:20:57.913  2022  2457 I GnssLocationProvider: WakeLock acquired by sendMessage(REPORT_SV_STATUS, 0, com.android.server.location.GnssLocationProvider$SvStatusInfo@5a61b5f)
12-24 02:20:57.915  2022  2044 I GnssLocationProvider: WakeLock released by handleMessage(REPORT_SV_STATUS, 0, com.android.server.location.GnssLocationProvider$SvStatusInfo@5a61b5f)
12-24 02:20:58.215  2022  2044 E memtrack: Couldn't load memtrack module
12-24 02:20:58.215  2022  2044 W android.os.Debug: failed to get memory consumption info: -1
12-24 02:20:58.913  2022  2457 I GnssLocationProvider: WakeLock acquired by sendMessage(REPORT_SV_STATUS, 0, com.android.server.location.GnssLocationProvider$SvStatusInfo@e8ac9ac)
12-24 02:20:58.914  2022  2044 I GnssLocationProvider: WakeLock released by handleMessage(REPORT_SV_STATUS, 0, com.android.server.location.GnssLocationProvider$SvStatusInfo@e8ac9ac)
12-24 02:20:59.914  2022  2457 I GnssLocationProvider: WakeLock acquired by sendMessage(REPORT_SV_STATUS, 0, com.android.server.location.GnssLocationProvider$SvStatusInfo@1927675)
12-24 02:20:59.915  2022  2044 I GnssLocationProvider: WakeLock released by handleMessage(REPORT_SV_STATUS, 0, com.android.server.location.GnssLocationProvider$SvStatusInfo@1927675)
12-24 02:21:00.014 14837 14917 W AnkiDroid: c4/ could not check/update day rollover: collection not open
12-24 02:21:00.913  2022  2457 I GnssLocationProvider: WakeLock acquired by sendMessage(REPORT_SV_STATUS, 0, com.android.server.location.GnssLocationProvider$SvStatusInfo@43b0e7b)
12-24 02:21:00.914  2022  2044 I GnssLocationProvider: WakeLock released by handleMessage(REPORT_SV_STATUS, 0, com.android.server.location.GnssLocationProvider$SvStatusInfo@43b0e7b)
12-24 02:21:01.914  2022  2457 I GnssLocationProvider: WakeLock acquired by sendMessage(REPORT_SV_STATUS, 0, com.android.server.location.GnssLocationProvider$SvStatusInfo@9b0d498)
12-24 02:21:01.915  2022  2044 I GnssLocationProvider: WakeLock released by handleMessage(REPORT_SV_STATUS, 0, com.android.server.location.GnssLocationProvider$SvStatusInfo@9b0d498)
12-24 02:21:02.717  2022  2045 W BroadcastQueue: Background execution not allowed: receiving Intent { act=android.intent.action.DROPBOX_ENTRY_ADDED flg=0x10 (has extras) } to com.google.android.gms/.stats.service.DropBoxEntryAddedReceiver
12-24 02:21:02.717  2022  2045 W BroadcastQueue: Background execution not allowed: receiving Intent { act=android.intent.action.DROPBOX_ENTRY_ADDED flg=0x10 (has extras) } to com.google.android.gms/.chimera.GmsIntentOperationService$PersistentTrustedReceiver
12-24 02:21:02.759 15061 15061 W app_process: Unexpected CPU variant for X86 using defaults: x86
12-24 02:21:02.760 15061 15061 I app_process: The ClassLoaderContext is a special shared library.
12-24 02:21:02.760 15061 15061 I app_process: The ClassLoaderContext is a special shared library.
12-24 02:21:02.776  2022  2081 W WindowManager: removeWindowToken: Attempted to remove non-existing token: android.os.Binder@aafa141
12-24 02:21:02.867  2022  2045 W BroadcastQueue: Background execution not allowed: receiving Intent { act=android.intent.action.DROPBOX_ENTRY_ADDED flg=0x10 (has extras) } to com.google.android.gms/.stats.service.DropBoxEntryAddedReceiver
12-24 02:21:02.867  2022  2045 W BroadcastQueue: Background execution not allowed: receiving Intent { act=android.intent.action.DROPBOX_ENTRY_ADDED flg=0x10 (has extras) } to com.google.android.gms/.chimera.GmsIntentOperationService$PersistentTrustedReceiver
12-24 02:21:02.914  2022  2457 I GnssLocationProvider: WakeLock acquired by sendMessage(REPORT_SV_STATUS, 0, com.android.server.location.GnssLocationProvider$SvStatusInfo@6329a4f)
12-24 02:21:02.914  2022  2044 I GnssLocationProvider: WakeLock released by handleMessage(REPORT_SV_STATUS, 0, com.android.server.location.GnssLocationProvider$SvStatusInfo@6329a4f)
12-24 02:21:03.016  2022  2045 W BroadcastQueue: Background execution not allowed: receiving Intent { act=android.intent.action.DROPBOX_ENTRY_ADDED flg=0x10 (has extras) } to com.google.android.gms/.stats.service.DropBoxEntryAddedReceiver
12-24 02:21:03.016  2022  2045 W BroadcastQueue: Background execution not allowed: receiving Intent { act=android.intent.action.DROPBOX_ENTRY_ADDED flg=0x10 (has extras) } to com.google.android.gms/.chimera.GmsIntentOperationService$PersistentTrustedReceiver
12-24 02:21:03.268 15107 15107 W app_process: Unexpected CPU variant for X86 using defaults: x86
12-24 02:21:03.269 15107 15107 I app_process: The ClassLoaderContext is a special shared library.
12-24 02:21:03.281 15107 15107 I Input   : injectMotionEvent: MotionEvent { action=ACTION_DOWN, actionButton=0, id[0]=0, x[0]=672.0, y[0]=2410.0, toolType[0]=TOOL_TYPE_UNKNOWN, buttonState=0, metaState=0, flags=0x0, edgeFlags=0x0, pointerCount=1, historySize=0, eventTime=2949694, downTime=2949694, deviceId=0, source=0x1002 }
12-24 02:21:03.282 15107 15107 I Input   : injectMotionEvent: MotionEvent { action=ACTION_MOVE, actionButton=0, id[0]=0, x[0]=672.0, y[0]=2410.0, toolType[0]=TOOL_TYPE_UNKNOWN, buttonState=0, metaState=0, flags=0x0, edgeFlags=0x0, pointerCount=1, historySize=0, eventTime=2949694, downTime=2949694, deviceId=0, source=0x1002 }
12-24 02:21:03.285 15107 15107 I Input   : injectMotionEvent: MotionEvent { action=ACTION_MOVE, actionButton=0, id[0]=0, x[0]=672.0, y[0]=2410.0, toolType[0]=TOOL_TYPE_UNKNOWN, buttonState=0, metaState=0, flags=0x0, edgeFlags=0x0, pointerCount=1, historySize=0, eventTime=2949701, downTime=2949701, deviceId=0, source=0x1002 }
12-24 02:21:03.303 15107 15107 I Input   : injectMotionEvent: MotionEvent { action=ACTION_MOVE, actionButton=0, id[0]=0, x[0]=672.0, y[0]=2410.0, toolType[0]=TOOL_TYPE_UNKNOWN, buttonState=0, metaState=0, flags=0x0, edgeFlags=0x0, pointerCount=1, historySize=0, eventTime=2949718, downTime=2949718, deviceId=0, source=0x1002 }
12-24 02:21:03.321 15107 15107 I Input   : injectMotionEvent: MotionEvent { action=ACTION_MOVE, actionButton=0, id[0]=0, x[0]=672.0, y[0]=2410.0, toolType[0]=TOOL_TYPE_UNKNOWN, buttonState=0, metaState=0, flags=0x0, edgeFlags=0x0, pointerCount=1, historySize=0, eventTime=2949737, downTime=2949737, deviceId=0, source=0x1002 }
12-24 02:21:03.340 15107 15107 I Input   : injectMotionEvent: MotionEvent { action=ACTION_MOVE, actionButton=0, id[0]=0, x[0]=672.0, y[0]=2410.0, toolType[0]=TOOL_TYPE_UNKNOWN, buttonState=0, metaState=0, flags=0x0, edgeFlags=0x0, pointerCount=1, historySize=0, eventTime=2949756, downTime=2949756, deviceId=0, source=0x1002 }
12-24 02:21:03.356 15107 15107 I Input   : injectMotionEvent: MotionEvent { action=ACTION_MOVE, actionButton=0, id[0]=0, x[0]=672.0, y[0]=2410.0, toolType[0]=TOOL_TYPE_UNKNOWN, buttonState=0, metaState=0, flags=0x0, edgeFlags=0x0, pointerCount=1, historySize=0, eventTime=2949771, downTime=2949771, deviceId=0, source=0x1002 }
12-24 02:21:03.375 15107 15107 I Input   : injectMotionEvent: MotionEvent { action=ACTION_MOVE, actionButton=0, id[0]=0, x[0]=672.0, y[0]=2410.0, toolType[0]=TOOL_TYPE_UNKNOWN, buttonState=0, metaState=0, flags=0x0, edgeFlags=0x0, pointerCount=1, historySize=0, eventTime=2949790, downTime=2949790, deviceId=0, source=0x1002 }
12-24 02:21:03.391 15107 15107 I Input   : injectMotionEvent: MotionEvent { action=ACTION_MOVE, actionButton=0, id[0]=0, x[0]=672.0, y[0]=2410.0, toolType[0]=TOOL_TYPE_UNKNOWN, buttonState=0, metaState=0, flags=0x0, edgeFlags=0x0, pointerCount=1, historySize=0, eventTime=2949806, downTime=2949806, deviceId=0, source=0x1002 }
12-24 02:21:03.407 15107 15107 I Input   : injectMotionEvent: MotionEvent { action=ACTION_MOVE, actionButton=0, id[0]=0, x[0]=672.0, y[0]=2410.0, toolType[0]=TOOL_TYPE_UNKNOWN, buttonState=0, metaState=0, flags=0x0, edgeFlags=0x0, pointerCount=1, historySize=0, eventTime=2949822, downTime=2949822, deviceId=0, source=0x1002 }
12-24 02:21:03.425 15107 15107 I Input   : injectMotionEvent: MotionEvent { action=ACTION_MOVE, actionButton=0, id[0]=0, x[0]=672.0, y[0]=2410.0, toolType[0]=TOOL_TYPE_UNKNOWN, buttonState=0, metaState=0, flags=0x0, edgeFlags=0x0, pointerCount=1, historySize=0, eventTime=2949841, downTime=2949841, deviceId=0, source=0x1002 }
12-24 02:21:03.442 15107 15107 I Input   : injectMotionEvent: MotionEvent { action=ACTION_MOVE, actionButton=0, id[0]=0, x[0]=672.0, y[0]=2410.0, toolType[0]=TOOL_TYPE_UNKNOWN, buttonState=0, metaState=0, flags=0x0, edgeFlags=0x0, pointerCount=1, historySize=0, eventTime=2949857, downTime=2949857, deviceId=0, source=0x1002 }
12-24 02:21:03.463 15107 15107 I Input   : injectMotionEvent: MotionEvent { action=ACTION_MOVE, actionButton=0, id[0]=0, x[0]=672.0, y[0]=2410.0, toolType[0]=TOOL_TYPE_UNKNOWN, buttonState=0, metaState=0, flags=0x0, edgeFlags=0x0, pointerCount=1, historySize=0, eventTime=2949879, downTime=2949879, deviceId=0, source=0x1002 }
12-24 02:21:03.476 15107 15107 I Input   : injectMotionEvent: MotionEvent { action=ACTION_MOVE, actionButton=0, id[0]=0, x[0]=672.0, y[0]=2410.0, toolType[0]=TOOL_TYPE_UNKNOWN, buttonState=0, metaState=0, flags=0x0, edgeFlags=0x0, pointerCount=1, historySize=0, eventTime=2949891, downTime=2949891, deviceId=0, source=0x1002 }
12-24 02:21:03.495 15107 15107 I Input   : injectMotionEvent: MotionEvent { action=ACTION_UP, actionButton=0, id[0]=0, x[0]=672.0, y[0]=2410.0, toolType[0]=TOOL_TYPE_UNKNOWN, buttonState=0, metaState=0, flags=0x0, edgeFlags=0x0, pointerCount=1, historySize=0, eventTime=2949910, downTime=2949910, deviceId=0, source=0x1002 }
12-24 02:21:03.497 14837 14837 I AnkiDroid: Opening deck picker, login: false
12-24 02:21:03.497  2022  2081 I ActivityManager: START u0 {flg=0x14000000 cmp=com.ichi2.anki/.DeckPicker} from uid 10095
12-24 02:21:03.503  1639  6667 W audio_hw_generic: Not supplying enough data to HAL, expected position 4629162 , only wrote 4628880
12-24 02:21:03.507 14837 14837 I AnkiDroid: finishWithAnimation DEFAULT
12-24 02:21:03.508 14837 14837 I AnkiDroid: IntroductionActivity::onPause
12-24 02:21:03.508 14837 14837 I AnkiDroid: IntroductionActivity::SetupCollectionFragment::onPause
12-24 02:21:03.512  2022  2044 E memtrack: Couldn't load memtrack module
12-24 02:21:03.512  2022  2044 W android.os.Debug: failed to get memory consumption info: -1
12-24 02:21:03.512 14837 14837 W ActivityThread: handleWindowVisibility: no activity for token android.os.BinderProxy@3f88a3e
12-24 02:21:03.519 14837 14837 I AnkiDroid: Setting theme to LIGHT
12-24 02:21:03.521 14837 14837 I AnkiDroid: DeckPicker::onCreate
12-24 02:21:03.530  2022  2044 E memtrack: Couldn't load memtrack module
12-24 02:21:03.530  2022  2044 W android.os.Debug: failed to get memory consumption info: -1
12-24 02:21:03.559 14837 14837 I AnkiDroid: isLegacyStorage(): current dir: /storage/emulated/0/AnkiDroid
12-24 02:21:03.559 14837 14837 I AnkiDroid: scoped external dirs: /storage/emulated/0/Android/data/com.ichi2.anki/files, /storage/0907-3C18/Android/data/com.ichi2.anki/files
12-24 02:21:03.559 14837 14837 I AnkiDroid: scoped internal dir: /data/user/0/com.ichi2.anki/files
12-24 02:21:03.559 14837 14837 I AnkiDroid: isLegacyStorage(): true
12-24 02:21:03.563 14837 14918 I rsdroid::logging: rsdroid logging enabled
12-24 02:21:03.567 14837 14918 I AnkiDroid: (Re)opening Database: /storage/emulated/0/AnkiDroid/collection.anki2
12-24 02:21:03.571 14837 14837 I AnkiDroid: Fresh install
12-24 02:21:03.571 14837 14837 I AnkiDroid: Marking preferences as up to date
12-24 02:21:03.571 14837 14837 I AnkiDroid: upgrading preference version to '19'
12-24 02:21:03.572 14837 14837 I AnkiDroid: Marked prefs as upgraded to latest version: 2.20.0
12-24 02:21:03.576 14837 14837 I AnkiDroid: isLegacyStorage(): current dir: /storage/emulated/0/AnkiDroid
12-24 02:21:03.576 14837 14837 I AnkiDroid: scoped external dirs: /storage/emulated/0/Android/data/com.ichi2.anki/files, /storage/0907-3C18/Android/data/com.ichi2.anki/files
12-24 02:21:03.576 14837 14837 I AnkiDroid: scoped internal dir: /data/user/0/com.ichi2.anki/files
12-24 02:21:03.576 14837 14837 I AnkiDroid: isLegacyStorage(): true
12-24 02:21:03.589 14837 14837 W AnkiDroid: Activity/ WebView is outdated. com.google.android.webview: 69.0.3497.100
12-24 02:21:03.612 14837 14837 I AnkiDroid: DeckPicker::onStart
12-24 02:21:03.613 14837 14837 I AnkiDroid: DeckPicker::onResume
12-24 02:21:03.615 14837 14837 I AnkiDroid: isLegacyStorage(): current dir: /storage/emulated/0/AnkiDroid
12-24 02:21:03.615 14837 14837 I AnkiDroid: scoped external dirs: /storage/emulated/0/Android/data/com.ichi2.anki/files, /storage/0907-3C18/Android/data/com.ichi2.anki/files
12-24 02:21:03.615 14837 14837 I AnkiDroid: scoped internal dir: /data/user/0/com.ichi2.anki/files
12-24 02:21:03.615 14837 14837 I AnkiDroid: isLegacyStorage(): true
12-24 02:21:03.670  1649  2517 I chatty  : uid=1000(system) HwBinder:1649_3 identical 1 line
12-24 02:21:03.739 14837 14837 I AnkiDroid: Updating deck list UI
12-24 02:21:03.798 14837 14943 I chatty  : uid=10095(com.ichi2.anki) RenderThread identical 1 line
12-24 02:21:03.821  1857  1986 E SurfaceFlinger: ro.sf.lcd_density must be defined as a build property
12-24 02:21:03.840  2022  2055 I ActivityManager: Displayed com.ichi2.anki/.DeckPicker: +327ms
12-24 02:21:03.842 15134 15134 E eglCodecCommon: GoldfishAddressSpaceHostMemoryAllocator: ioctl_ping failed for device_type=5, ret=-1
12-24 02:21:03.848 14837 15138 I AnkiDroid: deck filter: 1 (null)
12-24 02:21:03.914  2022  2457 I GnssLocationProvider: WakeLock acquired by sendMessage(REPORT_SV_STATUS, 0, com.android.server.location.GnssLocationProvider$SvStatusInfo@47c2b96)
12-24 02:21:03.914  2022  2044 I GnssLocationProvider: WakeLock released by handleMessage(REPORT_SV_STATUS, 0, com.android.server.location.GnssLocationProvider$SvStatusInfo@47c2b96)
12-24 02:21:03.928 14837 14943 I chatty  : uid=10095(com.ichi2.anki) RenderThread identical 1 line
12-24 02:21:04.188  2022  2045 W BroadcastQueue: Background execution not allowed: receiving Intent { act=android.intent.action.DROPBOX_ENTRY_ADDED flg=0x10 (has extras) } to com.google.android.gms/.stats.service.DropBoxEntryAddedReceiver
12-24 02:21:04.190  2022  2045 W BroadcastQueue: Background execution not allowed: receiving Intent { act=android.intent.action.DROPBOX_ENTRY_ADDED flg=0x10 (has extras) } to com.google.android.gms/.chimera.GmsIntentOperationService$PersistentTrustedReceiver
12-24 02:21:04.282 14837 14837 I AnkiDroid: IntroductionActivity::onStop
12-24 02:21:04.282 14837 14837 I AnkiDroid: IntroductionActivity::SetupCollectionFragment::onStop
12-24 02:21:04.283 14837 14837 I AnkiDroid: IntroductionActivity::onDestroy
12-24 02:21:04.284 14837 14837 I AnkiDroid: IntroductionActivity::SetupCollectionFragment::onViewDestroyed
12-24 02:21:04.285 14837 14837 I AnkiDroid: IntroductionActivity::SetupCollectionFragment::onDestroy
12-24 02:21:04.285 14837 14837 I AnkiDroid: IntroductionActivity::SetupCollectionFragment::onDetach
12-24 02:21:04.303  2022  5109 W WindowManager: removeWindowToken: Attempted to remove non-existing token: android.os.Binder@1fd8c62
12-24 02:21:04.303  2022  2081 W WindowManager: removeWindowToken: Attempted to remove non-existing token: android.os.Binder@1fd8c62
12-24 02:21:04.305  2022  2081 W BinderNative: Uncaught exception from death notification
12-24 02:21:04.305  2022  2081 W BinderNative: java.lang.NullPointerException: Attempt to read from field 'android.accessibilityservice.IAccessibilityServiceClient com.android.server.accessibility.AbstractAccessibilityServiceConnection.mServiceInterface' on a null object reference
12-24 02:21:04.305  2022  2081 W BinderNative: 	at com.android.server.accessibility.UiAutomationManager.destroyUiAutomationService(UiAutomationManager.java:179)
12-24 02:21:04.305  2022  2081 W BinderNative: 	at com.android.server.accessibility.UiAutomationManager.access$200(UiAutomationManager.java:41)
12-24 02:21:04.305  2022  2081 W BinderNative: 	at com.android.server.accessibility.UiAutomationManager$UiAutomationService.binderDied(UiAutomationManager.java:230)
12-24 02:21:04.305  2022  2081 W BinderNative: 	at android.os.BinderProxy.sendDeathNotice(Binder.java:1193)
12-24 02:21:04.916  2022  2457 I GnssLocationProvider: WakeLock acquired by sendMessage(REPORT_SV_STATUS, 0, com.android.server.location.GnssLocationProvider$SvStatusInfo@29b5459)
12-24 02:21:04.917  2022  2044 I GnssLocationProvider: WakeLock released by handleMessage(REPORT_SV_STATUS, 0, com.android.server.location.GnssLocationProvider$SvStatusInfo@29b5459)
12-24 02:21:05.510 14837 14943 I chatty  : uid=10095(com.ichi2.anki) RenderThread identical 16 lines
12-24 02:21:05.589  1857  1986 E SurfaceFlinger: ro.sf.lcd_density must be defined as a build property
12-24 02:21:05.609 15173 15173 E eglCodecCommon: GoldfishAddressSpaceHostMemoryAllocator: ioctl_ping failed for device_type=5, ret=-1
12-24 02:21:05.916  2022  2457 I GnssLocationProvider: WakeLock acquired by sendMessage(REPORT_SV_STATUS, 0, com.android.server.location.GnssLocationProvider$SvStatusInfo@c5a661b)
12-24 02:21:05.916  2022  2044 I GnssLocationProvider: WakeLock released by handleMessage(REPORT_SV_STATUS, 0, com.android.server.location.GnssLocationProvider$SvStatusInfo@c5a661b)
12-24 02:21:05.926  2022  2045 W BroadcastQueue: Background execution not allowed: receiving Intent { act=android.intent.action.DROPBOX_ENTRY_ADDED flg=0x10 (has extras) } to com.google.android.gms/.stats.service.DropBoxEntryAddedReceiver
12-24 02:21:05.926  2022  2045 W BroadcastQueue: Background execution not allowed: receiving Intent { act=android.intent.action.DROPBOX_ENTRY_ADDED flg=0x10 (has extras) } to com.google.android.gms/.chimera.GmsIntentOperationService$PersistentTrustedReceiver
12-24 02:21:06.730  1639  9864 W audio_hw_generic: Not supplying enough data to HAL, expected position 4936641 , only wrote 4783680
12-24 02:21:06.916  2022  2457 I GnssLocationProvider: WakeLock acquired by sendMessage(REPORT_SV_STATUS, 0, com.android.server.location.GnssLocationProvider$SvStatusInfo@be78364)
12-24 02:21:06.916  2022  2044 I GnssLocationProvider: WakeLock released by handleMessage(REPORT_SV_STATUS, 0, com.android.server.location.GnssLocationProvider$SvStatusInfo@be78364)
12-24 02:21:07.918  2022  2457 I GnssLocationProvider: WakeLock acquired by sendMessage(REPORT_SV_STATUS, 0, com.android.server.location.GnssLocationProvider$SvStatusInfo@ef399cd)
12-24 02:21:07.920  2022  2044 I GnssLocationProvider: WakeLock released by handleMessage(REPORT_SV_STATUS, 0, com.android.server.location.GnssLocationProvider$SvStatusInfo@ef399cd)
12-24 02:21:08.918  2022  2457 I GnssLocationProvider: WakeLock acquired by sendMessage(REPORT_SV_STATUS, 0, com.android.server.location.GnssLocationProvider$SvStatusInfo@8232282)
12-24 02:21:08.919  2022  2044 I GnssLocationProvider: WakeLock released by handleMessage(REPORT_SV_STATUS, 0, com.android.server.location.GnssLocationProvider$SvStatusInfo@8232282)
12-24 02:21:09.922  2022  2457 I GnssLocationProvider: WakeLock acquired by sendMessage(REPORT_SV_STATUS, 0, com.android.server.location.GnssLocationProvider$SvStatusInfo@e057d93)
12-24 02:21:09.923  2022  2044 I GnssLocationProvider: WakeLock released by handleMessage(REPORT_SV_STATUS, 0, com.android.server.location.GnssLocationProvider$SvStatusInfo@e057d93)
12-24 02:21:10.921  2022  2457 I GnssLocationProvider: WakeLock acquired by sendMessage(REPORT_SV_STATUS, 0, com.android.server.location.GnssLocationProvider$SvStatusInfo@74b71d0)
12-24 02:21:10.922  2022  2044 I GnssLocationProvider: WakeLock released by handleMessage(REPORT_SV_STATUS, 0, com.android.server.location.GnssLocationProvider$SvStatusInfo@74b71d0)
12-24 02:21:11.923  2022  2457 I GnssLocationProvider: WakeLock acquired by sendMessage(REPORT_SV_STATUS, 0, com.android.server.location.GnssLocationProvider$SvStatusInfo@ead05c9)
12-24 02:21:11.925  2022  2044 I GnssLocationProvider: WakeLock released by handleMessage(REPORT_SV_STATUS, 0, com.android.server.location.GnssLocationProvider$SvStatusInfo@ead05c9)
12-24 02:21:12.923  2022  2457 I GnssLocationProvider: WakeLock acquired by sendMessage(REPORT_SV_STATUS, 0, com.android.server.location.GnssLocationProvider$SvStatusInfo@9e4e4ce)
12-24 02:21:12.926  2022  2044 I GnssLocationProvider: WakeLock released by handleMessage(REPORT_SV_STATUS, 0, com.android.server.location.GnssLocationProvider$SvStatusInfo@9e4e4ce)
12-24 02:21:13.095  1967  1967 E netmgr  : Failed to open QEMU pipe 'qemud:network': Invalid argument
12-24 02:21:13.095  1967  1967 E netmgr  : WifiForwarder unable to open QEMU pipe: Invalid argument
12-24 02:21:13.786  2907 13707 W GmsLocationProvider: Error removing location updates: 16
12-24 02:21:13.921  2022  2457 I GnssLocationProvider: WakeLock acquired by sendMessage(REPORT_SV_STATUS, 0, com.android.server.location.GnssLocationProvider$SvStatusInfo@9805fef)
12-24 02:21:13.922  2022  2044 I GnssLocationProvider: WakeLock released by handleMessage(REPORT_SV_STATUS, 0, com.android.server.location.GnssLocationProvider$SvStatusInfo@9805fef)
12-24 02:21:14.922  2022  2457 I GnssLocationProvider: WakeLock acquired by sendMessage(REPORT_SV_STATUS, 0, com.android.server.location.GnssLocationProvider$SvStatusInfo@abddafc)
12-24 02:21:14.923  2022  2044 I GnssLocationProvider: WakeLock released by handleMessage(REPORT_SV_STATUS, 0, com.android.server.location.GnssLocationProvider$SvStatusInfo@abddafc)
12-24 02:21:14.975  1870  1890 E storaged: getDiskStats failed with result NOT_SUPPORTED and size 0
12-24 02:21:15.923  2022  2457 I GnssLocationProvider: WakeLock acquired by sendMessage(REPORT_SV_STATUS, 0, com.android.server.location.GnssLocationProvider$SvStatusInfo@6773585)
12-24 02:21:15.924  2022  2044 I GnssLocationProvider: WakeLock released by handleMessage(REPORT_SV_STATUS, 0, com.android.server.location.GnssLocationProvider$SvStatusInfo@6773585)
12-24 02:21:16.924  2022  2457 I GnssLocationProvider: WakeLock acquired by sendMessage(REPORT_SV_STATUS, 0, com.android.server.location.GnssLocationProvider$SvStatusInfo@cee7fda)
12-24 02:21:16.925  2022  2044 I GnssLocationProvider: WakeLock released by handleMessage(REPORT_SV_STATUS, 0, com.android.server.location.GnssLocationProvider$SvStatusInfo@cee7fda)
12-24 02:21:17.925  2022  2457 I GnssLocationProvider: WakeLock acquired by sendMessage(REPORT_SV_STATUS, 0, com.android.server.location.GnssLocationProvider$SvStatusInfo@91d0c0b)
12-24 02:21:17.925  2022  2044 I GnssLocationProvider: WakeLock released by handleMessage(REPORT_SV_STATUS, 0, com.android.server.location.GnssLocationProvider$SvStatusInfo@91d0c0b)
12-24 02:21:18.794  2022  2044 E memtrack: Couldn't load memtrack module
12-24 02:21:18.795  2022  2044 W android.os.Debug: failed to get memory consumption info: -1
12-24 02:21:18.927  2022  2457 I GnssLocationProvider: WakeLock acquired by sendMessage(REPORT_SV_STATUS, 0, com.android.server.location.GnssLocationProvider$SvStatusInfo@68baae8)
12-24 02:21:18.929  2022  2044 I GnssLocationProvider: WakeLock released by handleMessage(REPORT_SV_STATUS, 0, com.android.server.location.GnssLocationProvider$SvStatusInfo@68baae8)
12-24 02:21:19.929  2022  2457 I GnssLocationProvider: WakeLock acquired by sendMessage(REPORT_SV_STATUS, 0, com.android.server.location.GnssLocationProvider$SvStatusInfo@efaa501)
12-24 02:21:19.932  2022  2044 I GnssLocationProvider: WakeLock released by handleMessage(REPORT_SV_STATUS, 0, com.android.server.location.GnssLocationProvider$SvStatusInfo@efaa501)
12-24 02:21:20.786  2022  2080 E memtrack: Couldn't load memtrack module
12-24 02:21:20.786  2022  2080 W android.os.Debug: failed to get memory consumption info: -1
12-24 02:21:20.930  2022  2457 I GnssLocationProvider: WakeLock acquired by sendMessage(REPORT_SV_STATUS, 0, com.android.server.location.GnssLocationProvider$SvStatusInfo@ec4bfa6)
12-24 02:21:20.932  2022  2044 I GnssLocationProvider: WakeLock released by handleMessage(REPORT_SV_STATUS, 0, com.android.server.location.GnssLocationProvider$SvStatusInfo@ec4bfa6)
12-24 02:21:21.931  2022  2457 I GnssLocationProvider: WakeLock acquired by sendMessage(REPORT_SV_STATUS, 0, com.android.server.location.GnssLocationProvider$SvStatusInfo@c8e5de7)
12-24 02:21:21.932  2022  2044 I GnssLocationProvider: WakeLock released by handleMessage(REPORT_SV_STATUS, 0, com.android.server.location.GnssLocationProvider$SvStatusInfo@c8e5de7)
12-24 02:21:22.390  2022  2045 W BroadcastQueue: Background execution not allowed: receiving Intent { act=android.intent.action.DROPBOX_ENTRY_ADDED flg=0x10 (has extras) } to com.google.android.gms/.stats.service.DropBoxEntryAddedReceiver
12-24 02:21:22.390  2022  2045 W BroadcastQueue: Background execution not allowed: receiving Intent { act=android.intent.action.DROPBOX_ENTRY_ADDED flg=0x10 (has extras) } to com.google.android.gms/.chimera.GmsIntentOperationService$PersistentTrustedReceiver
12-24 02:21:22.423 15229 15229 W app_process: Unexpected CPU variant for X86 using defaults: x86
12-24 02:21:22.423 15229 15229 I app_process: The ClassLoaderContext is a special shared library.
12-24 02:21:22.424 15229 15229 I app_process: The ClassLoaderContext is a special shared library.
12-24 02:21:22.439  2022  2080 W WindowManager: removeWindowToken: Attempted to remove non-existing token: android.os.Binder@b7fe5a3
12-24 02:21:22.568  2022  2045 W BroadcastQueue: Background execution not allowed: receiving Intent { act=android.intent.action.DROPBOX_ENTRY_ADDED flg=0x10 (has extras) } to com.google.android.gms/.stats.service.DropBoxEntryAddedReceiver
12-24 02:21:22.568  2022  2045 W BroadcastQueue: Background execution not allowed: receiving Intent { act=android.intent.action.DROPBOX_ENTRY_ADDED flg=0x10 (has extras) } to com.google.android.gms/.chimera.GmsIntentOperationService$PersistentTrustedReceiver
12-24 02:21:22.756  2022  2045 W BroadcastQueue: Background execution not allowed: receiving Intent { act=android.intent.action.DROPBOX_ENTRY_ADDED flg=0x10 (has extras) } to com.google.android.gms/.stats.service.DropBoxEntryAddedReceiver
12-24 02:21:22.756  2022  2045 W BroadcastQueue: Background execution not allowed: receiving Intent { act=android.intent.action.DROPBOX_ENTRY_ADDED flg=0x10 (has extras) } to com.google.android.gms/.chimera.GmsIntentOperationService$PersistentTrustedReceiver
12-24 02:21:22.928  2022  2457 I GnssLocationProvider: WakeLock acquired by sendMessage(REPORT_SV_STATUS, 0, com.android.server.location.GnssLocationProvider$SvStatusInfo@6c602ad)
12-24 02:21:22.928  2022  2044 I GnssLocationProvider: WakeLock released by handleMessage(REPORT_SV_STATUS, 0, com.android.server.location.GnssLocationProvider$SvStatusInfo@6c602ad)
12-24 02:21:23.038 15271 15271 W app_process: Unexpected CPU variant for X86 using defaults: x86
12-24 02:21:23.039 15271 15271 I app_process: The ClassLoaderContext is a special shared library.
12-24 02:21:23.050 15271 15271 I Input   : injectMotionEvent: MotionEvent { action=ACTION_DOWN, actionButton=0, id[0]=0, x[0]=672.0, y[0]=2410.0, toolType[0]=TOOL_TYPE_UNKNOWN, buttonState=0, metaState=0, flags=0x0, edgeFlags=0x0, pointerCount=1, historySize=0, eventTime=2969465, downTime=2969465, deviceId=0, source=0x1002 }
12-24 02:21:23.055 15271 15271 I Input   : injectMotionEvent: MotionEvent { action=ACTION_MOVE, actionButton=0, id[0]=0, x[0]=672.0, y[0]=2410.0, toolType[0]=TOOL_TYPE_UNKNOWN, buttonState=0, metaState=0, flags=0x0, edgeFlags=0x0, pointerCount=1, historySize=0, eventTime=2969465, downTime=2969465, deviceId=0, source=0x1002 }
12-24 02:21:23.058 14837 14837 W InputEventReceiver: Attempted to finish an input event but the input event receiver has already been disposed.
12-24 02:21:23.058  2022  2080 W InputManager: Input event injection from pid 15271 failed.
12-24 02:21:23.058 15271 15271 I Input   : injectMotionEvent: MotionEvent { action=ACTION_MOVE, actionButton=0, id[0]=0, x[0]=672.0, y[0]=2410.0, toolType[0]=TOOL_TYPE_UNKNOWN, buttonState=0, metaState=0, flags=0x0, edgeFlags=0x0, pointerCount=1, historySize=0, eventTime=2969474, downTime=2969474, deviceId=0, source=0x1002 }
12-24 02:21:23.059 15271 15271 I Input   : injectMotionEvent: MotionEvent { action=ACTION_MOVE, actionButton=0, id[0]=0, x[0]=672.0, y[0]=2410.0, toolType[0]=TOOL_TYPE_UNKNOWN, buttonState=0, metaState=0, flags=0x0, edgeFlags=0x0, pointerCount=1, historySize=0, eventTime=2969475, downTime=2969475, deviceId=0, source=0x1002 }
12-24 02:21:23.060 15271 15271 I Input   : injectMotionEvent: MotionEvent { action=ACTION_MOVE, actionButton=0, id[0]=0, x[0]=672.0, y[0]=2410.0, toolType[0]=TOOL_TYPE_UNKNOWN, buttonState=0, metaState=0, flags=0x0, edgeFlags=0x0, pointerCount=1, historySize=0, eventTime=2969476, downTime=2969476, deviceId=0, source=0x1002 }
12-24 02:21:23.061 15271 15271 I Input   : injectMotionEvent: MotionEvent { action=ACTION_MOVE, actionButton=0, id[0]=0, x[0]=672.0, y[0]=2410.0, toolType[0]=TOOL_TYPE_UNKNOWN, buttonState=0, metaState=0, flags=0x0, edgeFlags=0x0, pointerCount=1, historySize=0, eventTime=2969476, downTime=2969476, deviceId=0, source=0x1002 }
12-24 02:21:23.061 15271 15271 I Input   : injectMotionEvent: MotionEvent { action=ACTION_MOVE, actionButton=0, id[0]=0, x[0]=672.0, y[0]=2410.0, toolType[0]=TOOL_TYPE_UNKNOWN, buttonState=0, metaState=0, flags=0x0, edgeFlags=0x0, pointerCount=1, historySize=0, eventTime=2969477, downTime=2969477, deviceId=0, source=0x1002 }
12-24 02:21:23.062 15271 15271 I Input   : injectMotionEvent: MotionEvent { action=ACTION_MOVE, actionButton=0, id[0]=0, x[0]=672.0, y[0]=2410.0, toolType[0]=TOOL_TYPE_UNKNOWN, buttonState=0, metaState=0, flags=0x0, edgeFlags=0x0, pointerCount=1, historySize=0, eventTime=2969477, downTime=2969477, deviceId=0, source=0x1002 }
12-24 02:21:23.062 15271 15271 I Input   : injectMotionEvent: MotionEvent { action=ACTION_MOVE, actionButton=0, id[0]=0, x[0]=672.0, y[0]=2410.0, toolType[0]=TOOL_TYPE_UNKNOWN, buttonState=0, metaState=0, flags=0x0, edgeFlags=0x0, pointerCount=1, historySize=0, eventTime=2969478, downTime=2969478, deviceId=0, source=0x1002 }
12-24 02:21:23.063 15271 15271 I Input   : injectMotionEvent: MotionEvent { action=ACTION_MOVE, actionButton=0, id[0]=0, x[0]=672.0, y[0]=2410.0, toolType[0]=TOOL_TYPE_UNKNOWN, buttonState=0, metaState=0, flags=0x0, edgeFlags=0x0, pointerCount=1, historySize=0, eventTime=2969478, downTime=2969478, deviceId=0, source=0x1002 }
12-24 02:21:23.063 15271 15271 I Input   : injectMotionEvent: MotionEvent { action=ACTION_MOVE, actionButton=0, id[0]=0, x[0]=672.0, y[0]=2410.0, toolType[0]=TOOL_TYPE_UNKNOWN, buttonState=0, metaState=0, flags=0x0, edgeFlags=0x0, pointerCount=1, historySize=0, eventTime=2969479, downTime=2969479, deviceId=0, source=0x1002 }
12-24 02:21:23.064 15271 15271 I Input   : injectMotionEvent: MotionEvent { action=ACTION_MOVE, actionButton=0, id[0]=0, x[0]=672.0, y[0]=2410.0, toolType[0]=TOOL_TYPE_UNKNOWN, buttonState=0, metaState=0, flags=0x0, edgeFlags=0x0, pointerCount=1, historySize=0, eventTime=2969479, downTime=2969479, deviceId=0, source=0x1002 }
12-24 02:21:23.064 15271 15271 I Input   : injectMotionEvent: MotionEvent { action=ACTION_MOVE, actionButton=0, id[0]=0, x[0]=672.0, y[0]=2410.0, toolType[0]=TOOL_TYPE_UNKNOWN, buttonState=0, metaState=0, flags=0x0, edgeFlags=0x0, pointerCount=1, historySize=0, eventTime=2969480, downTime=2969480, deviceId=0, source=0x1002 }
12-24 02:21:23.065 15271 15271 I Input   : injectMotionEvent: MotionEvent { action=ACTION_MOVE, actionButton=0, id[0]=0, x[0]=672.0, y[0]=2410.0, toolType[0]=TOOL_TYPE_UNKNOWN, buttonState=0, metaState=0, flags=0x0, edgeFlags=0x0, pointerCount=1, historySize=0, eventTime=2969480, downTime=2969480, deviceId=0, source=0x1002 }
