12-24 02:20:42.222 14798 14798 W dex2oat : Accessing hidden method Landroid/media/AudioTrack$StreamEventCallback;-><init>()V (dark greylist, linking)
12-24 02:20:42.791 14798 14798 W dex2oat : Accessing hidden method Landroid/app/job/JobParameters;->getStopReason()I (dark greylist, linking)
12-24 02:20:42.792 14798 14798 W dex2oat : Accessing hidden method Landroid/content/res/Resources$Theme;->rebase()V (dark greylist, linking)
12-24 02:20:42.801 14798 14798 I dex2oat : Explicit concurrent copying GC freed 46001(6MB) AllocSpace objects, 0(0B) LOS objects, 99% free, 1000B/1536KB, paused 240us total 2.241ms
12-24 02:20:42.865 14798 14798 I dex2oat : dex2oat took 1.259s (3.538s cpu) (threads: 4) arena alloc=383KB (392680B) java alloc=16KB (17384B) native alloc=10MB (10988208B) free=3MB (3167568B)
12-24 02:20:42.869  2022  2022 I GnssLocationProvider: WakeLock acquired by sendMessage(SET_REQUEST, 0, com.android.server.location.GnssLocationProvider$GpsRequest@4de13e2)
12-24 02:20:42.870  2022  2044 I GnssLocationProvider: WakeLock released by handleMessage(SET_REQUEST, 0, com.android.server.location.GnssLocationProvider$GpsRequest@4de13e2)
12-24 02:20:42.870  2022  2022 I GnssLocationProvider: WakeLock acquired by sendMessage(SET_REQUEST, 0, com.android.server.location.GnssLocationProvider$GpsRequest@f698373)
12-24 02:20:42.871  2022  2022 I GnssLocationProvider: WakeLock acquired by sendMessage(SET_REQUEST, 0, com.android.server.location.GnssLocationProvider$GpsRequest@3ec3230)
12-24 02:20:42.871  2022  2044 I GnssLocationProvider: WakeLock released by handleMessage(SET_REQUEST, 0, com.android.server.location.GnssLocationProvider$GpsRequest@f698373)
12-24 02:20:42.871  2022  2044 I GnssLocationProvider: WakeLock released by handleMessage(SET_REQUEST, 0, com.android.server.location.GnssLocationProvider$GpsRequest@3ec3230)
12-24 02:20:42.872  2022  2022 I GnssLocationProvider: WakeLock acquired by sendMessage(SET_REQUEST, 0, com.android.server.location.GnssLocationProvider$GpsRequest@3fc2ea9)
12-24 02:20:42.872  2022  2044 I GnssLocationProvider: WakeLock released by handleMessage(SET_REQUEST, 0, com.android.server.location.GnssLocationProvider$GpsRequest@3fc2ea9)
12-24 02:20:42.882  1862  2092 E         : Couldn't opendir /data/app/vmdl343155793.tmp: No such file or directory
12-24 02:20:42.882  1862  2092 E installd: Failed to delete /data/app/vmdl343155793.tmp: No such file or directory
12-24 02:20:42.889  2022  5109 W BroadcastQueue: Background execution not allowed: receiving Intent { act=android.intent.action.PACKAGE_ADDED dat=package:com.ichi2.anki flg=0x4000010 (has extras) } to com.android.musicfx/.Compatibility$Receiver
12-24 02:20:42.889  2022  2045 W BroadcastQueue: Background execution not allowed: receiving Intent { act=android.intent.action.PACKAGE_ADDED dat=package:com.ichi2.anki flg=0x4000010 (has extras) } to com.google.android.gms/.games.chimera.GamesSystemBroadcastReceiverProxy
12-24 02:20:42.889  2022  2045 W BroadcastQueue: Background execution not allowed: receiving Intent { act=android.intent.action.PACKAGE_ADDED dat=package:com.ichi2.anki flg=0x4000010 (has extras) } to com.google.android.gms/.gass.chimera.PackageChangeBroadcastReceiver
12-24 02:20:42.889  3954  3954 I CarrierServices: [2] RcsAutoStartReceiver.b: carrierServicesJibeServiceEnabled changed from true to true
12-24 02:20:42.890  3954  3954 I CarrierServices: [2] RcsAutoStartReceiver.b: enableRcs changed from true to true
12-24 02:20:42.890  2022  2045 W BroadcastQueue: Background execution not allowed: receiving Intent { act=android.intent.action.PACKAGE_ADDED dat=package:com.ichi2.anki flg=0x4000010 (has extras) } to com.google.android.gms/.chimera.GmsIntentOperationService$PersistentTrustedReceiver
12-24 02:20:42.890  3954  3954 I CarrierServices: [2] RcsAutoStartReceiver.b: RcsAutoStartReceiver triggered. Fetching RCS State. Action: android.intent.action.PACKAGE_ADDED
12-24 02:20:42.890  2022  2045 W BroadcastQueue: Background execution not allowed: receiving Intent { act=android.intent.action.PACKAGE_ADDED dat=package:com.ichi2.anki flg=0x4000010 (has extras) } to com.google.android.googlequicksearchbox/com.google.android.apps.gsa.googlequicksearchbox.GelStubAppWatcher
12-24 02:20:42.890  2022  2045 W BroadcastQueue: Background execution not allowed: receiving Intent { act=android.intent.action.PACKAGE_ADDED dat=package:com.ichi2.anki flg=0x4000010 (has extras) } to com.google.android.ims/.receivers.RcsAutoStartReceiver
12-24 02:20:42.891  2022  2106 I InputReader: Reconfiguring input devices.  changes=0x00000010
12-24 02:20:42.892  3954  3954 I CarrierServices: [2] aws.a: Migration binding to RcsMigrationService
12-24 02:20:42.895  3871  3871 I Bugle   : returning RCS state provider.
12-24 02:20:42.901  2022  2022 I Telecom : DefaultDialerCache: Refreshing default dialer for user 0: now com.google.android.dialer: DDC.oR@APE
12-24 02:20:42.903  3871 11532 I CarrierServices: [473] inq.shouldUseCarrierServicesApkForV1Apis: Checking if using CarrierServices.apk is possible. Enabled: true, isAtLeastM: true, runningInsideBugle: true
12-24 02:20:42.904  2022  2457 I GnssLocationProvider: WakeLock acquired by sendMessage(REPORT_SV_STATUS, 0, com.android.server.location.GnssLocationProvider$SvStatusInfo@4099dbc)
12-24 02:20:42.906  2166 14813 W GCM     : Unexpected forwarded intent: Intent { act=android.intent.action.PACKAGE_ADDED dat=package:com.ichi2.anki flg=0x4000010 cmp=com.google.android.gms/.chimera.PersistentIntentOperationService (has extras) }
12-24 02:20:42.907  2166 14636 W GCM     : Unexpected forwarded intent: Intent { act=android.intent.action.PACKAGE_ADDED dat=package:com.ichi2.anki flg=0x4000010 cmp=com.google.android.gms/.chimera.PersistentIntentOperationService (has extras) }
12-24 02:20:42.909  3871 11532 I CarrierServices: [473] inq.e: Network Operator: 310260
12-24 02:20:42.910  2022  4135 W ActivityManager: Unable to start service Intent { act=com.google.android.gms.auth.key.retrieval.service.START pkg=com.google.android.gms } U=0: not found
12-24 02:20:42.910  3871 11532 I CarrierServices: [473] inq.e: carrierWithOldEcApis: false
12-24 02:20:42.910  3871 11532 I CarrierServices: [473] inq.e: hasDialerThatSupportsNewEc: false
12-24 02:20:42.912  2582 14816 I Auth    : [SupervisedAccountIntentOperation] onHandleIntent(): android.intent.action.PACKAGE_ADDED
12-24 02:20:42.912  2582 14816 I Auth    : [SupervisedAccountIntentOperation] This operation is disabled
12-24 02:20:42.915  2582 14821 I ChromeSync: [Sync,SyncIntentOperation] Handling the intent: Intent { act=android.intent.action.PACKAGE_ADDED dat=package:com.ichi2.anki flg=0x4000010 cmp=com.google.android.gms/.chimera.GmsIntentOperationService (has extras) }.
12-24 02:20:42.925  3871 11532 W RcsProvisioning: Failed to read configuration: /data/user/0/com.google.android.apps.messaging/files/rcsconfig (No such file or directory)
12-24 02:20:42.925  3871 11532 W RcsProvisioning: java.io.FileNotFoundException: /data/user/0/com.google.android.apps.messaging/files/rcsconfig (No such file or directory)
12-24 02:20:42.925  3871 11532 W RcsProvisioning: 	at java.io.FileInputStream.open0(Native Method)
12-24 02:20:42.925  3871 11532 W RcsProvisioning: 	at java.io.FileInputStream.open(FileInputStream.java:231)
12-24 02:20:42.925  3871 11532 W RcsProvisioning: 	at java.io.FileInputStream.<init>(FileInputStream.java:165)
12-24 02:20:42.925  3871 11532 W RcsProvisioning: 	at android.app.ContextImpl.openFileInput(ContextImpl.java:560)
12-24 02:20:42.925  3871 11532 W RcsProvisioning: 	at android.content.ContextWrapper.openFileInput(ContextWrapper.java:202)
12-24 02:20:42.925  3871 11532 W RcsProvisioning: 	at ion.a(SourceFile:2)
12-24 02:20:42.925  3871 11532 W RcsProvisioning: 	at idl.a(SourceFile:4)
12-24 02:20:42.925  3871 11532 W RcsProvisioning: 	at idm.a(SourceFile:7)
12-24 02:20:42.925  3871 11532 W RcsProvisioning: 	at com.google.android.apps.messaging.rcsmigration.RcsStateProvider.buildRcsState(SourceFile:81)
12-24 02:20:42.925  3871 11532 W RcsProvisioning: 	at com.google.android.apps.messaging.rcsmigration.RcsStateProvider.getRcsState(SourceFile:6)
12-24 02:20:42.925  3871 11532 W RcsProvisioning: 	at com.google.android.ims.rcsmigration.IRcsStateProvider$Stub.dispatchTransaction(SourceFile:10)
12-24 02:20:42.925  3871 11532 W RcsProvisioning: 	at com.google.android.aidl.BaseStub.onTransact(SourceFile:18)
12-24 02:20:42.925  3871 11532 W RcsProvisioning: 	at android.os.Binder.execTransact(Binder.java:731)
12-24 02:20:42.926  2022  4168 W ActivityManager: Unbind failed: could not find connection for android.os.BinderProxy@6a8627f
12-24 02:20:42.926  2582  3117 E GmsClient: unable to connect to service: com.google.android.gms.auth.key.retrieval.service.START on com.google.android.gms
12-24 02:20:42.938  7285 14810 I ProvidersCache: Provider returned no roots. Possibly naughty: com.google.android.apps.docs.storage
12-24 02:20:42.960  2022  2044 I GnssLocationProvider: WakeLock released by handleMessage(REPORT_SV_STATUS, 0, com.android.server.location.GnssLocationProvider$SvStatusInfo@4099dbc)
12-24 02:20:42.986  2022  4168 I ActivityManager: START u0 {act=android.intent.action.MAIN cat=[android.intent.category.LAUNCHER] flg=0x10000000 cmp=com.ichi2.anki/.IntentHandler} from uid 2000
12-24 02:20:42.991  2582 14821 I ChromeSync: [Persistence,AffiliationManager] One of affiliation or grouping data for android://7MWhbIj2U9j49-jCuZlHS-MLn23LAIHs7VuROmBzkJdbTp2SlvRQnptPT_btc6Cid1nrZ1o0LWvYVUZ-gNoBBw==@com.ichi2.anki/ was not found. Marking affiliation data as stale...
12-24 02:20:43.005 14837 14837 W com.ichi2.anki: Unexpected CPU variant for X86 using defaults: x86
12-24 02:20:43.006  2022  2047 I ActivityManager: Start proc 14837:com.ichi2.anki/u0a95 for activity com.ichi2.anki/.IntentHandler
12-24 02:20:43.044 14837 14837 I a       : ACRA is enabled for com.ichi2.anki, initializing...
12-24 02:20:43.056 14837 14837 W a       : ACRA#init called more than once. This might have unexpected side effects. Doing this outside of tests is discouraged.
12-24 02:20:43.056 14837 14837 I a       : ACRA is enabled for com.ichi2.anki, initializing...
12-24 02:20:43.064 14837 14837 I com.ichi2.anki: Rejecting re-init on previously-failed class java.lang.Class<g7.I>: java.lang.NoClassDefFoundError: Failed resolution of: Landroidx/work/multiprocess/RemoteListenableWorker;
12-24 02:20:43.064 14837 14837 I com.ichi2.anki:   at void f7.Q.<clinit>() (SourceFile:62)
12-24 02:20:43.064 14837 14837 I com.ichi2.anki:   at void com.ichi2.anki.AnkiDroidApp.onCreate() (SourceFile:201)
12-24 02:20:43.064 14837 14837 I com.ichi2.anki:   at void android.app.Instrumentation.callApplicationOnCreate(android.app.Application) (Instrumentation.java:1154)
12-24 02:20:43.064 14837 14837 I com.ichi2.anki:   at void android.app.ActivityThread.handleBindApplication(android.app.ActivityThread$AppBindData) (ActivityThread.java:5871)
12-24 02:20:43.064 14837 14837 I com.ichi2.anki:   at void android.app.ActivityThread.access$1100(android.app.ActivityThread, android.app.ActivityThread$AppBindData) (ActivityThread.java:199)
12-24 02:20:43.064 14837 14837 I com.ichi2.anki:   at void android.app.ActivityThread$H.handleMessage(android.os.Message) (ActivityThread.java:1650)
12-24 02:20:43.064 14837 14837 I com.ichi2.anki:   at void android.os.Handler.dispatchMessage(android.os.Message) (Handler.java:106)
12-24 02:20:43.064 14837 14837 I com.ichi2.anki:   at void android.os.Looper.loop() (Looper.java:193)
12-24 02:20:43.064 14837 14837 I com.ichi2.anki:   at void android.app.ActivityThread.main(java.lang.String[]) (ActivityThread.java:6669)
12-24 02:20:43.064 14837 14837 I com.ichi2.anki:   at java.lang.Object java.lang.reflect.Method.invoke(java.lang.Object, java.lang.Object[]) (Method.java:-2)
12-24 02:20:43.064 14837 14837 I com.ichi2.anki:   at void com.android.internal.os.RuntimeInit$MethodAndArgsCaller.run() (RuntimeInit.java:493)
12-24 02:20:43.064 14837 14837 I com.ichi2.anki:   at void com.android.internal.os.ZygoteInit.main(java.lang.String[]) (ZygoteInit.java:858)
12-24 02:20:43.065 14837 14837 I com.ichi2.anki: Caused by: java.lang.ClassNotFoundException: Didn't find class "androidx.work.multiprocess.RemoteListenableWorker" on path: DexPathList[[zip file "/data/app/com.ichi2.anki-jQuEhCy5eqm6QGrotLRpSw==/base.apk"],nativeLibraryDirectories=[/data/app/com.ichi2.anki-jQuEhCy5eqm6QGrotLRpSw==/lib/x86, /data/app/com.ichi2.anki-jQuEhCy5eqm6QGrotLRpSw==/base.apk!/lib/x86, /system/lib]]
12-24 02:20:43.065 14837 14837 I com.ichi2.anki:   at java.lang.Class dalvik.system.BaseDexClassLoader.findClass(java.lang.String) (BaseDexClassLoader.java:134)
12-24 02:20:43.065 14837 14837 I com.ichi2.anki:   at java.lang.Class java.lang.ClassLoader.loadClass(java.lang.String, boolean) (ClassLoader.java:379)
12-24 02:20:43.065 14837 14837 I com.ichi2.anki:   at java.lang.Class java.lang.ClassLoader.loadClass(java.lang.String) (ClassLoader.java:312)
12-24 02:20:43.065 14837 14837 I com.ichi2.anki:   at void f7.Q.<clinit>() (SourceFile:62)
12-24 02:20:43.065 14837 14837 I com.ichi2.anki:   at void com.ichi2.anki.AnkiDroidApp.onCreate() (SourceFile:201)
12-24 02:20:43.065 14837 14837 I com.ichi2.anki:   at void android.app.Instrumentation.callApplicationOnCreate(android.app.Application) (Instrumentation.java:1154)
12-24 02:20:43.065 14837 14837 I com.ichi2.anki:   at void android.app.ActivityThread.handleBindApplication(android.app.ActivityThread$AppBindData) (ActivityThread.java:5871)
12-24 02:20:43.065 14837 14837 I com.ichi2.anki:   at void android.app.ActivityThread.access$1100(android.app.ActivityThread, android.app.ActivityThread$AppBindData) (ActivityThread.java:199)
12-24 02:20:43.065 14837 14837 I com.ichi2.anki:   at void android.app.ActivityThread$H.handleMessage(android.os.Message) (ActivityThread.java:1650)
12-24 02:20:43.065 14837 14837 I com.ichi2.anki:   at void android.os.Handler.dispatchMessage(android.os.Message) (Handler.java:106)
12-24 02:20:43.065 14837 14837 I com.ichi2.anki:   at void android.os.Looper.loop() (Looper.java:193)
12-24 02:20:43.065 14837 14837 I com.ichi2.anki:   at void android.app.ActivityThread.main(java.lang.String[]) (ActivityThread.java:6669)
12-24 02:20:43.065 14837 14837 I com.ichi2.anki:   at java.lang.Object java.lang.reflect.Method.invoke(java.lang.Object, java.lang.Object[]) (Method.java:-2)
12-24 02:20:43.065 14837 14837 I com.ichi2.anki:   at void com.android.internal.os.RuntimeInit$MethodAndArgsCaller.run() (RuntimeInit.java:493)
12-24 02:20:43.065 14837 14837 I com.ichi2.anki:   at void com.android.internal.os.ZygoteInit.main(java.lang.String[]) (ZygoteInit.java:858)
12-24 02:20:43.065 14837 14837 I com.ichi2.anki: 
12-24 02:20:43.065 14837 14837 I com.ichi2.anki: Rejecting re-init on previously-failed class java.lang.Class<g7.I>: java.lang.NoClassDefFoundError: Failed resolution of: Landroidx/work/multiprocess/RemoteListenableWorker;
12-24 02:20:43.065 14837 14837 I com.ichi2.anki:   at void f7.Q.<clinit>() (SourceFile:62)
12-24 02:20:43.065 14837 14837 I com.ichi2.anki:   at void com.ichi2.anki.AnkiDroidApp.onCreate() (SourceFile:201)
12-24 02:20:43.065 14837 14837 I com.ichi2.anki:   at void android.app.Instrumentation.callApplicationOnCreate(android.app.Application) (Instrumentation.java:1154)
12-24 02:20:43.065 14837 14837 I com.ichi2.anki:   at void android.app.ActivityThread.handleBindApplication(android.app.ActivityThread$AppBindData) (ActivityThread.java:5871)
12-24 02:20:43.065 14837 14837 I com.ichi2.anki:   at void android.app.ActivityThread.access$1100(android.app.ActivityThread, android.app.ActivityThread$AppBindData) (ActivityThread.java:199)
12-24 02:20:43.065 14837 14837 I com.ichi2.anki:   at void android.app.ActivityThread$H.handleMessage(android.os.Message) (ActivityThread.java:1650)
12-24 02:20:43.065 14837 14837 I com.ichi2.anki:   at void android.os.Handler.dispatchMessage(android.os.Message) (Handler.java:106)
12-24 02:20:43.065 14837 14837 I com.ichi2.anki:   at void android.os.Looper.loop() (Looper.java:193)
12-24 02:20:43.065 14837 14837 I com.ichi2.anki:   at void android.app.ActivityThread.main(java.lang.String[]) (ActivityThread.java:6669)
12-24 02:20:43.065 14837 14837 I com.ichi2.anki:   at java.lang.Object java.lang.reflect.Method.invoke(java.lang.Object, java.lang.Object[]) (Method.java:-2)
12-24 02:20:43.065 14837 14837 I com.ichi2.anki:   at void com.android.internal.os.RuntimeInit$MethodAndArgsCaller.run() (RuntimeInit.java:493)
12-24 02:20:43.065 14837 14837 I com.ichi2.anki:   at void com.android.internal.os.ZygoteInit.main(java.lang.String[]) (ZygoteInit.java:858)
12-24 02:20:43.065 14837 14837 I com.ichi2.anki: Caused by: java.lang.ClassNotFoundException: Didn't find class "androidx.work.multiprocess.RemoteListenableWorker" on path: DexPathList[[zip file "/data/app/com.ichi2.anki-jQuEhCy5eqm6QGrotLRpSw==/base.apk"],nativeLibraryDirectories=[/data/app/com.ichi2.anki-jQuEhCy5eqm6QGrotLRpSw==/lib/x86, /data/app/com.ichi2.anki-jQuEhCy5eqm6QGrotLRpSw==/base.apk!/lib/x86, /system/lib]]
12-24 02:20:43.065 14837 14837 I com.ichi2.anki:   at java.lang.Class dalvik.system.BaseDexClassLoader.findClass(java.lang.String) (BaseDexClassLoader.java:134)
12-24 02:20:43.065 14837 14837 I com.ichi2.anki:   at java.lang.Class java.lang.ClassLoader.loadClass(java.lang.String, boolean) (ClassLoader.java:379)
12-24 02:20:43.065 14837 14837 I com.ichi2.anki:   at java.lang.Class java.lang.ClassLoader.loadClass(java.lang.String) (ClassLoader.java:312)
12-24 02:20:43.065 14837 14837 I com.ichi2.anki:   at void f7.Q.<clinit>() (SourceFile:62)
12-24 02:20:43.066 14837 14837 I com.ichi2.anki:   at void com.ichi2.anki.AnkiDroidApp.onCreate() (SourceFile:201)
12-24 02:20:43.066 14837 14837 I com.ichi2.anki:   at void android.app.Instrumentation.callApplicationOnCreate(android.app.Application) (Instrumentation.java:1154)
12-24 02:20:43.066 14837 14837 I com.ichi2.anki:   at void android.app.ActivityThread.handleBindApplication(android.app.ActivityThread$AppBindData) (ActivityThread.java:5871)
12-24 02:20:43.066 14837 14837 I com.ichi2.anki:   at void android.app.ActivityThread.access$1100(android.app.ActivityThread, android.app.ActivityThread$AppBindData) (ActivityThread.java:199)
12-24 02:20:43.066 14837 14837 I com.ichi2.anki:   at void android.app.ActivityThread$H.handleMessage(android.os.Message) (ActivityThread.java:1650)
12-24 02:20:43.066 14837 14837 I com.ichi2.anki:   at void android.os.Handler.dispatchMessage(android.os.Message) (Handler.java:106)
12-24 02:20:43.066 14837 14837 I com.ichi2.anki:   at void android.os.Looper.loop() (Looper.java:193)
12-24 02:20:43.066 14837 14837 I com.ichi2.anki:   at void android.app.ActivityThread.main(java.lang.String[]) (ActivityThread.java:6669)
12-24 02:20:43.066 14837 14837 I com.ichi2.anki:   at java.lang.Object java.lang.reflect.Method.invoke(java.lang.Object, java.lang.Object[]) (Method.java:-2)
12-24 02:20:43.066 14837 14837 I com.ichi2.anki:   at void com.android.internal.os.RuntimeInit$MethodAndArgsCaller.run() (RuntimeInit.java:493)
12-24 02:20:43.066 14837 14837 I com.ichi2.anki:   at void com.android.internal.os.ZygoteInit.main(java.lang.String[]) (ZygoteInit.java:858)
12-24 02:20:43.066 14837 14837 I com.ichi2.anki: 
12-24 02:20:43.068 14837 14837 I AnkiDroid: Timber config: PRODUCTION
12-24 02:20:43.069 14837 14837 I AnkiDroid: initialize()
12-24 02:20:43.072 14837 14837 I WebViewFactory: Loading com.android.chrome version 69.0.3497.100 (code 349710017)
12-24 02:20:43.073 14837 14837 I com.ichi2.anki: The ClassLoaderContext is a special shared library.
12-24 02:20:43.084 14837 14837 I cr_LibraryLoader: Time to load native libraries: 5 ms (timestamps 9495-9500)
12-24 02:20:43.086 14837 14870 E cr_VariationsUtils: Failed reading seed file "/data/user/0/com.ichi2.anki/app_webview/variations_seed_new": /data/user/0/com.ichi2.anki/app_webview/variations_seed_new (No such file or directory)
12-24 02:20:43.086 14837 14870 E cr_VariationsUtils: Failed reading seed file "/data/user/0/com.ichi2.anki/app_webview/variations_seed": /data/user/0/com.ichi2.anki/app_webview/variations_seed (No such file or directory)
12-24 02:20:43.087 14837 14837 I chromium: [INFO:library_loader_hooks.cc(36)] Chromium logging enabled: level = 0, default verbosity = 0
12-24 02:20:43.087 14837 14837 I cr_LibraryLoader: Expected native library version number "69.0.3497.100", actual native library version number "69.0.3497.100"
12-24 02:20:43.091 14837 14871 W cr_ChildProcLH: Create a new ChildConnectionAllocator with package name = com.android.chrome, sandboxed = true
12-24 02:20:43.094 14837 14837 I cr_BrowserStartup: Initializing chromium process, singleProcess=false
12-24 02:20:43.097 14873 14873 W dboxed_process: Unexpected CPU variant for X86 using defaults: x86
12-24 02:20:43.104  2022  6316 I ActivityManager: Start proc 14873:com.android.chrome:sandboxed_process0/u0i7 for webview_service com.ichi2.anki/org.chromium.content.app.SandboxedProcessService0
12-24 02:20:43.113 14873 14873 I cr_ChildProcessService: Creating new ChildProcessService pid=14873
12-24 02:20:43.130  3871 11532 W RcsProvisioning: Failed to read configuration: /data/user/0/com.google.android.apps.messaging/files/rcsconfig (No such file or directory)
12-24 02:20:43.131  3871 11532 W RcsProvisioning: java.io.FileNotFoundException: /data/user/0/com.google.android.apps.messaging/files/rcsconfig (No such file or directory)
12-24 02:20:43.131  3871 11532 W RcsProvisioning: 	at java.io.FileInputStream.open0(Native Method)
12-24 02:20:43.131  3871 11532 W RcsProvisioning: 	at java.io.FileInputStream.open(FileInputStream.java:231)
12-24 02:20:43.131  3871 11532 W RcsProvisioning: 	at java.io.FileInputStream.<init>(FileInputStream.java:165)
12-24 02:20:43.131  3871 11532 W RcsProvisioning: 	at android.app.ContextImpl.openFileInput(ContextImpl.java:560)
12-24 02:20:43.131  3871 11532 W RcsProvisioning: 	at android.content.ContextWrapper.openFileInput(ContextWrapper.java:202)
12-24 02:20:43.131  3871 11532 W RcsProvisioning: 	at ion.a(SourceFile:2)
12-24 02:20:43.131  3871 11532 W RcsProvisioning: 	at idl.a(SourceFile:4)
12-24 02:20:43.131  3871 11532 W RcsProvisioning: 	at idm.a(SourceFile:7)
12-24 02:20:43.131  3871 11532 W RcsProvisioning: 	at iez.buildConferencesFileName(SourceFile:30)
12-24 02:20:43.131  3871 11532 W RcsProvisioning: 	at com.google.android.apps.messaging.rcsmigration.RcsStateProvider.buildRcsState(SourceFile:129)
12-24 02:20:43.131  3871 11532 W RcsProvisioning: 	at com.google.android.apps.messaging.rcsmigration.RcsStateProvider.getRcsState(SourceFile:6)
12-24 02:20:43.131  3871 11532 W RcsProvisioning: 	at com.google.android.ims.rcsmigration.IRcsStateProvider$Stub.dispatchTransaction(SourceFile:10)
12-24 02:20:43.131  3871 11532 W RcsProvisioning: 	at com.google.android.aidl.BaseStub.onTransact(SourceFile:18)
12-24 02:20:43.131  3871 11532 W RcsProvisioning: 	at android.os.Binder.execTransact(Binder.java:731)
12-24 02:20:43.146 14837 14837 I AnkiDroid: Not participating in analytics sample (sample percentage vs random: 10 89)
12-24 02:20:43.146 14837 14837 I AnkiDroid: setOptIn(): from false to false
12-24 02:20:43.146 14837 14837 I AnkiDroid: Not participating in analytics sample (sample percentage vs random: 10 12)
12-24 02:20:43.146 14837 14837 I AnkiDroid: initialize()
12-24 02:20:43.151 14837 14837 I AnkiDroid: Creating notification channel with id/name: General Notifications/AnkiDroid
12-24 02:20:43.152 14837 14837 I AnkiDroid: Creating notification channel with id/name: Synchronization/Synchronization
12-24 02:20:43.153 14837 14837 I AnkiDroid: Creating notification channel with id/name: Global Reminders/Cards due
12-24 02:20:43.153 14837 14837 I AnkiDroid: Creating notification channel with id/name: Deck Reminders/Reminders
12-24 02:20:43.157 14837 14837 I AnkiDroid: AnkiDroidApp: Starting Services
12-24 02:20:43.158 14837 14837 W AnkiDroid: AnkiDroidApp/ BootService - unexpected action received, ignoring: null
12-24 02:20:43.174 14837 14917 I TextToSpeech: Sucessfully bound to com.google.android.tts
12-24 02:20:43.174  6528  6528 I TTS     : Creating Google TTS service, version 3.15.16.197398873
12-24 02:20:43.178  6528 14924 I TTS     : Initializing en-us-x-sfg-lstm-embedded from apk
12-24 02:20:43.184 14837 14837 I AnkiDroid: IntentHandler::onCreate
12-24 02:20:43.185 14837 14837 I AnkiDroid: Setting theme to LIGHT
12-24 02:20:43.196 14837 14837 I AnkiDroid: Launching DeckPicker
12-24 02:20:43.196  2022  4168 I ActivityManager: START u0 {act=android.intent.action.MAIN cat=[android.intent.category.LAUNCHER] flg=0x10008000 cmp=com.ichi2.anki/.DeckPicker} from uid 10095
12-24 02:20:43.197  2022  4168 W ActivityManager: Activity is launching as a new task, so cancelling activity result.
12-24 02:20:43.202  2022  4168 W ActivityManager: Duplicate finish request for ActivityRecord{f422277 u0 com.ichi2.anki/.IntentHandler t15 f}
12-24 02:20:43.229 14837 14837 I AnkiDroid: AnkiDroid Version = 2.20.0 (d41d16a45c00b0bdbd3b13ac988143db5ef8ae90)
12-24 02:20:43.229 14837 14837 I AnkiDroid: 
12-24 02:20:43.229 14837 14837 I AnkiDroid: Backend Version = 0.1.48-anki24.11 (24.11 c47638ca36f99dd4f3b81ae82d964aec66e392e0)
12-24 02:20:43.229 14837 14837 I AnkiDroid: 
12-24 02:20:43.229 14837 14837 I AnkiDroid: Android Version = 9 (SDK 28)
12-24 02:20:43.229 14837 14837 I AnkiDroid: 
12-24 02:20:43.229 14837 14837 I AnkiDroid: ProductFlavor = full
12-24 02:20:43.229 14837 14837 I AnkiDroid: 
12-24 02:20:43.229 14837 14837 I AnkiDroid: Manufacturer = Google
12-24 02:20:43.229 14837 14837 I AnkiDroid: 
12-24 02:20:43.229 14837 14837 I AnkiDroid: Model = AOSP on IA Emulator
12-24 02:20:43.229 14837 14837 I AnkiDroid: 
12-24 02:20:43.229 14837 14837 I AnkiDroid: Hardware = ranchu
12-24 02:20:43.229 14837 14837 I AnkiDroid: 
12-24 02:20:43.229 14837 14837 I AnkiDroid: Webview User Agent = Mozilla/5.0 (Linux; Android 9; AOSP on IA Emulator Build/PSR1.180720.122; wv) AppleWebKit/537.36 (KHTML, like Gecko) Version/4.0 Chrome/69.0.3497.100 Mobile Safari/537.36
12-24 02:20:43.229 14837 14837 I AnkiDroid: 
12-24 02:20:43.229 14837 14837 I AnkiDroid: ACRA UUID = 8d06e63c-8c38-4382-9ab9-e42161d01d48
12-24 02:20:43.229 14837 14837 I AnkiDroid: 
12-24 02:20:43.229 14837 14837 I AnkiDroid: FSRS = 1.4.3 (Enabled: null)
12-24 02:20:43.229 14837 14837 I AnkiDroid: 
12-24 02:20:43.229 14837 14837 I AnkiDroid: Crash Reports Enabled = true
12-24 02:20:43.231  3871 11532 E CarrierServices: [473] iez.getFile: File not found.: /data/user/0/com.google.android.apps.messaging/files/httpft_pending (No such file or directory)
12-24 02:20:43.231  3871 11532 E CarrierServices: 	java.io.FileInputStream.open0(Native Method)
12-24 02:20:43.231  3871 11532 E CarrierServices: 	java.io.FileInputStream.open(FileInputStream.java:231)
12-24 02:20:43.231  3871 11532 E CarrierServices: 	java.io.FileInputStream.<init>(FileInputStream.java:165)
12-24 02:20:43.231  3871 11532 E CarrierServices: 	android.app.ContextImpl.openFileInput(ContextImpl.java:560)
12-24 02:20:43.231  3871 11532 E CarrierServices: 	android.content.ContextWrapper.openFileInput(ContextWrapper.java:202)
12-24 02:20:43.231  3871 11532 E CarrierServices: 	iez.getFile(SourceFile:20)
12-24 02:20:43.231  3871 11532 E CarrierServices: 	com.google.android.apps.messaging.rcsmigration.RcsStateProvider.buildRcsState(SourceFile:136)
12-24 02:20:43.231  3871 11532 E CarrierServices: 	com.google.android.apps.messaging.rcsmigration.RcsStateProvider.getRcsState(SourceFile:6)
12-24 02:20:43.231  3871 11532 E CarrierServices: 	com.google.android.ims.rcsmigration.IRcsStateProvider$Stub.dispatchTransaction(SourceFile:10)
12-24 02:20:43.231  3871 11532 E CarrierServices: 	com.google.android.aidl.BaseStub.onTransact(SourceFile:18)
12-24 02:20:43.231  3871 11532 E CarrierServices: 	android.os.Binder.execTransact(Binder.java:731)
12-24 02:20:43.233 14837 14837 I TextToSpeech: Connected to ComponentInfo{com.google.android.tts/com.google.android.tts.service.GoogleTTSService}
12-24 02:20:43.235  3954 14932 I CarrierServices: [230] awt.doInBackground: Saving RCS State
12-24 02:20:43.235  3954 14932 I CarrierServices: [230] awt.doInBackground: Old operation mode: 2
12-24 02:20:43.235  3954 14932 I CarrierServices: [230] awt.doInBackground: New operation mode: 2
12-24 02:20:43.237 14837 14837 W ActivityThread: handleWindowVisibility: no activity for token android.os.BinderProxy@ffce533
12-24 02:20:43.245  3871 11532 I CarrierServices: [473] RcsStateProvider.onMigrationComplete: Migration complete.
12-24 02:20:43.247  3871 11532 I CarrierServices: [473] inq.shouldUseCarrierServicesApkForV1Apis: Checking if using CarrierServices.apk is possible. Enabled: true, isAtLeastM: true, runningInsideBugle: true
12-24 02:20:43.248  3871 11532 I CarrierServices: [473] inq.e: Network Operator: 310260
12-24 02:20:43.249  3871 11532 I CarrierServices: [473] inq.e: carrierWithOldEcApis: false
12-24 02:20:43.249  3871 11532 I CarrierServices: [473] inq.e: hasDialerThatSupportsNewEc: false
12-24 02:20:43.249  3871 11532 I CarrierServices: [473] RcsStateProvider.onMigrationComplete: Rcs Engine should be running in cs.apk. Stopping JibeService.
12-24 02:20:43.251  6528  6545 I TTS     : For default lang en-us is name en-US-language (en-us-x-sfg-server)
12-24 02:20:43.252 14837 14934 I TextToSpeech: Set up connection to ComponentInfo{com.google.android.tts/com.google.android.tts.service.GoogleTTSService}
12-24 02:20:43.257  3871 11532 I CarrierServices: [473] RcsStateProvider.onMigrationComplete: JibeService stopped: true
12-24 02:20:43.263  3871 11532 I CarrierServices: [473] inq.e: Network Operator: 310260
12-24 02:20:43.263  3871 11532 I CarrierServices: [473] inq.e: carrierWithOldEcApis: false
12-24 02:20:43.263  3871 11532 I CarrierServices: [473] inq.e: hasDialerThatSupportsNewEc: false
12-24 02:20:43.264  3871 11532 I CarrierServices: [473] jsn.connect: shouldUseCarrierServicesJibeService: true, CarrierServices rcs service found: true
12-24 02:20:43.265  3871 11532 I CarrierServices: [473] jsn.connect: Binding to JibeService in CarrierServices.
12-24 02:20:43.267 14837 14837 I AnkiDroid: Setting theme to LIGHT
12-24 02:20:43.271 14837 14837 I AnkiDroid: DeckPicker::onCreate
12-24 02:20:43.272 14837 14837 I AnkiDroid: Displaying app intro
12-24 02:20:43.273  2022  4168 I ActivityManager: START u0 {flg=0x14000000 cmp=com.ichi2.anki/.IntroductionActivity} from uid 10095
12-24 02:20:43.273  3871 11532 I CarrierServices: [473] inq.e: Network Operator: 310260
12-24 02:20:43.273  3871 11532 I CarrierServices: [473] inq.e: carrierWithOldEcApis: false
12-24 02:20:43.273  3871 11532 I CarrierServices: [473] inq.e: hasDialerThatSupportsNewEc: false
12-24 02:20:43.274  3871 11532 I CarrierServices: [473] jsn.connect: shouldUseCarrierServicesJibeService: true, CarrierServices rcs service found: true
12-24 02:20:43.274  3871 11532 I CarrierServices: [473] jsn.connect: Binding to JibeService in CarrierServices.
12-24 02:20:43.293 14837 14837 I AnkiDroid: finishWithAnimation DEFAULT
12-24 02:20:43.296  3871 11532 I CarrierServices: [473] inq.e: Network Operator: 310260
12-24 02:20:43.297  3871 11532 I CarrierServices: [473] inq.e: carrierWithOldEcApis: false
12-24 02:20:43.297  3871 11532 I CarrierServices: [473] inq.e: hasDialerThatSupportsNewEc: false
12-24 02:20:43.298  3871 11532 I CarrierServices: [473] jsn.connect: shouldUseCarrierServicesJibeService: true, CarrierServices rcs service found: true
12-24 02:20:43.298  3871 11532 I CarrierServices: [473] jsn.connect: Binding to JibeService in CarrierServices.
12-24 02:20:43.303 14837 14837 W ActivityThread: handleWindowVisibility: no activity for token android.os.BinderProxy@ff4bc81
12-24 02:20:43.305  3871 11532 I CarrierServices: [473] inq.e: Network Operator: 310260
12-24 02:20:43.306  3871 11532 I CarrierServices: [473] inq.e: carrierWithOldEcApis: false
12-24 02:20:43.306  3871 11532 I CarrierServices: [473] inq.e: hasDialerThatSupportsNewEc: false
12-24 02:20:43.310  3871 11532 I CarrierServices: [473] jsn.connect: shouldUseCarrierServicesJibeService: true, CarrierServices rcs service found: true
12-24 02:20:43.310  3871 11532 I CarrierServices: [473] jsn.connect: Binding to JibeService in CarrierServices.
12-24 02:20:43.311 14837 14939 W cr_CrashFileManager: /data/user/0/com.ichi2.anki/cache/WebView/Crash Reports does not exist or is not a directory
12-24 02:20:43.313 14837 14837 I AnkiDroid: Setting theme to LIGHT
12-24 02:20:43.315 14837 14837 I AnkiDroid: IntroductionActivity::onCreate
12-24 02:20:43.320  3871 11532 I CarrierServices: [473] inq.e: Network Operator: 310260
12-24 02:20:43.321 14837 14837 I AnkiDroid: IntroductionActivity::SetupCollectionFragment::onAttach
12-24 02:20:43.321  3871 11532 I CarrierServices: [473] inq.e: carrierWithOldEcApis: false
12-24 02:20:43.321  3871 11532 I CarrierServices: [473] inq.e: hasDialerThatSupportsNewEc: false
12-24 02:20:43.321 14837 14837 I AnkiDroid: IntroductionActivity::SetupCollectionFragment::onCreate
12-24 02:20:43.323 14837 14837 I AnkiDroid: IntroductionActivity::onStart
12-24 02:20:43.324  3871 11532 I CarrierServices: [473] jsn.connect: shouldUseCarrierServicesJibeService: true, CarrierServices rcs service found: true
12-24 02:20:43.326  3871 11532 I CarrierServices: [473] jsn.connect: Binding to JibeService in CarrierServices.
12-24 02:20:43.329  3871 11532 I CarrierServices: [473] inq.e: Network Operator: 310260
12-24 02:20:43.329  3871 11532 I CarrierServices: [473] inq.e: carrierWithOldEcApis: false
12-24 02:20:43.329  3871 11532 I CarrierServices: [473] inq.e: hasDialerThatSupportsNewEc: false
12-24 02:20:43.330  3871 11532 I CarrierServices: [473] jsn.connect: shouldUseCarrierServicesJibeService: true, CarrierServices rcs service found: true
12-24 02:20:43.330  3871 11532 I CarrierServices: [473] jsn.connect: Binding to JibeService in CarrierServices.
12-24 02:20:43.333  3871 11532 I CarrierServices: [473] inq.e: Network Operator: 310260
12-24 02:20:43.333  3871 11532 I CarrierServices: [473] inq.e: carrierWithOldEcApis: false
12-24 02:20:43.333  3871 11532 I CarrierServices: [473] inq.e: hasDialerThatSupportsNewEc: false
12-24 02:20:43.334  3871 11532 I CarrierServices: [473] jsn.connect: shouldUseCarrierServicesJibeService: true, CarrierServices rcs service found: true
12-24 02:20:43.334  3871 11532 I CarrierServices: [473] jsn.connect: Binding to JibeService in CarrierServices.
12-24 02:20:43.336  3954  3972 W CarrierServices: [176] bmc.a: No config URL. RCS will be disabled!
12-24 02:20:43.336  3871  3871 I BugleRcs: RcsAvailability ACS url: null
12-24 02:20:43.338  3871 11532 I CarrierServices: [473] inq.e: Network Operator: 310260
12-24 02:20:43.339  3871 11532 I CarrierServices: [473] inq.e: carrierWithOldEcApis: false
12-24 02:20:43.339  3871 11532 I CarrierServices: [473] inq.e: hasDialerThatSupportsNewEc: false
12-24 02:20:43.340  3871 11532 I CarrierServices: [473] jsn.connect: shouldUseCarrierServicesJibeService: true, CarrierServices rcs service found: true
12-24 02:20:43.340  3871 11532 I CarrierServices: [473] jsn.connect: Binding to JibeService in CarrierServices.
12-24 02:20:43.342  3954  3972 W CarrierServices: [176] bmc.a: No config URL. RCS will be disabled!
12-24 02:20:43.342  3871  3871 I BugleRcs: RcsAvailability ACS url: null
12-24 02:20:43.343  3871 11532 W RcsProvisioning: Failed to read configuration: /data/user/0/com.google.android.apps.messaging/files/rcsconfig (No such file or directory)
12-24 02:20:43.343  3871 11532 W RcsProvisioning: java.io.FileNotFoundException: /data/user/0/com.google.android.apps.messaging/files/rcsconfig (No such file or directory)
12-24 02:20:43.343  3871 11532 W RcsProvisioning: 	at java.io.FileInputStream.open0(Native Method)
12-24 02:20:43.343  3871 11532 W RcsProvisioning: 	at java.io.FileInputStream.open(FileInputStream.java:231)
12-24 02:20:43.343  3871 11532 W RcsProvisioning: 	at java.io.FileInputStream.<init>(FileInputStream.java:165)
12-24 02:20:43.343  3871 11532 W RcsProvisioning: 	at android.app.ContextImpl.openFileInput(ContextImpl.java:560)
12-24 02:20:43.343  3871 11532 W RcsProvisioning: 	at android.content.ContextWrapper.openFileInput(ContextWrapper.java:202)
12-24 02:20:43.343  3871 11532 W RcsProvisioning: 	at ion.a(SourceFile:2)
12-24 02:20:43.343  3871 11532 W RcsProvisioning: 	at idl.a(SourceFile:4)
12-24 02:20:43.343  3871 11532 W RcsProvisioning: 	at idm.a(SourceFile:7)
12-24 02:20:43.343  3871 11532 W RcsProvisioning: 	at com.google.android.apps.messaging.rcsmigration.RcsStateProvider.onMigrationComplete(SourceFile:27)
12-24 02:20:43.343  3871 11532 W RcsProvisioning: 	at com.google.android.ims.rcsmigration.IRcsStateProvider$Stub.dispatchTransaction(SourceFile:14)
12-24 02:20:43.343  3871 11532 W RcsProvisioning: 	at com.google.android.aidl.BaseStub.onTransact(SourceFile:18)
12-24 02:20:43.343  3871 11532 W RcsProvisioning: 	at android.os.Binder.execTransact(Binder.java:731)
12-24 02:20:43.345 14837 14837 I AnkiDroid: IntroductionActivity::SetupCollectionFragment::onViewCreated
12-24 02:20:43.347 14837 14837 I AnkiDroid: IntroductionActivity::SetupCollectionFragment::onStart
12-24 02:20:43.350 14837 14837 I AnkiDroid: IntroductionActivity::onResume
12-24 02:20:43.351 14837 14837 I AnkiDroid: IntroductionActivity::SetupCollectionFragment::onResume
12-24 02:20:43.354  1857  1893 E SurfaceFlinger: ro.sf.lcd_density must be defined as a build property
12-24 02:20:43.401 14837 14943 I ConfigStore: android::hardware::configstore::V1_0::ISurfaceFlingerConfigs::hasWideColorDisplay retrieved: 0
12-24 02:20:43.401 14837 14943 I ConfigStore: android::hardware::configstore::V1_0::ISurfaceFlingerConfigs::hasHDRDisplay retrieved: 0
12-24 02:20:43.402 14837 14943 I OpenGLRenderer: Initialized EGL, version 1.4
12-24 02:20:43.402 14837 14943 W OpenGLRenderer: Failed to choose config with EGL_SWAP_BEHAVIOR_PRESERVED, retrying without...
12-24 02:20:43.429  1857  2531 E SurfaceFlinger: ro.sf.lcd_density must be defined as a build property
12-24 02:20:43.438 14837 14943 E eglCodecCommon: GoldfishAddressSpaceHostMemoryAllocator: ioctl_ping failed for device_type=5, ret=-1
12-24 02:20:43.458  3871 11532 I CarrierServices: [473] RcsStateProvider.onMigrationComplete: Deleted transfers file: false
12-24 02:20:43.460  3871 11532 W RcsProvisioning: Failed to read configuration: /data/user/0/com.google.android.apps.messaging/files/rcsconfig (No such file or directory)
12-24 02:20:43.460  3871 11532 W RcsProvisioning: java.io.FileNotFoundException: /data/user/0/com.google.android.apps.messaging/files/rcsconfig (No such file or directory)
12-24 02:20:43.460  3871 11532 W RcsProvisioning: 	at java.io.FileInputStream.open0(Native Method)
12-24 02:20:43.460  3871 11532 W RcsProvisioning: 	at java.io.FileInputStream.open(FileInputStream.java:231)
12-24 02:20:43.460  3871 11532 W RcsProvisioning: 	at java.io.FileInputStream.<init>(FileInputStream.java:165)
12-24 02:20:43.460  3871 11532 W RcsProvisioning: 	at android.app.ContextImpl.openFileInput(ContextImpl.java:560)
12-24 02:20:43.460  3871 11532 W RcsProvisioning: 	at android.content.ContextWrapper.openFileInput(ContextWrapper.java:202)
12-24 02:20:43.460  3871 11532 W RcsProvisioning: 	at ion.a(SourceFile:2)
12-24 02:20:43.460  3871 11532 W RcsProvisioning: 	at idl.a(SourceFile:4)
12-24 02:20:43.460  3871 11532 W RcsProvisioning: 	at idm.a(SourceFile:7)
12-24 02:20:43.460  3871 11532 W RcsProvisioning: 	at iez.buildConferencesFileName(SourceFile:30)
12-24 02:20:43.460  3871 11532 W RcsProvisioning: 	at com.google.android.apps.messaging.rcsmigration.RcsStateProvider.onMigrationComplete(SourceFile:48)
12-24 02:20:43.460  3871 11532 W RcsProvisioning: 	at com.google.android.ims.rcsmigration.IRcsStateProvider$Stub.dispatchTransaction(SourceFile:14)
12-24 02:20:43.460  3871 11532 W RcsProvisioning: 	at com.google.android.aidl.BaseStub.onTransact(SourceFile:18)
12-24 02:20:43.460  3871 11532 W RcsProvisioning: 	at android.os.Binder.execTransact(Binder.java:731)
12-24 02:20:43.484  2022  2055 I ActivityManager: Displayed com.ichi2.anki/.IntroductionActivity: +183ms (total +1m49s637ms)
12-24 02:20:43.561 14837 14837 I AnkiDroid: DeckPicker::onDestroy
12-24 02:20:43.561 14837 14837 I AnkiDroid: IntentHandler::onDestroy
12-24 02:20:43.566  3954  3954 I CarrierServices: [2] aww.a: Unbinding RcsMigrationService
12-24 02:20:43.582  6528 14924 I TTS     : Done initializing en-us-x-sfg-lstm-embedded
12-24 02:20:43.630  1857  1857 W SurfaceFlinger: couldn't log to binary event log: overflow.
12-24 02:20:43.630  1857  1857 W SurfaceFlinger: couldn't log to binary event log: overflow.
12-24 02:20:43.650  1857  2531 W SurfaceFlinger: Attempting to set client state on removed layer: Splash Screen com.ichi2.anki#0
12-24 02:20:43.650  1857  2531 W SurfaceFlinger: Attempting to destroy on removed layer: Splash Screen com.ichi2.anki#0
12-24 02:20:43.737  2907  2907 I StreamRenderer: cleanUpRendererScope(nowcards--3793651317476729812)
12-24 02:20:43.744  2907  2907 W SearchService: Abort, client detached.
12-24 02:20:43.744  2907  2907 I StreamController: cleanUpControllerScope(nowcards--3793651317476729812)
12-24 02:20:43.758  2907 13708 I WorkController: WorkProxy is not enqueued because WorkController is disposed: WorkProxy{Name=context::j, WorkerId=context, id=d96e888}
12-24 02:20:43.758  2907 13708 I WorkController: WorkProxy is not enqueued because WorkController is disposed: WorkProxy{Name=context::m, WorkerId=context, id=54aa221}
12-24 02:20:43.758  2907 13708 I WorkController: WorkProxy is not enqueued because WorkController is disposed: WorkProxy{Name=context::n, WorkerId=context, id=4b34646}
12-24 02:20:43.758  2907 13708 I WorkController: WorkProxy is not enqueued because WorkController is disposed: WorkProxy{Name=context::p, WorkerId=context, id=fe27007}
12-24 02:20:43.769  2166 14525 I LogUtils: [Places]: ?: Couldn't find platform key file. [CONTEXT service_id=253 ]
12-24 02:20:43.771  2166 14962 I LogUtils: [Places]: ?: Couldn't find platform key file. [CONTEXT service_id=253 ]
12-24 02:20:43.780  2166  3843 I LogUtils: [Places]: ?: PlacesBleScanner stop() [CONTEXT service_id=253 ]
12-24 02:20:43.780  2166  2166 I BeaconBle: Scan : No clients left, canceling alarm. [CONTEXT service_id=111 ]
12-24 02:20:43.781  2166  2166 I BeaconBle: Scan canceled successfully. [CONTEXT service_id=111 ]
12-24 02:20:43.784  2166  3843 I PlacesLogger: [PlaceInferenceEngine]: [anon] Changed inference mode: 1 [CONTEXT service_id=253 ]
12-24 02:20:43.784  2166  3843 I PlacesLogger: [PlaceInferenceEngine]: [account#-29786098] Changed inference mode: 1 [CONTEXT service_id=253 ]
12-24 02:20:43.797  2166  3843 I PlacesLogger: [PlaceInferenceEngine]: [anon] Changed inference mode: 1 [CONTEXT service_id=253 ]
12-24 02:20:43.797  2166  3843 I PlacesLogger: [PlaceInferenceEngine]: [account#-29786098] Changed inference mode: 1 [CONTEXT service_id=253 ]
12-24 02:20:43.907  2022  2457 I GnssLocationProvider: WakeLock acquired by sendMessage(REPORT_SV_STATUS, 0, com.android.server.location.GnssLocationProvider$SvStatusInfo@95dcd0b)
12-24 02:20:43.909  2022  2044 I GnssLocationProvider: WakeLock released by handleMessage(REPORT_SV_STATUS, 0, com.android.server.location.GnssLocationProvider$SvStatusInfo@95dcd0b)
12-24 02:20:43.990  2582 14518 I Icing   : Indexing com.google.android.gms-apps from com.google.android.gms
12-24 02:20:44.006  2582 14518 I Icing   : Indexing done com.google.android.gms-apps
12-24 02:20:44.006  2582 14518 I Icing   : Indexing com.google.android.gms-internal.3p:MobileApplication from com.google.android.gms
12-24 02:20:44.010  2582 14518 I Icing   : Indexing done com.google.android.gms-internal.3p:MobileApplication
12-24 02:20:44.906  2022  2457 I GnssLocationProvider: WakeLock acquired by sendMessage(REPORT_SV_STATUS, 0, com.android.server.location.GnssLocationProvider$SvStatusInfo@2ebd7e8)
12-24 02:20:44.908  2022  2044 I GnssLocationProvider: WakeLock released by handleMessage(REPORT_SV_STATUS, 0, com.android.server.location.GnssLocationProvider$SvStatusInfo@2ebd7e8)
12-24 02:20:45.906  2022  2457 I GnssLocationProvider: WakeLock acquired by sendMessage(REPORT_SV_STATUS, 0, com.android.server.location.GnssLocationProvider$SvStatusInfo@74934a6)
12-24 02:20:45.906  2022  2044 I GnssLocationProvider: WakeLock released by handleMessage(REPORT_SV_STATUS, 0, com.android.server.location.GnssLocationProvider$SvStatusInfo@74934a6)
12-24 02:20:46.906  2022  2457 I GnssLocationProvider: WakeLock acquired by sendMessage(REPORT_SV_STATUS, 0, com.android.server.location.GnssLocationProvider$SvStatusInfo@69a2ee7)
12-24 02:20:46.906  2022  2044 I GnssLocationProvider: WakeLock released by handleMessage(REPORT_SV_STATUS, 0, com.android.server.location.GnssLocationProvider$SvStatusInfo@69a2ee7)
12-24 02:20:47.907  2022  2457 I GnssLocationProvider: WakeLock acquired by sendMessage(REPORT_SV_STATUS, 0, com.android.server.location.GnssLocationProvider$SvStatusInfo@79a8a94)
12-24 02:20:47.908  2022  2044 I GnssLocationProvider: WakeLock released by handleMessage(REPORT_SV_STATUS, 0, com.android.server.location.GnssLocationProvider$SvStatusInfo@79a8a94)
12-24 02:20:48.792  2166  2166 I BeaconBle: Scan : No clients left, canceling alarm. [CONTEXT service_id=111 ]
12-24 02:20:48.908  2022  2457 I GnssLocationProvider: WakeLock acquired by sendMessage(REPORT_SV_STATUS, 0, com.android.server.location.GnssLocationProvider$SvStatusInfo@57e493d)
12-24 02:20:48.910  2022  2044 I GnssLocationProvider: WakeLock released by handleMessage(REPORT_SV_STATUS, 0, com.android.server.location.GnssLocationProvider$SvStatusInfo@57e493d)
12-24 02:20:49.910  2022  2457 I GnssLocationProvider: WakeLock acquired by sendMessage(REPORT_SV_STATUS, 0, com.android.server.location.GnssLocationProvider$SvStatusInfo@343f532)
12-24 02:20:49.911  2022  2044 I GnssLocationProvider: WakeLock released by handleMessage(REPORT_SV_STATUS, 0, com.android.server.location.GnssLocationProvider$SvStatusInfo@343f532)
12-24 02:20:50.603  2022  2044 E memtrack: Couldn't load memtrack module
12-24 02:20:50.603  2022  2044 W android.os.Debug: failed to get memory consumption info: -1
12-24 02:20:50.911  2022  2457 I GnssLocationProvider: WakeLock acquired by sendMessage(REPORT_SV_STATUS, 0, com.android.server.location.GnssLocationProvider$SvStatusInfo@f50d283)
12-24 02:20:50.912  2022  2044 I GnssLocationProvider: WakeLock released by handleMessage(REPORT_SV_STATUS, 0, com.android.server.location.GnssLocationProvider$SvStatusInfo@f50d283)
12-24 02:20:51.910  2022  2457 I GnssLocationProvider: WakeLock acquired by sendMessage(REPORT_SV_STATUS, 0, com.android.server.location.GnssLocationProvider$SvStatusInfo@9dfbc00)
12-24 02:20:51.911  2022  2044 I GnssLocationProvider: WakeLock released by handleMessage(REPORT_SV_STATUS, 0, com.android.server.location.GnssLocationProvider$SvStatusInfo@9dfbc00)
12-24 02:20:52.910  2022  2457 I GnssLocationProvider: WakeLock acquired by sendMessage(REPORT_SV_STATUS, 0, com.android.server.location.GnssLocationProvider$SvStatusInfo@78b3c39)
12-24 02:20:52.912  2022  2044 I GnssLocationProvider: WakeLock released by handleMessage(REPORT_SV_STATUS, 0, com.android.server.location.GnssLocationProvider$SvStatusInfo@78b3c39)
12-24 02:20:53.157  3954  3954 I CarrierServices: [2] RcsAutoStartReceiver.b: carrierServicesJibeServiceEnabled changed from true to true
12-24 02:20:53.158  2022  2106 I InputReader: Reconfiguring input devices.  changes=0x00000010
12-24 02:20:53.159  3954  3954 I CarrierServices: [2] RcsAutoStartReceiver.b: enableRcs changed from true to true
12-24 02:20:53.160  3954  3954 I CarrierServices: [2] RcsAutoStartReceiver.b: RcsAutoStartReceiver triggered. Fetching RCS State. Action: android.intent.action.PACKAGE_CHANGED
12-24 02:20:53.168  3954  3954 I CarrierServices: [2] aws.a: Migration binding to RcsMigrationService
12-24 02:20:53.173  3871  3871 I Bugle   : returning RCS state provider.
12-24 02:20:53.175  2022  2022 I Telecom : DefaultDialerCache: Refreshing default dialer for user 0: now com.google.android.dialer: DDC.oR@APU
12-24 02:20:53.190  2166 14993 I Fitness : OnPackageChangedOperation got intent: Intent { act=android.intent.action.PACKAGE_CHANGED dat=package:com.ichi2.anki flg=0x45000010 cmp=com.google.android.gms/.chimera.PersistentIntentOperationService (has extras) } [CONTEXT service_id=17 ]
12-24 02:20:53.191  3871 11532 I CarrierServices: [473] inq.shouldUseCarrierServicesApkForV1Apis: Checking if using CarrierServices.apk is possible. Enabled: true, isAtLeastM: true, runningInsideBugle: true
12-24 02:20:53.198  3871 11532 I CarrierServices: [473] inq.e: Network Operator: 310260
12-24 02:20:53.207  3871 11532 I CarrierServices: [473] inq.e: carrierWithOldEcApis: false
12-24 02:20:53.207  3871 11532 I CarrierServices: [473] inq.e: hasDialerThatSupportsNewEc: false
12-24 02:20:53.208  2022  2044 E memtrack: Couldn't load memtrack module
12-24 02:20:53.209  2022  2044 W android.os.Debug: failed to get memory consumption info: -1
12-24 02:20:53.210  2166 14993 I Fitness : FitCleanupIntentOperation received Intent android.intent.action.PACKAGE_CHANGED [CONTEXT service_id=17 ]
12-24 02:20:53.210  3871 11532 W RcsProvisioning: Failed to read configuration: /data/user/0/com.google.android.apps.messaging/files/rcsconfig (No such file or directory)
12-24 02:20:53.210  3871 11532 W RcsProvisioning: java.io.FileNotFoundException: /data/user/0/com.google.android.apps.messaging/files/rcsconfig (No such file or directory)
