12-24 03:00:24.329  2022  2457 I GnssLocationProvider: WakeLock acquired by sendMessage(REPORT_SV_STATUS, 0, com.android.server.location.GnssLocationProvider$SvStatusInfo@9b65321)
12-24 03:00:24.329  2022  2044 I GnssLocationProvider: WakeLock released by handleMessage(REPORT_SV_STATUS, 0, com.android.server.location.GnssLocationProvider$SvStatusInfo@9b65321)
12-24 03:00:25.329  2022  2457 I GnssLocationProvider: WakeLock acquired by sendMessage(REPORT_SV_STATUS, 0, com.android.server.location.GnssLocationProvider$SvStatusInfo@c7ba346)
12-24 03:00:25.329  2022  2044 I GnssLocationProvider: WakeLock released by handleMessage(REPORT_SV_STATUS, 0, com.android.server.location.GnssLocationProvider$SvStatusInfo@c7ba346)
12-24 03:00:26.329  2022  2457 I GnssLocationProvider: WakeLock acquired by sendMessage(REPORT_SV_STATUS, 0, com.android.server.location.GnssLocationProvider$SvStatusInfo@a880907)
12-24 03:00:26.329  2022  2044 I GnssLocationProvider: WakeLock released by handleMessage(REPORT_SV_STATUS, 0, com.android.server.location.GnssLocationProvider$SvStatusInfo@a880907)
12-24 03:00:27.331  2022  2457 I GnssLocationProvider: WakeLock acquired by sendMessage(REPORT_SV_STATUS, 0, com.android.server.location.GnssLocationProvider$SvStatusInfo@1162a34)
12-24 03:00:27.333  2022  2044 I GnssLocationProvider: WakeLock released by handleMessage(REPORT_SV_STATUS, 0, com.android.server.location.GnssLocationProvider$SvStatusInfo@1162a34)
12-24 03:00:28.032  1857  1986 E SurfaceFlinger: ro.sf.lcd_density must be defined as a build property
12-24 03:00:28.049 20060 20060 E eglCodecCommon: GoldfishAddressSpaceHostMemoryAllocator: ioctl_ping failed for device_type=5, ret=-1
12-24 03:00:28.087  3954  3954 I CarrierServices: [2] RcsAutoStartReceiver.b: carrierServicesJibeServiceEnabled changed from true to true
12-24 03:00:28.087  2022  2106 I InputReader: Reconfiguring input devices.  changes=0x00000010
12-24 03:00:28.088  3954  3954 I CarrierServices: [2] RcsAutoStartReceiver.b: enableRcs changed from true to true
12-24 03:00:28.088  3954  3954 I CarrierServices: [2] RcsAutoStartReceiver.b: RcsAutoStartReceiver triggered. Fetching RCS State. Action: android.intent.action.PACKAGE_CHANGED
12-24 03:00:28.090  3954  3954 I CarrierServices: [2] aws.a: Migration binding to RcsMigrationService
12-24 03:00:28.090  2022  2022 I Telecom : DefaultDialerCache: Refreshing default dialer for user 0: now com.google.android.dialer: DDC.oR@AQ8
12-24 03:00:28.091  3871  3871 I Bugle   : returning RCS state provider.
12-24 03:00:28.098  2166 20064 I Fitness : OnPackageChangedOperation got intent: Intent { act=android.intent.action.PACKAGE_CHANGED dat=package:com.ichi2.anki flg=0x45000010 cmp=com.google.android.gms/.chimera.PersistentIntentOperationService (has extras) } [CONTEXT service_id=17 ]
12-24 03:00:28.102  2166 20065 I Fitness : FitCleanupIntentOperation received Intent android.intent.action.PACKAGE_CHANGED [CONTEXT service_id=17 ]
12-24 03:00:28.106  2022  2044 E memtrack: Couldn't load memtrack module
12-24 03:00:28.106  3871  5105 I CarrierServices: [351] inq.shouldUseCarrierServicesApkForV1Apis: Checking if using CarrierServices.apk is possible. Enabled: true, isAtLeastM: true, runningInsideBugle: true
12-24 03:00:28.108  3871  5105 I CarrierServices: [351] inq.e: Network Operator: 310260
12-24 03:00:28.109  2022  2044 W android.os.Debug: failed to get memory consumption info: -1
12-24 03:00:28.110  3871  5105 I CarrierServices: [351] inq.e: carrierWithOldEcApis: false
12-24 03:00:28.110  3871  5105 I CarrierServices: [351] inq.e: hasDialerThatSupportsNewEc: false
12-24 03:00:28.121  2022  2044 E memtrack: Couldn't load memtrack module
12-24 03:00:28.121  2022  2044 W android.os.Debug: failed to get memory consumption info: -1
12-24 03:00:28.121  3871  5105 W RcsProvisioning: Failed to read configuration: /data/user/0/com.google.android.apps.messaging/files/rcsconfig (No such file or directory)
12-24 03:00:28.121  3871  5105 W RcsProvisioning: java.io.FileNotFoundException: /data/user/0/com.google.android.apps.messaging/files/rcsconfig (No such file or directory)
12-24 03:00:28.121  3871  5105 W RcsProvisioning: 	at java.io.FileInputStream.open0(Native Method)
12-24 03:00:28.121  3871  5105 W RcsProvisioning: 	at java.io.FileInputStream.open(FileInputStream.java:231)
12-24 03:00:28.121  3871  5105 W RcsProvisioning: 	at java.io.FileInputStream.<init>(FileInputStream.java:165)
12-24 03:00:28.121  3871  5105 W RcsProvisioning: 	at android.app.ContextImpl.openFileInput(ContextImpl.java:560)
12-24 03:00:28.121  3871  5105 W RcsProvisioning: 	at android.content.ContextWrapper.openFileInput(ContextWrapper.java:202)
12-24 03:00:28.121  3871  5105 W RcsProvisioning: 	at ion.a(SourceFile:2)
12-24 03:00:28.121  3871  5105 W RcsProvisioning: 	at idl.a(SourceFile:4)
12-24 03:00:28.121  3871  5105 W RcsProvisioning: 	at idm.a(SourceFile:7)
12-24 03:00:28.121  3871  5105 W RcsProvisioning: 	at com.google.android.apps.messaging.rcsmigration.RcsStateProvider.buildRcsState(SourceFile:81)
12-24 03:00:28.121  3871  5105 W RcsProvisioning: 	at com.google.android.apps.messaging.rcsmigration.RcsStateProvider.getRcsState(SourceFile:6)
12-24 03:00:28.121  3871  5105 W RcsProvisioning: 	at com.google.android.ims.rcsmigration.IRcsStateProvider$Stub.dispatchTransaction(SourceFile:10)
12-24 03:00:28.121  3871  5105 W RcsProvisioning: 	at com.google.android.aidl.BaseStub.onTransact(SourceFile:18)
12-24 03:00:28.121  3871  5105 W RcsProvisioning: 	at android.os.Binder.execTransact(Binder.java:731)
12-24 03:00:28.136  7285 19647 I ProvidersCache: Provider returned no roots. Possibly naughty: com.google.android.apps.docs.storage
12-24 03:00:28.329  2022  2457 I GnssLocationProvider: WakeLock acquired by sendMessage(REPORT_SV_STATUS, 0, com.android.server.location.GnssLocationProvider$SvStatusInfo@8be7c8d)
12-24 03:00:28.329  2022  2044 I GnssLocationProvider: WakeLock released by handleMessage(REPORT_SV_STATUS, 0, com.android.server.location.GnssLocationProvider$SvStatusInfo@8be7c8d)
12-24 03:00:28.377  2022  2045 W BroadcastQueue: Background execution not allowed: receiving Intent { act=android.intent.action.DROPBOX_ENTRY_ADDED flg=0x10 (has extras) } to com.google.android.gms/.stats.service.DropBoxEntryAddedReceiver
12-24 03:00:28.377  2022  2045 W BroadcastQueue: Background execution not allowed: receiving Intent { act=android.intent.action.DROPBOX_ENTRY_ADDED flg=0x10 (has extras) } to com.google.android.gms/.chimera.GmsIntentOperationService$PersistentTrustedReceiver
12-24 03:00:28.398  3871  5105 W RcsProvisioning: Failed to read configuration: /data/user/0/com.google.android.apps.messaging/files/rcsconfig (No such file or directory)
12-24 03:00:28.398  3871  5105 W RcsProvisioning: java.io.FileNotFoundException: /data/user/0/com.google.android.apps.messaging/files/rcsconfig (No such file or directory)
12-24 03:00:28.398  3871  5105 W RcsProvisioning: 	at java.io.FileInputStream.open0(Native Method)
12-24 03:00:28.398  3871  5105 W RcsProvisioning: 	at java.io.FileInputStream.open(FileInputStream.java:231)
12-24 03:00:28.398  3871  5105 W RcsProvisioning: 	at java.io.FileInputStream.<init>(FileInputStream.java:165)
12-24 03:00:28.398  3871  5105 W RcsProvisioning: 	at android.app.ContextImpl.openFileInput(ContextImpl.java:560)
12-24 03:00:28.398  3871  5105 W RcsProvisioning: 	at android.content.ContextWrapper.openFileInput(ContextWrapper.java:202)
12-24 03:00:28.398  3871  5105 W RcsProvisioning: 	at ion.a(SourceFile:2)
12-24 03:00:28.398  3871  5105 W RcsProvisioning: 	at idl.a(SourceFile:4)
12-24 03:00:28.398  3871  5105 W RcsProvisioning: 	at idm.a(SourceFile:7)
12-24 03:00:28.398  3871  5105 W RcsProvisioning: 	at iez.buildConferencesFileName(SourceFile:30)
12-24 03:00:28.398  3871  5105 W RcsProvisioning: 	at com.google.android.apps.messaging.rcsmigration.RcsStateProvider.buildRcsState(SourceFile:129)
12-24 03:00:28.398  3871  5105 W RcsProvisioning: 	at com.google.android.apps.messaging.rcsmigration.RcsStateProvider.getRcsState(SourceFile:6)
12-24 03:00:28.398  3871  5105 W RcsProvisioning: 	at com.google.android.ims.rcsmigration.IRcsStateProvider$Stub.dispatchTransaction(SourceFile:10)
12-24 03:00:28.398  3871  5105 W RcsProvisioning: 	at com.google.android.aidl.BaseStub.onTransact(SourceFile:18)
12-24 03:00:28.398  3871  5105 W RcsProvisioning: 	at android.os.Binder.execTransact(Binder.java:731)
12-24 03:00:28.536  3871  5105 E CarrierServices: [351] iez.getFile: File not found.: /data/user/0/com.google.android.apps.messaging/files/httpft_pending (No such file or directory)
12-24 03:00:28.536  3871  5105 E CarrierServices: 	java.io.FileInputStream.open0(Native Method)
12-24 03:00:28.536  3871  5105 E CarrierServices: 	java.io.FileInputStream.open(FileInputStream.java:231)
12-24 03:00:28.536  3871  5105 E CarrierServices: 	java.io.FileInputStream.<init>(FileInputStream.java:165)
12-24 03:00:28.536  3871  5105 E CarrierServices: 	android.app.ContextImpl.openFileInput(ContextImpl.java:560)
12-24 03:00:28.536  3871  5105 E CarrierServices: 	android.content.ContextWrapper.openFileInput(ContextWrapper.java:202)
12-24 03:00:28.536  3871  5105 E CarrierServices: 	iez.getFile(SourceFile:20)
12-24 03:00:28.536  3871  5105 E CarrierServices: 	com.google.android.apps.messaging.rcsmigration.RcsStateProvider.buildRcsState(SourceFile:136)
12-24 03:00:28.536  3871  5105 E CarrierServices: 	com.google.android.apps.messaging.rcsmigration.RcsStateProvider.getRcsState(SourceFile:6)
12-24 03:00:28.536  3871  5105 E CarrierServices: 	com.google.android.ims.rcsmigration.IRcsStateProvider$Stub.dispatchTransaction(SourceFile:10)
12-24 03:00:28.536  3871  5105 E CarrierServices: 	com.google.android.aidl.BaseStub.onTransact(SourceFile:18)
12-24 03:00:28.536  3871  5105 E CarrierServices: 	android.os.Binder.execTransact(Binder.java:731)
12-24 03:00:28.537  3954 20103 I CarrierServices: [237] awt.doInBackground: Saving RCS State
12-24 03:00:28.537  3954 20103 I CarrierServices: [237] awt.doInBackground: Old operation mode: 2
12-24 03:00:28.538  3954 20103 I CarrierServices: [237] awt.doInBackground: New operation mode: 2
12-24 03:00:28.541  3871  5105 I CarrierServices: [351] RcsStateProvider.onMigrationComplete: Migration complete.
12-24 03:00:28.543  3871  5105 I CarrierServices: [351] inq.shouldUseCarrierServicesApkForV1Apis: Checking if using CarrierServices.apk is possible. Enabled: true, isAtLeastM: true, runningInsideBugle: true
12-24 03:00:28.548  3871  5105 I CarrierServices: [351] inq.e: Network Operator: 310260
12-24 03:00:28.548  3871  5105 I CarrierServices: [351] inq.e: carrierWithOldEcApis: false
12-24 03:00:28.548  3871  5105 I CarrierServices: [351] inq.e: hasDialerThatSupportsNewEc: false
12-24 03:00:28.549  3871  5105 I CarrierServices: [351] RcsStateProvider.onMigrationComplete: Rcs Engine should be running in cs.apk. Stopping JibeService.
12-24 03:00:28.553  3871  5105 I CarrierServices: [351] RcsStateProvider.onMigrationComplete: JibeService stopped: true
12-24 03:00:28.556  3871  5105 I CarrierServices: [351] inq.e: Network Operator: 310260
12-24 03:00:28.557  3871  5105 I CarrierServices: [351] inq.e: carrierWithOldEcApis: false
12-24 03:00:28.557  3871  5105 I CarrierServices: [351] inq.e: hasDialerThatSupportsNewEc: false
12-24 03:00:28.558  3871  5105 I CarrierServices: [351] jsn.connect: shouldUseCarrierServicesJibeService: true, CarrierServices rcs service found: true
12-24 03:00:28.558  3871  5105 I CarrierServices: [351] jsn.connect: Binding to JibeService in CarrierServices.
12-24 03:00:28.561  3871  5105 I CarrierServices: [351] inq.e: Network Operator: 310260
12-24 03:00:28.561  3871  5105 I CarrierServices: [351] inq.e: carrierWithOldEcApis: false
12-24 03:00:28.561  3871  5105 I CarrierServices: [351] inq.e: hasDialerThatSupportsNewEc: false
12-24 03:00:28.562  3871  5105 I CarrierServices: [351] jsn.connect: shouldUseCarrierServicesJibeService: true, CarrierServices rcs service found: true
12-24 03:00:28.562  3871  5105 I CarrierServices: [351] jsn.connect: Binding to JibeService in CarrierServices.
12-24 03:00:28.565  3871  5105 I CarrierServices: [351] inq.e: Network Operator: 310260
12-24 03:00:28.566  3871  5105 I CarrierServices: [351] inq.e: carrierWithOldEcApis: false
12-24 03:00:28.566  3871  5105 I CarrierServices: [351] inq.e: hasDialerThatSupportsNewEc: false
12-24 03:00:28.567  3871  5105 I CarrierServices: [351] jsn.connect: shouldUseCarrierServicesJibeService: true, CarrierServices rcs service found: true
12-24 03:00:28.567  3871  5105 I CarrierServices: [351] jsn.connect: Binding to JibeService in CarrierServices.
12-24 03:00:28.570  3871  5105 I CarrierServices: [351] inq.e: Network Operator: 310260
12-24 03:00:28.570  3871  5105 I CarrierServices: [351] inq.e: carrierWithOldEcApis: false
12-24 03:00:28.570  3871  5105 I CarrierServices: [351] inq.e: hasDialerThatSupportsNewEc: false
12-24 03:00:28.571  3871  5105 I CarrierServices: [351] jsn.connect: shouldUseCarrierServicesJibeService: true, CarrierServices rcs service found: true
12-24 03:00:28.571  3871  5105 I CarrierServices: [351] jsn.connect: Binding to JibeService in CarrierServices.
12-24 03:00:28.574  3871  5105 I CarrierServices: [351] inq.e: Network Operator: 310260
12-24 03:00:28.574  3871  5105 I CarrierServices: [351] inq.e: carrierWithOldEcApis: false
12-24 03:00:28.574  3871  5105 I CarrierServices: [351] inq.e: hasDialerThatSupportsNewEc: false
12-24 03:00:28.575  3871  5105 I CarrierServices: [351] jsn.connect: shouldUseCarrierServicesJibeService: true, CarrierServices rcs service found: true
12-24 03:00:28.575  3871  5105 I CarrierServices: [351] jsn.connect: Binding to JibeService in CarrierServices.
12-24 03:00:28.578  3871  5105 I CarrierServices: [351] inq.e: Network Operator: 310260
12-24 03:00:28.578  3871  5105 I CarrierServices: [351] inq.e: carrierWithOldEcApis: false
12-24 03:00:28.579  3871  5105 I CarrierServices: [351] inq.e: hasDialerThatSupportsNewEc: false
12-24 03:00:28.579  3871  5105 I CarrierServices: [351] jsn.connect: shouldUseCarrierServicesJibeService: true, CarrierServices rcs service found: true
12-24 03:00:28.580  3871  5105 I CarrierServices: [351] jsn.connect: Binding to JibeService in CarrierServices.
12-24 03:00:28.582  3871  5105 I CarrierServices: [351] inq.e: Network Operator: 310260
12-24 03:00:28.583  3871  5105 I CarrierServices: [351] inq.e: carrierWithOldEcApis: false
12-24 03:00:28.583  3871  5105 I CarrierServices: [351] inq.e: hasDialerThatSupportsNewEc: false
12-24 03:00:28.584  3871  5105 I CarrierServices: [351] jsn.connect: shouldUseCarrierServicesJibeService: true, CarrierServices rcs service found: true
12-24 03:00:28.584  3871  5105 I CarrierServices: [351] jsn.connect: Binding to JibeService in CarrierServices.
12-24 03:00:28.587  3871  5105 I CarrierServices: [351] inq.e: Network Operator: 310260
12-24 03:00:28.587  3871  5105 I CarrierServices: [351] inq.e: carrierWithOldEcApis: false
12-24 03:00:28.587  3954  5103 W CarrierServices: [212] bmc.a: No config URL. RCS will be disabled!
12-24 03:00:28.588  3871  5105 I CarrierServices: [351] inq.e: hasDialerThatSupportsNewEc: false
12-24 03:00:28.588  3871  3871 I BugleRcs: RcsAvailability ACS url: null
12-24 03:00:28.589  3871  5105 I CarrierServices: [351] jsn.connect: shouldUseCarrierServicesJibeService: true, CarrierServices rcs service found: true
12-24 03:00:28.589  3871  5105 I CarrierServices: [351] jsn.connect: Binding to JibeService in CarrierServices.
12-24 03:00:28.592  3871  5105 W RcsProvisioning: Failed to read configuration: /data/user/0/com.google.android.apps.messaging/files/rcsconfig (No such file or directory)
12-24 03:00:28.592  3871  5105 W RcsProvisioning: java.io.FileNotFoundException: /data/user/0/com.google.android.apps.messaging/files/rcsconfig (No such file or directory)
12-24 03:00:28.592  3871  5105 W RcsProvisioning: 	at java.io.FileInputStream.open0(Native Method)
12-24 03:00:28.592  3871  5105 W RcsProvisioning: 	at java.io.FileInputStream.open(FileInputStream.java:231)
12-24 03:00:28.592  3871  5105 W RcsProvisioning: 	at java.io.FileInputStream.<init>(FileInputStream.java:165)
12-24 03:00:28.592  3871  5105 W RcsProvisioning: 	at android.app.ContextImpl.openFileInput(ContextImpl.java:560)
12-24 03:00:28.592  3871  5105 W RcsProvisioning: 	at android.content.ContextWrapper.openFileInput(ContextWrapper.java:202)
12-24 03:00:28.592  3871  5105 W RcsProvisioning: 	at ion.a(SourceFile:2)
12-24 03:00:28.592  3871  5105 W RcsProvisioning: 	at idl.a(SourceFile:4)
12-24 03:00:28.592  3871  5105 W RcsProvisioning: 	at idm.a(SourceFile:7)
12-24 03:00:28.592  3871  5105 W RcsProvisioning: 	at com.google.android.apps.messaging.rcsmigration.RcsStateProvider.onMigrationComplete(SourceFile:27)
12-24 03:00:28.592  3871  5105 W RcsProvisioning: 	at com.google.android.ims.rcsmigration.IRcsStateProvider$Stub.dispatchTransaction(SourceFile:14)
12-24 03:00:28.592  3871  5105 W RcsProvisioning: 	at com.google.android.aidl.BaseStub.onTransact(SourceFile:18)
12-24 03:00:28.592  3871  5105 W RcsProvisioning: 	at android.os.Binder.execTransact(Binder.java:731)
12-24 03:00:28.592  3954  5103 W CarrierServices: [212] bmc.a: No config URL. RCS will be disabled!
12-24 03:00:28.592  3871  3871 I BugleRcs: RcsAvailability ACS url: null
12-24 03:00:28.740  3871  5105 I CarrierServices: [351] RcsStateProvider.onMigrationComplete: Deleted transfers file: false
12-24 03:00:28.741  3871  5105 W RcsProvisioning: Failed to read configuration: /data/user/0/com.google.android.apps.messaging/files/rcsconfig (No such file or directory)
12-24 03:00:28.741  3871  5105 W RcsProvisioning: java.io.FileNotFoundException: /data/user/0/com.google.android.apps.messaging/files/rcsconfig (No such file or directory)
12-24 03:00:28.741  3871  5105 W RcsProvisioning: 	at java.io.FileInputStream.open0(Native Method)
12-24 03:00:28.741  3871  5105 W RcsProvisioning: 	at java.io.FileInputStream.open(FileInputStream.java:231)
12-24 03:00:28.741  3871  5105 W RcsProvisioning: 	at java.io.FileInputStream.<init>(FileInputStream.java:165)
12-24 03:00:28.741  3871  5105 W RcsProvisioning: 	at android.app.ContextImpl.openFileInput(ContextImpl.java:560)
12-24 03:00:28.741  3871  5105 W RcsProvisioning: 	at android.content.ContextWrapper.openFileInput(ContextWrapper.java:202)
12-24 03:00:28.741  3871  5105 W RcsProvisioning: 	at ion.a(SourceFile:2)
12-24 03:00:28.741  3871  5105 W RcsProvisioning: 	at idl.a(SourceFile:4)
12-24 03:00:28.741  3871  5105 W RcsProvisioning: 	at idm.a(SourceFile:7)
12-24 03:00:28.741  3871  5105 W RcsProvisioning: 	at iez.buildConferencesFileName(SourceFile:30)
12-24 03:00:28.741  3871  5105 W RcsProvisioning: 	at com.google.android.apps.messaging.rcsmigration.RcsStateProvider.onMigrationComplete(SourceFile:48)
12-24 03:00:28.741  3871  5105 W RcsProvisioning: 	at com.google.android.ims.rcsmigration.IRcsStateProvider$Stub.dispatchTransaction(SourceFile:14)
12-24 03:00:28.741  3871  5105 W RcsProvisioning: 	at com.google.android.aidl.BaseStub.onTransact(SourceFile:18)
12-24 03:00:28.741  3871  5105 W RcsProvisioning: 	at android.os.Binder.execTransact(Binder.java:731)
12-24 03:00:28.879  3954  3954 I CarrierServices: [2] aww.a: Unbinding RcsMigrationService
12-24 03:00:29.011  2166 19025 W CCTFlatFileLogStore: Excessive logging: 2048 events, 271120 bytes from log source ANDROID_GSA last 841s
12-24 03:00:29.160  2582 19044 I Icing   : Indexing com.google.android.gms-apps from com.google.android.gms
12-24 03:00:29.178  2582 19044 I Icing   : Indexing done com.google.android.gms-apps
12-24 03:00:29.178  2582 19044 I Icing   : Indexing com.google.android.gms-internal.3p:MobileApplication from com.google.android.gms
12-24 03:00:29.184  2582 19044 I Icing   : Indexing done com.google.android.gms-internal.3p:MobileApplication
12-24 03:00:29.330  2022  2457 I GnssLocationProvider: WakeLock acquired by sendMessage(REPORT_SV_STATUS, 0, com.android.server.location.GnssLocationProvider$SvStatusInfo@caa34b5)
12-24 03:00:29.331  2022  2044 I GnssLocationProvider: WakeLock released by handleMessage(REPORT_SV_STATUS, 0, com.android.server.location.GnssLocationProvider$SvStatusInfo@caa34b5)
12-24 03:00:30.331  2022  2457 I GnssLocationProvider: WakeLock acquired by sendMessage(REPORT_SV_STATUS, 0, com.android.server.location.GnssLocationProvider$SvStatusInfo@985c74a)
12-24 03:00:30.331  2022  2044 I GnssLocationProvider: WakeLock released by handleMessage(REPORT_SV_STATUS, 0, com.android.server.location.GnssLocationProvider$SvStatusInfo@985c74a)
12-24 03:00:31.331  2022  2457 I GnssLocationProvider: WakeLock acquired by sendMessage(REPORT_SV_STATUS, 0, com.android.server.location.GnssLocationProvider$SvStatusInfo@dea96bb)
12-24 03:00:31.331  2022  2044 I GnssLocationProvider: WakeLock released by handleMessage(REPORT_SV_STATUS, 0, com.android.server.location.GnssLocationProvider$SvStatusInfo@dea96bb)
12-24 03:00:32.331  2022  2457 I GnssLocationProvider: WakeLock acquired by sendMessage(REPORT_SV_STATUS, 0, com.android.server.location.GnssLocationProvider$SvStatusInfo@67157d8)
12-24 03:00:32.332  2022  2044 I GnssLocationProvider: WakeLock released by handleMessage(REPORT_SV_STATUS, 0, com.android.server.location.GnssLocationProvider$SvStatusInfo@67157d8)
12-24 03:00:33.161  2022  2044 E memtrack: Couldn't load memtrack module
12-24 03:00:33.161  2022  2044 W android.os.Debug: failed to get memory consumption info: -1
12-24 03:00:33.166  2022  2044 E memtrack: Couldn't load memtrack module
12-24 03:00:33.166  2022  2044 W android.os.Debug: failed to get memory consumption info: -1
12-24 03:00:33.332  2022  2457 I GnssLocationProvider: WakeLock acquired by sendMessage(REPORT_SV_STATUS, 0, com.android.server.location.GnssLocationProvider$SvStatusInfo@166731)
12-24 03:00:33.332  2022  2044 I GnssLocationProvider: WakeLock released by handleMessage(REPORT_SV_STATUS, 0, com.android.server.location.GnssLocationProvider$SvStatusInfo@166731)
12-24 03:00:34.332  2022  2457 I GnssLocationProvider: WakeLock acquired by sendMessage(REPORT_SV_STATUS, 0, com.android.server.location.GnssLocationProvider$SvStatusInfo@de10e16)
12-24 03:00:34.333  2022  2044 I GnssLocationProvider: WakeLock released by handleMessage(REPORT_SV_STATUS, 0, com.android.server.location.GnssLocationProvider$SvStatusInfo@de10e16)
12-24 03:00:34.864  2022  2045 W BroadcastQueue: Background execution not allowed: receiving Intent { act=android.intent.action.DROPBOX_ENTRY_ADDED flg=0x10 (has extras) } to com.google.android.gms/.stats.service.DropBoxEntryAddedReceiver
12-24 03:00:34.865  2022  2045 W BroadcastQueue: Background execution not allowed: receiving Intent { act=android.intent.action.DROPBOX_ENTRY_ADDED flg=0x10 (has extras) } to com.google.android.gms/.chimera.GmsIntentOperationService$PersistentTrustedReceiver
12-24 03:00:34.913 20119 20119 W app_process: Unexpected CPU variant for X86 using defaults: x86
12-24 03:00:34.914 20119 20119 I app_process: The ClassLoaderContext is a special shared library.
12-24 03:00:34.915 20119 20119 I app_process: The ClassLoaderContext is a special shared library.
12-24 03:00:34.938  2022  2851 W WindowManager: removeWindowToken: Attempted to remove non-existing token: android.os.Binder@56224b2
12-24 03:00:35.016  2022  2045 W BroadcastQueue: Background execution not allowed: receiving Intent { act=android.intent.action.DROPBOX_ENTRY_ADDED flg=0x10 (has extras) } to com.google.android.gms/.stats.service.DropBoxEntryAddedReceiver
12-24 03:00:35.016  2022  2045 W BroadcastQueue: Background execution not allowed: receiving Intent { act=android.intent.action.DROPBOX_ENTRY_ADDED flg=0x10 (has extras) } to com.google.android.gms/.chimera.GmsIntentOperationService$PersistentTrustedReceiver
12-24 03:00:35.163  2022  2045 W BroadcastQueue: Background execution not allowed: receiving Intent { act=android.intent.action.DROPBOX_ENTRY_ADDED flg=0x10 (has extras) } to com.google.android.gms/.stats.service.DropBoxEntryAddedReceiver
12-24 03:00:35.163  2022  2045 W BroadcastQueue: Background execution not allowed: receiving Intent { act=android.intent.action.DROPBOX_ENTRY_ADDED flg=0x10 (has extras) } to com.google.android.gms/.chimera.GmsIntentOperationService$PersistentTrustedReceiver
12-24 03:00:35.333  2022  2457 I GnssLocationProvider: WakeLock acquired by sendMessage(REPORT_SV_STATUS, 0, com.android.server.location.GnssLocationProvider$SvStatusInfo@2c696fa)
12-24 03:00:35.333  2022  2044 I GnssLocationProvider: WakeLock released by handleMessage(REPORT_SV_STATUS, 0, com.android.server.location.GnssLocationProvider$SvStatusInfo@2c696fa)
12-24 03:00:35.419 20161 20161 W app_process: Unexpected CPU variant for X86 using defaults: x86
12-24 03:00:35.420 20161 20161 I app_process: The ClassLoaderContext is a special shared library.
12-24 03:00:35.433 20161 20161 I Input   : injectMotionEvent: MotionEvent { action=ACTION_DOWN, actionButton=0, id[0]=0, x[0]=672.0, y[0]=2590.0, toolType[0]=TOOL_TYPE_UNKNOWN, buttonState=0, metaState=0, flags=0x0, edgeFlags=0x0, pointerCount=1, historySize=0, eventTime=5321847, downTime=5321847, deviceId=0, source=0x1002 }
12-24 03:00:35.435 20161 20161 I Input   : injectMotionEvent: MotionEvent { action=ACTION_MOVE, actionButton=0, id[0]=0, x[0]=672.0, y[0]=2590.0, toolType[0]=TOOL_TYPE_UNKNOWN, buttonState=0, metaState=0, flags=0x0, edgeFlags=0x0, pointerCount=1, historySize=0, eventTime=5321847, downTime=5321847, deviceId=0, source=0x1002 }
12-24 03:00:35.452 20161 20161 I Input   : injectMotionEvent: MotionEvent { action=ACTION_MOVE, actionButton=0, id[0]=0, x[0]=672.0, y[0]=2590.0, toolType[0]=TOOL_TYPE_UNKNOWN, buttonState=0, metaState=0, flags=0x0, edgeFlags=0x0, pointerCount=1, historySize=0, eventTime=5321867, downTime=5321867, deviceId=0, source=0x1002 }
12-24 03:00:35.469 20161 20161 I Input   : injectMotionEvent: MotionEvent { action=ACTION_MOVE, actionButton=0, id[0]=0, x[0]=672.0, y[0]=2590.0, toolType[0]=TOOL_TYPE_UNKNOWN, buttonState=0, metaState=0, flags=0x0, edgeFlags=0x0, pointerCount=1, historySize=0, eventTime=5321885, downTime=5321885, deviceId=0, source=0x1002 }
12-24 03:00:35.487 20161 20161 I Input   : injectMotionEvent: MotionEvent { action=ACTION_MOVE, actionButton=0, id[0]=0, x[0]=672.0, y[0]=2590.0, toolType[0]=TOOL_TYPE_UNKNOWN, buttonState=0, metaState=0, flags=0x0, edgeFlags=0x0, pointerCount=1, historySize=0, eventTime=5321903, downTime=5321903, deviceId=0, source=0x1002 }
12-24 03:00:35.506 20161 20161 I Input   : injectMotionEvent: MotionEvent { action=ACTION_MOVE, actionButton=0, id[0]=0, x[0]=672.0, y[0]=2590.0, toolType[0]=TOOL_TYPE_UNKNOWN, buttonState=0, metaState=0, flags=0x0, edgeFlags=0x0, pointerCount=1, historySize=0, eventTime=5321922, downTime=5321922, deviceId=0, source=0x1002 }
12-24 03:00:35.522 20161 20161 I Input   : injectMotionEvent: MotionEvent { action=ACTION_MOVE, actionButton=0, id[0]=0, x[0]=672.0, y[0]=2590.0, toolType[0]=TOOL_TYPE_UNKNOWN, buttonState=0, metaState=0, flags=0x0, edgeFlags=0x0, pointerCount=1, historySize=0, eventTime=5321937, downTime=5321937, deviceId=0, source=0x1002 }
12-24 03:00:35.541 20161 20161 I Input   : injectMotionEvent: MotionEvent { action=ACTION_MOVE, actionButton=0, id[0]=0, x[0]=672.0, y[0]=2590.0, toolType[0]=TOOL_TYPE_UNKNOWN, buttonState=0, metaState=0, flags=0x0, edgeFlags=0x0, pointerCount=1, historySize=0, eventTime=5321957, downTime=5321957, deviceId=0, source=0x1002 }
12-24 03:00:35.558 20161 20161 I Input   : injectMotionEvent: MotionEvent { action=ACTION_MOVE, actionButton=0, id[0]=0, x[0]=672.0, y[0]=2590.0, toolType[0]=TOOL_TYPE_UNKNOWN, buttonState=0, metaState=0, flags=0x0, edgeFlags=0x0, pointerCount=1, historySize=0, eventTime=5321973, downTime=5321973, deviceId=0, source=0x1002 }
12-24 03:00:35.576 20161 20161 I Input   : injectMotionEvent: MotionEvent { action=ACTION_MOVE, actionButton=0, id[0]=0, x[0]=672.0, y[0]=2590.0, toolType[0]=TOOL_TYPE_UNKNOWN, buttonState=0, metaState=0, flags=0x0, edgeFlags=0x0, pointerCount=1, historySize=0, eventTime=5321992, downTime=5321992, deviceId=0, source=0x1002 }
12-24 03:00:35.594 20161 20161 I Input   : injectMotionEvent: MotionEvent { action=ACTION_MOVE, actionButton=0, id[0]=0, x[0]=672.0, y[0]=2590.0, toolType[0]=TOOL_TYPE_UNKNOWN, buttonState=0, metaState=0, flags=0x0, edgeFlags=0x0, pointerCount=1, historySize=0, eventTime=5322009, downTime=5322009, deviceId=0, source=0x1002 }
12-24 03:00:35.611 20161 20161 I Input   : injectMotionEvent: MotionEvent { action=ACTION_MOVE, actionButton=0, id[0]=0, x[0]=672.0, y[0]=2590.0, toolType[0]=TOOL_TYPE_UNKNOWN, buttonState=0, metaState=0, flags=0x0, edgeFlags=0x0, pointerCount=1, historySize=0, eventTime=5322027, downTime=5322027, deviceId=0, source=0x1002 }
12-24 03:00:35.629 20161 20161 I Input   : injectMotionEvent: MotionEvent { action=ACTION_MOVE, actionButton=0, id[0]=0, x[0]=672.0, y[0]=2590.0, toolType[0]=TOOL_TYPE_UNKNOWN, buttonState=0, metaState=0, flags=0x0, edgeFlags=0x0, pointerCount=1, historySize=0, eventTime=5322044, downTime=5322044, deviceId=0, source=0x1002 }
12-24 03:00:35.648 20161 20161 I Input   : injectMotionEvent: MotionEvent { action=ACTION_UP, actionButton=0, id[0]=0, x[0]=672.0, y[0]=2590.0, toolType[0]=TOOL_TYPE_UNKNOWN, buttonState=0, metaState=0, flags=0x0, edgeFlags=0x0, pointerCount=1, historySize=0, eventTime=5322063, downTime=5322063, deviceId=0, source=0x1002 }
12-24 03:00:35.652 19879 19879 I AnkiDroid: Opening login screen
12-24 03:00:35.653  2022 13397 I ActivityManager: START u0 {cmp=com.ichi2.anki/.LoginActivity} from uid 10099
12-24 03:00:35.658 19879 19879 I AnkiDroid: IntroductionActivity::onPause
12-24 03:00:35.658 19879 19879 I AnkiDroid: IntroductionActivity::SetupCollectionFragment::onPause
12-24 03:00:35.659  1639  6667 W audio_hw_generic: Not supplying enough data to HAL, expected position 5865365 , only wrote 5865120
12-24 03:00:35.665 19879 19879 W ActivityThread: handleWindowVisibility: no activity for token android.os.BinderProxy@90a6343
12-24 03:00:35.670 19879 19879 I AnkiDroid: Setting theme to LIGHT
12-24 03:00:35.672 19879 19879 I AnkiDroid: LoginActivity::onCreate
12-24 03:00:35.673 19879 19879 W AnkiDroid: MyAccount/ Couldn't preload url: https://ankiweb.net/account/register
12-24 03:00:35.770 19879 19879 I AnkiDroid: LoginActivity::onStart
12-24 03:00:35.772 19879 19879 I AnkiDroid: LoginActivity::onResume
12-24 03:00:35.872  2022  2055 I ActivityManager: Displayed com.ichi2.anki/.LoginActivity: +212ms
12-24 03:00:35.913 19879 19982 I chatty  : uid=10099(com.ichi2.anki) RenderThread identical 2 lines
12-24 03:00:35.971  1857  1986 E SurfaceFlinger: ro.sf.lcd_density must be defined as a build property
12-24 03:00:35.985 20186 20186 E eglCodecCommon: GoldfishAddressSpaceHostMemoryAllocator: ioctl_ping failed for device_type=5, ret=-1
12-24 03:00:36.328 19879 19879 I AnkiDroid: IntroductionActivity::onStop
12-24 03:00:36.329 19879 19879 I AnkiDroid: IntroductionActivity::SetupCollectionFragment::onStop
12-24 03:00:36.329  2022  2045 W BroadcastQueue: Background execution not allowed: receiving Intent { act=android.intent.action.DROPBOX_ENTRY_ADDED flg=0x10 (has extras) } to com.google.android.gms/.stats.service.DropBoxEntryAddedReceiver
12-24 03:00:36.329  2022  2045 W BroadcastQueue: Background execution not allowed: receiving Intent { act=android.intent.action.DROPBOX_ENTRY_ADDED flg=0x10 (has extras) } to com.google.android.gms/.chimera.GmsIntentOperationService$PersistentTrustedReceiver
12-24 03:00:36.330 19879 19879 I AnkiDroid: IntroductionActivity::onSaveInstanceState
12-24 03:00:36.331 19879 19879 I AnkiDroid: IntroductionActivity::SetupCollectionFragment::onSaveInstanceState
12-24 03:00:36.333  2022  2457 I GnssLocationProvider: WakeLock acquired by sendMessage(REPORT_SV_STATUS, 0, com.android.server.location.GnssLocationProvider$SvStatusInfo@bd25414)
12-24 03:00:36.334  2022  2044 I GnssLocationProvider: WakeLock released by handleMessage(REPORT_SV_STATUS, 0, com.android.server.location.GnssLocationProvider$SvStatusInfo@bd25414)
12-24 03:00:36.442  2022  4647 W WindowManager: removeWindowToken: Attempted to remove non-existing token: android.os.Binder@d7f5a2
12-24 03:00:36.442  2022  2851 W WindowManager: removeWindowToken: Attempted to remove non-existing token: android.os.Binder@d7f5a2
12-24 03:00:36.442  2022  2851 W BinderNative: Uncaught exception from death notification
12-24 03:00:36.442  2022  2851 W BinderNative: java.lang.NullPointerException: Attempt to invoke virtual method 'void com.android.server.accessibility.UiAutomationManager$UiAutomationService.resetLocked()' on a null object reference
12-24 03:00:36.442  2022  2851 W BinderNative: 	at com.android.server.accessibility.UiAutomationManager.destroyUiAutomationService(UiAutomationManager.java:181)
12-24 03:00:36.442  2022  2851 W BinderNative: 	at com.android.server.accessibility.UiAutomationManager.access$200(UiAutomationManager.java:41)
12-24 03:00:36.442  2022  2851 W BinderNative: 	at com.android.server.accessibility.UiAutomationManager$UiAutomationService.binderDied(UiAutomationManager.java:230)
12-24 03:00:36.442  2022  2851 W BinderNative: 	at android.os.BinderProxy.sendDeathNotice(Binder.java:1193)
12-24 03:00:36.442  2022  2851 W BinderNative: Uncaught exception from death notification
12-24 03:00:36.442  2022  2851 W BinderNative: java.lang.NullPointerException: Attempt to read from field 'android.accessibilityservice.IAccessibilityServiceClient com.android.server.accessibility.AbstractAccessibilityServiceConnection.mServiceInterface' on a null object reference
12-24 03:00:36.442  2022  2851 W BinderNative: 	at com.android.server.accessibility.UiAutomationManager.destroyUiAutomationService(UiAutomationManager.java:179)
12-24 03:00:36.442  2022  2851 W BinderNative: 	at com.android.server.accessibility.UiAutomationManager.access$200(UiAutomationManager.java:41)
12-24 03:00:36.442  2022  2851 W BinderNative: 	at com.android.server.accessibility.UiAutomationManager$UiAutomationService.binderDied(UiAutomationManager.java:230)
12-24 03:00:36.442  2022  2851 W BinderNative: 	at android.os.BinderProxy.sendDeathNotice(Binder.java:1193)
12-24 03:00:37.333  2022  2457 I GnssLocationProvider: WakeLock acquired by sendMessage(REPORT_SV_STATUS, 0, com.android.server.location.GnssLocationProvider$SvStatusInfo@f2f67b)
12-24 03:00:37.333  2022  2044 I GnssLocationProvider: WakeLock released by handleMessage(REPORT_SV_STATUS, 0, com.android.server.location.GnssLocationProvider$SvStatusInfo@f2f67b)
12-24 03:00:37.730  1857  1893 E SurfaceFlinger: ro.sf.lcd_density must be defined as a build property
12-24 03:00:37.746 20225 20225 E eglCodecCommon: GoldfishAddressSpaceHostMemoryAllocator: ioctl_ping failed for device_type=5, ret=-1
12-24 03:00:38.065  2022  2045 W BroadcastQueue: Background execution not allowed: receiving Intent { act=android.intent.action.DROPBOX_ENTRY_ADDED flg=0x10 (has extras) } to com.google.android.gms/.stats.service.DropBoxEntryAddedReceiver
12-24 03:00:38.065  2022  2045 W BroadcastQueue: Background execution not allowed: receiving Intent { act=android.intent.action.DROPBOX_ENTRY_ADDED flg=0x10 (has extras) } to com.google.android.gms/.chimera.GmsIntentOperationService$PersistentTrustedReceiver
12-24 03:00:38.334  2022  2457 I GnssLocationProvider: WakeLock acquired by sendMessage(REPORT_SV_STATUS, 0, com.android.server.location.GnssLocationProvider$SvStatusInfo@14066b0)
12-24 03:00:38.334  2022  2044 I GnssLocationProvider: WakeLock released by handleMessage(REPORT_SV_STATUS, 0, com.android.server.location.GnssLocationProvider$SvStatusInfo@14066b0)
12-24 03:00:38.871  1639  5641 W audio_hw_generic: Not supplying enough data to HAL, expected position 6171499 , only wrote 6019200
12-24 03:00:39.334  2022  2457 I GnssLocationProvider: WakeLock acquired by sendMessage(REPORT_SV_STATUS, 0, com.android.server.location.GnssLocationProvider$SvStatusInfo@3d58929)
12-24 03:00:39.334  2022  2044 I GnssLocationProvider: WakeLock released by handleMessage(REPORT_SV_STATUS, 0, com.android.server.location.GnssLocationProvider$SvStatusInfo@3d58929)
12-24 03:00:40.334  2022  2457 I GnssLocationProvider: WakeLock acquired by sendMessage(REPORT_SV_STATUS, 0, com.android.server.location.GnssLocationProvider$SvStatusInfo@6c14ae)
12-24 03:00:40.335  2022  2044 I GnssLocationProvider: WakeLock released by handleMessage(REPORT_SV_STATUS, 0, com.android.server.location.GnssLocationProvider$SvStatusInfo@6c14ae)
12-24 03:00:41.335  2022  2457 I GnssLocationProvider: WakeLock acquired by sendMessage(REPORT_SV_STATUS, 0, com.android.server.location.GnssLocationProvider$SvStatusInfo@8e6024f)
12-24 03:00:41.335  2022  2044 I GnssLocationProvider: WakeLock released by handleMessage(REPORT_SV_STATUS, 0, com.android.server.location.GnssLocationProvider$SvStatusInfo@8e6024f)
12-24 03:00:42.335  2022  2457 I GnssLocationProvider: WakeLock acquired by sendMessage(REPORT_SV_STATUS, 0, com.android.server.location.GnssLocationProvider$SvStatusInfo@6bd3ddc)
12-24 03:00:42.336  2022  2044 I GnssLocationProvider: WakeLock released by handleMessage(REPORT_SV_STATUS, 0, com.android.server.location.GnssLocationProvider$SvStatusInfo@6bd3ddc)
12-24 03:00:43.208  2022  2044 E memtrack: Couldn't load memtrack module
12-24 03:00:43.208  2022  2044 W android.os.Debug: failed to get memory consumption info: -1
12-24 03:00:43.215  2022  2044 E memtrack: Couldn't load memtrack module
12-24 03:00:43.215  2022  2044 W android.os.Debug: failed to get memory consumption info: -1
12-24 03:00:43.336  2022  2457 I GnssLocationProvider: WakeLock acquired by sendMessage(REPORT_SV_STATUS, 0, com.android.server.location.GnssLocationProvider$SvStatusInfo@b948ee5)
12-24 03:00:43.336  2022  2044 I GnssLocationProvider: WakeLock released by handleMessage(REPORT_SV_STATUS, 0, com.android.server.location.GnssLocationProvider$SvStatusInfo@b948ee5)
12-24 03:00:44.337  2022  2457 I GnssLocationProvider: WakeLock acquired by sendMessage(REPORT_SV_STATUS, 0, com.android.server.location.GnssLocationProvider$SvStatusInfo@be8cdba)
12-24 03:00:44.337  2022  2044 I GnssLocationProvider: WakeLock released by handleMessage(REPORT_SV_STATUS, 0, com.android.server.location.GnssLocationProvider$SvStatusInfo@be8cdba)
12-24 03:00:45.337  2022  2457 I GnssLocationProvider: WakeLock acquired by sendMessage(REPORT_SV_STATUS, 0, com.android.server.location.GnssLocationProvider$SvStatusInfo@a6eb59d)
12-24 03:00:45.338  2022  2044 I GnssLocationProvider: WakeLock released by handleMessage(REPORT_SV_STATUS, 0, com.android.server.location.GnssLocationProvider$SvStatusInfo@a6eb59d)
12-24 03:00:46.338  2022  2457 I GnssLocationProvider: WakeLock acquired by sendMessage(REPORT_SV_STATUS, 0, com.android.server.location.GnssLocationProvider$SvStatusInfo@e75a12)
12-24 03:00:46.338  2022  2044 I GnssLocationProvider: WakeLock released by handleMessage(REPORT_SV_STATUS, 0, com.android.server.location.GnssLocationProvider$SvStatusInfo@e75a12)
12-24 03:00:47.338  2022  2457 I GnssLocationProvider: WakeLock acquired by sendMessage(REPORT_SV_STATUS, 0, com.android.server.location.GnssLocationProvider$SvStatusInfo@bdf05e3)
12-24 03:00:47.339  2022  2044 I GnssLocationProvider: WakeLock released by handleMessage(REPORT_SV_STATUS, 0, com.android.server.location.GnssLocationProvider$SvStatusInfo@bdf05e3)
12-24 03:00:47.544  2022  2045 W BroadcastQueue: Background execution not allowed: receiving Intent { act=android.intent.action.DROPBOX_ENTRY_ADDED flg=0x10 (has extras) } to com.google.android.gms/.stats.service.DropBoxEntryAddedReceiver
12-24 03:00:47.544  2022  2045 W BroadcastQueue: Background execution not allowed: receiving Intent { act=android.intent.action.DROPBOX_ENTRY_ADDED flg=0x10 (has extras) } to com.google.android.gms/.chimera.GmsIntentOperationService$PersistentTrustedReceiver
12-24 03:00:47.570 20265 20265 W app_process: Could not reserve sentinel fault page
12-24 03:00:47.604 20265 20265 W app_process: Unexpected CPU variant for X86 using defaults: x86
12-24 03:00:47.605 20265 20265 I app_process: The ClassLoaderContext is a special shared library.
12-24 03:00:47.605 20265 20265 I app_process: The ClassLoaderContext is a special shared library.
12-24 03:00:47.622  2022  4367 W WindowManager: removeWindowToken: Attempted to remove non-existing token: android.os.Binder@37e1e75
12-24 03:00:47.698  2022  2045 W BroadcastQueue: Background execution not allowed: receiving Intent { act=android.intent.action.DROPBOX_ENTRY_ADDED flg=0x10 (has extras) } to com.google.android.gms/.stats.service.DropBoxEntryAddedReceiver
12-24 03:00:47.699  2022  2045 W BroadcastQueue: Background execution not allowed: receiving Intent { act=android.intent.action.DROPBOX_ENTRY_ADDED flg=0x10 (has extras) } to com.google.android.gms/.chimera.GmsIntentOperationService$PersistentTrustedReceiver
12-24 03:00:47.853  2022  2045 W BroadcastQueue: Background execution not allowed: receiving Intent { act=android.intent.action.DROPBOX_ENTRY_ADDED flg=0x10 (has extras) } to com.google.android.gms/.stats.service.DropBoxEntryAddedReceiver
12-24 03:00:47.853  2022  2045 W BroadcastQueue: Background execution not allowed: receiving Intent { act=android.intent.action.DROPBOX_ENTRY_ADDED flg=0x10 (has extras) } to com.google.android.gms/.chimera.GmsIntentOperationService$PersistentTrustedReceiver
12-24 03:00:48.106 20310 20310 W app_process: Unexpected CPU variant for X86 using defaults: x86
12-24 03:00:48.107 20310 20310 I app_process: The ClassLoaderContext is a special shared library.
12-24 03:00:48.121 20310 20310 I Input   : injectMotionEvent: MotionEvent { action=ACTION_DOWN, actionButton=0, id[0]=0, x[0]=672.0, y[0]=1150.0, toolType[0]=TOOL_TYPE_UNKNOWN, buttonState=0, metaState=0, flags=0x0, edgeFlags=0x0, pointerCount=1, historySize=0, eventTime=5334534, downTime=5334534, deviceId=0, source=0x1002 }
12-24 03:00:48.122 20310 20310 I Input   : injectMotionEvent: MotionEvent { action=ACTION_MOVE, actionButton=0, id[0]=0, x[0]=672.0, y[0]=1150.0, toolType[0]=TOOL_TYPE_UNKNOWN, buttonState=0, metaState=0, flags=0x0, edgeFlags=0x0, pointerCount=1, historySize=0, eventTime=5334534, downTime=5334534, deviceId=0, source=0x1002 }
12-24 03:00:48.134 20310 20310 I Input   : injectMotionEvent: MotionEvent { action=ACTION_MOVE, actionButton=0, id[0]=0, x[0]=672.0, y[0]=1150.0, toolType[0]=TOOL_TYPE_UNKNOWN, buttonState=0, metaState=0, flags=0x0, edgeFlags=0x0, pointerCount=1, historySize=0, eventTime=5334549, downTime=5334549, deviceId=0, source=0x1002 }
12-24 03:00:48.153 20310 20310 I Input   : injectMotionEvent: MotionEvent { action=ACTION_MOVE, actionButton=0, id[0]=0, x[0]=672.0, y[0]=1150.0, toolType[0]=TOOL_TYPE_UNKNOWN, buttonState=0, metaState=0, flags=0x0, edgeFlags=0x0, pointerCount=1, historySize=0, eventTime=5334568, downTime=5334568, deviceId=0, source=0x1002 }
12-24 03:00:48.171 20310 20310 I Input   : injectMotionEvent: MotionEvent { action=ACTION_MOVE, actionButton=0, id[0]=0, x[0]=672.0, y[0]=1150.0, toolType[0]=TOOL_TYPE_UNKNOWN, buttonState=0, metaState=0, flags=0x0, edgeFlags=0x0, pointerCount=1, historySize=0, eventTime=5334586, downTime=5334586, deviceId=0, source=0x1002 }
12-24 03:00:48.189 20310 20310 I Input   : injectMotionEvent: MotionEvent { action=ACTION_MOVE, actionButton=0, id[0]=0, x[0]=672.0, y[0]=1150.0, toolType[0]=TOOL_TYPE_UNKNOWN, buttonState=0, metaState=0, flags=0x0, edgeFlags=0x0, pointerCount=1, historySize=0, eventTime=5334604, downTime=5334604, deviceId=0, source=0x1002 }
12-24 03:00:48.207 20310 20310 I Input   : injectMotionEvent: MotionEvent { action=ACTION_MOVE, actionButton=0, id[0]=0, x[0]=672.0, y[0]=1150.0, toolType[0]=TOOL_TYPE_UNKNOWN, buttonState=0, metaState=0, flags=0x0, edgeFlags=0x0, pointerCount=1, historySize=0, eventTime=5334622, downTime=5334622, deviceId=0, source=0x1002 }
12-24 03:00:48.224 20310 20310 I Input   : injectMotionEvent: MotionEvent { action=ACTION_MOVE, actionButton=0, id[0]=0, x[0]=672.0, y[0]=1150.0, toolType[0]=TOOL_TYPE_UNKNOWN, buttonState=0, metaState=0, flags=0x0, edgeFlags=0x0, pointerCount=1, historySize=0, eventTime=5334639, downTime=5334639, deviceId=0, source=0x1002 }
12-24 03:00:48.243 20310 20310 I Input   : injectMotionEvent: MotionEvent { action=ACTION_MOVE, actionButton=0, id[0]=0, x[0]=672.0, y[0]=1150.0, toolType[0]=TOOL_TYPE_UNKNOWN, buttonState=0, metaState=0, flags=0x0, edgeFlags=0x0, pointerCount=1, historySize=0, eventTime=5334658, downTime=5334658, deviceId=0, source=0x1002 }
12-24 03:00:48.260 20310 20310 I Input   : injectMotionEvent: MotionEvent { action=ACTION_MOVE, actionButton=0, id[0]=0, x[0]=672.0, y[0]=1150.0, toolType[0]=TOOL_TYPE_UNKNOWN, buttonState=0, metaState=0, flags=0x0, edgeFlags=0x0, pointerCount=1, historySize=0, eventTime=5334675, downTime=5334675, deviceId=0, source=0x1002 }
12-24 03:00:48.277 20310 20310 I Input   : injectMotionEvent: MotionEvent { action=ACTION_MOVE, actionButton=0, id[0]=0, x[0]=672.0, y[0]=1150.0, toolType[0]=TOOL_TYPE_UNKNOWN, buttonState=0, metaState=0, flags=0x0, edgeFlags=0x0, pointerCount=1, historySize=0, eventTime=5334693, downTime=5334693, deviceId=0, source=0x1002 }
12-24 03:00:48.295 20310 20310 I Input   : injectMotionEvent: MotionEvent { action=ACTION_MOVE, actionButton=0, id[0]=0, x[0]=672.0, y[0]=1150.0, toolType[0]=TOOL_TYPE_UNKNOWN, buttonState=0, metaState=0, flags=0x0, edgeFlags=0x0, pointerCount=1, historySize=0, eventTime=5334711, downTime=5334711, deviceId=0, source=0x1002 }
12-24 03:00:48.313 20310 20310 I Input   : injectMotionEvent: MotionEvent { action=ACTION_MOVE, actionButton=0, id[0]=0, x[0]=672.0, y[0]=1150.0, toolType[0]=TOOL_TYPE_UNKNOWN, buttonState=0, metaState=0, flags=0x0, edgeFlags=0x0, pointerCount=1, historySize=0, eventTime=5334728, downTime=5334728, deviceId=0, source=0x1002 }
12-24 03:00:48.331 20310 20310 I Input   : injectMotionEvent: MotionEvent { action=ACTION_UP, actionButton=0, id[0]=0, x[0]=672.0, y[0]=1150.0, toolType[0]=TOOL_TYPE_UNKNOWN, buttonState=0, metaState=0, flags=0x0, edgeFlags=0x0, pointerCount=1, historySize=0, eventTime=5334746, downTime=5334746, deviceId=0, source=0x1002 }
12-24 03:00:48.339  2022  2457 I GnssLocationProvider: WakeLock acquired by sendMessage(REPORT_SV_STATUS, 0, com.android.server.location.GnssLocationProvider$SvStatusInfo@95763c5)
12-24 03:00:48.340  2022  2044 I GnssLocationProvider: WakeLock released by handleMessage(REPORT_SV_STATUS, 0, com.android.server.location.GnssLocationProvider$SvStatusInfo@95763c5)
12-24 03:00:48.343  1857  1986 E SurfaceFlinger: ro.sf.lcd_density must be defined as a build property
12-24 03:00:48.359 19879 19879 I AssistStructure: Flattened final assist data: 6772 bytes, containing 1 windows, 25 views
12-24 03:00:48.365  2022  4367 I AssistStructure: Flattened final assist data: 6396 bytes, containing 1 windows, 25 views
12-24 03:00:48.368  2166  2166 W ktk     : Pending fill request while another request in the same session was triggered. [CONTEXT service_id=177 ]
12-24 03:00:48.388 19697 20320 I ConfigStore: android::hardware::configstore::V1_0::ISurfaceFlingerConfigs::hasWideColorDisplay retrieved: 0
12-24 03:00:48.388 19697 20320 I ConfigStore: android::hardware::configstore::V1_0::ISurfaceFlingerConfigs::hasHDRDisplay retrieved: 0
12-24 03:00:48.389 19697 20320 I OpenGLRenderer: Initialized EGL, version 1.4
12-24 03:00:48.389 19697 20320 W OpenGLRenderer: Failed to choose config with EGL_SWAP_BEHAVIOR_PRESERVED, retrying without...
12-24 03:00:48.415  2022  2045 W BroadcastQueue: Background execution not allowed: receiving Intent { act=android.intent.action.DROPBOX_ENTRY_ADDED flg=0x10 (has extras) } to com.google.android.gms/.stats.service.DropBoxEntryAddedReceiver
12-24 03:00:48.415  2022  2045 W BroadcastQueue: Background execution not allowed: receiving Intent { act=android.intent.action.DROPBOX_ENTRY_ADDED flg=0x10 (has extras) } to com.google.android.gms/.chimera.GmsIntentOperationService$PersistentTrustedReceiver
12-24 03:00:48.426  1857  1893 E SurfaceFlinger: ro.sf.lcd_density must be defined as a build property
12-24 03:00:48.433 19697 20320 E eglCodecCommon: GoldfishAddressSpaceHostMemoryAllocator: ioctl_ping failed for device_type=5, ret=-1
12-24 03:00:48.606  2022  2045 W BroadcastQueue: Background execution not allowed: receiving Intent { act=android.intent.action.DROPBOX_ENTRY_ADDED flg=0x10 (has extras) } to com.google.android.gms/.stats.service.DropBoxEntryAddedReceiver
12-24 03:00:48.606  2022  2045 W BroadcastQueue: Background execution not allowed: receiving Intent { act=android.intent.action.DROPBOX_ENTRY_ADDED flg=0x10 (has extras) } to com.google.android.gms/.chimera.GmsIntentOperationService$PersistentTrustedReceiver
12-24 03:00:48.825 20337 20337 W app_process: Unexpected CPU variant for X86 using defaults: x86
12-24 03:00:48.826  2907 19015 W GmsLocationProvider: Error removing location updates: 16
12-24 03:00:48.827 20337 20337 I app_process: The ClassLoaderContext is a special shared library.
12-24 03:00:48.839 20337 20337 I Input   : injectMotionEvent: MotionEvent { action=ACTION_DOWN, actionButton=0, id[0]=0, x[0]=672.0, y[0]=1150.0, toolType[0]=TOOL_TYPE_UNKNOWN, buttonState=0, metaState=0, flags=0x0, edgeFlags=0x0, pointerCount=1, historySize=0, eventTime=5335253, downTime=5335253, deviceId=0, source=0x1002 }
12-24 03:00:48.840 20337 20337 I Input   : injectMotionEvent: MotionEvent { action=ACTION_UP, actionButton=0, id[0]=0, x[0]=672.0, y[0]=1150.0, toolType[0]=TOOL_TYPE_UNKNOWN, buttonState=0, metaState=0, flags=0x0, edgeFlags=0x0, pointerCount=1, historySize=0, eventTime=5335253, downTime=5335253, deviceId=0, source=0x1002 }
