12-24 03:00:17.325  2022  2457 I GnssLocationProvider: WakeLock acquired by sendMessage(REPORT_SV_STATUS, 0, com.android.server.location.GnssLocationProvider$SvStatusInfo@6225d70)
12-24 03:00:17.326  2022  2044 I GnssLocationProvider: WakeLock released by handleMessage(REPORT_SV_STATUS, 0, com.android.server.location.GnssLocationProvider$SvStatusInfo@6225d70)
12-24 03:00:17.328  2907 18720 I MicrophoneInputStream: mic_close  SR : 16000 CC : 16 SO : 6
12-24 03:00:17.328  2907 19013 I MicroRecognitionRunner: Detection finished
12-24 03:00:17.328  2907 19013 W ErrorReporter: reportError [type: 211, code: 524300]: Error reading from input stream
12-24 03:00:17.329  2907 19013 W ErrorProcessor: onFatalError, processing error from engine(4)
12-24 03:00:17.329  2907 19013 W ErrorProcessor: com.google.android.apps.gsa.shared.speech.b.g: Error reading from input stream
12-24 03:00:17.329  2907 19013 W ErrorProcessor: 	at com.google.android.apps.gsa.staticplugins.microdetection.d.k.a(SourceFile:91)
12-24 03:00:17.329  2907 19013 W ErrorProcessor: 	at com.google.android.apps.gsa.staticplugins.microdetection.d.l.run(Unknown Source:14)
12-24 03:00:17.329  2907 19013 W ErrorProcessor: 	at com.google.android.libraries.gsa.runner.a.a.b(SourceFile:32)
12-24 03:00:17.329  2907 19013 W ErrorProcessor: 	at com.google.android.libraries.gsa.runner.a.c.call(Unknown Source:4)
12-24 03:00:17.329  2907 19013 W ErrorProcessor: 	at java.util.concurrent.FutureTask.run(FutureTask.java:266)
12-24 03:00:17.329  2907 19013 W ErrorProcessor: 	at java.util.concurrent.Executors$RunnableAdapter.call(Executors.java:458)
12-24 03:00:17.329  2907 19013 W ErrorProcessor: 	at java.util.concurrent.FutureTask.run(FutureTask.java:266)
12-24 03:00:17.329  2907 19013 W ErrorProcessor: 	at com.google.android.apps.gsa.shared.util.concurrent.b.g.run(Unknown Source:4)
12-24 03:00:17.329  2907 19013 W ErrorProcessor: 	at com.google.android.apps.gsa.shared.util.concurrent.b.aw.run(SourceFile:4)
12-24 03:00:17.329  2907 19013 W ErrorProcessor: 	at com.google.android.apps.gsa.shared.util.concurrent.b.aw.run(SourceFile:4)
12-24 03:00:17.329  2907 19013 W ErrorProcessor: 	at java.util.concurrent.ThreadPoolExecutor.runWorker(ThreadPoolExecutor.java:1167)
12-24 03:00:17.329  2907 19013 W ErrorProcessor: 	at java.util.concurrent.ThreadPoolExecutor$Worker.run(ThreadPoolExecutor.java:641)
12-24 03:00:17.329  2907 19013 W ErrorProcessor: 	at java.lang.Thread.run(Thread.java:764)
12-24 03:00:17.329  2907 19013 W ErrorProcessor: 	at com.google.android.apps.gsa.shared.util.concurrent.b.i.run(SourceFile:6)
12-24 03:00:17.329  2907 19013 W ErrorProcessor: Caused by: com.google.android.apps.gsa.shared.exception.GsaIOException: Error code: 393238 | Buffer overflow, no available space.
12-24 03:00:17.329  2907 19013 W ErrorProcessor: 	at com.google.android.apps.gsa.speech.audio.Tee.j(SourceFile:103)
12-24 03:00:17.329  2907 19013 W ErrorProcessor: 	at com.google.android.apps.gsa.speech.audio.au.read(SourceFile:2)
12-24 03:00:17.329  2907 19013 W ErrorProcessor: 	at java.io.InputStream.read(InputStream.java:101)
12-24 03:00:17.329  2907 19013 W ErrorProcessor: 	at com.google.android.apps.gsa.speech.audio.ao.run(SourceFile:17)
12-24 03:00:17.329  2907 19013 W ErrorProcessor: 	at com.google.android.apps.gsa.speech.audio.an.run(SourceFile:2)
12-24 03:00:17.329  2907 19013 W ErrorProcessor: 	at java.util.concurrent.Executors$RunnableAdapter.call(Executors.java:458)
12-24 03:00:17.329  2907 19013 W ErrorProcessor: 	... 10 more
12-24 03:00:17.329  2907  3491 I MicroRecognitionRunner: Stopping hotword detection.
12-24 03:00:17.329  2907 19013 I AudioController: internalShutdown
12-24 03:00:17.329  2907  2907 I MicroDetector: Keeping mic open: false
12-24 03:00:17.329  2907  2907 I MicroDetectionWorker: #onError(false)
12-24 03:00:17.329  2907 19015 I DeviceStateChecker: DeviceStateChecker cancelled
12-24 03:00:17.557  2022  2851 I ActivityManager: START u0 {act=android.intent.action.MAIN cat=[android.intent.category.LAUNCHER] flg=0x10000000 cmp=com.ichi2.anki/.IntentHandler} from uid 2000
12-24 03:00:17.575 19879 19879 W com.ichi2.anki: Unexpected CPU variant for X86 using defaults: x86
12-24 03:00:17.582  2022  2047 I ActivityManager: Start proc 19879:com.ichi2.anki/u0a99 for activity com.ichi2.anki/.IntentHandler
12-24 03:00:17.838 19879 19879 I a       : ACRA is enabled for com.ichi2.anki, initializing...
12-24 03:00:17.872 19879 19879 W a       : ACRA#init called more than once. This might have unexpected side effects. Doing this outside of tests is discouraged.
12-24 03:00:17.872 19879 19879 I a       : ACRA is enabled for com.ichi2.anki, initializing...
12-24 03:00:17.888 19879 19879 I com.ichi2.anki: Rejecting re-init on previously-failed class java.lang.Class<g7.I>: java.lang.NoClassDefFoundError: Failed resolution of: Landroidx/work/multiprocess/RemoteListenableWorker;
12-24 03:00:17.888 19879 19879 I com.ichi2.anki:   at void f7.Q.<clinit>() (SourceFile:62)
12-24 03:00:17.888 19879 19879 I com.ichi2.anki:   at void com.ichi2.anki.AnkiDroidApp.onCreate() (SourceFile:201)
12-24 03:00:17.888 19879 19879 I com.ichi2.anki:   at void android.app.Instrumentation.callApplicationOnCreate(android.app.Application) (Instrumentation.java:1154)
12-24 03:00:17.888 19879 19879 I com.ichi2.anki:   at void android.app.ActivityThread.handleBindApplication(android.app.ActivityThread$AppBindData) (ActivityThread.java:5871)
12-24 03:00:17.888 19879 19879 I com.ichi2.anki:   at void android.app.ActivityThread.access$1100(android.app.ActivityThread, android.app.ActivityThread$AppBindData) (ActivityThread.java:199)
12-24 03:00:17.888 19879 19879 I com.ichi2.anki:   at void android.app.ActivityThread$H.handleMessage(android.os.Message) (ActivityThread.java:1650)
12-24 03:00:17.888 19879 19879 I com.ichi2.anki:   at void android.os.Handler.dispatchMessage(android.os.Message) (Handler.java:106)
12-24 03:00:17.888 19879 19879 I com.ichi2.anki:   at void android.os.Looper.loop() (Looper.java:193)
12-24 03:00:17.888 19879 19879 I com.ichi2.anki:   at void android.app.ActivityThread.main(java.lang.String[]) (ActivityThread.java:6669)
12-24 03:00:17.888 19879 19879 I com.ichi2.anki:   at java.lang.Object java.lang.reflect.Method.invoke(java.lang.Object, java.lang.Object[]) (Method.java:-2)
12-24 03:00:17.888 19879 19879 I com.ichi2.anki:   at void com.android.internal.os.RuntimeInit$MethodAndArgsCaller.run() (RuntimeInit.java:493)
12-24 03:00:17.888 19879 19879 I com.ichi2.anki:   at void com.android.internal.os.ZygoteInit.main(java.lang.String[]) (ZygoteInit.java:858)
12-24 03:00:17.888 19879 19879 I com.ichi2.anki: Caused by: java.lang.ClassNotFoundException: Didn't find class "androidx.work.multiprocess.RemoteListenableWorker" on path: DexPathList[[zip file "/data/app/com.ichi2.anki-2YckyCILi1NheV-KWPFTBQ==/base.apk"],nativeLibraryDirectories=[/data/app/com.ichi2.anki-2YckyCILi1NheV-KWPFTBQ==/lib/x86, /data/app/com.ichi2.anki-2YckyCILi1NheV-KWPFTBQ==/base.apk!/lib/x86, /system/lib]]
12-24 03:00:17.888 19879 19879 I com.ichi2.anki:   at java.lang.Class dalvik.system.BaseDexClassLoader.findClass(java.lang.String) (BaseDexClassLoader.java:134)
12-24 03:00:17.888 19879 19879 I com.ichi2.anki:   at java.lang.Class java.lang.ClassLoader.loadClass(java.lang.String, boolean) (ClassLoader.java:379)
12-24 03:00:17.888 19879 19879 I com.ichi2.anki:   at java.lang.Class java.lang.ClassLoader.loadClass(java.lang.String) (ClassLoader.java:312)
12-24 03:00:17.888 19879 19879 I com.ichi2.anki:   at void f7.Q.<clinit>() (SourceFile:62)
12-24 03:00:17.888 19879 19879 I com.ichi2.anki:   at void com.ichi2.anki.AnkiDroidApp.onCreate() (SourceFile:201)
12-24 03:00:17.888 19879 19879 I com.ichi2.anki:   at void android.app.Instrumentation.callApplicationOnCreate(android.app.Application) (Instrumentation.java:1154)
12-24 03:00:17.888 19879 19879 I com.ichi2.anki:   at void android.app.ActivityThread.handleBindApplication(android.app.ActivityThread$AppBindData) (ActivityThread.java:5871)
12-24 03:00:17.888 19879 19879 I com.ichi2.anki:   at void android.app.ActivityThread.access$1100(android.app.ActivityThread, android.app.ActivityThread$AppBindData) (ActivityThread.java:199)
12-24 03:00:17.888 19879 19879 I com.ichi2.anki:   at void android.app.ActivityThread$H.handleMessage(android.os.Message) (ActivityThread.java:1650)
12-24 03:00:17.888 19879 19879 I com.ichi2.anki:   at void android.os.Handler.dispatchMessage(android.os.Message) (Handler.java:106)
12-24 03:00:17.888 19879 19879 I com.ichi2.anki:   at void android.os.Looper.loop() (Looper.java:193)
12-24 03:00:17.888 19879 19879 I com.ichi2.anki:   at void android.app.ActivityThread.main(java.lang.String[]) (ActivityThread.java:6669)
12-24 03:00:17.888 19879 19879 I com.ichi2.anki:   at java.lang.Object java.lang.reflect.Method.invoke(java.lang.Object, java.lang.Object[]) (Method.java:-2)
12-24 03:00:17.888 19879 19879 I com.ichi2.anki:   at void com.android.internal.os.RuntimeInit$MethodAndArgsCaller.run() (RuntimeInit.java:493)
12-24 03:00:17.888 19879 19879 I com.ichi2.anki:   at void com.android.internal.os.ZygoteInit.main(java.lang.String[]) (ZygoteInit.java:858)
12-24 03:00:17.888 19879 19879 I com.ichi2.anki: 
12-24 03:00:17.888 19879 19879 I com.ichi2.anki: Rejecting re-init on previously-failed class java.lang.Class<g7.I>: java.lang.NoClassDefFoundError: Failed resolution of: Landroidx/work/multiprocess/RemoteListenableWorker;
12-24 03:00:17.888 19879 19879 I com.ichi2.anki:   at void f7.Q.<clinit>() (SourceFile:62)
12-24 03:00:17.888 19879 19879 I com.ichi2.anki:   at void com.ichi2.anki.AnkiDroidApp.onCreate() (SourceFile:201)
12-24 03:00:17.888 19879 19879 I com.ichi2.anki:   at void android.app.Instrumentation.callApplicationOnCreate(android.app.Application) (Instrumentation.java:1154)
12-24 03:00:17.888 19879 19879 I com.ichi2.anki:   at void android.app.ActivityThread.handleBindApplication(android.app.ActivityThread$AppBindData) (ActivityThread.java:5871)
12-24 03:00:17.888 19879 19879 I com.ichi2.anki:   at void android.app.ActivityThread.access$1100(android.app.ActivityThread, android.app.ActivityThread$AppBindData) (ActivityThread.java:199)
12-24 03:00:17.889 19879 19879 I com.ichi2.anki:   at void android.app.ActivityThread$H.handleMessage(android.os.Message) (ActivityThread.java:1650)
12-24 03:00:17.889 19879 19879 I com.ichi2.anki:   at void android.os.Handler.dispatchMessage(android.os.Message) (Handler.java:106)
12-24 03:00:17.889 19879 19879 I com.ichi2.anki:   at void android.os.Looper.loop() (Looper.java:193)
12-24 03:00:17.889 19879 19879 I com.ichi2.anki:   at void android.app.ActivityThread.main(java.lang.String[]) (ActivityThread.java:6669)
12-24 03:00:17.889 19879 19879 I com.ichi2.anki:   at java.lang.Object java.lang.reflect.Method.invoke(java.lang.Object, java.lang.Object[]) (Method.java:-2)
12-24 03:00:17.889 19879 19879 I com.ichi2.anki:   at void com.android.internal.os.RuntimeInit$MethodAndArgsCaller.run() (RuntimeInit.java:493)
12-24 03:00:17.889 19879 19879 I com.ichi2.anki:   at void com.android.internal.os.ZygoteInit.main(java.lang.String[]) (ZygoteInit.java:858)
12-24 03:00:17.889 19879 19879 I com.ichi2.anki: Caused by: java.lang.ClassNotFoundException: Didn't find class "androidx.work.multiprocess.RemoteListenableWorker" on path: DexPathList[[zip file "/data/app/com.ichi2.anki-2YckyCILi1NheV-KWPFTBQ==/base.apk"],nativeLibraryDirectories=[/data/app/com.ichi2.anki-2YckyCILi1NheV-KWPFTBQ==/lib/x86, /data/app/com.ichi2.anki-2YckyCILi1NheV-KWPFTBQ==/base.apk!/lib/x86, /system/lib]]
12-24 03:00:17.889 19879 19879 I com.ichi2.anki:   at java.lang.Class dalvik.system.BaseDexClassLoader.findClass(java.lang.String) (BaseDexClassLoader.java:134)
12-24 03:00:17.889 19879 19879 I com.ichi2.anki:   at java.lang.Class java.lang.ClassLoader.loadClass(java.lang.String, boolean) (ClassLoader.java:379)
12-24 03:00:17.889 19879 19879 I com.ichi2.anki:   at java.lang.Class java.lang.ClassLoader.loadClass(java.lang.String) (ClassLoader.java:312)
12-24 03:00:17.889 19879 19879 I com.ichi2.anki:   at void f7.Q.<clinit>() (SourceFile:62)
12-24 03:00:17.889 19879 19879 I com.ichi2.anki:   at void com.ichi2.anki.AnkiDroidApp.onCreate() (SourceFile:201)
12-24 03:00:17.889 19879 19879 I com.ichi2.anki:   at void android.app.Instrumentation.callApplicationOnCreate(android.app.Application) (Instrumentation.java:1154)
12-24 03:00:17.889 19879 19879 I com.ichi2.anki:   at void android.app.ActivityThread.handleBindApplication(android.app.ActivityThread$AppBindData) (ActivityThread.java:5871)
12-24 03:00:17.889 19879 19879 I com.ichi2.anki:   at void android.app.ActivityThread.access$1100(android.app.ActivityThread, android.app.ActivityThread$AppBindData) (ActivityThread.java:199)
12-24 03:00:17.889 19879 19879 I com.ichi2.anki:   at void android.app.ActivityThread$H.handleMessage(android.os.Message) (ActivityThread.java:1650)
12-24 03:00:17.889 19879 19879 I com.ichi2.anki:   at void android.os.Handler.dispatchMessage(android.os.Message) (Handler.java:106)
12-24 03:00:17.889 19879 19879 I com.ichi2.anki:   at void android.os.Looper.loop() (Looper.java:193)
12-24 03:00:17.889 19879 19879 I com.ichi2.anki:   at void android.app.ActivityThread.main(java.lang.String[]) (ActivityThread.java:6669)
12-24 03:00:17.889 19879 19879 I com.ichi2.anki:   at java.lang.Object java.lang.reflect.Method.invoke(java.lang.Object, java.lang.Object[]) (Method.java:-2)
12-24 03:00:17.889 19879 19879 I com.ichi2.anki:   at void com.android.internal.os.RuntimeInit$MethodAndArgsCaller.run() (RuntimeInit.java:493)
12-24 03:00:17.889 19879 19879 I com.ichi2.anki:   at void com.android.internal.os.ZygoteInit.main(java.lang.String[]) (ZygoteInit.java:858)
12-24 03:00:17.889 19879 19879 I com.ichi2.anki: 
12-24 03:00:17.892 19879 19879 I AnkiDroid: Timber config: PRODUCTION
12-24 03:00:17.896 19879 19879 I AnkiDroid: initialize()
12-24 03:00:17.908 19879 19879 I WebViewFactory: Loading com.android.chrome version 69.0.3497.100 (code 349710017)
12-24 03:00:17.910 19879 19879 I com.ichi2.anki: The ClassLoaderContext is a special shared library.
12-24 03:00:17.932 19879 19879 I cr_LibraryLoader: Time to load native libraries: 6 ms (timestamps 4341-4347)
12-24 03:00:17.933 19879 19912 E cr_VariationsUtils: Failed reading seed file "/data/user/0/com.ichi2.anki/app_webview/variations_seed_new": /data/user/0/com.ichi2.anki/app_webview/variations_seed_new (No such file or directory)
12-24 03:00:17.933 19879 19912 E cr_VariationsUtils: Failed reading seed file "/data/user/0/com.ichi2.anki/app_webview/variations_seed": /data/user/0/com.ichi2.anki/app_webview/variations_seed (No such file or directory)
12-24 03:00:17.934 19879 19879 I chromium: [INFO:library_loader_hooks.cc(36)] Chromium logging enabled: level = 0, default verbosity = 0
12-24 03:00:17.934 19879 19879 I cr_LibraryLoader: Expected native library version number "69.0.3497.100", actual native library version number "69.0.3497.100"
12-24 03:00:17.939 19879 19913 W cr_ChildProcLH: Create a new ChildConnectionAllocator with package name = com.android.chrome, sandboxed = true
12-24 03:00:17.941 19858 19858 W dex2oat : Accessing hidden method Landroid/app/job/JobParameters;->getStopReason()I (dark greylist, linking)
12-24 03:00:17.941 19858 19858 W dex2oat : Accessing hidden method Landroid/content/res/Resources$Theme;->rebase()V (dark greylist, linking)
12-24 03:00:17.943 19879 19879 I cr_BrowserStartup: Initializing chromium process, singleProcess=false
12-24 03:00:17.950 19916 19916 W dboxed_process: Unexpected CPU variant for X86 using defaults: x86
12-24 03:00:17.954  2022  2047 I ActivityManager: Start proc 19916:com.android.chrome:sandboxed_process0/u0i9 for webview_service com.ichi2.anki/org.chromium.content.app.SandboxedProcessService0
12-24 03:00:17.958 19858 19858 I dex2oat : Explicit concurrent copying GC freed 46008(6MB) AllocSpace objects, 0(0B) LOS objects, 99% free, 1000B/1536KB, paused 238us total 2.785ms
12-24 03:00:17.968 19916 19916 I cr_ChildProcessService: Creating new ChildProcessService pid=19916
12-24 03:00:18.033 19879 19879 I AnkiDroid: Not participating in analytics sample (sample percentage vs random: 10 57)
12-24 03:00:18.033 19879 19879 I AnkiDroid: setOptIn(): from false to false
12-24 03:00:18.033 19879 19879 I AnkiDroid: Not participating in analytics sample (sample percentage vs random: 10 16)
12-24 03:00:18.034 19879 19879 I AnkiDroid: initialize()
12-24 03:00:18.040 19858 19858 I dex2oat : dex2oat took 1.678s (3.632s cpu) (threads: 4) arena alloc=506KB (518920B) java alloc=16KB (17384B) native alloc=10MB (10964248B) free=3MB (3715816B)
12-24 03:00:18.044  2022  2022 I GnssLocationProvider: WakeLock acquired by sendMessage(SET_REQUEST, 0, com.android.server.location.GnssLocationProvider$GpsRequest@7fd895c)
12-24 03:00:18.044  2022  2044 I GnssLocationProvider: WakeLock released by handleMessage(SET_REQUEST, 0, com.android.server.location.GnssLocationProvider$GpsRequest@7fd895c)
12-24 03:00:18.048 19879 19879 I AnkiDroid: Creating notification channel with id/name: General Notifications/AnkiDroid
12-24 03:00:18.048 19879 19879 I AnkiDroid: Creating notification channel with id/name: Synchronization/Synchronization
12-24 03:00:18.048 19879 19879 I AnkiDroid: Creating notification channel with id/name: Global Reminders/Cards due
12-24 03:00:18.049 19879 19879 I AnkiDroid: Creating notification channel with id/name: Deck Reminders/Reminders
12-24 03:00:18.062 19879 19879 I AnkiDroid: AnkiDroidApp: Starting Services
12-24 03:00:18.062 19879 19879 W AnkiDroid: AnkiDroidApp/ BootService - unexpected action received, ignoring: null
12-24 03:00:18.078 19879 19959 I TextToSpeech: Sucessfully bound to com.google.android.tts
12-24 03:00:18.078 18620 18620 I TTS     : Creating Google TTS service, version 3.15.16.197398873
12-24 03:00:18.085 18620 19966 I TTS     : Initializing en-us-x-sfg-lstm-embedded from apk
12-24 03:00:18.090 19879 19879 I AnkiDroid: IntentHandler::onCreate
12-24 03:00:18.093 19879 19879 I AnkiDroid: Setting theme to LIGHT
12-24 03:00:18.127 19879 19879 I AnkiDroid: Launching DeckPicker
12-24 03:00:18.128  2022  2851 I ActivityManager: START u0 {act=android.intent.action.MAIN cat=[android.intent.category.LAUNCHER] flg=0x10008000 cmp=com.ichi2.anki/.DeckPicker} from uid 10099
12-24 03:00:18.128  2022  2851 W ActivityManager: Activity is launching as a new task, so cancelling activity result.
12-24 03:00:18.133  2022  2851 W ActivityManager: Duplicate finish request for ActivityRecord{63667e7 u0 com.ichi2.anki/.IntentHandler t17 f}
12-24 03:00:18.188 19879 19879 I TextToSpeech: Connected to ComponentInfo{com.google.android.tts/com.google.android.tts.service.GoogleTTSService}
12-24 03:00:18.194 19879 19879 I AnkiDroid: AnkiDroid Version = 2.20.0 (d41d16a45c00b0bdbd3b13ac988143db5ef8ae90)
12-24 03:00:18.194 19879 19879 I AnkiDroid: 
12-24 03:00:18.194 19879 19879 I AnkiDroid: Backend Version = 0.1.48-anki24.11 (24.11 c47638ca36f99dd4f3b81ae82d964aec66e392e0)
12-24 03:00:18.194 19879 19879 I AnkiDroid: 
12-24 03:00:18.194 19879 19879 I AnkiDroid: Android Version = 9 (SDK 28)
12-24 03:00:18.194 19879 19879 I AnkiDroid: 
12-24 03:00:18.194 19879 19879 I AnkiDroid: ProductFlavor = full
12-24 03:00:18.194 19879 19879 I AnkiDroid: 
12-24 03:00:18.194 19879 19879 I AnkiDroid: Manufacturer = Google
12-24 03:00:18.194 19879 19879 I AnkiDroid: 
12-24 03:00:18.194 19879 19879 I AnkiDroid: Model = AOSP on IA Emulator
12-24 03:00:18.194 19879 19879 I AnkiDroid: 
12-24 03:00:18.194 19879 19879 I AnkiDroid: Hardware = ranchu
12-24 03:00:18.194 19879 19879 I AnkiDroid: 
12-24 03:00:18.194 19879 19879 I AnkiDroid: Webview User Agent = Mozilla/5.0 (Linux; Android 9; AOSP on IA Emulator Build/PSR1.180720.122; wv) AppleWebKit/537.36 (KHTML, like Gecko) Version/4.0 Chrome/69.0.3497.100 Mobile Safari/537.36
12-24 03:00:18.194 19879 19879 I AnkiDroid: 
12-24 03:00:18.194 19879 19879 I AnkiDroid: ACRA UUID = cb5e131a-ec8a-4415-9baf-077e39feb03c
12-24 03:00:18.194 19879 19879 I AnkiDroid: 
12-24 03:00:18.194 19879 19879 I AnkiDroid: FSRS = 1.4.3 (Enabled: null)
12-24 03:00:18.194 19879 19879 I AnkiDroid: 
12-24 03:00:18.194 19879 19879 I AnkiDroid: Crash Reports Enabled = true
12-24 03:00:18.194 19879 19879 W ActivityThread: handleWindowVisibility: no activity for token android.os.BinderProxy@70aa8ee
12-24 03:00:18.199 18620 18644 I TTS     : For default lang en-us is name en-US-language (en-us-x-sfg-server)
12-24 03:00:18.201 19879 19975 I TextToSpeech: Set up connection to ComponentInfo{com.google.android.tts/com.google.android.tts.service.GoogleTTSService}
12-24 03:00:18.242 19879 19879 I AnkiDroid: Setting theme to LIGHT
12-24 03:00:18.248  2022  2022 I GnssLocationProvider: WakeLock acquired by sendMessage(SET_REQUEST, 0, com.android.server.location.GnssLocationProvider$GpsRequest@622faa2)
12-24 03:00:18.248  2022  2044 I GnssLocationProvider: WakeLock released by handleMessage(SET_REQUEST, 0, com.android.server.location.GnssLocationProvider$GpsRequest@622faa2)
12-24 03:00:18.249 19879 19879 I AnkiDroid: DeckPicker::onCreate
12-24 03:00:18.250  2022  2022 I GnssLocationProvider: WakeLock acquired by sendMessage(SET_REQUEST, 0, com.android.server.location.GnssLocationProvider$GpsRequest@8e4333)
12-24 03:00:18.251 19879 19879 I AnkiDroid: Displaying app intro
12-24 03:00:18.252  2022  2022 I GnssLocationProvider: WakeLock acquired by sendMessage(SET_REQUEST, 0, com.android.server.location.GnssLocationProvider$GpsRequest@17e56f0)
12-24 03:00:18.253  2022  2976 I ActivityManager: START u0 {flg=0x14000000 cmp=com.ichi2.anki/.IntroductionActivity} from uid 10099
12-24 03:00:18.254  2022  2044 I GnssLocationProvider: WakeLock released by handleMessage(SET_REQUEST, 0, com.android.server.location.GnssLocationProvider$GpsRequest@8e4333)
12-24 03:00:18.254  2022  2044 I GnssLocationProvider: WakeLock released by handleMessage(SET_REQUEST, 0, com.android.server.location.GnssLocationProvider$GpsRequest@17e56f0)
12-24 03:00:18.259 19879 19879 I AnkiDroid: finishWithAnimation DEFAULT
12-24 03:00:18.274 19879 19879 W ActivityThread: handleWindowVisibility: no activity for token android.os.BinderProxy@ff4bc81
12-24 03:00:18.278 19879 19879 I AnkiDroid: Setting theme to LIGHT
12-24 03:00:18.279 19879 19879 I AnkiDroid: IntroductionActivity::onCreate
12-24 03:00:18.278 19879 19980 W cr_CrashFileManager: /data/user/0/com.ichi2.anki/cache/WebView/Crash Reports does not exist or is not a directory
12-24 03:00:18.300 19879 19879 I AnkiDroid: IntroductionActivity::SetupCollectionFragment::onAttach
12-24 03:00:18.301 19879 19879 I AnkiDroid: IntroductionActivity::SetupCollectionFragment::onCreate
12-24 03:00:18.302 19879 19879 I AnkiDroid: IntroductionActivity::onStart
12-24 03:00:18.326  2022  2457 I GnssLocationProvider: WakeLock acquired by sendMessage(REPORT_SV_STATUS, 0, com.android.server.location.GnssLocationProvider$SvStatusInfo@3d27a1)
12-24 03:00:18.326  2022  2044 I GnssLocationProvider: WakeLock released by handleMessage(REPORT_SV_STATUS, 0, com.android.server.location.GnssLocationProvider$SvStatusInfo@3d27a1)
12-24 03:00:18.368 19879 19879 I AnkiDroid: IntroductionActivity::SetupCollectionFragment::onViewCreated
12-24 03:00:18.369 19879 19879 I AnkiDroid: IntroductionActivity::SetupCollectionFragment::onStart
12-24 03:00:18.373 19879 19879 I AnkiDroid: IntroductionActivity::onResume
12-24 03:00:18.375 19879 19879 I AnkiDroid: IntroductionActivity::SetupCollectionFragment::onResume
12-24 03:00:18.378  1857  2531 E SurfaceFlinger: ro.sf.lcd_density must be defined as a build property
12-24 03:00:18.445 19879 19982 I ConfigStore: android::hardware::configstore::V1_0::ISurfaceFlingerConfigs::hasWideColorDisplay retrieved: 0
12-24 03:00:18.445 19879 19982 I ConfigStore: android::hardware::configstore::V1_0::ISurfaceFlingerConfigs::hasHDRDisplay retrieved: 0
12-24 03:00:18.445 19879 19982 I OpenGLRenderer: Initialized EGL, version 1.4
12-24 03:00:18.445 19879 19982 W OpenGLRenderer: Failed to choose config with EGL_SWAP_BEHAVIOR_PRESERVED, retrying without...
12-24 03:00:18.450 18620 19966 I TTS     : Done initializing en-us-x-sfg-lstm-embedded
12-24 03:00:18.473  1857  2109 E SurfaceFlinger: ro.sf.lcd_density must be defined as a build property
12-24 03:00:18.484  1862  2092 E         : Couldn't opendir /data/app/vmdl1049352891.tmp: No such file or directory
12-24 03:00:18.484  1862  2092 E installd: Failed to delete /data/app/vmdl1049352891.tmp: No such file or directory
12-24 03:00:18.486 19879 19982 E eglCodecCommon: GoldfishAddressSpaceHostMemoryAllocator: ioctl_ping failed for device_type=5, ret=-1
12-24 03:00:18.500  2022  2041 W BroadcastQueue: Background execution not allowed: receiving Intent { act=android.intent.action.PACKAGE_ADDED dat=package:com.ichi2.anki flg=0x4000010 (has extras) } to com.android.musicfx/.Compatibility$Receiver
12-24 03:00:18.500  2022  2045 W BroadcastQueue: Background execution not allowed: receiving Intent { act=android.intent.action.PACKAGE_ADDED dat=package:com.ichi2.anki flg=0x4000010 (has extras) } to com.google.android.gms/.games.chimera.GamesSystemBroadcastReceiverProxy
12-24 03:00:18.500  2022  2045 W BroadcastQueue: Background execution not allowed: receiving Intent { act=android.intent.action.PACKAGE_ADDED dat=package:com.ichi2.anki flg=0x4000010 (has extras) } to com.google.android.gms/.gass.chimera.PackageChangeBroadcastReceiver
12-24 03:00:18.500  2022  2045 W BroadcastQueue: Background execution not allowed: receiving Intent { act=android.intent.action.PACKAGE_ADDED dat=package:com.ichi2.anki flg=0x4000010 (has extras) } to com.google.android.gms/.chimera.GmsIntentOperationService$PersistentTrustedReceiver
12-24 03:00:18.500  2022  2045 W BroadcastQueue: Background execution not allowed: receiving Intent { act=android.intent.action.PACKAGE_ADDED dat=package:com.ichi2.anki flg=0x4000010 (has extras) } to com.google.android.googlequicksearchbox/com.google.android.apps.gsa.googlequicksearchbox.GelStubAppWatcher
12-24 03:00:18.500  2022  2045 W BroadcastQueue: Background execution not allowed: receiving Intent { act=android.intent.action.PACKAGE_ADDED dat=package:com.ichi2.anki flg=0x4000010 (has extras) } to com.google.android.ims/.receivers.RcsAutoStartReceiver
12-24 03:00:18.504  3954  3954 I CarrierServices: [2] RcsAutoStartReceiver.b: carrierServicesJibeServiceEnabled changed from true to true
12-24 03:00:18.506  3954  3954 I CarrierServices: [2] RcsAutoStartReceiver.b: enableRcs changed from true to true
12-24 03:00:18.509  3954  3954 I CarrierServices: [2] RcsAutoStartReceiver.b: RcsAutoStartReceiver triggered. Fetching RCS State. Action: android.intent.action.PACKAGE_ADDED
12-24 03:00:18.512  3954  3954 I CarrierServices: [2] aws.a: Migration binding to RcsMigrationService
12-24 03:00:18.515  2022  2106 I InputReader: Reconfiguring input devices.  changes=0x00000010
12-24 03:00:18.523  3871  3871 I Bugle   : returning RCS state provider.
12-24 03:00:18.530  2166 19987 W GCM     : Unexpected forwarded intent: Intent { act=android.intent.action.PACKAGE_ADDED dat=package:com.ichi2.anki flg=0x4000010 cmp=com.google.android.gms/.chimera.PersistentIntentOperationService (has extras) }
12-24 03:00:18.539  2166 19987 W GCM     : Unexpected forwarded intent: Intent { act=android.intent.action.PACKAGE_ADDED dat=package:com.ichi2.anki flg=0x4000010 cmp=com.google.android.gms/.chimera.PersistentIntentOperationService (has extras) }
12-24 03:00:18.546  3871  5105 I CarrierServices: [351] inq.shouldUseCarrierServicesApkForV1Apis: Checking if using CarrierServices.apk is possible. Enabled: true, isAtLeastM: true, runningInsideBugle: true
12-24 03:00:18.550  3871  5105 I CarrierServices: [351] inq.e: Network Operator: 310260
12-24 03:00:18.550  2022  2055 I ActivityManager: Displayed com.ichi2.anki/.IntroductionActivity: +279ms (total +13m35s449ms)
12-24 03:00:18.550  3871  5105 I CarrierServices: [351] inq.e: carrierWithOldEcApis: false
12-24 03:00:18.551  3871  5105 I CarrierServices: [351] inq.e: hasDialerThatSupportsNewEc: false
12-24 03:00:18.560  2582 19998 I Auth    : [SupervisedAccountIntentOperation] onHandleIntent(): android.intent.action.PACKAGE_ADDED
12-24 03:00:18.560  2582 19998 I Auth    : [SupervisedAccountIntentOperation] This operation is disabled
12-24 03:00:18.564  3871  5105 W RcsProvisioning: Failed to read configuration: /data/user/0/com.google.android.apps.messaging/files/rcsconfig (No such file or directory)
12-24 03:00:18.565  3871  5105 W RcsProvisioning: java.io.FileNotFoundException: /data/user/0/com.google.android.apps.messaging/files/rcsconfig (No such file or directory)
12-24 03:00:18.565  3871  5105 W RcsProvisioning: 	at java.io.FileInputStream.open0(Native Method)
12-24 03:00:18.565  3871  5105 W RcsProvisioning: 	at java.io.FileInputStream.open(FileInputStream.java:231)
12-24 03:00:18.565  3871  5105 W RcsProvisioning: 	at java.io.FileInputStream.<init>(FileInputStream.java:165)
12-24 03:00:18.565  3871  5105 W RcsProvisioning: 	at android.app.ContextImpl.openFileInput(ContextImpl.java:560)
12-24 03:00:18.565  3871  5105 W RcsProvisioning: 	at android.content.ContextWrapper.openFileInput(ContextWrapper.java:202)
12-24 03:00:18.565  3871  5105 W RcsProvisioning: 	at ion.a(SourceFile:2)
12-24 03:00:18.565  3871  5105 W RcsProvisioning: 	at idl.a(SourceFile:4)
12-24 03:00:18.565  3871  5105 W RcsProvisioning: 	at idm.a(SourceFile:7)
12-24 03:00:18.565  3871  5105 W RcsProvisioning: 	at com.google.android.apps.messaging.rcsmigration.RcsStateProvider.buildRcsState(SourceFile:81)
12-24 03:00:18.565  3871  5105 W RcsProvisioning: 	at com.google.android.apps.messaging.rcsmigration.RcsStateProvider.getRcsState(SourceFile:6)
12-24 03:00:18.565  3871  5105 W RcsProvisioning: 	at com.google.android.ims.rcsmigration.IRcsStateProvider$Stub.dispatchTransaction(SourceFile:10)
12-24 03:00:18.565  3871  5105 W RcsProvisioning: 	at com.google.android.aidl.BaseStub.onTransact(SourceFile:18)
12-24 03:00:18.565  3871  5105 W RcsProvisioning: 	at android.os.Binder.execTransact(Binder.java:731)
12-24 03:00:18.572  2582 20000 I ChromeSync: [Sync,SyncIntentOperation] Handling the intent: Intent { act=android.intent.action.PACKAGE_ADDED dat=package:com.ichi2.anki flg=0x4000010 cmp=com.google.android.gms/.chimera.GmsIntentOperationService (has extras) }.
12-24 03:00:18.583  2022  2022 I Telecom : DefaultDialerCache: Refreshing default dialer for user 0: now com.google.android.dialer: DDC.oR@AQs
12-24 03:00:18.587  2022  2976 W ActivityManager: Unable to start service Intent { act=com.google.android.gms.auth.key.retrieval.service.START pkg=com.google.android.gms } U=0: not found
12-24 03:00:18.588  2022  2976 W ActivityManager: Unbind failed: could not find connection for android.os.BinderProxy@1eba7e5
12-24 03:00:18.594  2582  3117 E GmsClient: unable to connect to service: com.google.android.gms.auth.key.retrieval.service.START on com.google.android.gms
12-24 03:00:18.603 19879 19879 I AnkiDroid: DeckPicker::onDestroy
12-24 03:00:18.604 19879 19879 I AnkiDroid: IntentHandler::onDestroy
12-24 03:00:18.633  2022  2032 I system_server: Background concurrent copying GC freed 32854(1805KB) AllocSpace objects, 20(656KB) LOS objects, 34% free, 11MB/17MB, paused 302us total 157.039ms
12-24 03:00:18.635  7285 19983 I ProvidersCache: Provider returned no roots. Possibly naughty: com.google.android.apps.docs.storage
12-24 03:00:18.643  1857  1857 W SurfaceFlinger: couldn't log to binary event log: overflow.
12-24 03:00:18.643  1857  1857 W SurfaceFlinger: couldn't log to binary event log: overflow.
12-24 03:00:18.680  2582 20000 I ChromeSync: [Persistence,AffiliationManager] One of affiliation or grouping data for android://7MWhbIj2U9j49-jCuZlHS-MLn23LAIHs7VuROmBzkJdbTp2SlvRQnptPT_btc6Cid1nrZ1o0LWvYVUZ-gNoBBw==@com.ichi2.anki/ was not found. Marking affiliation data as stale...
12-24 03:00:18.753  1857  1986 W SurfaceFlinger: Attempting to set client state on removed layer: Splash Screen com.ichi2.anki#0
12-24 03:00:18.753  1857  1986 W SurfaceFlinger: Attempting to destroy on removed layer: Splash Screen com.ichi2.anki#0
12-24 03:00:18.755  2907  2907 I StreamRenderer: cleanUpRendererScope(nowcards-8513640411488082023)
12-24 03:00:18.762  2907  2907 W SearchService: Abort, client detached.
12-24 03:00:18.764  2907  2907 I StreamController: cleanUpControllerScope(nowcards-8513640411488082023)
12-24 03:00:18.790  2907 19013 I WorkController: WorkProxy is not enqueued because WorkController is disposed: WorkProxy{Name=context::j, WorkerId=context, id=c7763b9}
12-24 03:00:18.791  2907 19013 I WorkController: WorkProxy is not enqueued because WorkController is disposed: WorkProxy{Name=context::m, WorkerId=context, id=94e03fe}
12-24 03:00:18.791  2907 19013 I WorkController: WorkProxy is not enqueued because WorkController is disposed: WorkProxy{Name=context::n, WorkerId=context, id=fe3475f}
12-24 03:00:18.791  2907 19013 I WorkController: WorkProxy is not enqueued because WorkController is disposed: WorkProxy{Name=context::p, WorkerId=context, id=5fe85ac}
12-24 03:00:18.826  2166 20020 I LogUtils: [Places]: ?: Couldn't find platform key file. [CONTEXT service_id=253 ]
12-24 03:00:18.826  2166 20020 I LogUtils: [Places]: ?: Couldn't find platform key file. [CONTEXT service_id=253 ]
12-24 03:00:18.838  2166  3843 I LogUtils: [Places]: ?: PlacesBleScanner stop() [CONTEXT service_id=253 ]
12-24 03:00:18.838  2166  2166 I BeaconBle: Scan : No clients left, canceling alarm. [CONTEXT service_id=111 ]
12-24 03:00:18.839  2166  2166 I BeaconBle: Scan canceled successfully. [CONTEXT service_id=111 ]
12-24 03:00:18.843  2166  3843 I PlacesLogger: [PlaceInferenceEngine]: [anon] Changed inference mode: 1 [CONTEXT service_id=253 ]
12-24 03:00:18.843  2166  3843 I PlacesLogger: [PlaceInferenceEngine]: [account#-29786098] Changed inference mode: 1 [CONTEXT service_id=253 ]
12-24 03:00:18.851  3871  5105 W RcsProvisioning: Failed to read configuration: /data/user/0/com.google.android.apps.messaging/files/rcsconfig (No such file or directory)
12-24 03:00:18.851  3871  5105 W RcsProvisioning: java.io.FileNotFoundException: /data/user/0/com.google.android.apps.messaging/files/rcsconfig (No such file or directory)
12-24 03:00:18.851  3871  5105 W RcsProvisioning: 	at java.io.FileInputStream.open0(Native Method)
12-24 03:00:18.851  3871  5105 W RcsProvisioning: 	at java.io.FileInputStream.open(FileInputStream.java:231)
12-24 03:00:18.851  3871  5105 W RcsProvisioning: 	at java.io.FileInputStream.<init>(FileInputStream.java:165)
12-24 03:00:18.851  3871  5105 W RcsProvisioning: 	at android.app.ContextImpl.openFileInput(ContextImpl.java:560)
12-24 03:00:18.851  3871  5105 W RcsProvisioning: 	at android.content.ContextWrapper.openFileInput(ContextWrapper.java:202)
12-24 03:00:18.851  3871  5105 W RcsProvisioning: 	at ion.a(SourceFile:2)
12-24 03:00:18.851  3871  5105 W RcsProvisioning: 	at idl.a(SourceFile:4)
12-24 03:00:18.851  3871  5105 W RcsProvisioning: 	at idm.a(SourceFile:7)
12-24 03:00:18.851  3871  5105 W RcsProvisioning: 	at iez.buildConferencesFileName(SourceFile:30)
12-24 03:00:18.851  3871  5105 W RcsProvisioning: 	at com.google.android.apps.messaging.rcsmigration.RcsStateProvider.buildRcsState(SourceFile:129)
12-24 03:00:18.851  3871  5105 W RcsProvisioning: 	at com.google.android.apps.messaging.rcsmigration.RcsStateProvider.getRcsState(SourceFile:6)
12-24 03:00:18.851  3871  5105 W RcsProvisioning: 	at com.google.android.ims.rcsmigration.IRcsStateProvider$Stub.dispatchTransaction(SourceFile:10)
12-24 03:00:18.851  3871  5105 W RcsProvisioning: 	at com.google.android.aidl.BaseStub.onTransact(SourceFile:18)
12-24 03:00:18.851  3871  5105 W RcsProvisioning: 	at android.os.Binder.execTransact(Binder.java:731)
12-24 03:00:18.854  2166  3843 I PlacesLogger: [PlaceInferenceEngine]: [anon] Changed inference mode: 1 [CONTEXT service_id=253 ]
12-24 03:00:18.854  2166  3843 I PlacesLogger: [PlaceInferenceEngine]: [account#-29786098] Changed inference mode: 1 [CONTEXT service_id=253 ]
12-24 03:00:18.953  3871  5105 E CarrierServices: [351] iez.getFile: File not found.: /data/user/0/com.google.android.apps.messaging/files/httpft_pending (No such file or directory)
12-24 03:00:18.953  3871  5105 E CarrierServices: 	java.io.FileInputStream.open0(Native Method)
12-24 03:00:18.953  3871  5105 E CarrierServices: 	java.io.FileInputStream.open(FileInputStream.java:231)
12-24 03:00:18.953  3871  5105 E CarrierServices: 	java.io.FileInputStream.<init>(FileInputStream.java:165)
12-24 03:00:18.953  3871  5105 E CarrierServices: 	android.app.ContextImpl.openFileInput(ContextImpl.java:560)
12-24 03:00:18.953  3871  5105 E CarrierServices: 	android.content.ContextWrapper.openFileInput(ContextWrapper.java:202)
12-24 03:00:18.953  3871  5105 E CarrierServices: 	iez.getFile(SourceFile:20)
12-24 03:00:18.953  3871  5105 E CarrierServices: 	com.google.android.apps.messaging.rcsmigration.RcsStateProvider.buildRcsState(SourceFile:136)
12-24 03:00:18.953  3871  5105 E CarrierServices: 	com.google.android.apps.messaging.rcsmigration.RcsStateProvider.getRcsState(SourceFile:6)
12-24 03:00:18.953  3871  5105 E CarrierServices: 	com.google.android.ims.rcsmigration.IRcsStateProvider$Stub.dispatchTransaction(SourceFile:10)
12-24 03:00:18.953  3871  5105 E CarrierServices: 	com.google.android.aidl.BaseStub.onTransact(SourceFile:18)
12-24 03:00:18.953  3871  5105 E CarrierServices: 	android.os.Binder.execTransact(Binder.java:731)
12-24 03:00:18.954  3954 20025 I CarrierServices: [236] awt.doInBackground: Saving RCS State
12-24 03:00:18.955  3954 20025 I CarrierServices: [236] awt.doInBackground: Old operation mode: 2
12-24 03:00:18.955  3954 20025 I CarrierServices: [236] awt.doInBackground: New operation mode: 2
12-24 03:00:18.956  3871  5105 I CarrierServices: [351] RcsStateProvider.onMigrationComplete: Migration complete.
12-24 03:00:18.958  3871  5105 I CarrierServices: [351] inq.shouldUseCarrierServicesApkForV1Apis: Checking if using CarrierServices.apk is possible. Enabled: true, isAtLeastM: true, runningInsideBugle: true
12-24 03:00:18.960  3871  5105 I CarrierServices: [351] inq.e: Network Operator: 310260
12-24 03:00:18.960  3871  5105 I CarrierServices: [351] inq.e: carrierWithOldEcApis: false
12-24 03:00:18.960  3871  5105 I CarrierServices: [351] inq.e: hasDialerThatSupportsNewEc: false
12-24 03:00:18.960  3871  5105 I CarrierServices: [351] RcsStateProvider.onMigrationComplete: Rcs Engine should be running in cs.apk. Stopping JibeService.
12-24 03:00:18.965  3871  5105 I CarrierServices: [351] RcsStateProvider.onMigrationComplete: JibeService stopped: true
12-24 03:00:18.967  3871  5105 I CarrierServices: [351] inq.e: Network Operator: 310260
12-24 03:00:18.967  3871  5105 I CarrierServices: [351] inq.e: carrierWithOldEcApis: false
12-24 03:00:18.967  3871  5105 I CarrierServices: [351] inq.e: hasDialerThatSupportsNewEc: false
12-24 03:00:18.969  3871  5105 I CarrierServices: [351] jsn.connect: shouldUseCarrierServicesJibeService: true, CarrierServices rcs service found: true
12-24 03:00:18.969  3871  5105 I CarrierServices: [351] jsn.connect: Binding to JibeService in CarrierServices.
12-24 03:00:18.972  3871  5105 I CarrierServices: [351] inq.e: Network Operator: 310260
12-24 03:00:18.972  3871  5105 I CarrierServices: [351] inq.e: carrierWithOldEcApis: false
12-24 03:00:18.972  3871  5105 I CarrierServices: [351] inq.e: hasDialerThatSupportsNewEc: false
12-24 03:00:18.973  3871  5105 I CarrierServices: [351] jsn.connect: shouldUseCarrierServicesJibeService: true, CarrierServices rcs service found: true
12-24 03:00:18.974  3871  5105 I CarrierServices: [351] jsn.connect: Binding to JibeService in CarrierServices.
12-24 03:00:18.977  3871  5105 I CarrierServices: [351] inq.e: Network Operator: 310260
12-24 03:00:18.978  3871  5105 I CarrierServices: [351] inq.e: carrierWithOldEcApis: false
12-24 03:00:18.978  3871  5105 I CarrierServices: [351] inq.e: hasDialerThatSupportsNewEc: false
12-24 03:00:18.979  3871  5105 I CarrierServices: [351] jsn.connect: shouldUseCarrierServicesJibeService: true, CarrierServices rcs service found: true
12-24 03:00:18.979  3871  5105 I CarrierServices: [351] jsn.connect: Binding to JibeService in CarrierServices.
12-24 03:00:18.982  3871  5105 I CarrierServices: [351] inq.e: Network Operator: 310260
12-24 03:00:18.982  3871  5105 I CarrierServices: [351] inq.e: carrierWithOldEcApis: false
12-24 03:00:18.983  3871  5105 I CarrierServices: [351] inq.e: hasDialerThatSupportsNewEc: false
12-24 03:00:18.984  3871  5105 I CarrierServices: [351] jsn.connect: shouldUseCarrierServicesJibeService: true, CarrierServices rcs service found: true
12-24 03:00:18.984  3871  5105 I CarrierServices: [351] jsn.connect: Binding to JibeService in CarrierServices.
12-24 03:00:18.987  3871  5105 I CarrierServices: [351] inq.e: Network Operator: 310260
12-24 03:00:18.988  3871  5105 I CarrierServices: [351] inq.e: carrierWithOldEcApis: false
12-24 03:00:18.988  3871  5105 I CarrierServices: [351] inq.e: hasDialerThatSupportsNewEc: false
12-24 03:00:18.989  3871  5105 I CarrierServices: [351] jsn.connect: shouldUseCarrierServicesJibeService: true, CarrierServices rcs service found: true
12-24 03:00:18.990  3871  5105 I CarrierServices: [351] jsn.connect: Binding to JibeService in CarrierServices.
12-24 03:00:18.992  3871  5105 I CarrierServices: [351] inq.e: Network Operator: 310260
12-24 03:00:18.993  3871  5105 I CarrierServices: [351] inq.e: carrierWithOldEcApis: false
12-24 03:00:18.993  3871  5105 I CarrierServices: [351] inq.e: hasDialerThatSupportsNewEc: false
12-24 03:00:18.994  3871  5105 I CarrierServices: [351] jsn.connect: shouldUseCarrierServicesJibeService: true, CarrierServices rcs service found: true
12-24 03:00:18.994  3871  5105 I CarrierServices: [351] jsn.connect: Binding to JibeService in CarrierServices.
12-24 03:00:18.998  3871  5105 I CarrierServices: [351] inq.e: Network Operator: 310260
12-24 03:00:18.998  3871  5105 I CarrierServices: [351] inq.e: carrierWithOldEcApis: false
12-24 03:00:18.998  3871  5105 I CarrierServices: [351] inq.e: hasDialerThatSupportsNewEc: false
12-24 03:00:19.000  3871  5105 I CarrierServices: [351] jsn.connect: shouldUseCarrierServicesJibeService: true, CarrierServices rcs service found: true
12-24 03:00:19.000  3871  5105 I CarrierServices: [351] jsn.connect: Binding to JibeService in CarrierServices.
12-24 03:00:19.003  3871  5105 I CarrierServices: [351] inq.e: Network Operator: 310260
12-24 03:00:19.003  3954  3969 W CarrierServices: [175] bmc.a: No config URL. RCS will be disabled!
12-24 03:00:19.004  3871  5105 I CarrierServices: [351] inq.e: carrierWithOldEcApis: false
12-24 03:00:19.004  3871  3871 I BugleRcs: RcsAvailability ACS url: null
12-24 03:00:19.004  3871  5105 I CarrierServices: [351] inq.e: hasDialerThatSupportsNewEc: false
12-24 03:00:19.005  3871  5105 I CarrierServices: [351] jsn.connect: shouldUseCarrierServicesJibeService: true, CarrierServices rcs service found: true
12-24 03:00:19.005  3871  5105 I CarrierServices: [351] jsn.connect: Binding to JibeService in CarrierServices.
12-24 03:00:19.008  3871  5105 W RcsProvisioning: Failed to read configuration: /data/user/0/com.google.android.apps.messaging/files/rcsconfig (No such file or directory)
12-24 03:00:19.008  3871  5105 W RcsProvisioning: java.io.FileNotFoundException: /data/user/0/com.google.android.apps.messaging/files/rcsconfig (No such file or directory)
12-24 03:00:19.008  3871  5105 W RcsProvisioning: 	at java.io.FileInputStream.open0(Native Method)
12-24 03:00:19.008  3871  5105 W RcsProvisioning: 	at java.io.FileInputStream.open(FileInputStream.java:231)
12-24 03:00:19.008  3871  5105 W RcsProvisioning: 	at java.io.FileInputStream.<init>(FileInputStream.java:165)
12-24 03:00:19.008  3871  5105 W RcsProvisioning: 	at android.app.ContextImpl.openFileInput(ContextImpl.java:560)
12-24 03:00:19.008  3871  5105 W RcsProvisioning: 	at android.content.ContextWrapper.openFileInput(ContextWrapper.java:202)
12-24 03:00:19.008  3871  5105 W RcsProvisioning: 	at ion.a(SourceFile:2)
12-24 03:00:19.008  3871  5105 W RcsProvisioning: 	at idl.a(SourceFile:4)
12-24 03:00:19.008  3871  5105 W RcsProvisioning: 	at idm.a(SourceFile:7)
12-24 03:00:19.008  3871  5105 W RcsProvisioning: 	at com.google.android.apps.messaging.rcsmigration.RcsStateProvider.onMigrationComplete(SourceFile:27)
12-24 03:00:19.008  3871  5105 W RcsProvisioning: 	at com.google.android.ims.rcsmigration.IRcsStateProvider$Stub.dispatchTransaction(SourceFile:14)
12-24 03:00:19.008  3871  5105 W RcsProvisioning: 	at com.google.android.aidl.BaseStub.onTransact(SourceFile:18)
12-24 03:00:19.008  3871  5105 W RcsProvisioning: 	at android.os.Binder.execTransact(Binder.java:731)
12-24 03:00:19.008  3954  3969 W CarrierServices: [175] bmc.a: No config URL. RCS will be disabled!
12-24 03:00:19.009  3871  3871 I BugleRcs: RcsAvailability ACS url: null
12-24 03:00:19.158  3871  5105 I CarrierServices: [351] RcsStateProvider.onMigrationComplete: Deleted transfers file: false
12-24 03:00:19.160  3871  5105 W RcsProvisioning: Failed to read configuration: /data/user/0/com.google.android.apps.messaging/files/rcsconfig (No such file or directory)
12-24 03:00:19.160  3871  5105 W RcsProvisioning: java.io.FileNotFoundException: /data/user/0/com.google.android.apps.messaging/files/rcsconfig (No such file or directory)
12-24 03:00:19.160  3871  5105 W RcsProvisioning: 	at java.io.FileInputStream.open0(Native Method)
12-24 03:00:19.160  3871  5105 W RcsProvisioning: 	at java.io.FileInputStream.open(FileInputStream.java:231)
12-24 03:00:19.160  3871  5105 W RcsProvisioning: 	at java.io.FileInputStream.<init>(FileInputStream.java:165)
12-24 03:00:19.160  3871  5105 W RcsProvisioning: 	at android.app.ContextImpl.openFileInput(ContextImpl.java:560)
12-24 03:00:19.160  3871  5105 W RcsProvisioning: 	at android.content.ContextWrapper.openFileInput(ContextWrapper.java:202)
12-24 03:00:19.160  3871  5105 W RcsProvisioning: 	at ion.a(SourceFile:2)
12-24 03:00:19.160  3871  5105 W RcsProvisioning: 	at idl.a(SourceFile:4)
12-24 03:00:19.160  3871  5105 W RcsProvisioning: 	at idm.a(SourceFile:7)
12-24 03:00:19.160  3871  5105 W RcsProvisioning: 	at iez.buildConferencesFileName(SourceFile:30)
12-24 03:00:19.160  3871  5105 W RcsProvisioning: 	at com.google.android.apps.messaging.rcsmigration.RcsStateProvider.onMigrationComplete(SourceFile:48)
12-24 03:00:19.160  3871  5105 W RcsProvisioning: 	at com.google.android.ims.rcsmigration.IRcsStateProvider$Stub.dispatchTransaction(SourceFile:14)
12-24 03:00:19.160  3871  5105 W RcsProvisioning: 	at com.google.android.aidl.BaseStub.onTransact(SourceFile:18)
12-24 03:00:19.160  3871  5105 W RcsProvisioning: 	at android.os.Binder.execTransact(Binder.java:731)
12-24 03:00:19.306  3954  3954 I CarrierServices: [2] aww.a: Unbinding RcsMigrationService
12-24 03:00:19.326  2022  2457 I GnssLocationProvider: WakeLock acquired by sendMessage(REPORT_SV_STATUS, 0, com.android.server.location.GnssLocationProvider$SvStatusInfo@d88470f)
12-24 03:00:19.326  2022  2044 I GnssLocationProvider: WakeLock released by handleMessage(REPORT_SV_STATUS, 0, com.android.server.location.GnssLocationProvider$SvStatusInfo@d88470f)
12-24 03:00:19.677  2582 19044 I Icing   : Indexing com.google.android.gms-apps from com.google.android.gms
12-24 03:00:19.695  2582 19044 I Icing   : Indexing done com.google.android.gms-apps
12-24 03:00:19.699  2582 19044 I Icing   : Indexing com.google.android.gms-internal.3p:MobileApplication from com.google.android.gms
12-24 03:00:19.703  2582 19044 I Icing   : Indexing done com.google.android.gms-internal.3p:MobileApplication
12-24 03:00:20.327  2022  2457 I GnssLocationProvider: WakeLock acquired by sendMessage(REPORT_SV_STATUS, 0, com.android.server.location.GnssLocationProvider$SvStatusInfo@d47039c)
12-24 03:00:20.327  2022  2044 I GnssLocationProvider: WakeLock released by handleMessage(REPORT_SV_STATUS, 0, com.android.server.location.GnssLocationProvider$SvStatusInfo@d47039c)
12-24 03:00:21.327  2022  2457 I GnssLocationProvider: WakeLock acquired by sendMessage(REPORT_SV_STATUS, 0, com.android.server.location.GnssLocationProvider$SvStatusInfo@ee0697a)
12-24 03:00:21.327  2022  2044 I GnssLocationProvider: WakeLock released by handleMessage(REPORT_SV_STATUS, 0, com.android.server.location.GnssLocationProvider$SvStatusInfo@ee0697a)
12-24 03:00:22.327  2022  2457 I GnssLocationProvider: WakeLock acquired by sendMessage(REPORT_SV_STATUS, 0, com.android.server.location.GnssLocationProvider$SvStatusInfo@40c452b)
12-24 03:00:22.327  2022  2044 I GnssLocationProvider: WakeLock released by handleMessage(REPORT_SV_STATUS, 0, com.android.server.location.GnssLocationProvider$SvStatusInfo@40c452b)
12-24 03:00:23.327  2022  2457 I GnssLocationProvider: WakeLock acquired by sendMessage(REPORT_SV_STATUS, 0, com.android.server.location.GnssLocationProvider$SvStatusInfo@8ebd88)
12-24 03:00:23.327  2022  2044 I GnssLocationProvider: WakeLock released by handleMessage(REPORT_SV_STATUS, 0, com.android.server.location.GnssLocationProvider$SvStatusInfo@8ebd88)
12-24 03:00:23.626  2022  4104 E memtrack: Couldn't load memtrack module
12-24 03:00:23.626  2022  4104 W android.os.Debug: failed to get memory consumption info: -1
12-24 03:00:23.845  2166  2166 I BeaconBle: Scan : No clients left, canceling alarm. [CONTEXT service_id=111 ]
