12-24 03:02:22.793 19879 19982 E eglCodecCommon: glUtilsParamSize: unknow param 0x000085b5
12-24 03:02:22.793 19879 19982 E eglCodecCommon: glUtilsParamSize: unknow param 0x000085b5
12-24 03:02:22.819 19879 19982 E eglCodecCommon: glUtilsParamSize: unknow param 0x000085b5
12-24 03:02:22.819 19879 19982 E eglCodecCommon: glUtilsParamSize: unknow param 0x000085b5
12-24 03:02:22.849 19879 19982 E eglCodecCommon: glUtilsParamSize: unknow param 0x000085b5
12-24 03:02:22.850 19879 19982 E eglCodecCommon: glUtilsParamSize: unknow param 0x000085b5
12-24 03:02:22.876 19879 19982 E eglCodecCommon: glUtilsParamSize: unknow param 0x000085b5
12-24 03:02:22.876 19879 19982 E eglCodecCommon: glUtilsParamSize: unknow param 0x000085b5
12-24 03:02:22.903 19879 19982 E eglCodecCommon: glUtilsParamSize: unknow param 0x000085b5
12-24 03:02:22.903 19879 19982 E eglCodecCommon: glUtilsParamSize: unknow param 0x000085b5
12-24 03:02:22.917  1857  2109 E SurfaceFlinger: ro.sf.lcd_density must be defined as a build property
12-24 03:02:22.933 21767 21767 E eglCodecCommon: GoldfishAddressSpaceHostMemoryAllocator: ioctl_ping failed for device_type=5, ret=-1
12-24 03:02:22.935 19879 19982 E eglCodecCommon: glUtilsParamSize: unknow param 0x000085b5
12-24 03:02:22.935 19879 19982 E eglCodecCommon: glUtilsParamSize: unknow param 0x000085b5
12-24 03:02:22.984 19879 19982 E eglCodecCommon: glUtilsParamSize: unknow param 0x000085b5
12-24 03:02:22.984 19879 19982 E eglCodecCommon: glUtilsParamSize: unknow param 0x000085b5
12-24 03:02:23.010 19879 19982 E eglCodecCommon: glUtilsParamSize: unknow param 0x000085b5
12-24 03:02:23.010 19879 19982 E eglCodecCommon: glUtilsParamSize: unknow param 0x000085b5
12-24 03:02:23.036 19879 19982 E eglCodecCommon: glUtilsParamSize: unknow param 0x000085b5
12-24 03:02:23.037 19879 19982 E eglCodecCommon: glUtilsParamSize: unknow param 0x000085b5
12-24 03:02:23.062 19879 19982 E eglCodecCommon: glUtilsParamSize: unknow param 0x000085b5
12-24 03:02:23.062 19879 19982 E eglCodecCommon: glUtilsParamSize: unknow param 0x000085b5
12-24 03:02:23.088 19879 19982 E eglCodecCommon: glUtilsParamSize: unknow param 0x000085b5
12-24 03:02:23.088 19879 19982 E eglCodecCommon: glUtilsParamSize: unknow param 0x000085b5
12-24 03:02:23.117 19879 19982 E eglCodecCommon: glUtilsParamSize: unknow param 0x000085b5
12-24 03:02:23.117 19879 19982 E eglCodecCommon: glUtilsParamSize: unknow param 0x000085b5
12-24 03:02:23.145 19879 19982 E eglCodecCommon: glUtilsParamSize: unknow param 0x000085b5
12-24 03:02:23.145 19879 19982 E eglCodecCommon: glUtilsParamSize: unknow param 0x000085b5
12-24 03:02:23.172 19879 19982 E eglCodecCommon: glUtilsParamSize: unknow param 0x000085b5
12-24 03:02:23.172 19879 19982 E eglCodecCommon: glUtilsParamSize: unknow param 0x000085b5
12-24 03:02:23.199 19879 19982 E eglCodecCommon: glUtilsParamSize: unknow param 0x000085b5
12-24 03:02:23.199 19879 19982 E eglCodecCommon: glUtilsParamSize: unknow param 0x000085b5
12-24 03:02:23.224 19879 19982 E eglCodecCommon: glUtilsParamSize: unknow param 0x000085b5
12-24 03:02:23.224 19879 19982 E eglCodecCommon: glUtilsParamSize: unknow param 0x000085b5
12-24 03:02:23.252  2022  2045 W BroadcastQueue: Background execution not allowed: receiving Intent { act=android.intent.action.DROPBOX_ENTRY_ADDED flg=0x10 (has extras) } to com.google.android.gms/.stats.service.DropBoxEntryAddedReceiver
12-24 03:02:23.252  2022  2045 W BroadcastQueue: Background execution not allowed: receiving Intent { act=android.intent.action.DROPBOX_ENTRY_ADDED flg=0x10 (has extras) } to com.google.android.gms/.chimera.GmsIntentOperationService$PersistentTrustedReceiver
12-24 03:02:23.254 19879 19982 E eglCodecCommon: glUtilsParamSize: unknow param 0x000085b5
12-24 03:02:23.254 19879 19982 E eglCodecCommon: glUtilsParamSize: unknow param 0x000085b5
12-24 03:02:23.283 19879 19982 E eglCodecCommon: glUtilsParamSize: unknow param 0x000085b5
12-24 03:02:23.283 19879 19982 E eglCodecCommon: glUtilsParamSize: unknow param 0x000085b5
12-24 03:02:23.311 19879 19982 E eglCodecCommon: glUtilsParamSize: unknow param 0x000085b5
12-24 03:02:23.311 19879 19982 E eglCodecCommon: glUtilsParamSize: unknow param 0x000085b5
12-24 03:02:23.338 19879 19982 E eglCodecCommon: glUtilsParamSize: unknow param 0x000085b5
12-24 03:02:23.338 19879 19982 E eglCodecCommon: glUtilsParamSize: unknow param 0x000085b5
12-24 03:02:23.366 19879 19982 E eglCodecCommon: glUtilsParamSize: unknow param 0x000085b5
12-24 03:02:23.366 19879 19982 E eglCodecCommon: glUtilsParamSize: unknow param 0x000085b5
12-24 03:02:23.388  2022  2457 I GnssLocationProvider: WakeLock acquired by sendMessage(REPORT_SV_STATUS, 0, com.android.server.location.GnssLocationProvider$SvStatusInfo@31e7e48)
12-24 03:02:23.388  2022  2044 I GnssLocationProvider: WakeLock released by handleMessage(REPORT_SV_STATUS, 0, com.android.server.location.GnssLocationProvider$SvStatusInfo@31e7e48)
12-24 03:02:23.394 19879 19982 E eglCodecCommon: glUtilsParamSize: unknow param 0x000085b5
12-24 03:02:23.394 19879 19982 E eglCodecCommon: glUtilsParamSize: unknow param 0x000085b5
12-24 03:02:23.420 19879 19982 E eglCodecCommon: glUtilsParamSize: unknow param 0x000085b5
12-24 03:02:23.420 19879 19982 E eglCodecCommon: glUtilsParamSize: unknow param 0x000085b5
12-24 03:02:23.448 19879 19982 E eglCodecCommon: glUtilsParamSize: unknow param 0x000085b5
12-24 03:02:23.448 19879 19982 E eglCodecCommon: glUtilsParamSize: unknow param 0x000085b5
12-24 03:02:23.478 19879 19982 E eglCodecCommon: glUtilsParamSize: unknow param 0x000085b5
12-24 03:02:23.478 19879 19982 E eglCodecCommon: glUtilsParamSize: unknow param 0x000085b5
12-24 03:02:23.503 19879 19982 E eglCodecCommon: glUtilsParamSize: unknow param 0x000085b5
12-24 03:02:23.503 19879 19982 E eglCodecCommon: glUtilsParamSize: unknow param 0x000085b5
12-24 03:02:23.529 19879 19982 E eglCodecCommon: glUtilsParamSize: unknow param 0x000085b5
12-24 03:02:23.529 19879 19982 E eglCodecCommon: glUtilsParamSize: unknow param 0x000085b5
12-24 03:02:23.554 19879 19982 E eglCodecCommon: glUtilsParamSize: unknow param 0x000085b5
12-24 03:02:23.554 19879 19982 E eglCodecCommon: glUtilsParamSize: unknow param 0x000085b5
12-24 03:02:23.580 19879 19982 E eglCodecCommon: glUtilsParamSize: unknow param 0x000085b5
12-24 03:02:23.581 19879 19982 E eglCodecCommon: glUtilsParamSize: unknow param 0x000085b5
12-24 03:02:23.608 19879 19982 E eglCodecCommon: glUtilsParamSize: unknow param 0x000085b5
12-24 03:02:23.608 19879 19982 E eglCodecCommon: glUtilsParamSize: unknow param 0x000085b5
12-24 03:02:23.635 19879 19982 E eglCodecCommon: glUtilsParamSize: unknow param 0x000085b5
12-24 03:02:23.635 19879 19982 E eglCodecCommon: glUtilsParamSize: unknow param 0x000085b5
12-24 03:02:23.661 19879 19982 E eglCodecCommon: glUtilsParamSize: unknow param 0x000085b5
12-24 03:02:23.661 19879 19982 E eglCodecCommon: glUtilsParamSize: unknow param 0x000085b5
12-24 03:02:23.687 19879 19982 E eglCodecCommon: glUtilsParamSize: unknow param 0x000085b5
12-24 03:02:23.687 19879 19982 E eglCodecCommon: glUtilsParamSize: unknow param 0x000085b5
12-24 03:02:23.711 19879 19982 E eglCodecCommon: glUtilsParamSize: unknow param 0x000085b5
12-24 03:02:23.712 19879 19982 E eglCodecCommon: glUtilsParamSize: unknow param 0x000085b5
12-24 03:02:23.730  2022  4905 E memtrack: Couldn't load memtrack module
12-24 03:02:23.730  2022  4905 W android.os.Debug: failed to get memory consumption info: -1
12-24 03:02:23.738 19879 19982 E eglCodecCommon: glUtilsParamSize: unknow param 0x000085b5
12-24 03:02:23.739 19879 19982 E eglCodecCommon: glUtilsParamSize: unknow param 0x000085b5
12-24 03:02:23.763 19879 19982 E eglCodecCommon: glUtilsParamSize: unknow param 0x000085b5
12-24 03:02:23.763 19879 19982 E eglCodecCommon: glUtilsParamSize: unknow param 0x000085b5
12-24 03:02:23.790 19879 19982 E eglCodecCommon: glUtilsParamSize: unknow param 0x000085b5
12-24 03:02:23.790 19879 19982 E eglCodecCommon: glUtilsParamSize: unknow param 0x000085b5
12-24 03:02:23.818 19879 19982 E eglCodecCommon: glUtilsParamSize: unknow param 0x000085b5
12-24 03:02:23.818 19879 19982 E eglCodecCommon: glUtilsParamSize: unknow param 0x000085b5
12-24 03:02:23.852 19879 19982 E eglCodecCommon: glUtilsParamSize: unknow param 0x000085b5
12-24 03:02:23.852 19879 19982 E eglCodecCommon: glUtilsParamSize: unknow param 0x000085b5
12-24 03:02:23.879 19879 19982 E eglCodecCommon: glUtilsParamSize: unknow param 0x000085b5
12-24 03:02:23.879 19879 19982 E eglCodecCommon: glUtilsParamSize: unknow param 0x000085b5
12-24 03:02:23.904 19879 19982 E eglCodecCommon: glUtilsParamSize: unknow param 0x000085b5
12-24 03:02:23.904 19879 19982 E eglCodecCommon: glUtilsParamSize: unknow param 0x000085b5
12-24 03:02:23.930 19879 19982 E eglCodecCommon: glUtilsParamSize: unknow param 0x000085b5
12-24 03:02:23.930 19879 19982 E eglCodecCommon: glUtilsParamSize: unknow param 0x000085b5
12-24 03:02:23.956 19879 19982 E eglCodecCommon: glUtilsParamSize: unknow param 0x000085b5
12-24 03:02:23.956 19879 19982 E eglCodecCommon: glUtilsParamSize: unknow param 0x000085b5
12-24 03:02:23.983 19879 19982 E eglCodecCommon: glUtilsParamSize: unknow param 0x000085b5
12-24 03:02:23.983 19879 19982 E eglCodecCommon: glUtilsParamSize: unknow param 0x000085b5
12-24 03:02:24.009 19879 19982 E eglCodecCommon: glUtilsParamSize: unknow param 0x000085b5
12-24 03:02:24.009 19879 19982 E eglCodecCommon: glUtilsParamSize: unknow param 0x000085b5
12-24 03:02:24.034 19879 19982 E eglCodecCommon: glUtilsParamSize: unknow param 0x000085b5
12-24 03:02:24.034 19879 19982 E eglCodecCommon: glUtilsParamSize: unknow param 0x000085b5
12-24 03:02:24.061 19879 19982 E eglCodecCommon: glUtilsParamSize: unknow param 0x000085b5
12-24 03:02:24.061 19879 19982 E eglCodecCommon: glUtilsParamSize: unknow param 0x000085b5
12-24 03:02:24.070  1639  5641 W audio_hw_generic: Not supplying enough data to HAL, expected position 6945342 , only wrote 6792480
12-24 03:02:24.088 19879 19982 E eglCodecCommon: glUtilsParamSize: unknow param 0x000085b5
12-24 03:02:24.088 19879 19982 E eglCodecCommon: glUtilsParamSize: unknow param 0x000085b5
12-24 03:02:24.113 19879 19982 E eglCodecCommon: glUtilsParamSize: unknow param 0x000085b5
12-24 03:02:24.114 19879 19982 E eglCodecCommon: glUtilsParamSize: unknow param 0x000085b5
12-24 03:02:24.139 19879 19982 E eglCodecCommon: glUtilsParamSize: unknow param 0x000085b5
12-24 03:02:24.140 19879 19982 E eglCodecCommon: glUtilsParamSize: unknow param 0x000085b5
12-24 03:02:24.165 19879 19982 E eglCodecCommon: glUtilsParamSize: unknow param 0x000085b5
12-24 03:02:24.165 19879 19982 E eglCodecCommon: glUtilsParamSize: unknow param 0x000085b5
12-24 03:02:24.191 19879 19982 E eglCodecCommon: glUtilsParamSize: unknow param 0x000085b5
12-24 03:02:24.191 19879 19982 E eglCodecCommon: glUtilsParamSize: unknow param 0x000085b5
12-24 03:02:24.216 19879 19982 E eglCodecCommon: glUtilsParamSize: unknow param 0x000085b5
12-24 03:02:24.216 19879 19982 E eglCodecCommon: glUtilsParamSize: unknow param 0x000085b5
12-24 03:02:24.241 19879 19982 E eglCodecCommon: glUtilsParamSize: unknow param 0x000085b5
12-24 03:02:24.241 19879 19982 E eglCodecCommon: glUtilsParamSize: unknow param 0x000085b5
12-24 03:02:24.267 19879 19982 E eglCodecCommon: glUtilsParamSize: unknow param 0x000085b5
12-24 03:02:24.268 19879 19982 E eglCodecCommon: glUtilsParamSize: unknow param 0x000085b5
12-24 03:02:24.292 19879 19982 E eglCodecCommon: glUtilsParamSize: unknow param 0x000085b5
12-24 03:02:24.292 19879 19982 E eglCodecCommon: glUtilsParamSize: unknow param 0x000085b5
12-24 03:02:24.317 19879 19982 E eglCodecCommon: glUtilsParamSize: unknow param 0x000085b5
12-24 03:02:24.317 19879 19982 E eglCodecCommon: glUtilsParamSize: unknow param 0x000085b5
12-24 03:02:24.343 19879 19982 E eglCodecCommon: glUtilsParamSize: unknow param 0x000085b5
12-24 03:02:24.343 19879 19982 E eglCodecCommon: glUtilsParamSize: unknow param 0x000085b5
12-24 03:02:24.369 19879 19982 E eglCodecCommon: glUtilsParamSize: unknow param 0x000085b5
12-24 03:02:24.369 19879 19982 E eglCodecCommon: glUtilsParamSize: unknow param 0x000085b5
12-24 03:02:24.389  2022  2457 I GnssLocationProvider: WakeLock acquired by sendMessage(REPORT_SV_STATUS, 0, com.android.server.location.GnssLocationProvider$SvStatusInfo@1c136f4)
12-24 03:02:24.389  2022  2044 I GnssLocationProvider: WakeLock released by handleMessage(REPORT_SV_STATUS, 0, com.android.server.location.GnssLocationProvider$SvStatusInfo@1c136f4)
12-24 03:02:24.395 19879 19982 E eglCodecCommon: glUtilsParamSize: unknow param 0x000085b5
12-24 03:02:24.395 19879 19982 E eglCodecCommon: glUtilsParamSize: unknow param 0x000085b5
12-24 03:02:24.425 19879 19982 E eglCodecCommon: glUtilsParamSize: unknow param 0x000085b5
12-24 03:02:24.425 19879 19982 E eglCodecCommon: glUtilsParamSize: unknow param 0x000085b5
12-24 03:02:24.451 19879 19982 E eglCodecCommon: glUtilsParamSize: unknow param 0x000085b5
12-24 03:02:24.451 19879 19982 E eglCodecCommon: glUtilsParamSize: unknow param 0x000085b5
12-24 03:02:24.476 19879 19982 E eglCodecCommon: glUtilsParamSize: unknow param 0x000085b5
12-24 03:02:24.476 19879 19982 E eglCodecCommon: glUtilsParamSize: unknow param 0x000085b5
12-24 03:02:24.504 19879 19982 E eglCodecCommon: glUtilsParamSize: unknow param 0x000085b5
12-24 03:02:24.504 19879 19982 E eglCodecCommon: glUtilsParamSize: unknow param 0x000085b5
12-24 03:02:24.508 19879 19879 I AnkiDroid: DeckPicker::onStop
12-24 03:02:24.509 19879 19879 I AnkiDroid: DeckPicker::onSaveInstanceState
12-24 03:02:25.026 19879 19879 I chromium: [INFO:CONSOLE(1)] "Uncaught (in promise) SyntaxError: Unexpected token ?", source: https://ankiweb.net/_app/immutable/entry/start.c210ed77.mjs (1)
12-24 03:02:25.391  2022  2457 I GnssLocationProvider: WakeLock acquired by sendMessage(REPORT_SV_STATUS, 0, com.android.server.location.GnssLocationProvider$SvStatusInfo@2baee1d)
12-24 03:02:25.393  2022  2044 I GnssLocationProvider: WakeLock released by handleMessage(REPORT_SV_STATUS, 0, com.android.server.location.GnssLocationProvider$SvStatusInfo@2baee1d)
12-24 03:02:26.391  2022  2457 I GnssLocationProvider: WakeLock acquired by sendMessage(REPORT_SV_STATUS, 0, com.android.server.location.GnssLocationProvider$SvStatusInfo@5926892)
12-24 03:02:26.393  2022  2044 I GnssLocationProvider: WakeLock released by handleMessage(REPORT_SV_STATUS, 0, com.android.server.location.GnssLocationProvider$SvStatusInfo@5926892)
12-24 03:02:27.393  2022  2457 I GnssLocationProvider: WakeLock acquired by sendMessage(REPORT_SV_STATUS, 0, com.android.server.location.GnssLocationProvider$SvStatusInfo@e1f3263)
12-24 03:02:27.395  2022  2044 I GnssLocationProvider: WakeLock released by handleMessage(REPORT_SV_STATUS, 0, com.android.server.location.GnssLocationProvider$SvStatusInfo@e1f3263)
12-24 03:02:28.029 19879 19879 I chromium: [INFO:CONSOLE(0)] "The resource https://ankiweb.net/_app/immutable/chunks/utils.3bbd8a8e.mjs was preloaded using link preload but not used within a few seconds from the window's load event. Please make sure it has an appropriate `as` value and it is preloaded intentionally.", source:  (0)
12-24 03:02:28.029 19879 19879 I chromium: [INFO:CONSOLE(0)] "The resource https://ankiweb.net/_app/immutable/chunks/control.f5b05b5f.mjs was preloaded using link preload but not used within a few seconds from the window's load event. Please make sure it has an appropriate `as` value and it is preloaded intentionally.", source:  (0)
12-24 03:02:28.030 19879 19879 I chromium: [INFO:CONSOLE(0)] "The resource https://ankiweb.net/_app/immutable/entry/app.bfcc0c84.mjs was preloaded using link preload but not used within a few seconds from the window's load event. Please make sure it has an appropriate `as` value and it is preloaded intentionally.", source:  (0)
12-24 03:02:28.030 19879 19879 I chromium: [INFO:CONSOLE(0)] "The resource https://ankiweb.net/_app/immutable/chunks/singletons.786713d2.mjs was preloaded using link preload but not used within a few seconds from the window's load event. Please make sure it has an appropriate `as` value and it is preloaded intentionally.", source:  (0)
12-24 03:02:28.030 19879 19879 I chromium: [INFO:CONSOLE(0)] "The resource https://ankiweb.net/_app/immutable/chunks/scheduler.94a849c6.mjs was preloaded using link preload but not used within a few seconds from the window's load event. Please make sure it has an appropriate `as` value and it is preloaded intentionally.", source:  (0)
12-24 03:02:28.030 19879 19879 I chromium: [INFO:CONSOLE(0)] "The resource https://ankiweb.net/_app/immutable/chunks/index.7c961362.mjs was preloaded using link preload but not used within a few seconds from the window's load event. Please make sure it has an appropriate `as` value and it is preloaded intentionally.", source:  (0)
12-24 03:02:28.031 19879 19879 I chromium: [INFO:CONSOLE(0)] "The resource https://ankiweb.net/_app/immutable/entry/start.c210ed77.mjs was preloaded using link preload but not used within a few seconds from the window's load event. Please make sure it has an appropriate `as` value and it is preloaded intentionally.", source:  (0)
12-24 03:02:28.031 19879 19879 I chromium: [INFO:CONSOLE(0)] "The resource https://ankiweb.net/_app/immutable/chunks/integer.a825ffd3.mjs was preloaded using link preload but not used within a few seconds from the window's load event. Please make sure it has an appropriate `as` value and it is preloaded intentionally.", source:  (0)
12-24 03:02:28.394  2022  2457 I GnssLocationProvider: WakeLock acquired by sendMessage(REPORT_SV_STATUS, 0, com.android.server.location.GnssLocationProvider$SvStatusInfo@34ce60)
12-24 03:02:28.395  2022  2044 I GnssLocationProvider: WakeLock released by handleMessage(REPORT_SV_STATUS, 0, com.android.server.location.GnssLocationProvider$SvStatusInfo@34ce60)
12-24 03:02:29.395  2022  2457 I GnssLocationProvider: WakeLock acquired by sendMessage(REPORT_SV_STATUS, 0, com.android.server.location.GnssLocationProvider$SvStatusInfo@b9d4f19)
12-24 03:02:29.396  2022  2044 I GnssLocationProvider: WakeLock released by handleMessage(REPORT_SV_STATUS, 0, com.android.server.location.GnssLocationProvider$SvStatusInfo@b9d4f19)
12-24 03:02:30.395  2022  2457 I GnssLocationProvider: WakeLock acquired by sendMessage(REPORT_SV_STATUS, 0, com.android.server.location.GnssLocationProvider$SvStatusInfo@66a7bde)
12-24 03:02:30.396  2022  2044 I GnssLocationProvider: WakeLock released by handleMessage(REPORT_SV_STATUS, 0, com.android.server.location.GnssLocationProvider$SvStatusInfo@66a7bde)
12-24 03:02:31.395  2022  2457 I GnssLocationProvider: WakeLock acquired by sendMessage(REPORT_SV_STATUS, 0, com.android.server.location.GnssLocationProvider$SvStatusInfo@8c891bf)
12-24 03:02:31.397  2022  2044 I GnssLocationProvider: WakeLock released by handleMessage(REPORT_SV_STATUS, 0, com.android.server.location.GnssLocationProvider$SvStatusInfo@8c891bf)
12-24 03:02:32.395  2022  2457 I GnssLocationProvider: WakeLock acquired by sendMessage(REPORT_SV_STATUS, 0, com.android.server.location.GnssLocationProvider$SvStatusInfo@288708c)
12-24 03:02:32.396  2022  2044 I GnssLocationProvider: WakeLock released by handleMessage(REPORT_SV_STATUS, 0, com.android.server.location.GnssLocationProvider$SvStatusInfo@288708c)
12-24 03:02:33.329  2022  2045 W BroadcastQueue: Background execution not allowed: receiving Intent { act=android.intent.action.DROPBOX_ENTRY_ADDED flg=0x10 (has extras) } to com.google.android.gms/.stats.service.DropBoxEntryAddedReceiver
12-24 03:02:33.329  2022  2045 W BroadcastQueue: Background execution not allowed: receiving Intent { act=android.intent.action.DROPBOX_ENTRY_ADDED flg=0x10 (has extras) } to com.google.android.gms/.chimera.GmsIntentOperationService$PersistentTrustedReceiver
12-24 03:02:33.348 21809 21809 W app_process: Could not reserve sentinel fault page
12-24 03:02:33.369 21809 21809 W app_process: Unexpected CPU variant for X86 using defaults: x86
12-24 03:02:33.370 21809 21809 I app_process: The ClassLoaderContext is a special shared library.
12-24 03:02:33.370 21809 21809 I app_process: The ClassLoaderContext is a special shared library.
12-24 03:02:33.386  2022  4905 W WindowManager: removeWindowToken: Attempted to remove non-existing token: android.os.Binder@143f2fb
12-24 03:02:33.396  2022  2457 I GnssLocationProvider: WakeLock acquired by sendMessage(REPORT_SV_STATUS, 0, com.android.server.location.GnssLocationProvider$SvStatusInfo@8d0f9b7)
12-24 03:02:33.396  2022  2044 I GnssLocationProvider: WakeLock released by handleMessage(REPORT_SV_STATUS, 0, com.android.server.location.GnssLocationProvider$SvStatusInfo@8d0f9b7)
12-24 03:02:33.478  2022  2045 W BroadcastQueue: Background execution not allowed: receiving Intent { act=android.intent.action.DROPBOX_ENTRY_ADDED flg=0x10 (has extras) } to com.google.android.gms/.stats.service.DropBoxEntryAddedReceiver
12-24 03:02:33.478  2022  2045 W BroadcastQueue: Background execution not allowed: receiving Intent { act=android.intent.action.DROPBOX_ENTRY_ADDED flg=0x10 (has extras) } to com.google.android.gms/.chimera.GmsIntentOperationService$PersistentTrustedReceiver
12-24 03:02:33.623  2022  2045 W BroadcastQueue: Background execution not allowed: receiving Intent { act=android.intent.action.DROPBOX_ENTRY_ADDED flg=0x10 (has extras) } to com.google.android.gms/.stats.service.DropBoxEntryAddedReceiver
12-24 03:02:33.623  2022  2045 W BroadcastQueue: Background execution not allowed: receiving Intent { act=android.intent.action.DROPBOX_ENTRY_ADDED flg=0x10 (has extras) } to com.google.android.gms/.chimera.GmsIntentOperationService$PersistentTrustedReceiver
12-24 03:02:33.869 21852 21852 W app_process: Unexpected CPU variant for X86 using defaults: x86
12-24 03:02:33.870 21852 21852 I app_process: The ClassLoaderContext is a special shared library.
12-24 03:02:33.882 21852 21852 I Input   : injectMotionEvent: MotionEvent { action=ACTION_DOWN, actionButton=0, id[0]=0, x[0]=1128.0, y[0]=168.0, toolType[0]=TOOL_TYPE_UNKNOWN, buttonState=0, metaState=0, flags=0x0, edgeFlags=0x0, pointerCount=1, historySize=0, eventTime=5440296, downTime=5440296, deviceId=0, source=0x1002 }
12-24 03:02:33.884 21852 21852 I Input   : injectMotionEvent: MotionEvent { action=ACTION_MOVE, actionButton=0, id[0]=0, x[0]=1128.0, y[0]=168.0, toolType[0]=TOOL_TYPE_UNKNOWN, buttonState=0, metaState=0, flags=0x0, edgeFlags=0x0, pointerCount=1, historySize=0, eventTime=5440296, downTime=5440296, deviceId=0, source=0x1002 }
12-24 03:02:33.900 21852 21852 I Input   : injectMotionEvent: MotionEvent { action=ACTION_MOVE, actionButton=0, id[0]=0, x[0]=1128.0, y[0]=168.0, toolType[0]=TOOL_TYPE_UNKNOWN, buttonState=0, metaState=0, flags=0x0, edgeFlags=0x0, pointerCount=1, historySize=0, eventTime=5440316, downTime=5440316, deviceId=0, source=0x1002 }
12-24 03:02:33.917 21852 21852 I Input   : injectMotionEvent: MotionEvent { action=ACTION_MOVE, actionButton=0, id[0]=0, x[0]=1128.0, y[0]=168.0, toolType[0]=TOOL_TYPE_UNKNOWN, buttonState=0, metaState=0, flags=0x0, edgeFlags=0x0, pointerCount=1, historySize=0, eventTime=5440332, downTime=5440332, deviceId=0, source=0x1002 }
12-24 03:02:33.938 21852 21852 I Input   : injectMotionEvent: MotionEvent { action=ACTION_MOVE, actionButton=0, id[0]=0, x[0]=1128.0, y[0]=168.0, toolType[0]=TOOL_TYPE_UNKNOWN, buttonState=0, metaState=0, flags=0x0, edgeFlags=0x0, pointerCount=1, historySize=0, eventTime=5440353, downTime=5440353, deviceId=0, source=0x1002 }
12-24 03:02:33.956 21852 21852 I Input   : injectMotionEvent: MotionEvent { action=ACTION_MOVE, actionButton=0, id[0]=0, x[0]=1128.0, y[0]=168.0, toolType[0]=TOOL_TYPE_UNKNOWN, buttonState=0, metaState=0, flags=0x0, edgeFlags=0x0, pointerCount=1, historySize=0, eventTime=5440371, downTime=5440371, deviceId=0, source=0x1002 }
12-24 03:02:33.973 21852 21852 I Input   : injectMotionEvent: MotionEvent { action=ACTION_MOVE, actionButton=0, id[0]=0, x[0]=1128.0, y[0]=168.0, toolType[0]=TOOL_TYPE_UNKNOWN, buttonState=0, metaState=0, flags=0x0, edgeFlags=0x0, pointerCount=1, historySize=0, eventTime=5440388, downTime=5440388, deviceId=0, source=0x1002 }
12-24 03:02:33.990 21852 21852 I Input   : injectMotionEvent: MotionEvent { action=ACTION_MOVE, actionButton=0, id[0]=0, x[0]=1128.0, y[0]=168.0, toolType[0]=TOOL_TYPE_UNKNOWN, buttonState=0, metaState=0, flags=0x0, edgeFlags=0x0, pointerCount=1, historySize=0, eventTime=5440405, downTime=5440405, deviceId=0, source=0x1002 }
12-24 03:02:34.006 21852 21852 I Input   : injectMotionEvent: MotionEvent { action=ACTION_MOVE, actionButton=0, id[0]=0, x[0]=1128.0, y[0]=168.0, toolType[0]=TOOL_TYPE_UNKNOWN, buttonState=0, metaState=0, flags=0x0, edgeFlags=0x0, pointerCount=1, historySize=0, eventTime=5440421, downTime=5440421, deviceId=0, source=0x1002 }
12-24 03:02:34.016 19879 19982 E eglCodecCommon: glUtilsParamSize: unknow param 0x000085b5
12-24 03:02:34.016 19879 19982 E eglCodecCommon: glUtilsParamSize: unknow param 0x000085b5
12-24 03:02:34.026 21852 21852 I Input   : injectMotionEvent: MotionEvent { action=ACTION_MOVE, actionButton=0, id[0]=0, x[0]=1128.0, y[0]=168.0, toolType[0]=TOOL_TYPE_UNKNOWN, buttonState=0, metaState=0, flags=0x0, edgeFlags=0x0, pointerCount=1, historySize=0, eventTime=5440440, downTime=5440440, deviceId=0, source=0x1002 }
12-24 03:02:34.042 21852 21852 I Input   : injectMotionEvent: MotionEvent { action=ACTION_MOVE, actionButton=0, id[0]=0, x[0]=1128.0, y[0]=168.0, toolType[0]=TOOL_TYPE_UNKNOWN, buttonState=0, metaState=0, flags=0x0, edgeFlags=0x0, pointerCount=1, historySize=0, eventTime=5440458, downTime=5440458, deviceId=0, source=0x1002 }
12-24 03:02:34.051 19879 19982 E eglCodecCommon: glUtilsParamSize: unknow param 0x000085b5
12-24 03:02:34.051 19879 19982 E eglCodecCommon: glUtilsParamSize: unknow param 0x000085b5
12-24 03:02:34.062 21852 21852 I Input   : injectMotionEvent: MotionEvent { action=ACTION_MOVE, actionButton=0, id[0]=0, x[0]=1128.0, y[0]=168.0, toolType[0]=TOOL_TYPE_UNKNOWN, buttonState=0, metaState=0, flags=0x0, edgeFlags=0x0, pointerCount=1, historySize=0, eventTime=5440477, downTime=5440477, deviceId=0, source=0x1002 }
12-24 03:02:34.078 21852 21852 I Input   : injectMotionEvent: MotionEvent { action=ACTION_MOVE, actionButton=0, id[0]=0, x[0]=1128.0, y[0]=168.0, toolType[0]=TOOL_TYPE_UNKNOWN, buttonState=0, metaState=0, flags=0x0, edgeFlags=0x0, pointerCount=1, historySize=0, eventTime=5440494, downTime=5440494, deviceId=0, source=0x1002 }
12-24 03:02:34.080 19879 19982 E eglCodecCommon: glUtilsParamSize: unknow param 0x000085b5
12-24 03:02:34.080 19879 19982 E eglCodecCommon: glUtilsParamSize: unknow param 0x000085b5
12-24 03:02:34.097 21852 21852 I Input   : injectMotionEvent: MotionEvent { action=ACTION_UP, actionButton=0, id[0]=0, x[0]=1128.0, y[0]=168.0, toolType[0]=TOOL_TYPE_UNKNOWN, buttonState=0, metaState=0, flags=0x0, edgeFlags=0x0, pointerCount=1, historySize=0, eventTime=5440512, downTime=5440512, deviceId=0, source=0x1002 }
12-24 03:02:34.107  1639  6667 W audio_hw_generic: Not supplying enough data to HAL, expected position 6792781 , only wrote 6792480
12-24 03:02:34.111 19879 19982 E eglCodecCommon: glUtilsParamSize: unknow param 0x000085b5
12-24 03:02:34.111 19879 19982 E eglCodecCommon: glUtilsParamSize: unknow param 0x000085b5
12-24 03:02:34.138 19879 19982 E eglCodecCommon: glUtilsParamSize: unknow param 0x000085b5
12-24 03:02:34.138 19879 19982 E eglCodecCommon: glUtilsParamSize: unknow param 0x000085b5
12-24 03:02:34.179 19879 19982 E eglCodecCommon: glUtilsParamSize: unknow param 0x000085b5
12-24 03:02:34.179 19879 19982 E eglCodecCommon: glUtilsParamSize: unknow param 0x000085b5
12-24 03:02:34.207 19879 19982 E eglCodecCommon: glUtilsParamSize: unknow param 0x000085b5
12-24 03:02:34.207 19879 19982 E eglCodecCommon: glUtilsParamSize: unknow param 0x000085b5
12-24 03:02:34.236 19879 19982 E eglCodecCommon: glUtilsParamSize: unknow param 0x000085b5
12-24 03:02:34.236 19879 19982 E eglCodecCommon: glUtilsParamSize: unknow param 0x000085b5
12-24 03:02:34.265 19879 19982 E eglCodecCommon: glUtilsParamSize: unknow param 0x000085b5
12-24 03:02:34.265 19879 19982 E eglCodecCommon: glUtilsParamSize: unknow param 0x000085b5
12-24 03:02:34.293 19879 19982 E eglCodecCommon: glUtilsParamSize: unknow param 0x000085b5
12-24 03:02:34.293 19879 19982 E eglCodecCommon: glUtilsParamSize: unknow param 0x000085b5
12-24 03:02:34.322 19879 19982 E eglCodecCommon: glUtilsParamSize: unknow param 0x000085b5
12-24 03:02:34.323 19879 19982 E eglCodecCommon: glUtilsParamSize: unknow param 0x000085b5
12-24 03:02:34.350 19879 19982 E eglCodecCommon: glUtilsParamSize: unknow param 0x000085b5
12-24 03:02:34.350 19879 19982 E eglCodecCommon: glUtilsParamSize: unknow param 0x000085b5
12-24 03:02:34.379 19879 19982 E eglCodecCommon: glUtilsParamSize: unknow param 0x000085b5
12-24 03:02:34.379 19879 19982 E eglCodecCommon: glUtilsParamSize: unknow param 0x000085b5
12-24 03:02:34.397  2022  2457 I GnssLocationProvider: WakeLock acquired by sendMessage(REPORT_SV_STATUS, 0, com.android.server.location.GnssLocationProvider$SvStatusInfo@b9b988e)
12-24 03:02:34.397  2022  2044 I GnssLocationProvider: WakeLock released by handleMessage(REPORT_SV_STATUS, 0, com.android.server.location.GnssLocationProvider$SvStatusInfo@b9b988e)
12-24 03:02:34.398  1857  2109 E SurfaceFlinger: ro.sf.lcd_density must be defined as a build property
12-24 03:02:34.407 19879 19982 E eglCodecCommon: glUtilsParamSize: unknow param 0x000085b5
12-24 03:02:34.407 19879 19982 E eglCodecCommon: glUtilsParamSize: unknow param 0x000085b5
12-24 03:02:34.417 21874 21874 E eglCodecCommon: GoldfishAddressSpaceHostMemoryAllocator: ioctl_ping failed for device_type=5, ret=-1
12-24 03:02:34.666 19879 19879 I chromium: [INFO:CONSOLE(1)] "Uncaught (in promise) SyntaxError: Unexpected token ?", source: https://ankiweb.net/_app/immutable/entry/start.c210ed77.mjs (1)
12-24 03:02:34.706 19879 19982 E eglCodecCommon: glUtilsParamSize: unknow param 0x000085b5
12-24 03:02:34.706 19879 19982 E eglCodecCommon: glUtilsParamSize: unknow param 0x000085b5
12-24 03:02:34.736  2022  2045 W BroadcastQueue: Background execution not allowed: receiving Intent { act=android.intent.action.DROPBOX_ENTRY_ADDED flg=0x10 (has extras) } to com.google.android.gms/.stats.service.DropBoxEntryAddedReceiver
12-24 03:02:34.736  2022  2045 W BroadcastQueue: Background execution not allowed: receiving Intent { act=android.intent.action.DROPBOX_ENTRY_ADDED flg=0x10 (has extras) } to com.google.android.gms/.chimera.GmsIntentOperationService$PersistentTrustedReceiver
12-24 03:02:34.842  2022 13397 W WindowManager: removeWindowToken: Attempted to remove non-existing token: android.os.Binder@3e0c851
12-24 03:02:34.842  2022  4135 W WindowManager: removeWindowToken: Attempted to remove non-existing token: android.os.Binder@3e0c851
12-24 03:02:34.842  2022  4135 W BinderNative: Uncaught exception from death notification
12-24 03:02:34.842  2022  4135 W BinderNative: java.lang.NullPointerException: Attempt to invoke virtual method 'void com.android.server.accessibility.UiAutomationManager$UiAutomationService.resetLocked()' on a null object reference
12-24 03:02:34.842  2022  4135 W BinderNative: 	at com.android.server.accessibility.UiAutomationManager.destroyUiAutomationService(UiAutomationManager.java:181)
12-24 03:02:34.842  2022  4135 W BinderNative: 	at com.android.server.accessibility.UiAutomationManager.access$200(UiAutomationManager.java:41)
12-24 03:02:34.842  2022  4135 W BinderNative: 	at com.android.server.accessibility.UiAutomationManager$UiAutomationService.binderDied(UiAutomationManager.java:230)
12-24 03:02:34.842  2022  4135 W BinderNative: 	at android.os.BinderProxy.sendDeathNotice(Binder.java:1193)
12-24 03:02:34.843  2022  4135 W BinderNative: Uncaught exception from death notification
12-24 03:02:34.843  2022  4135 W BinderNative: java.lang.NullPointerException: Attempt to read from field 'android.accessibilityservice.IAccessibilityServiceClient com.android.server.accessibility.AbstractAccessibilityServiceConnection.mServiceInterface' on a null object reference
12-24 03:02:34.843  2022  4135 W BinderNative: 	at com.android.server.accessibility.UiAutomationManager.destroyUiAutomationService(UiAutomationManager.java:179)
12-24 03:02:34.843  2022  4135 W BinderNative: 	at com.android.server.accessibility.UiAutomationManager.access$200(UiAutomationManager.java:41)
12-24 03:02:34.843  2022  4135 W BinderNative: 	at com.android.server.accessibility.UiAutomationManager$UiAutomationService.binderDied(UiAutomationManager.java:230)
12-24 03:02:34.843  2022  4135 W BinderNative: 	at android.os.BinderProxy.sendDeathNotice(Binder.java:1193)
12-24 03:02:35.397  2022  2457 I GnssLocationProvider: WakeLock acquired by sendMessage(REPORT_SV_STATUS, 0, com.android.server.location.GnssLocationProvider$SvStatusInfo@21c4df9)
12-24 03:02:35.398  2022  2044 I GnssLocationProvider: WakeLock released by handleMessage(REPORT_SV_STATUS, 0, com.android.server.location.GnssLocationProvider$SvStatusInfo@21c4df9)
12-24 03:02:36.124  1857  1986 E SurfaceFlinger: ro.sf.lcd_density must be defined as a build property
12-24 03:02:36.139 21913 21913 E eglCodecCommon: GoldfishAddressSpaceHostMemoryAllocator: ioctl_ping failed for device_type=5, ret=-1
12-24 03:02:36.398  2022  2457 I GnssLocationProvider: WakeLock acquired by sendMessage(REPORT_SV_STATUS, 0, com.android.server.location.GnssLocationProvider$SvStatusInfo@b2292bb)
12-24 03:02:36.398  2022  2044 I GnssLocationProvider: WakeLock released by handleMessage(REPORT_SV_STATUS, 0, com.android.server.location.GnssLocationProvider$SvStatusInfo@b2292bb)
12-24 03:02:36.443  2022  2045 W BroadcastQueue: Background execution not allowed: receiving Intent { act=android.intent.action.DROPBOX_ENTRY_ADDED flg=0x10 (has extras) } to com.google.android.gms/.stats.service.DropBoxEntryAddedReceiver
12-24 03:02:36.443  2022  2045 W BroadcastQueue: Background execution not allowed: receiving Intent { act=android.intent.action.DROPBOX_ENTRY_ADDED flg=0x10 (has extras) } to com.google.android.gms/.chimera.GmsIntentOperationService$PersistentTrustedReceiver
12-24 03:02:37.333  1639  5641 W audio_hw_generic: Not supplying enough data to HAL, expected position 7100176 , only wrote 6947280
12-24 03:02:37.398  2022  2457 I GnssLocationProvider: WakeLock acquired by sendMessage(REPORT_SV_STATUS, 0, com.android.server.location.GnssLocationProvider$SvStatusInfo@4dd9f97)
12-24 03:02:37.398  2022  2044 I GnssLocationProvider: WakeLock released by handleMessage(REPORT_SV_STATUS, 0, com.android.server.location.GnssLocationProvider$SvStatusInfo@4dd9f97)
12-24 03:02:37.665 19879 19879 I chromium: [INFO:CONSOLE(0)] "The resource https://ankiweb.net/_app/immutable/chunks/utils.3bbd8a8e.mjs was preloaded using link preload but not used within a few seconds from the window's load event. Please make sure it has an appropriate `as` value and it is preloaded intentionally.", source:  (0)
12-24 03:02:37.665 19879 19879 I chromium: [INFO:CONSOLE(0)] "The resource https://ankiweb.net/_app/immutable/chunks/control.f5b05b5f.mjs was preloaded using link preload but not used within a few seconds from the window's load event. Please make sure it has an appropriate `as` value and it is preloaded intentionally.", source:  (0)
12-24 03:02:37.666 19879 19879 I chromium: [INFO:CONSOLE(0)] "The resource https://ankiweb.net/_app/immutable/entry/app.bfcc0c84.mjs was preloaded using link preload but not used within a few seconds from the window's load event. Please make sure it has an appropriate `as` value and it is preloaded intentionally.", source:  (0)
12-24 03:02:37.666 19879 19879 I chromium: [INFO:CONSOLE(0)] "The resource https://ankiweb.net/_app/immutable/chunks/singletons.786713d2.mjs was preloaded using link preload but not used within a few seconds from the window's load event. Please make sure it has an appropriate `as` value and it is preloaded intentionally.", source:  (0)
12-24 03:02:37.666 19879 19879 I chromium: [INFO:CONSOLE(0)] "The resource https://ankiweb.net/_app/immutable/chunks/scheduler.94a849c6.mjs was preloaded using link preload but not used within a few seconds from the window's load event. Please make sure it has an appropriate `as` value and it is preloaded intentionally.", source:  (0)
12-24 03:02:37.666 19879 19879 I chromium: [INFO:CONSOLE(0)] "The resource https://ankiweb.net/_app/immutable/chunks/index.7c961362.mjs was preloaded using link preload but not used within a few seconds from the window's load event. Please make sure it has an appropriate `as` value and it is preloaded intentionally.", source:  (0)
12-24 03:02:37.666 19879 19879 I chromium: [INFO:CONSOLE(0)] "The resource https://ankiweb.net/_app/immutable/entry/start.c210ed77.mjs was preloaded using link preload but not used within a few seconds from the window's load event. Please make sure it has an appropriate `as` value and it is preloaded intentionally.", source:  (0)
12-24 03:02:37.667 19879 19879 I chromium: [INFO:CONSOLE(0)] "The resource https://ankiweb.net/_app/immutable/chunks/integer.a825ffd3.mjs was preloaded using link preload but not used within a few seconds from the window's load event. Please make sure it has an appropriate `as` value and it is preloaded intentionally.", source:  (0)
12-24 03:02:38.400  2022  2457 I GnssLocationProvider: WakeLock acquired by sendMessage(REPORT_SV_STATUS, 0, com.android.server.location.GnssLocationProvider$SvStatusInfo@ec72584)
12-24 03:02:38.400  2022  2044 I GnssLocationProvider: WakeLock released by handleMessage(REPORT_SV_STATUS, 0, com.android.server.location.GnssLocationProvider$SvStatusInfo@ec72584)
12-24 03:02:39.401  2022  2457 I GnssLocationProvider: WakeLock acquired by sendMessage(REPORT_SV_STATUS, 0, com.android.server.location.GnssLocationProvider$SvStatusInfo@51616d)
12-24 03:02:39.403  2022  2044 I GnssLocationProvider: WakeLock released by handleMessage(REPORT_SV_STATUS, 0, com.android.server.location.GnssLocationProvider$SvStatusInfo@51616d)
12-24 03:02:40.402  2022  2457 I GnssLocationProvider: WakeLock acquired by sendMessage(REPORT_SV_STATUS, 0, com.android.server.location.GnssLocationProvider$SvStatusInfo@5a3e1a2)
12-24 03:02:40.403  2022  2044 I GnssLocationProvider: WakeLock released by handleMessage(REPORT_SV_STATUS, 0, com.android.server.location.GnssLocationProvider$SvStatusInfo@5a3e1a2)
12-24 03:02:41.402  2022  2457 I GnssLocationProvider: WakeLock acquired by sendMessage(REPORT_SV_STATUS, 0, com.android.server.location.GnssLocationProvider$SvStatusInfo@ad29e33)
12-24 03:02:41.404  2022  2044 I GnssLocationProvider: WakeLock released by handleMessage(REPORT_SV_STATUS, 0, com.android.server.location.GnssLocationProvider$SvStatusInfo@ad29e33)
12-24 03:02:41.978  2022  2045 W BroadcastQueue: Background execution not allowed: receiving Intent { act=android.intent.action.DROPBOX_ENTRY_ADDED flg=0x10 (has extras) } to com.google.android.gms/.stats.service.DropBoxEntryAddedReceiver
12-24 03:02:41.978  2022  2045 W BroadcastQueue: Background execution not allowed: receiving Intent { act=android.intent.action.DROPBOX_ENTRY_ADDED flg=0x10 (has extras) } to com.google.android.gms/.chimera.GmsIntentOperationService$PersistentTrustedReceiver
12-24 03:02:41.978  2022  2044 E memtrack: Couldn't load memtrack module
12-24 03:02:41.978  2022  2044 W android.os.Debug: failed to get memory consumption info: -1
12-24 03:02:41.985  2022  2044 E memtrack: Couldn't load memtrack module
12-24 03:02:41.985  2022  2044 W android.os.Debug: failed to get memory consumption info: -1
12-24 03:02:41.990  2022  2044 E memtrack: Couldn't load memtrack module
12-24 03:02:41.990  2022  2044 W android.os.Debug: failed to get memory consumption info: -1
12-24 03:02:42.017 21943 21943 W app_process: Unexpected CPU variant for X86 using defaults: x86
12-24 03:02:42.018 21943 21943 I app_process: The ClassLoaderContext is a special shared library.
12-24 03:02:42.018 21943 21943 I app_process: The ClassLoaderContext is a special shared library.
12-24 03:02:42.034  2022 13397 W WindowManager: removeWindowToken: Attempted to remove non-existing token: android.os.Binder@9d9e43
12-24 03:02:42.126  2022  2045 W BroadcastQueue: Background execution not allowed: receiving Intent { act=android.intent.action.DROPBOX_ENTRY_ADDED flg=0x10 (has extras) } to com.google.android.gms/.stats.service.DropBoxEntryAddedReceiver
12-24 03:02:42.126  2022  2045 W BroadcastQueue: Background execution not allowed: receiving Intent { act=android.intent.action.DROPBOX_ENTRY_ADDED flg=0x10 (has extras) } to com.google.android.gms/.chimera.GmsIntentOperationService$PersistentTrustedReceiver
12-24 03:02:42.271  2022  2045 W BroadcastQueue: Background execution not allowed: receiving Intent { act=android.intent.action.DROPBOX_ENTRY_ADDED flg=0x10 (has extras) } to com.google.android.gms/.stats.service.DropBoxEntryAddedReceiver
12-24 03:02:42.271  2022  2045 W BroadcastQueue: Background execution not allowed: receiving Intent { act=android.intent.action.DROPBOX_ENTRY_ADDED flg=0x10 (has extras) } to com.google.android.gms/.chimera.GmsIntentOperationService$PersistentTrustedReceiver
12-24 03:02:42.401  2022  2457 I GnssLocationProvider: WakeLock acquired by sendMessage(REPORT_SV_STATUS, 0, com.android.server.location.GnssLocationProvider$SvStatusInfo@5cf9c87)
12-24 03:02:42.401  2022  2044 I GnssLocationProvider: WakeLock released by handleMessage(REPORT_SV_STATUS, 0, com.android.server.location.GnssLocationProvider$SvStatusInfo@5cf9c87)
12-24 03:02:42.519 21984 21984 W app_process: Unexpected CPU variant for X86 using defaults: x86
12-24 03:02:42.520 21984 21984 I app_process: The ClassLoaderContext is a special shared library.
12-24 03:02:42.533 21984 21984 I Input   : injectMotionEvent: MotionEvent { action=ACTION_DOWN, actionButton=0, id[0]=0, x[0]=672.0, y[0]=2589.0, toolType[0]=TOOL_TYPE_UNKNOWN, buttonState=0, metaState=0, flags=0x0, edgeFlags=0x0, pointerCount=1, historySize=0, eventTime=5448947, downTime=5448947, deviceId=0, source=0x1002 }
12-24 03:02:42.535 21984 21984 I Input   : injectMotionEvent: MotionEvent { action=ACTION_MOVE, actionButton=0, id[0]=0, x[0]=672.0, y[0]=2589.0, toolType[0]=TOOL_TYPE_UNKNOWN, buttonState=0, metaState=0, flags=0x0, edgeFlags=0x0, pointerCount=1, historySize=0, eventTime=5448947, downTime=5448947, deviceId=0, source=0x1002 }
12-24 03:02:42.549 21984 21984 I Input   : injectMotionEvent: MotionEvent { action=ACTION_MOVE, actionButton=0, id[0]=0, x[0]=672.0, y[0]=2518.722, toolType[0]=TOOL_TYPE_UNKNOWN, buttonState=0, metaState=0, flags=0x0, edgeFlags=0x0, pointerCount=1, historySize=0, eventTime=5448964, downTime=5448964, deviceId=0, source=0x1002 }
12-24 03:02:42.567 21984 21984 I Input   : injectMotionEvent: MotionEvent { action=ACTION_MOVE, actionButton=0, id[0]=0, x[0]=672.0, y[0]=2444.31, toolType[0]=TOOL_TYPE_UNKNOWN, buttonState=0, metaState=0, flags=0x0, edgeFlags=0x0, pointerCount=1, historySize=0, eventTime=5448982, downTime=5448982, deviceId=0, source=0x1002 }
12-24 03:02:42.585 21984 21984 I Input   : injectMotionEvent: MotionEvent { action=ACTION_MOVE, actionButton=0, id[0]=0, x[0]=672.0, y[0]=2369.898, toolType[0]=TOOL_TYPE_UNKNOWN, buttonState=0, metaState=0, flags=0x0, edgeFlags=0x0, pointerCount=1, historySize=0, eventTime=5449000, downTime=5449000, deviceId=0, source=0x1002 }
12-24 03:02:42.604 21984 21984 I Input   : injectMotionEvent: MotionEvent { action=ACTION_MOVE, actionButton=0, id[0]=0, x[0]=672.0, y[0]=2291.352, toolType[0]=TOOL_TYPE_UNKNOWN, buttonState=0, metaState=0, flags=0x0, edgeFlags=0x0, pointerCount=1, historySize=0, eventTime=5449019, downTime=5449019, deviceId=0, source=0x1002 }
12-24 03:02:42.620 21984 21984 I Input   : injectMotionEvent: MotionEvent { action=ACTION_MOVE, actionButton=0, id[0]=0, x[0]=672.0, y[0]=2221.074, toolType[0]=TOOL_TYPE_UNKNOWN, buttonState=0, metaState=0, flags=0x0, edgeFlags=0x0, pointerCount=1, historySize=0, eventTime=5449036, downTime=5449036, deviceId=0, source=0x1002 }
12-24 03:02:42.639 21984 21984 I Input   : injectMotionEvent: MotionEvent { action=ACTION_MOVE, actionButton=0, id[0]=0, x[0]=672.0, y[0]=2142.528, toolType[0]=TOOL_TYPE_UNKNOWN, buttonState=0, metaState=0, flags=0x0, edgeFlags=0x0, pointerCount=1, historySize=0, eventTime=5449055, downTime=5449055, deviceId=0, source=0x1002 }
12-24 03:02:42.657 21984 21984 I Input   : injectMotionEvent: MotionEvent { action=ACTION_MOVE, actionButton=0, id[0]=0, x[0]=672.0, y[0]=2068.116, toolType[0]=TOOL_TYPE_UNKNOWN, buttonState=0, metaState=0, flags=0x0, edgeFlags=0x0, pointerCount=1, historySize=0, eventTime=5449073, downTime=5449073, deviceId=0, source=0x1002 }
12-24 03:02:42.675 21984 21984 I Input   : injectMotionEvent: MotionEvent { action=ACTION_MOVE, actionButton=0, id[0]=0, x[0]=672.0, y[0]=1997.8379, toolType[0]=TOOL_TYPE_UNKNOWN, buttonState=0, metaState=0, flags=0x0, edgeFlags=0x0, pointerCount=1, historySize=0, eventTime=5449090, downTime=5449090, deviceId=0, source=0x1002 }
12-24 03:02:42.692 21984 21984 I Input   : injectMotionEvent: MotionEvent { action=ACTION_MOVE, actionButton=0, id[0]=0, x[0]=672.0, y[0]=1923.426, toolType[0]=TOOL_TYPE_UNKNOWN, buttonState=0, metaState=0, flags=0x0, edgeFlags=0x0, pointerCount=1, historySize=0, eventTime=5449108, downTime=5449108, deviceId=0, source=0x1002 }
12-24 03:02:42.710 21984 21984 I Input   : injectMotionEvent: MotionEvent { action=ACTION_MOVE, actionButton=0, id[0]=0, x[0]=672.0, y[0]=1849.0139, toolType[0]=TOOL_TYPE_UNKNOWN, buttonState=0, metaState=0, flags=0x0, edgeFlags=0x0, pointerCount=1, historySize=0, eventTime=5449126, downTime=5449126, deviceId=0, source=0x1002 }
12-24 03:02:42.731 21984 21984 I Input   : injectMotionEvent: MotionEvent { action=ACTION_MOVE, actionButton=0, id[0]=0, x[0]=672.0, y[0]=1766.334, toolType[0]=TOOL_TYPE_UNKNOWN, buttonState=0, metaState=0, flags=0x0, edgeFlags=0x0, pointerCount=1, historySize=0, eventTime=5449146, downTime=5449146, deviceId=0, source=0x1002 }
12-24 03:02:42.747 21984 21984 I Input   : injectMotionEvent: MotionEvent { action=ACTION_MOVE, actionButton=0, id[0]=0, x[0]=672.0, y[0]=1700.19, toolType[0]=TOOL_TYPE_UNKNOWN, buttonState=0, metaState=0, flags=0x0, edgeFlags=0x0, pointerCount=1, historySize=0, eventTime=5449162, downTime=5449162, deviceId=0, source=0x1002 }
12-24 03:02:42.763 21984 21984 I Input   : injectMotionEvent: MotionEvent { action=ACTION_MOVE, actionButton=0, id[0]=0, x[0]=672.0, y[0]=1634.0459, toolType[0]=TOOL_TYPE_UNKNOWN, buttonState=0, metaState=0, flags=0x0, edgeFlags=0x0, pointerCount=1, historySize=0, eventTime=5449178, downTime=5449178, deviceId=0, source=0x1002 }
12-24 03:02:42.784 21984 21984 I Input   : injectMotionEvent: MotionEvent { action=ACTION_MOVE, actionButton=0, id[0]=0, x[0]=672.0, y[0]=1547.2319, toolType[0]=TOOL_TYPE_UNKNOWN, buttonState=0, metaState=0, flags=0x0, edgeFlags=0x0, pointerCount=1, historySize=0, eventTime=5449199, downTime=5449199, deviceId=0, source=0x1002 }
12-24 03:02:42.798 21984 21984 I Input   : injectMotionEvent: MotionEvent { action=ACTION_MOVE, actionButton=0, id[0]=0, x[0]=672.0, y[0]=1485.222, toolType[0]=TOOL_TYPE_UNKNOWN, buttonState=0, metaState=0, flags=0x0, edgeFlags=0x0, pointerCount=1, historySize=0, eventTime=5449214, downTime=5449214, deviceId=0, source=0x1002 }
12-24 03:02:42.817 21984 21984 I Input   : injectMotionEvent: MotionEvent { action=ACTION_MOVE, actionButton=0, id[0]=0, x[0]=672.0, y[0]=1406.6759, toolType[0]=TOOL_TYPE_UNKNOWN, buttonState=0, metaState=0, flags=0x0, edgeFlags=0x0, pointerCount=1, historySize=0, eventTime=5449233, downTime=5449233, deviceId=0, source=0x1002 }
12-24 03:02:42.836 21984 21984 I Input   : injectMotionEvent: MotionEvent { action=ACTION_MOVE, actionButton=0, id[0]=0, x[0]=672.0, y[0]=1332.264, toolType[0]=TOOL_TYPE_UNKNOWN, buttonState=0, metaState=0, flags=0x0, edgeFlags=0x0, pointerCount=1, historySize=0, eventTime=5449251, downTime=5449251, deviceId=0, source=0x1002 }
12-24 03:02:42.852 21984 21984 I Input   : injectMotionEvent: MotionEvent { action=ACTION_MOVE, actionButton=0, id[0]=0, x[0]=672.0, y[0]=1266.12, toolType[0]=TOOL_TYPE_UNKNOWN, buttonState=0, metaState=0, flags=0x0, edgeFlags=0x0, pointerCount=1, historySize=0, eventTime=5449267, downTime=5449267, deviceId=0, source=0x1002 }
12-24 03:02:42.872 21984 21984 I Input   : injectMotionEvent: MotionEvent { action=ACTION_MOVE, actionButton=0, id[0]=0, x[0]=672.0, y[0]=1179.306, toolType[0]=TOOL_TYPE_UNKNOWN, buttonState=0, metaState=0, flags=0x0, edgeFlags=0x0, pointerCount=1, historySize=0, eventTime=5449288, downTime=5449288, deviceId=0, source=0x1002 }
12-24 03:02:42.889 21984 21984 I Input   : injectMotionEvent: MotionEvent { action=ACTION_MOVE, actionButton=0, id[0]=0, x[0]=672.0, y[0]=1113.162, toolType[0]=TOOL_TYPE_UNKNOWN, buttonState=0, metaState=0, flags=0x0, edgeFlags=0x0, pointerCount=1, historySize=0, eventTime=5449304, downTime=5449304, deviceId=0, source=0x1002 }
12-24 03:02:42.905 21984 21984 I Input   : injectMotionEvent: MotionEvent { action=ACTION_MOVE, actionButton=0, id[0]=0, x[0]=672.0, y[0]=1047.0181, toolType[0]=TOOL_TYPE_UNKNOWN, buttonState=0, metaState=0, flags=0x0, edgeFlags=0x0, pointerCount=1, historySize=0, eventTime=5449320, downTime=5449320, deviceId=0, source=0x1002 }
12-24 03:02:42.923 21984 21984 I Input   : injectMotionEvent: MotionEvent { action=ACTION_MOVE, actionButton=0, id[0]=0, x[0]=672.0, y[0]=972.60596, toolType[0]=TOOL_TYPE_UNKNOWN, buttonState=0, metaState=0, flags=0x0, edgeFlags=0x0, pointerCount=1, historySize=0, eventTime=5449338, downTime=5449338, deviceId=0, source=0x1002 }
