12-24 03:00:48.944 20349 20349 W app_process: Could not reserve sentinel fault page
12-24 03:00:48.964 20349 20349 W app_process: Unexpected CPU variant for X86 using defaults: x86
12-24 03:00:48.965 20349 20349 I app_process: The ClassLoaderContext is a special shared library.
12-24 03:00:48.977 20349 20349 I Input   : injectKeyEvent: KeyEvent { action=ACTION_DOWN, keyCode=KEYCODE_2, scanCode=0, metaState=0, flags=0x0, repeatCount=0, eventTime=5335392, downTime=5335392, deviceId=-1, source=0x101 }
12-24 03:00:48.981 20349 20349 I Input   : injectKeyEvent: KeyEvent { action=ACTION_UP, keyCode=KEYCODE_2, scanCode=0, metaState=0, flags=0x0, repeatCount=0, eventTime=5335392, downTime=5335392, deviceId=-1, source=0x101 }
12-24 03:00:48.982 20349 20349 I Input   : injectKeyEvent: KeyEvent { action=ACTION_DOWN, keyCode=KEYCODE_7, scanCode=0, metaState=0, flags=0x0, repeatCount=0, eventTime=5335392, downTime=5335392, deviceId=-1, source=0x101 }
12-24 03:00:48.985 20349 20349 I Input   : injectKeyEvent: KeyEvent { action=ACTION_UP, keyCode=KEYCODE_7, scanCode=0, metaState=0, flags=0x0, repeatCount=0, eventTime=5335392, downTime=5335392, deviceId=-1, source=0x101 }
12-24 03:00:48.986 20349 20349 I Input   : injectKeyEvent: KeyEvent { action=ACTION_DOWN, keyCode=KEYCODE_9, scanCode=0, metaState=0, flags=0x0, repeatCount=0, eventTime=5335392, downTime=5335392, deviceId=-1, source=0x101 }
12-24 03:00:48.988 20349 20349 I Input   : injectKeyEvent: KeyEvent { action=ACTION_UP, keyCode=KEYCODE_9, scanCode=0, metaState=0, flags=0x0, repeatCount=0, eventTime=5335392, downTime=5335392, deviceId=-1, source=0x101 }
12-24 03:00:48.990 20349 20349 I Input   : injectKeyEvent: KeyEvent { action=ACTION_DOWN, keyCode=KEYCODE_7, scanCode=0, metaState=0, flags=0x0, repeatCount=0, eventTime=5335392, downTime=5335392, deviceId=-1, source=0x101 }
12-24 03:00:48.996 20349 20349 I Input   : injectKeyEvent: KeyEvent { action=ACTION_UP, keyCode=KEYCODE_7, scanCode=0, metaState=0, flags=0x0, repeatCount=0, eventTime=5335392, downTime=5335392, deviceId=-1, source=0x101 }
12-24 03:00:48.997 20349 20349 I Input   : injectKeyEvent: KeyEvent { action=ACTION_DOWN, keyCode=KEYCODE_1, scanCode=0, metaState=0, flags=0x0, repeatCount=0, eventTime=5335392, downTime=5335392, deviceId=-1, source=0x101 }
12-24 03:00:48.999 20349 20349 I Input   : injectKeyEvent: KeyEvent { action=ACTION_UP, keyCode=KEYCODE_1, scanCode=0, metaState=0, flags=0x0, repeatCount=0, eventTime=5335392, downTime=5335392, deviceId=-1, source=0x101 }
12-24 03:00:49.000 20349 20349 I Input   : injectKeyEvent: KeyEvent { action=ACTION_DOWN, keyCode=KEYCODE_9, scanCode=0, metaState=0, flags=0x0, repeatCount=0, eventTime=5335392, downTime=5335392, deviceId=-1, source=0x101 }
12-24 03:00:49.002 20349 20349 I Input   : injectKeyEvent: KeyEvent { action=ACTION_UP, keyCode=KEYCODE_9, scanCode=0, metaState=0, flags=0x0, repeatCount=0, eventTime=5335392, downTime=5335392, deviceId=-1, source=0x101 }
12-24 03:00:49.003 20349 20349 I Input   : injectKeyEvent: KeyEvent { action=ACTION_DOWN, keyCode=KEYCODE_5, scanCode=0, metaState=0, flags=0x0, repeatCount=0, eventTime=5335392, downTime=5335392, deviceId=-1, source=0x101 }
12-24 03:00:49.005 20349 20349 I Input   : injectKeyEvent: KeyEvent { action=ACTION_UP, keyCode=KEYCODE_5, scanCode=0, metaState=0, flags=0x0, repeatCount=0, eventTime=5335392, downTime=5335392, deviceId=-1, source=0x101 }
12-24 03:00:49.006 20349 20349 I Input   : injectKeyEvent: KeyEvent { action=ACTION_DOWN, keyCode=KEYCODE_8, scanCode=0, metaState=0, flags=0x0, repeatCount=0, eventTime=5335392, downTime=5335392, deviceId=-1, source=0x101 }
12-24 03:00:49.010 20349 20349 I Input   : injectKeyEvent: KeyEvent { action=ACTION_UP, keyCode=KEYCODE_8, scanCode=0, metaState=0, flags=0x0, repeatCount=0, eventTime=5335392, downTime=5335392, deviceId=-1, source=0x101 }
12-24 03:00:49.012 20349 20349 I Input   : injectKeyEvent: KeyEvent { action=ACTION_DOWN, keyCode=KEYCODE_6, scanCode=0, metaState=0, flags=0x0, repeatCount=0, eventTime=5335392, downTime=5335392, deviceId=-1, source=0x101 }
12-24 03:00:49.014 20349 20349 I Input   : injectKeyEvent: KeyEvent { action=ACTION_UP, keyCode=KEYCODE_6, scanCode=0, metaState=0, flags=0x0, repeatCount=0, eventTime=5335392, downTime=5335392, deviceId=-1, source=0x101 }
12-24 03:00:49.016 20349 20349 I Input   : injectKeyEvent: KeyEvent { action=ACTION_DOWN, keyCode=KEYCODE_3, scanCode=0, metaState=0, flags=0x0, repeatCount=0, eventTime=5335392, downTime=5335392, deviceId=-1, source=0x101 }
12-24 03:00:49.017 20349 20349 I Input   : injectKeyEvent: KeyEvent { action=ACTION_UP, keyCode=KEYCODE_3, scanCode=0, metaState=0, flags=0x0, repeatCount=0, eventTime=5335392, downTime=5335392, deviceId=-1, source=0x101 }
12-24 03:00:49.018 20349 20349 I Input   : injectKeyEvent: KeyEvent { action=ACTION_DOWN, keyCode=KEYCODE_SHIFT_LEFT, scanCode=0, metaState=META_SHIFT_ON|META_SHIFT_LEFT_ON, flags=0x0, repeatCount=0, eventTime=5335392, downTime=5335392, deviceId=-1, source=0x101 }
12-24 03:00:49.019 20349 20349 I Input   : injectKeyEvent: KeyEvent { action=ACTION_DOWN, keyCode=KEYCODE_2, scanCode=0, metaState=META_SHIFT_ON|META_SHIFT_LEFT_ON, flags=0x0, repeatCount=0, eventTime=5335392, downTime=5335392, deviceId=-1, source=0x101 }
12-24 03:00:49.020 20349 20349 I Input   : injectKeyEvent: KeyEvent { action=ACTION_UP, keyCode=KEYCODE_2, scanCode=0, metaState=META_SHIFT_ON|META_SHIFT_LEFT_ON, flags=0x0, repeatCount=0, eventTime=5335392, downTime=5335392, deviceId=-1, source=0x101 }
12-24 03:00:49.021 20349 20349 I Input   : injectKeyEvent: KeyEvent { action=ACTION_UP, keyCode=KEYCODE_SHIFT_LEFT, scanCode=0, metaState=0, flags=0x0, repeatCount=0, eventTime=5335392, downTime=5335392, deviceId=-1, source=0x101 }
12-24 03:00:49.023 20349 20349 I Input   : injectKeyEvent: KeyEvent { action=ACTION_DOWN, keyCode=KEYCODE_Q, scanCode=0, metaState=0, flags=0x0, repeatCount=0, eventTime=5335392, downTime=5335392, deviceId=-1, source=0x101 }
12-24 03:00:49.025 20349 20349 I Input   : injectKeyEvent: KeyEvent { action=ACTION_UP, keyCode=KEYCODE_Q, scanCode=0, metaState=0, flags=0x0, repeatCount=0, eventTime=5335392, downTime=5335392, deviceId=-1, source=0x101 }
12-24 03:00:49.027 20349 20349 I Input   : injectKeyEvent: KeyEvent { action=ACTION_DOWN, keyCode=KEYCODE_Q, scanCode=0, metaState=0, flags=0x0, repeatCount=0, eventTime=5335392, downTime=5335392, deviceId=-1, source=0x101 }
12-24 03:00:49.030 20349 20349 I Input   : injectKeyEvent: KeyEvent { action=ACTION_UP, keyCode=KEYCODE_Q, scanCode=0, metaState=0, flags=0x0, repeatCount=0, eventTime=5335392, downTime=5335392, deviceId=-1, source=0x101 }
12-24 03:00:49.031 20349 20349 I Input   : injectKeyEvent: KeyEvent { action=ACTION_DOWN, keyCode=KEYCODE_PERIOD, scanCode=0, metaState=0, flags=0x0, repeatCount=0, eventTime=5335392, downTime=5335392, deviceId=-1, source=0x101 }
12-24 03:00:49.033 20349 20349 I Input   : injectKeyEvent: KeyEvent { action=ACTION_UP, keyCode=KEYCODE_PERIOD, scanCode=0, metaState=0, flags=0x0, repeatCount=0, eventTime=5335392, downTime=5335392, deviceId=-1, source=0x101 }
12-24 03:00:49.034 20349 20349 I Input   : injectKeyEvent: KeyEvent { action=ACTION_DOWN, keyCode=KEYCODE_C, scanCode=0, metaState=0, flags=0x0, repeatCount=0, eventTime=5335392, downTime=5335392, deviceId=-1, source=0x101 }
12-24 03:00:49.037 20349 20349 I Input   : injectKeyEvent: KeyEvent { action=ACTION_UP, keyCode=KEYCODE_C, scanCode=0, metaState=0, flags=0x0, repeatCount=0, eventTime=5335392, downTime=5335392, deviceId=-1, source=0x101 }
12-24 03:00:49.038 20349 20349 I Input   : injectKeyEvent: KeyEvent { action=ACTION_DOWN, keyCode=KEYCODE_O, scanCode=0, metaState=0, flags=0x0, repeatCount=0, eventTime=5335392, downTime=5335392, deviceId=-1, source=0x101 }
12-24 03:00:49.040 20349 20349 I Input   : injectKeyEvent: KeyEvent { action=ACTION_UP, keyCode=KEYCODE_O, scanCode=0, metaState=0, flags=0x0, repeatCount=0, eventTime=5335392, downTime=5335392, deviceId=-1, source=0x101 }
12-24 03:00:49.041 20349 20349 I Input   : injectKeyEvent: KeyEvent { action=ACTION_DOWN, keyCode=KEYCODE_M, scanCode=0, metaState=0, flags=0x0, repeatCount=0, eventTime=5335392, downTime=5335392, deviceId=-1, source=0x101 }
12-24 03:00:49.048 20349 20349 I Input   : injectKeyEvent: KeyEvent { action=ACTION_UP, keyCode=KEYCODE_M, scanCode=0, metaState=0, flags=0x0, repeatCount=0, eventTime=5335392, downTime=5335392, deviceId=-1, source=0x101 }
12-24 03:00:49.340  2022  2457 I GnssLocationProvider: WakeLock acquired by sendMessage(REPORT_SV_STATUS, 0, com.android.server.location.GnssLocationProvider$SvStatusInfo@da0042b)
12-24 03:00:49.340  2022  2044 I GnssLocationProvider: WakeLock released by handleMessage(REPORT_SV_STATUS, 0, com.android.server.location.GnssLocationProvider$SvStatusInfo@da0042b)
12-24 03:00:49.352  1857  2109 E SurfaceFlinger: ro.sf.lcd_density must be defined as a build property
12-24 03:00:49.367 20372 20372 E eglCodecCommon: GoldfishAddressSpaceHostMemoryAllocator: ioctl_ping failed for device_type=5, ret=-1
12-24 03:00:49.683  2022  2045 W BroadcastQueue: Background execution not allowed: receiving Intent { act=android.intent.action.DROPBOX_ENTRY_ADDED flg=0x10 (has extras) } to com.google.android.gms/.stats.service.DropBoxEntryAddedReceiver
12-24 03:00:49.683  2022  2045 W BroadcastQueue: Background execution not allowed: receiving Intent { act=android.intent.action.DROPBOX_ENTRY_ADDED flg=0x10 (has extras) } to com.google.android.gms/.chimera.GmsIntentOperationService$PersistentTrustedReceiver
12-24 03:00:49.790  2022  2976 W WindowManager: removeWindowToken: Attempted to remove non-existing token: android.os.Binder@11ffb55
12-24 03:00:49.790  2022 13397 W WindowManager: removeWindowToken: Attempted to remove non-existing token: android.os.Binder@11ffb55
12-24 03:00:49.791  2022 13397 W BinderNative: Uncaught exception from death notification
12-24 03:00:49.791  2022 13397 W BinderNative: java.lang.NullPointerException: Attempt to invoke virtual method 'void com.android.server.accessibility.UiAutomationManager$UiAutomationService.resetLocked()' on a null object reference
12-24 03:00:49.791  2022 13397 W BinderNative: 	at com.android.server.accessibility.UiAutomationManager.destroyUiAutomationService(UiAutomationManager.java:181)
12-24 03:00:49.791  2022 13397 W BinderNative: 	at com.android.server.accessibility.UiAutomationManager.access$200(UiAutomationManager.java:41)
12-24 03:00:49.791  2022 13397 W BinderNative: 	at com.android.server.accessibility.UiAutomationManager$UiAutomationService.binderDied(UiAutomationManager.java:230)
12-24 03:00:49.791  2022 13397 W BinderNative: 	at android.os.BinderProxy.sendDeathNotice(Binder.java:1193)
12-24 03:00:50.341  2022  2457 I GnssLocationProvider: WakeLock acquired by sendMessage(REPORT_SV_STATUS, 0, com.android.server.location.GnssLocationProvider$SvStatusInfo@66b8515)
12-24 03:00:50.341  2022  2044 I GnssLocationProvider: WakeLock released by handleMessage(REPORT_SV_STATUS, 0, com.android.server.location.GnssLocationProvider$SvStatusInfo@66b8515)
12-24 03:00:51.066  1857  1893 E SurfaceFlinger: ro.sf.lcd_density must be defined as a build property
12-24 03:00:51.078 20411 20411 E eglCodecCommon: GoldfishAddressSpaceHostMemoryAllocator: ioctl_ping failed for device_type=5, ret=-1
12-24 03:00:51.341  2022  2457 I GnssLocationProvider: WakeLock acquired by sendMessage(REPORT_SV_STATUS, 0, com.android.server.location.GnssLocationProvider$SvStatusInfo@7f9b0f7)
12-24 03:00:51.342  2022  2044 I GnssLocationProvider: WakeLock released by handleMessage(REPORT_SV_STATUS, 0, com.android.server.location.GnssLocationProvider$SvStatusInfo@7f9b0f7)
12-24 03:00:51.413  2022  2045 W BroadcastQueue: Background execution not allowed: receiving Intent { act=android.intent.action.DROPBOX_ENTRY_ADDED flg=0x10 (has extras) } to com.google.android.gms/.stats.service.DropBoxEntryAddedReceiver
12-24 03:00:51.413  2022  2045 W BroadcastQueue: Background execution not allowed: receiving Intent { act=android.intent.action.DROPBOX_ENTRY_ADDED flg=0x10 (has extras) } to com.google.android.gms/.chimera.GmsIntentOperationService$PersistentTrustedReceiver
12-24 03:00:52.342  2022  2457 I GnssLocationProvider: WakeLock acquired by sendMessage(REPORT_SV_STATUS, 0, com.android.server.location.GnssLocationProvider$SvStatusInfo@48e6593)
12-24 03:00:52.343  2022  2044 I GnssLocationProvider: WakeLock released by handleMessage(REPORT_SV_STATUS, 0, com.android.server.location.GnssLocationProvider$SvStatusInfo@48e6593)
12-24 03:00:53.342  2022  2457 I GnssLocationProvider: WakeLock acquired by sendMessage(REPORT_SV_STATUS, 0, com.android.server.location.GnssLocationProvider$SvStatusInfo@64639d0)
12-24 03:00:53.342  2022  2044 I GnssLocationProvider: WakeLock released by handleMessage(REPORT_SV_STATUS, 0, com.android.server.location.GnssLocationProvider$SvStatusInfo@64639d0)
12-24 03:00:53.834  2022  2044 E memtrack: Couldn't load memtrack module
12-24 03:00:53.834  2022  2044 W android.os.Debug: failed to get memory consumption info: -1
12-24 03:00:53.839  2022  2044 E memtrack: Couldn't load memtrack module
12-24 03:00:53.839  2022  2044 W android.os.Debug: failed to get memory consumption info: -1
12-24 03:00:54.342  2022  2457 I GnssLocationProvider: WakeLock acquired by sendMessage(REPORT_SV_STATUS, 0, com.android.server.location.GnssLocationProvider$SvStatusInfo@8642dc9)
12-24 03:00:54.343  2022  2044 I GnssLocationProvider: WakeLock released by handleMessage(REPORT_SV_STATUS, 0, com.android.server.location.GnssLocationProvider$SvStatusInfo@8642dc9)
12-24 03:00:55.343  2022  2457 I GnssLocationProvider: WakeLock acquired by sendMessage(REPORT_SV_STATUS, 0, com.android.server.location.GnssLocationProvider$SvStatusInfo@b10ecce)
12-24 03:00:55.343  2022  2044 I GnssLocationProvider: WakeLock released by handleMessage(REPORT_SV_STATUS, 0, com.android.server.location.GnssLocationProvider$SvStatusInfo@b10ecce)
12-24 03:00:56.098  2022  2049 E BatteryExternalStatsWorker: no controller energy info supplied for wifi
12-24 03:00:56.343  2022  2457 I GnssLocationProvider: WakeLock acquired by sendMessage(REPORT_SV_STATUS, 0, com.android.server.location.GnssLocationProvider$SvStatusInfo@3afc7ef)
12-24 03:00:56.344  2022  2044 I GnssLocationProvider: WakeLock released by handleMessage(REPORT_SV_STATUS, 0, com.android.server.location.GnssLocationProvider$SvStatusInfo@3afc7ef)
12-24 03:00:57.346  2022  2457 I GnssLocationProvider: WakeLock acquired by sendMessage(REPORT_SV_STATUS, 0, com.android.server.location.GnssLocationProvider$SvStatusInfo@29d22fc)
12-24 03:00:57.347  2022  2044 I GnssLocationProvider: WakeLock released by handleMessage(REPORT_SV_STATUS, 0, com.android.server.location.GnssLocationProvider$SvStatusInfo@29d22fc)
12-24 03:00:58.344  2022  2457 I GnssLocationProvider: WakeLock acquired by sendMessage(REPORT_SV_STATUS, 0, com.android.server.location.GnssLocationProvider$SvStatusInfo@878dd85)
12-24 03:00:58.344  2022  2044 I GnssLocationProvider: WakeLock released by handleMessage(REPORT_SV_STATUS, 0, com.android.server.location.GnssLocationProvider$SvStatusInfo@878dd85)
12-24 03:00:59.344  2022  2457 I GnssLocationProvider: WakeLock acquired by sendMessage(REPORT_SV_STATUS, 0, com.android.server.location.GnssLocationProvider$SvStatusInfo@8d307da)
12-24 03:00:59.345  2022  2044 I GnssLocationProvider: WakeLock released by handleMessage(REPORT_SV_STATUS, 0, com.android.server.location.GnssLocationProvider$SvStatusInfo@8d307da)
12-24 03:00:58.538  2022  2049 E BatteryExternalStatsWorker: no controller energy info supplied for wifi
12-24 03:00:59.885  2022  2045 W BroadcastQueue: Background execution not allowed: receiving Intent { act=android.intent.action.DROPBOX_ENTRY_ADDED flg=0x10 (has extras) } to com.google.android.gms/.stats.service.DropBoxEntryAddedReceiver
12-24 03:00:59.885  2022  2045 W BroadcastQueue: Background execution not allowed: receiving Intent { act=android.intent.action.DROPBOX_ENTRY_ADDED flg=0x10 (has extras) } to com.google.android.gms/.chimera.GmsIntentOperationService$PersistentTrustedReceiver
12-24 03:00:59.903 20448 20448 W app_process: Could not reserve sentinel fault page
12-24 03:00:59.926 20448 20448 W app_process: Unexpected CPU variant for X86 using defaults: x86
12-24 03:00:59.927 20448 20448 I app_process: The ClassLoaderContext is a special shared library.
12-24 03:00:59.927 20448 20448 I app_process: The ClassLoaderContext is a special shared library.
12-24 03:00:59.942  2022 13397 W WindowManager: removeWindowToken: Attempted to remove non-existing token: android.os.Binder@2a6a0ff
12-24 03:01:00.007 19879 19959 W AnkiDroid: c4/ could not check/update day rollover: collection not open
12-24 03:01:00.048  2022  2045 W BroadcastQueue: Background execution not allowed: receiving Intent { act=android.intent.action.DROPBOX_ENTRY_ADDED flg=0x10 (has extras) } to com.google.android.gms/.stats.service.DropBoxEntryAddedReceiver
12-24 03:01:00.049  2022  2045 W BroadcastQueue: Background execution not allowed: receiving Intent { act=android.intent.action.DROPBOX_ENTRY_ADDED flg=0x10 (has extras) } to com.google.android.gms/.chimera.GmsIntentOperationService$PersistentTrustedReceiver
12-24 03:01:00.211  2022  2045 W BroadcastQueue: Background execution not allowed: receiving Intent { act=android.intent.action.DROPBOX_ENTRY_ADDED flg=0x10 (has extras) } to com.google.android.gms/.stats.service.DropBoxEntryAddedReceiver
12-24 03:01:00.211  2022  2045 W BroadcastQueue: Background execution not allowed: receiving Intent { act=android.intent.action.DROPBOX_ENTRY_ADDED flg=0x10 (has extras) } to com.google.android.gms/.chimera.GmsIntentOperationService$PersistentTrustedReceiver
12-24 03:01:00.345  2022  2457 I GnssLocationProvider: WakeLock acquired by sendMessage(REPORT_SV_STATUS, 0, com.android.server.location.GnssLocationProvider$SvStatusInfo@78531f5)
12-24 03:01:00.345  2022  2044 I GnssLocationProvider: WakeLock released by handleMessage(REPORT_SV_STATUS, 0, com.android.server.location.GnssLocationProvider$SvStatusInfo@78531f5)
12-24 03:01:00.469 20493 20493 W app_process: Unexpected CPU variant for X86 using defaults: x86
12-24 03:01:00.470 20493 20493 I app_process: The ClassLoaderContext is a special shared library.
12-24 03:01:00.482 20493 20493 I Input   : injectMotionEvent: MotionEvent { action=ACTION_DOWN, actionButton=0, id[0]=0, x[0]=672.0, y[0]=1401.0, toolType[0]=TOOL_TYPE_UNKNOWN, buttonState=0, metaState=0, flags=0x0, edgeFlags=0x0, pointerCount=1, historySize=0, eventTime=5346896, downTime=5346896, deviceId=0, source=0x1002 }
12-24 03:01:00.483 20493 20493 I Input   : injectMotionEvent: MotionEvent { action=ACTION_MOVE, actionButton=0, id[0]=0, x[0]=672.0, y[0]=1401.0, toolType[0]=TOOL_TYPE_UNKNOWN, buttonState=0, metaState=0, flags=0x0, edgeFlags=0x0, pointerCount=1, historySize=0, eventTime=5346896, downTime=5346896, deviceId=0, source=0x1002 }
12-24 03:01:00.503 20493 20493 I Input   : injectMotionEvent: MotionEvent { action=ACTION_MOVE, actionButton=0, id[0]=0, x[0]=672.0, y[0]=1401.0, toolType[0]=TOOL_TYPE_UNKNOWN, buttonState=0, metaState=0, flags=0x0, edgeFlags=0x0, pointerCount=1, historySize=0, eventTime=5346918, downTime=5346918, deviceId=0, source=0x1002 }
12-24 03:01:00.522 20493 20493 I Input   : injectMotionEvent: MotionEvent { action=ACTION_MOVE, actionButton=0, id[0]=0, x[0]=672.0, y[0]=1401.0, toolType[0]=TOOL_TYPE_UNKNOWN, buttonState=0, metaState=0, flags=0x0, edgeFlags=0x0, pointerCount=1, historySize=0, eventTime=5346937, downTime=5346937, deviceId=0, source=0x1002 }
12-24 03:01:00.539 20493 20493 I Input   : injectMotionEvent: MotionEvent { action=ACTION_MOVE, actionButton=0, id[0]=0, x[0]=672.0, y[0]=1401.0, toolType[0]=TOOL_TYPE_UNKNOWN, buttonState=0, metaState=0, flags=0x0, edgeFlags=0x0, pointerCount=1, historySize=0, eventTime=5346954, downTime=5346954, deviceId=0, source=0x1002 }
12-24 03:01:00.556 20493 20493 I Input   : injectMotionEvent: MotionEvent { action=ACTION_MOVE, actionButton=0, id[0]=0, x[0]=672.0, y[0]=1401.0, toolType[0]=TOOL_TYPE_UNKNOWN, buttonState=0, metaState=0, flags=0x0, edgeFlags=0x0, pointerCount=1, historySize=0, eventTime=5346972, downTime=5346972, deviceId=0, source=0x1002 }
12-24 03:01:00.575 20493 20493 I Input   : injectMotionEvent: MotionEvent { action=ACTION_MOVE, actionButton=0, id[0]=0, x[0]=672.0, y[0]=1401.0, toolType[0]=TOOL_TYPE_UNKNOWN, buttonState=0, metaState=0, flags=0x0, edgeFlags=0x0, pointerCount=1, historySize=0, eventTime=5346990, downTime=5346990, deviceId=0, source=0x1002 }
12-24 03:01:00.592 20493 20493 I Input   : injectMotionEvent: MotionEvent { action=ACTION_MOVE, actionButton=0, id[0]=0, x[0]=672.0, y[0]=1401.0, toolType[0]=TOOL_TYPE_UNKNOWN, buttonState=0, metaState=0, flags=0x0, edgeFlags=0x0, pointerCount=1, historySize=0, eventTime=5347007, downTime=5347007, deviceId=0, source=0x1002 }
12-24 03:01:00.612 20493 20493 I Input   : injectMotionEvent: MotionEvent { action=ACTION_MOVE, actionButton=0, id[0]=0, x[0]=672.0, y[0]=1401.0, toolType[0]=TOOL_TYPE_UNKNOWN, buttonState=0, metaState=0, flags=0x0, edgeFlags=0x0, pointerCount=1, historySize=0, eventTime=5347027, downTime=5347027, deviceId=0, source=0x1002 }
12-24 03:01:00.628 20493 20493 I Input   : injectMotionEvent: MotionEvent { action=ACTION_MOVE, actionButton=0, id[0]=0, x[0]=672.0, y[0]=1401.0, toolType[0]=TOOL_TYPE_UNKNOWN, buttonState=0, metaState=0, flags=0x0, edgeFlags=0x0, pointerCount=1, historySize=0, eventTime=5347043, downTime=5347043, deviceId=0, source=0x1002 }
12-24 03:01:00.646 20493 20493 I Input   : injectMotionEvent: MotionEvent { action=ACTION_MOVE, actionButton=0, id[0]=0, x[0]=672.0, y[0]=1401.0, toolType[0]=TOOL_TYPE_UNKNOWN, buttonState=0, metaState=0, flags=0x0, edgeFlags=0x0, pointerCount=1, historySize=0, eventTime=5347061, downTime=5347061, deviceId=0, source=0x1002 }
12-24 03:01:00.663 20493 20493 I Input   : injectMotionEvent: MotionEvent { action=ACTION_MOVE, actionButton=0, id[0]=0, x[0]=672.0, y[0]=1401.0, toolType[0]=TOOL_TYPE_UNKNOWN, buttonState=0, metaState=0, flags=0x0, edgeFlags=0x0, pointerCount=1, historySize=0, eventTime=5347078, downTime=5347078, deviceId=0, source=0x1002 }
12-24 03:01:00.681 20493 20493 I Input   : injectMotionEvent: MotionEvent { action=ACTION_UP, actionButton=0, id[0]=0, x[0]=672.0, y[0]=1401.0, toolType[0]=TOOL_TYPE_UNKNOWN, buttonState=0, metaState=0, flags=0x0, edgeFlags=0x0, pointerCount=1, historySize=0, eventTime=5347096, downTime=5347096, deviceId=0, source=0x1002 }
12-24 03:01:00.699 19879 19879 I AssistStructure: Flattened final assist data: 7052 bytes, containing 1 windows, 26 views
12-24 03:01:00.704  2022  2041 I AssistStructure: Flattened final assist data: 6612 bytes, containing 1 windows, 26 views
12-24 03:01:00.706  2166  2166 W ktk     : Pending fill request while another request in the same session was triggered. [CONTEXT service_id=177 ]
12-24 03:01:00.749  2022  2045 W BroadcastQueue: Background execution not allowed: receiving Intent { act=android.intent.action.DROPBOX_ENTRY_ADDED flg=0x10 (has extras) } to com.google.android.gms/.stats.service.DropBoxEntryAddedReceiver
12-24 03:01:00.750  2022  2045 W BroadcastQueue: Background execution not allowed: receiving Intent { act=android.intent.action.DROPBOX_ENTRY_ADDED flg=0x10 (has extras) } to com.google.android.gms/.chimera.GmsIntentOperationService$PersistentTrustedReceiver
12-24 03:01:00.918  2022  2045 W BroadcastQueue: Background execution not allowed: receiving Intent { act=android.intent.action.DROPBOX_ENTRY_ADDED flg=0x10 (has extras) } to com.google.android.gms/.stats.service.DropBoxEntryAddedReceiver
12-24 03:01:00.918  2022  2045 W BroadcastQueue: Background execution not allowed: receiving Intent { act=android.intent.action.DROPBOX_ENTRY_ADDED flg=0x10 (has extras) } to com.google.android.gms/.chimera.GmsIntentOperationService$PersistentTrustedReceiver
12-24 03:01:01.116 20522 20522 W app_process: Could not reserve sentinel fault page
12-24 03:01:01.142 20522 20522 W app_process: Unexpected CPU variant for X86 using defaults: x86
12-24 03:01:01.143 20522 20522 I app_process: The ClassLoaderContext is a special shared library.
12-24 03:01:01.155 20522 20522 I Input   : injectMotionEvent: MotionEvent { action=ACTION_DOWN, actionButton=0, id[0]=0, x[0]=672.0, y[0]=1401.0, toolType[0]=TOOL_TYPE_UNKNOWN, buttonState=0, metaState=0, flags=0x0, edgeFlags=0x0, pointerCount=1, historySize=0, eventTime=5347569, downTime=5347569, deviceId=0, source=0x1002 }
12-24 03:01:01.157 20522 20522 I Input   : injectMotionEvent: MotionEvent { action=ACTION_UP, actionButton=0, id[0]=0, x[0]=672.0, y[0]=1401.0, toolType[0]=TOOL_TYPE_UNKNOWN, buttonState=0, metaState=0, flags=0x0, edgeFlags=0x0, pointerCount=1, historySize=0, eventTime=5347569, downTime=5347569, deviceId=0, source=0x1002 }
12-24 03:01:01.285 20532 20532 W app_process: Unexpected CPU variant for X86 using defaults: x86
12-24 03:01:01.286 20532 20532 I app_process: The ClassLoaderContext is a special shared library.
12-24 03:01:01.297 20532 20532 I Input   : injectKeyEvent: KeyEvent { action=ACTION_DOWN, keyCode=KEYCODE_2, scanCode=0, metaState=0, flags=0x0, repeatCount=0, eventTime=5347712, downTime=5347712, deviceId=-1, source=0x101 }
12-24 03:01:01.300 20532 20532 I Input   : injectKeyEvent: KeyEvent { action=ACTION_UP, keyCode=KEYCODE_2, scanCode=0, metaState=0, flags=0x0, repeatCount=0, eventTime=5347712, downTime=5347712, deviceId=-1, source=0x101 }
12-24 03:01:01.301 20532 20532 I Input   : injectKeyEvent: KeyEvent { action=ACTION_DOWN, keyCode=KEYCODE_0, scanCode=0, metaState=0, flags=0x0, repeatCount=0, eventTime=5347712, downTime=5347712, deviceId=-1, source=0x101 }
12-24 03:01:01.302 20532 20532 I Input   : injectKeyEvent: KeyEvent { action=ACTION_UP, keyCode=KEYCODE_0, scanCode=0, metaState=0, flags=0x0, repeatCount=0, eventTime=5347712, downTime=5347712, deviceId=-1, source=0x101 }
12-24 03:01:01.305 20532 20532 I Input   : injectKeyEvent: KeyEvent { action=ACTION_DOWN, keyCode=KEYCODE_0, scanCode=0, metaState=0, flags=0x0, repeatCount=0, eventTime=5347712, downTime=5347712, deviceId=-1, source=0x101 }
12-24 03:01:01.307 20532 20532 I Input   : injectKeyEvent: KeyEvent { action=ACTION_UP, keyCode=KEYCODE_0, scanCode=0, metaState=0, flags=0x0, repeatCount=0, eventTime=5347712, downTime=5347712, deviceId=-1, source=0x101 }
12-24 03:01:01.308 20532 20532 I Input   : injectKeyEvent: KeyEvent { action=ACTION_DOWN, keyCode=KEYCODE_8, scanCode=0, metaState=0, flags=0x0, repeatCount=0, eventTime=5347712, downTime=5347712, deviceId=-1, source=0x101 }
12-24 03:01:01.311 20532 20532 I Input   : injectKeyEvent: KeyEvent { action=ACTION_UP, keyCode=KEYCODE_8, scanCode=0, metaState=0, flags=0x0, repeatCount=0, eventTime=5347712, downTime=5347712, deviceId=-1, source=0x101 }
12-24 03:01:01.313 20532 20532 I Input   : injectKeyEvent: KeyEvent { action=ACTION_DOWN, keyCode=KEYCODE_0, scanCode=0, metaState=0, flags=0x0, repeatCount=0, eventTime=5347712, downTime=5347712, deviceId=-1, source=0x101 }
12-24 03:01:01.316 20532 20532 I Input   : injectKeyEvent: KeyEvent { action=ACTION_UP, keyCode=KEYCODE_0, scanCode=0, metaState=0, flags=0x0, repeatCount=0, eventTime=5347712, downTime=5347712, deviceId=-1, source=0x101 }
12-24 03:01:01.318 20532 20532 I Input   : injectKeyEvent: KeyEvent { action=ACTION_DOWN, keyCode=KEYCODE_8, scanCode=0, metaState=0, flags=0x0, repeatCount=0, eventTime=5347712, downTime=5347712, deviceId=-1, source=0x101 }
12-24 03:01:01.320 20532 20532 I Input   : injectKeyEvent: KeyEvent { action=ACTION_UP, keyCode=KEYCODE_8, scanCode=0, metaState=0, flags=0x0, repeatCount=0, eventTime=5347712, downTime=5347712, deviceId=-1, source=0x101 }
12-24 03:01:01.323 20532 20532 I Input   : injectKeyEvent: KeyEvent { action=ACTION_DOWN, keyCode=KEYCODE_0, scanCode=0, metaState=0, flags=0x0, repeatCount=0, eventTime=5347712, downTime=5347712, deviceId=-1, source=0x101 }
12-24 03:01:01.325 20532 20532 I Input   : injectKeyEvent: KeyEvent { action=ACTION_UP, keyCode=KEYCODE_0, scanCode=0, metaState=0, flags=0x0, repeatCount=0, eventTime=5347712, downTime=5347712, deviceId=-1, source=0x101 }
12-24 03:01:01.326 20532 20532 I Input   : injectKeyEvent: KeyEvent { action=ACTION_DOWN, keyCode=KEYCODE_8, scanCode=0, metaState=0, flags=0x0, repeatCount=0, eventTime=5347712, downTime=5347712, deviceId=-1, source=0x101 }
12-24 03:01:01.328 20532 20532 I Input   : injectKeyEvent: KeyEvent { action=ACTION_UP, keyCode=KEYCODE_8, scanCode=0, metaState=0, flags=0x0, repeatCount=0, eventTime=5347712, downTime=5347712, deviceId=-1, source=0x101 }
12-24 03:01:01.346  2022  2457 I GnssLocationProvider: WakeLock acquired by sendMessage(REPORT_SV_STATUS, 0, com.android.server.location.GnssLocationProvider$SvStatusInfo@95dcf5c)
12-24 03:01:01.347  2022  2044 I GnssLocationProvider: WakeLock released by handleMessage(REPORT_SV_STATUS, 0, com.android.server.location.GnssLocationProvider$SvStatusInfo@95dcf5c)
12-24 03:01:01.618  1857  2109 E SurfaceFlinger: ro.sf.lcd_density must be defined as a build property
12-24 03:01:01.631 20555 20555 E eglCodecCommon: GoldfishAddressSpaceHostMemoryAllocator: ioctl_ping failed for device_type=5, ret=-1
12-24 03:01:01.950  2022  2045 W BroadcastQueue: Background execution not allowed: receiving Intent { act=android.intent.action.DROPBOX_ENTRY_ADDED flg=0x10 (has extras) } to com.google.android.gms/.stats.service.DropBoxEntryAddedReceiver
12-24 03:01:01.950  2022  2045 W BroadcastQueue: Background execution not allowed: receiving Intent { act=android.intent.action.DROPBOX_ENTRY_ADDED flg=0x10 (has extras) } to com.google.android.gms/.chimera.GmsIntentOperationService$PersistentTrustedReceiver
12-24 03:01:02.058  2022  2041 W WindowManager: removeWindowToken: Attempted to remove non-existing token: android.os.Binder@c64d594
12-24 03:01:02.058  2022  2851 W WindowManager: removeWindowToken: Attempted to remove non-existing token: android.os.Binder@c64d594
12-24 03:01:02.058  2022  2851 W BinderNative: Uncaught exception from death notification
12-24 03:01:02.058  2022  2851 W BinderNative: java.lang.NullPointerException: Attempt to invoke virtual method 'void com.android.server.accessibility.UiAutomationManager$UiAutomationService.resetLocked()' on a null object reference
12-24 03:01:02.058  2022  2851 W BinderNative: 	at com.android.server.accessibility.UiAutomationManager.destroyUiAutomationService(UiAutomationManager.java:181)
12-24 03:01:02.058  2022  2851 W BinderNative: 	at com.android.server.accessibility.UiAutomationManager.access$200(UiAutomationManager.java:41)
12-24 03:01:02.058  2022  2851 W BinderNative: 	at com.android.server.accessibility.UiAutomationManager$UiAutomationService.binderDied(UiAutomationManager.java:230)
12-24 03:01:02.058  2022  2851 W BinderNative: 	at android.os.BinderProxy.sendDeathNotice(Binder.java:1193)
12-24 03:01:02.058  2022  2851 W BinderNative: Uncaught exception from death notification
12-24 03:01:02.058  2022  2851 W BinderNative: java.lang.NullPointerException: Attempt to read from field 'android.accessibilityservice.IAccessibilityServiceClient com.android.server.accessibility.AbstractAccessibilityServiceConnection.mServiceInterface' on a null object reference
12-24 03:01:02.058  2022  2851 W BinderNative: 	at com.android.server.accessibility.UiAutomationManager.destroyUiAutomationService(UiAutomationManager.java:179)
12-24 03:01:02.058  2022  2851 W BinderNative: 	at com.android.server.accessibility.UiAutomationManager.access$200(UiAutomationManager.java:41)
12-24 03:01:02.058  2022  2851 W BinderNative: 	at com.android.server.accessibility.UiAutomationManager$UiAutomationService.binderDied(UiAutomationManager.java:230)
12-24 03:01:02.058  2022  2851 W BinderNative: 	at android.os.BinderProxy.sendDeathNotice(Binder.java:1193)
12-24 03:01:02.346  2022  2457 I GnssLocationProvider: WakeLock acquired by sendMessage(REPORT_SV_STATUS, 0, com.android.server.location.GnssLocationProvider$SvStatusInfo@de4e4bf)
12-24 03:01:02.346  2022  2044 I GnssLocationProvider: WakeLock released by handleMessage(REPORT_SV_STATUS, 0, com.android.server.location.GnssLocationProvider$SvStatusInfo@de4e4bf)
12-24 03:01:03.344  1857  1894 E SurfaceFlinger: ro.sf.lcd_density must be defined as a build property
12-24 03:01:03.346  2022  2457 I GnssLocationProvider: WakeLock acquired by sendMessage(REPORT_SV_STATUS, 0, com.android.server.location.GnssLocationProvider$SvStatusInfo@e8d0ddb)
12-24 03:01:03.348  2022  2044 I GnssLocationProvider: WakeLock released by handleMessage(REPORT_SV_STATUS, 0, com.android.server.location.GnssLocationProvider$SvStatusInfo@e8d0ddb)
12-24 03:01:03.358 20594 20594 E eglCodecCommon: GoldfishAddressSpaceHostMemoryAllocator: ioctl_ping failed for device_type=5, ret=-1
12-24 03:01:03.683  2022  2045 W BroadcastQueue: Background execution not allowed: receiving Intent { act=android.intent.action.DROPBOX_ENTRY_ADDED flg=0x10 (has extras) } to com.google.android.gms/.stats.service.DropBoxEntryAddedReceiver
12-24 03:01:03.683  2022  2045 W BroadcastQueue: Background execution not allowed: receiving Intent { act=android.intent.action.DROPBOX_ENTRY_ADDED flg=0x10 (has extras) } to com.google.android.gms/.chimera.GmsIntentOperationService$PersistentTrustedReceiver
12-24 03:01:04.346  2022  2457 I GnssLocationProvider: WakeLock acquired by sendMessage(REPORT_SV_STATUS, 0, com.android.server.location.GnssLocationProvider$SvStatusInfo@23b038d)
12-24 03:01:04.347  2022  2044 I GnssLocationProvider: WakeLock released by handleMessage(REPORT_SV_STATUS, 0, com.android.server.location.GnssLocationProvider$SvStatusInfo@23b038d)
12-24 03:01:05.347  2022  2457 I GnssLocationProvider: WakeLock acquired by sendMessage(REPORT_SV_STATUS, 0, com.android.server.location.GnssLocationProvider$SvStatusInfo@a43a942)
12-24 03:01:05.348  2022  2044 I GnssLocationProvider: WakeLock released by handleMessage(REPORT_SV_STATUS, 0, com.android.server.location.GnssLocationProvider$SvStatusInfo@a43a942)
12-24 03:01:06.348  2022  2457 I GnssLocationProvider: WakeLock acquired by sendMessage(REPORT_SV_STATUS, 0, com.android.server.location.GnssLocationProvider$SvStatusInfo@76d5d53)
12-24 03:01:06.349  2022  2044 I GnssLocationProvider: WakeLock released by handleMessage(REPORT_SV_STATUS, 0, com.android.server.location.GnssLocationProvider$SvStatusInfo@76d5d53)
12-24 03:01:07.349  2022  2457 I GnssLocationProvider: WakeLock acquired by sendMessage(REPORT_SV_STATUS, 0, com.android.server.location.GnssLocationProvider$SvStatusInfo@d323690)
12-24 03:01:07.349  2022  2044 I GnssLocationProvider: WakeLock released by handleMessage(REPORT_SV_STATUS, 0, com.android.server.location.GnssLocationProvider$SvStatusInfo@d323690)
12-24 03:01:08.350  2022  2457 I GnssLocationProvider: WakeLock acquired by sendMessage(REPORT_SV_STATUS, 0, com.android.server.location.GnssLocationProvider$SvStatusInfo@e614b89)
12-24 03:01:08.350  2022  2044 I GnssLocationProvider: WakeLock released by handleMessage(REPORT_SV_STATUS, 0, com.android.server.location.GnssLocationProvider$SvStatusInfo@e614b89)
12-24 03:01:09.351  2022  2457 I GnssLocationProvider: WakeLock acquired by sendMessage(REPORT_SV_STATUS, 0, com.android.server.location.GnssLocationProvider$SvStatusInfo@967178e)
12-24 03:01:09.351  2022  2044 I GnssLocationProvider: WakeLock released by handleMessage(REPORT_SV_STATUS, 0, com.android.server.location.GnssLocationProvider$SvStatusInfo@967178e)
12-24 03:01:10.351  2022  2457 I GnssLocationProvider: WakeLock acquired by sendMessage(REPORT_SV_STATUS, 0, com.android.server.location.GnssLocationProvider$SvStatusInfo@fe67baf)
12-24 03:01:10.352  2022  2044 I GnssLocationProvider: WakeLock released by handleMessage(REPORT_SV_STATUS, 0, com.android.server.location.GnssLocationProvider$SvStatusInfo@fe67baf)
12-24 03:01:11.353  2022  2457 I GnssLocationProvider: WakeLock acquired by sendMessage(REPORT_SV_STATUS, 0, com.android.server.location.GnssLocationProvider$SvStatusInfo@72c2bbc)
12-24 03:01:11.354  2022  2044 I GnssLocationProvider: WakeLock released by handleMessage(REPORT_SV_STATUS, 0, com.android.server.location.GnssLocationProvider$SvStatusInfo@72c2bbc)
12-24 03:01:12.353  2022  2457 I GnssLocationProvider: WakeLock acquired by sendMessage(REPORT_SV_STATUS, 0, com.android.server.location.GnssLocationProvider$SvStatusInfo@28a1745)
12-24 03:01:12.354  2022  2044 I GnssLocationProvider: WakeLock released by handleMessage(REPORT_SV_STATUS, 0, com.android.server.location.GnssLocationProvider$SvStatusInfo@28a1745)
12-24 03:01:13.354  2022  2457 I GnssLocationProvider: WakeLock acquired by sendMessage(REPORT_SV_STATUS, 0, com.android.server.location.GnssLocationProvider$SvStatusInfo@c411e9a)
12-24 03:01:13.354  2022  2044 I GnssLocationProvider: WakeLock released by handleMessage(REPORT_SV_STATUS, 0, com.android.server.location.GnssLocationProvider$SvStatusInfo@c411e9a)
12-24 03:01:13.445  1967  1967 E netmgr  : Failed to open QEMU pipe 'qemud:network': Invalid argument
12-24 03:01:13.445  1967  1967 E netmgr  : WifiForwarder unable to open QEMU pipe: Invalid argument
12-24 03:01:14.355  2022  2457 I GnssLocationProvider: WakeLock acquired by sendMessage(REPORT_SV_STATUS, 0, com.android.server.location.GnssLocationProvider$SvStatusInfo@42923cb)
12-24 03:01:14.355  2022  2044 I GnssLocationProvider: WakeLock released by handleMessage(REPORT_SV_STATUS, 0, com.android.server.location.GnssLocationProvider$SvStatusInfo@42923cb)
12-24 03:01:14.970  2022  2045 W BroadcastQueue: Background execution not allowed: receiving Intent { act=android.intent.action.DROPBOX_ENTRY_ADDED flg=0x10 (has extras) } to com.google.android.gms/.stats.service.DropBoxEntryAddedReceiver
12-24 03:01:14.970  2022  2045 W BroadcastQueue: Background execution not allowed: receiving Intent { act=android.intent.action.DROPBOX_ENTRY_ADDED flg=0x10 (has extras) } to com.google.android.gms/.chimera.GmsIntentOperationService$PersistentTrustedReceiver
12-24 03:01:14.999 20633 20633 W app_process: Unexpected CPU variant for X86 using defaults: x86
12-24 03:01:15.000 20633 20633 I app_process: The ClassLoaderContext is a special shared library.
12-24 03:01:15.000 20633 20633 I app_process: The ClassLoaderContext is a special shared library.
12-24 03:01:15.016  2022  4367 W WindowManager: removeWindowToken: Attempted to remove non-existing token: android.os.Binder@eeaa19
12-24 03:01:15.167  2022  2045 W BroadcastQueue: Background execution not allowed: receiving Intent { act=android.intent.action.DROPBOX_ENTRY_ADDED flg=0x10 (has extras) } to com.google.android.gms/.stats.service.DropBoxEntryAddedReceiver
12-24 03:01:15.167  2022  2045 W BroadcastQueue: Background execution not allowed: receiving Intent { act=android.intent.action.DROPBOX_ENTRY_ADDED flg=0x10 (has extras) } to com.google.android.gms/.chimera.GmsIntentOperationService$PersistentTrustedReceiver
12-24 03:01:15.206  1870  1890 E storaged: getDiskStats failed with result NOT_SUPPORTED and size 0
12-24 03:01:15.355  2022  2457 I GnssLocationProvider: WakeLock acquired by sendMessage(REPORT_SV_STATUS, 0, com.android.server.location.GnssLocationProvider$SvStatusInfo@4ae95bb)
12-24 03:01:15.356  2022  2044 I GnssLocationProvider: WakeLock released by handleMessage(REPORT_SV_STATUS, 0, com.android.server.location.GnssLocationProvider$SvStatusInfo@4ae95bb)
12-24 03:01:15.358  2022  2045 W BroadcastQueue: Background execution not allowed: receiving Intent { act=android.intent.action.DROPBOX_ENTRY_ADDED flg=0x10 (has extras) } to com.google.android.gms/.stats.service.DropBoxEntryAddedReceiver
12-24 03:01:15.359  2022  2045 W BroadcastQueue: Background execution not allowed: receiving Intent { act=android.intent.action.DROPBOX_ENTRY_ADDED flg=0x10 (has extras) } to com.google.android.gms/.chimera.GmsIntentOperationService$PersistentTrustedReceiver
12-24 03:01:15.648 20678 20678 W app_process: Could not reserve sentinel fault page
12-24 03:01:15.669 20678 20678 W app_process: Unexpected CPU variant for X86 using defaults: x86
12-24 03:01:15.669 20678 20678 I app_process: The ClassLoaderContext is a special shared library.
12-24 03:01:15.682 20678 20678 I Input   : injectMotionEvent: MotionEvent { action=ACTION_DOWN, actionButton=0, id[0]=0, x[0]=672.0, y[0]=1645.0, toolType[0]=TOOL_TYPE_UNKNOWN, buttonState=0, metaState=0, flags=0x0, edgeFlags=0x0, pointerCount=1, historySize=0, eventTime=5362096, downTime=5362096, deviceId=0, source=0x1002 }
12-24 03:01:15.683 20678 20678 I Input   : injectMotionEvent: MotionEvent { action=ACTION_MOVE, actionButton=0, id[0]=0, x[0]=672.0, y[0]=1645.0, toolType[0]=TOOL_TYPE_UNKNOWN, buttonState=0, metaState=0, flags=0x0, edgeFlags=0x0, pointerCount=1, historySize=0, eventTime=5362096, downTime=5362096, deviceId=0, source=0x1002 }
12-24 03:01:15.701 20678 20678 I Input   : injectMotionEvent: MotionEvent { action=ACTION_MOVE, actionButton=0, id[0]=0, x[0]=672.0, y[0]=1645.0, toolType[0]=TOOL_TYPE_UNKNOWN, buttonState=0, metaState=0, flags=0x0, edgeFlags=0x0, pointerCount=1, historySize=0, eventTime=5362116, downTime=5362116, deviceId=0, source=0x1002 }
12-24 03:01:15.719 20678 20678 I Input   : injectMotionEvent: MotionEvent { action=ACTION_MOVE, actionButton=0, id[0]=0, x[0]=672.0, y[0]=1645.0, toolType[0]=TOOL_TYPE_UNKNOWN, buttonState=0, metaState=0, flags=0x0, edgeFlags=0x0, pointerCount=1, historySize=0, eventTime=5362134, downTime=5362134, deviceId=0, source=0x1002 }
12-24 03:01:15.736 20678 20678 I Input   : injectMotionEvent: MotionEvent { action=ACTION_MOVE, actionButton=0, id[0]=0, x[0]=672.0, y[0]=1645.0, toolType[0]=TOOL_TYPE_UNKNOWN, buttonState=0, metaState=0, flags=0x0, edgeFlags=0x0, pointerCount=1, historySize=0, eventTime=5362152, downTime=5362152, deviceId=0, source=0x1002 }
12-24 03:01:15.754 20678 20678 I Input   : injectMotionEvent: MotionEvent { action=ACTION_MOVE, actionButton=0, id[0]=0, x[0]=672.0, y[0]=1645.0, toolType[0]=TOOL_TYPE_UNKNOWN, buttonState=0, metaState=0, flags=0x0, edgeFlags=0x0, pointerCount=1, historySize=0, eventTime=5362170, downTime=5362170, deviceId=0, source=0x1002 }
12-24 03:01:15.774 20678 20678 I Input   : injectMotionEvent: MotionEvent { action=ACTION_MOVE, actionButton=0, id[0]=0, x[0]=672.0, y[0]=1645.0, toolType[0]=TOOL_TYPE_UNKNOWN, buttonState=0, metaState=0, flags=0x0, edgeFlags=0x0, pointerCount=1, historySize=0, eventTime=5362189, downTime=5362189, deviceId=0, source=0x1002 }
12-24 03:01:15.791 20678 20678 I Input   : injectMotionEvent: MotionEvent { action=ACTION_MOVE, actionButton=0, id[0]=0, x[0]=672.0, y[0]=1645.0, toolType[0]=TOOL_TYPE_UNKNOWN, buttonState=0, metaState=0, flags=0x0, edgeFlags=0x0, pointerCount=1, historySize=0, eventTime=5362206, downTime=5362206, deviceId=0, source=0x1002 }
12-24 03:01:15.808 20678 20678 I Input   : injectMotionEvent: MotionEvent { action=ACTION_MOVE, actionButton=0, id[0]=0, x[0]=672.0, y[0]=1645.0, toolType[0]=TOOL_TYPE_UNKNOWN, buttonState=0, metaState=0, flags=0x0, edgeFlags=0x0, pointerCount=1, historySize=0, eventTime=5362223, downTime=5362223, deviceId=0, source=0x1002 }
12-24 03:01:15.825 20678 20678 I Input   : injectMotionEvent: MotionEvent { action=ACTION_MOVE, actionButton=0, id[0]=0, x[0]=672.0, y[0]=1645.0, toolType[0]=TOOL_TYPE_UNKNOWN, buttonState=0, metaState=0, flags=0x0, edgeFlags=0x0, pointerCount=1, historySize=0, eventTime=5362240, downTime=5362240, deviceId=0, source=0x1002 }
12-24 03:01:15.843 20678 20678 I Input   : injectMotionEvent: MotionEvent { action=ACTION_MOVE, actionButton=0, id[0]=0, x[0]=672.0, y[0]=1645.0, toolType[0]=TOOL_TYPE_UNKNOWN, buttonState=0, metaState=0, flags=0x0, edgeFlags=0x0, pointerCount=1, historySize=0, eventTime=5362259, downTime=5362259, deviceId=0, source=0x1002 }
12-24 03:01:15.862 20678 20678 I Input   : injectMotionEvent: MotionEvent { action=ACTION_MOVE, actionButton=0, id[0]=0, x[0]=672.0, y[0]=1645.0, toolType[0]=TOOL_TYPE_UNKNOWN, buttonState=0, metaState=0, flags=0x0, edgeFlags=0x0, pointerCount=1, historySize=0, eventTime=5362277, downTime=5362277, deviceId=0, source=0x1002 }
12-24 03:01:15.878 20678 20678 I Input   : injectMotionEvent: MotionEvent { action=ACTION_MOVE, actionButton=0, id[0]=0, x[0]=672.0, y[0]=1645.0, toolType[0]=TOOL_TYPE_UNKNOWN, buttonState=0, metaState=0, flags=0x0, edgeFlags=0x0, pointerCount=1, historySize=0, eventTime=5362294, downTime=5362294, deviceId=0, source=0x1002 }
12-24 03:01:15.896 20678 20678 I Input   : injectMotionEvent: MotionEvent { action=ACTION_UP, actionButton=0, id[0]=0, x[0]=672.0, y[0]=1645.0, toolType[0]=TOOL_TYPE_UNKNOWN, buttonState=0, metaState=0, flags=0x0, edgeFlags=0x0, pointerCount=1, historySize=0, eventTime=5362312, downTime=5362312, deviceId=0, source=0x1002 }
12-24 03:01:15.905  1639  6667 W audio_hw_generic: Not supplying enough data to HAL, expected position 6019471 , only wrote 6019200
12-24 03:01:15.911 19879 19961 I rsdroid::logging: rsdroid logging enabled
12-24 03:01:15.937 19879 19961 I AnkiDroid: (Re)opening Database: /storage/emulated/0/AnkiDroid/collection.anki2
12-24 03:01:16.296  1857  1893 E SurfaceFlinger: ro.sf.lcd_density must be defined as a build property
12-24 03:01:16.317 20707 20707 E eglCodecCommon: GoldfishAddressSpaceHostMemoryAllocator: ioctl_ping failed for device_type=5, ret=-1
12-24 03:01:16.355  2022  2457 I GnssLocationProvider: WakeLock acquired by sendMessage(REPORT_SV_STATUS, 0, com.android.server.location.GnssLocationProvider$SvStatusInfo@37c0133)
12-24 03:01:16.355  2022  2044 I GnssLocationProvider: WakeLock released by handleMessage(REPORT_SV_STATUS, 0, com.android.server.location.GnssLocationProvider$SvStatusInfo@37c0133)
12-24 03:01:16.949  2022  2045 W BroadcastQueue: Background execution not allowed: receiving Intent { act=android.intent.action.DROPBOX_ENTRY_ADDED flg=0x10 (has extras) } to com.google.android.gms/.stats.service.DropBoxEntryAddedReceiver
12-24 03:01:16.949  2022  2045 W BroadcastQueue: Background execution not allowed: receiving Intent { act=android.intent.action.DROPBOX_ENTRY_ADDED flg=0x10 (has extras) } to com.google.android.gms/.chimera.GmsIntentOperationService$PersistentTrustedReceiver
12-24 03:01:17.086  2022  2041 W WindowManager: removeWindowToken: Attempted to remove non-existing token: android.os.Binder@53728f9
12-24 03:01:17.086  2022  4647 W WindowManager: removeWindowToken: Attempted to remove non-existing token: android.os.Binder@53728f9
12-24 03:01:16.652 19879 19982 I chatty  : uid=10099(com.ichi2.anki) RenderThread identical 1 line
12-24 03:01:17.086  2022  2041 W BinderNative: Uncaught exception from death notification
12-24 03:01:17.086  2022  2041 W BinderNative: java.lang.NullPointerException: Attempt to invoke virtual method 'void com.android.server.accessibility.UiAutomationManager$UiAutomationService.resetLocked()' on a null object reference
12-24 03:01:17.086  2022  2041 W BinderNative: 	at com.android.server.accessibility.UiAutomationManager.destroyUiAutomationService(UiAutomationManager.java:181)
12-24 03:01:17.086  2022  2041 W BinderNative: 	at com.android.server.accessibility.UiAutomationManager.access$200(UiAutomationManager.java:41)
12-24 03:01:17.086  2022  2041 W BinderNative: 	at com.android.server.accessibility.UiAutomationManager$UiAutomationService.binderDied(UiAutomationManager.java:230)
12-24 03:01:17.086  2022  2041 W BinderNative: 	at android.os.BinderProxy.sendDeathNotice(Binder.java:1193)
12-24 03:01:17.086  2022  2041 W BinderNative: Uncaught exception from death notification
12-24 03:01:17.086  2022  2041 W BinderNative: java.lang.NullPointerException: Attempt to read from field 'android.accessibilityservice.IAccessibilityServiceClient com.android.server.accessibility.AbstractAccessibilityServiceConnection.mServiceInterface' on a null object reference
12-24 03:01:17.086  2022  2041 W BinderNative: 	at com.android.server.accessibility.UiAutomationManager.destroyUiAutomationService(UiAutomationManager.java:179)
12-24 03:01:17.086  2022  2041 W BinderNative: 	at com.android.server.accessibility.UiAutomationManager.access$200(UiAutomationManager.java:41)
12-24 03:01:17.086  2022  2041 W BinderNative: 	at com.android.server.accessibility.UiAutomationManager$UiAutomationService.binderDied(UiAutomationManager.java:230)
12-24 03:01:17.086  2022  2041 W BinderNative: 	at android.os.BinderProxy.sendDeathNotice(Binder.java:1193)
12-24 03:01:17.170 19879 19879 I AnkiDroid: finishWithAnimation DEFAULT
12-24 03:01:17.185 19879 19879 I AnkiDroid: LoginActivity::onPause
12-24 03:01:17.212 19879 19879 I AnkiDroid: IntroductionActivity::onStart
12-24 03:01:17.213 19879 19879 I AnkiDroid: IntroductionActivity::SetupCollectionFragment::onStart
12-24 03:01:17.214 19879 19879 I AnkiDroid: login successful, opening deck picker to sync
12-24 03:01:17.214 19879 19879 I AnkiDroid: Opening deck picker, login: true
12-24 03:01:17.214  2022  4905 I ActivityManager: START u0 {flg=0x14000000 cmp=com.ichi2.anki/.DeckPicker (has extras)} from uid 10099
12-24 03:01:17.219 19879 19879 I AnkiDroid: finishWithAnimation DEFAULT
12-24 03:01:17.235 19879 19879 W ActivityThread: handleWindowVisibility: no activity for token android.os.BinderProxy@a723d85
12-24 03:01:17.237 19879 19879 I AnkiDroid: Setting theme to LIGHT
12-24 03:01:17.239 19879 19879 I AnkiDroid: DeckPicker::onCreate
12-24 03:01:17.308 19879 19879 I AnkiDroid: isLegacyStorage(): current dir: /storage/emulated/0/AnkiDroid
12-24 03:01:17.308 19879 19879 I AnkiDroid: scoped external dirs: /storage/emulated/0/Android/data/com.ichi2.anki/files, /storage/0907-3C18/Android/data/com.ichi2.anki/files
12-24 03:01:17.308 19879 19879 I AnkiDroid: scoped internal dir: /data/user/0/com.ichi2.anki/files
