12-10 10:10:06.968   458   458 I WVCdm   : [oemcrypto_adapter_dynamic.cpp(841):Initialize] L3 Initialized. Trying L1.
12-10 10:10:06.969   458   458 W WVCdm   : [oemcrypto_adapter_dynamic.cpp(854):Initialize] Could not load oemcrypto from path liboemcrypto.so.  dlopen failed: library "liboemcrypto.so" not found
12-10 10:10:06.969   458   458 W WVCdm   : [oemcrypto_adapter_dynamic.cpp(858):Initialize] Could not load oemcrypto. Falling back to L3.
12-10 10:10:06.969   458   458 E WVCdm   : [oemcrypto_adapter_dynamic.cpp(1326):ValidateOrInstallL1KeyboxOrCert] L1 not initialized. Falling back to L3
12-10 10:10:06.969   458   458 I WVCdm   : [file_utils.cpp(38):Exists] stat failed: ENOENT
12-10 10:10:06.969   458   458 W WVCdm   : [oemcrypto_adapter_dynamic.cpp(1531):OEMCrypto_InitializeAndCheckKeybox] Keybox error: 25. Falling back to L3.
12-10 10:10:06.969   458   458 I WVCdm   : [oemcrypto_adapter_dynamic.cpp(890):Level1Terminate] L1 Terminate not needed
12-10 10:10:06.969   458   458 E WVCdm   : App requested L1 security on a non-L1 device.
12-10 10:10:06.971 10568 16039 E cr_media: Failed to set security level L1
12-10 10:10:06.971 10568 16039 E cr_media: java.lang.IllegalArgumentException: {}: BAD_VALUE
12-10 10:10:06.971 10568 16039 E cr_media: cdm err: 0, oem err: 0, ctx: 0
12-10 10:10:06.971 10568 16039 E cr_media: ============================== Beginning of DRM Plugin Log ==============================
12-10 10:10:06.971 10568 16039 E cr_media:   12-10 10:04:19.192 I [cdm_engine.cpp(1092):IsSecurityLevelSupported] level = L1
12-10 10:10:06.971 10568 16039 E cr_media:   12-10 10:04:19.192 I [file_utils.cpp(38):Exists] stat failed: ENOENT
12-10 10:10:06.971 10568 16039 E cr_media:   12-10 10:04:19.193 I [oemcrypto_adapter_dynamic.cpp(826):Initialize] Level 3 Build Info (v18): {"soc_vendor":"L3_33100","soc_model":"X86 64 bit","ta_ver":"18.1.0+Feb 20 2024_20:28:28_","uses_opk":false,"tee_os":"none","tee_os_ver":"0.0.0","form_factor":"L3","implementer":"Widevine","fused":false}
12-10 10:10:06.971 10568 16039 E cr_media:   12-10 10:04:19.193 I [(0):] Level3 Library 33100 Feb 20 2024 20:28:28
12-10 10:10:06.971 10568 16039 E cr_media:   12-10 10:04:19.198 I [oemcrypto_adapter_dynamic.cpp(841):Initialize] L3 Initialized. Trying L1.
12-10 10:10:06.971 10568 16039 E cr_media:   12-10 10:04:19.199 I [oemcrypto_adapter_dynamic.cpp(890):Level1Terminate] L1 Terminate not needed
12-10 10:10:06.971 10568 16039 E cr_media:   12-10 10:04:19.199 W [oemcrypto_adapter_dynamic.cpp(854):Initialize] Could not load oemcrypto from path liboemcrypto.so.  dlopen failed: library "liboemcrypto.so" not found
12-10 10:10:06.971 10568 16039 E cr_media:   12-10 10:04:19.199 W [oemcrypto_adapter_dynamic.cpp(858):Initialize] Could not load oemcrypto. Falling back to L3.
12-10 10:10:06.971 10568 16039 E cr_media:   12-10 10:04:19.199 E [oemcrypto_adapter_dynamic.cpp(1326):ValidateOrInstallL1KeyboxOrCert] L1 not initialized. Falling back to L3
12-10 10:10:06.971 10568 16039 E cr_media:   12-10 10:04:19.199 I [file_utils.cpp(38):Exists] stat failed: ENOENT
12-10 10:10:06.971 10568 16039 E cr_media:   12-10 10:04:19.199 W [oemcrypto_adapter_dynamic.cpp(1531):OEMCrypto_InitializeAndCheckKeybox] Keybox error: 25. Falling back to L3.
12-10 10:10:06.971 10568 16039 E cr_media:   12-10 10:04:19.209 I [cdm_usage_table.cpp(203):RestoreTable] Found usage table to restore: entry_count = 0
12-10 10:10:06.971 10568 16039 E cr_media:   12-10 10:04:19.211 I [file_utils.cpp(38):Exists] stat failed: ENOENT
12-10 10:10:06.971 10568 16039 E cr_media:   12-10 10:04:19.212 E [wv_content_decryption_module.cpp(563):GetCurrentMetricsInternal] Cdm Identifier not found
12-10 10:10:06.971 10568 16039 E cr_media:   12-10 10:04:19.213 E [wv_content_decryption_module.cpp(646):CloseCdm] Cdm Identifier not found
12-10 10:10:06.971 10568 16039 E cr_media:   12-10 10:04:19.234 I [(0):] L3 Terminate.
12-10 10:10:06.971 10568 16039 E cr_media:   12-10 10:05:06.314 I [cdm_engine.cpp(1092):IsSecurityLevelSupported] level = L1
12-10 10:10:06.971 10568 16039 E cr_media:   12-10 10:05:06.321 I [file_utils.cpp(38):Exists] stat failed: ENOENT
12-10 10:10:06.971 10568 16039 E cr_media:   12-10 10:05:06.322 I [(0):] Level3 Library 33100 Feb 20 2024 20:28:28
12-10 10:10:06.971 10568 16039 E cr_media:   12-10 10:05:06.322 I [oemcrypto_adapter_dynamic.cpp(826):Initialize] Level 3 Build Info (v18): {"soc_vendor":"L3_33100","soc_model":"X86 64 bit","ta_ver":"18.1.0+Feb 20 2024_20:28:28_","uses_opk":false,"tee_os":"none","tee_os_ver":"0.0.0","form_factor":"L3","implementer":"Widevine","fused":false}
12-10 10:10:06.971 10568 16039 E cr_media:   12-10 10:05:06.330 I [oemcrypto_adapter_dynamic.cpp(841):Initialize] L3 Initialized. Trying L1.
12-10 10:10:06.971 10568 16039 E cr_media:   12-10 10:05:06.332 W [oemcrypto_adapter_dynamic.cpp(854):Initialize] Could not load oemcrypto from path liboemcrypto.so.  dlopen failed: library "liboemcrypto.so" not found
12-10 10:10:06.971 10568 16039 E cr_media:   12-10 10:05:06.332 W [oemcrypto_adapter_dynamic.cpp(858):Initialize] Could not load oemcrypto. Falling back to L3.
12-10 10:10:06.971 10568 16039 E cr_media:   12-10 10:05:06.332 E [oemcrypto_adapter_dynamic.cpp(1326):ValidateOrInstallL1KeyboxOrCert] L1 not initialized. Falling back to L3
12-10 10:10:06.971 10568 16039 E cr_media:   12-10 10:05:06.332 I [file_utils.cpp(38):Exists] stat failed: ENOENT
12-10 10:10:06.971 10568 16039 E cr_media:   12-10 10:05:06.332 W [oemcrypto_adapter_dynamic.cpp(1531):OEMCrypto_InitializeAndCheckKeybox] Keybox error: 25. Falling back to L3.
12-10 10:10:06.971 10568 16039 E cr_media:   12-10 10:05:06.332 I [oemcrypto_adapter_dynamic.cpp(890):Level1Terminate] L1 Terminate not needed
12-10 10:10:06.971 10568 16039 E cr_media:   12-10 10:05:06.339 I [cdm_usage_table.cpp(203):RestoreTable] Found usage table to restore: entry_count = 0
12-10 10:10:06.971 10568 16039 E cr_media:   12-10 10:05:06.341 I [file_utils.cpp(38):Exists] stat failed: ENOENT
12-10 10:10:06.971 10568 16039 E cr_media:   12-10 10:05:06.350 E [wv_content_decryption_module.cpp(563):GetCurrentMetricsInternal] Cdm Identifier not found
12-10 10:10:06.971 10568 16039 E cr_media:   12-10 10:05:06.353 E [wv_content_decryption_module.cpp(646):CloseCdm] Cdm Identifier not found
12-10 10:10:06.971 10568 16039 E cr_media:   12-10 10:05:06.359 I [(0):] L3 Terminate.
12-10 10:10:06.971 10568 16039 E cr_media:   12-10 10:05:41.620 I [cdm_engine.cpp(1092):IsSecurityLevelSupported] level = L1
12-10 10:10:06.971 10568 16039 E cr_media:   12-10 10:05:41.637 I [file_utils.cpp(38):Exists] stat failed: ENOENT
12-10 10:10:06.972 10568 16039 E cr_media:   12-10 10:05:41.638 I [oemcrypto_adapter_dynamic.cpp(826):Initialize] Level 3 Build Info (v18): {"soc_vendor":"L3_33100","soc_model":"X86 64 bit","ta_ver":"18.1.0+Feb 20 2024_20:28:28_","uses_opk":false,"tee_os":"none","tee_os_ver":"0.0.0","form_factor":"L3","implementer":"Widevine","fused":false}
12-10 10:10:06.972 10568 16039 E cr_media:   12-10 10:05:41.638 I [(0):] Level3 Library 33100 Feb 20 2024 20:28:28
12-10 10:10:06.972 10568 16039 E cr_media:   12-10 10:05:41.661 I [oemcrypto_adapter_dynamic.cpp(841):Initialize] L3 Initialized. Trying L1.
12-10 10:10:06.972 10568 16039 E cr_media:   12-10 10:05:41.664 I [file_utils.cpp(38):Exists] stat failed: ENOENT
12-10 10:10:06.972 10568 16039 E cr_media:   12-10 10:05:41.664 W [oemcrypto_adapter_dynamic.cpp(1531):OEMCrypto_InitializeAndCheckKeybox] Keybox error: 25. Falling back to L3.
12-10 10:10:06.972 10568 16039 E cr_media:   12-10 10:05:41.664 I [oemcrypto_adapter_dynamic.cpp(890):Level1Terminate] L1 Terminate not needed
12-10 10:10:06.972 10568 16039 E cr_media:   12-10 10:05:41.664 W [oemcrypto_adapter_dynamic.cpp(854):Initialize] Could not load oemcrypto from path liboemcrypto.so.  dlopen failed: library "liboemcrypto.so" not found
12-10 10:10:06.972 10568 16039 E cr_media:   12-10 10:05:41.664 W [oemcrypto_adapter_dynamic.cpp(858):Initialize] Could not load oemcrypto. Falling back to L3.
12-10 10:10:06.972 10568 16039 E cr_media:   12-10 10:05:41.664 E [oemcrypto_adapter_dynamic.cpp(1326):ValidateOrInstallL1KeyboxOrCert] L1 not initialized. Falling back to L3
12-10 10:10:06.972 10568 16039 E cr_media:   12-10 10:05:41.691 I [cdm_usage_table.cpp(203):RestoreTable] Found usage table to restore: entry_count = 0
12-10 10:10:06.972 10568 16039 E cr_media:   12-10 10:05:41.695 I [file_utils.cpp(38):Exists] stat failed: ENOENT
12-10 10:10:06.972 10568 16039 E cr_media:   12-10 10:05:41.701 E [wv_content_decryption_module.cpp(563):GetCurrentMetricsInternal] Cdm Identifier not found
12-10 10:10:06.972 10568 16039 E cr_media:   12-10 10:05:41.708 E [wv_content_decryption_module.cpp(646):CloseCdm] Cdm Identifier not found
12-10 10:10:06.972 10568 16039 E cr_media:   12-10 10:05:41.723 I [(0):] L3 Terminate.
12-10 10:10:06.972 10568 16039 E cr_media:   12-10 10:10:06.619 I No hidl drm factories found
12-10 10:10:06.972 10568 16039 E cr_media:   12-10 10:10:06.619 E Failed to find passthrough drm factories
12-10 10:10:06.972 10568 16039 E cr_media:   12-10 10:10:06.754 I [cdm_engine.cpp(1092):IsSecurityLevelSupported] level = L1
12-10 10:10:06.972 10568 16039 E cr_media:   12-10 10:10:06.768 I [file_utils.cpp(38):Exists] stat failed: ENOENT
12-10 10:10:06.972 10568 16039 E cr_media:   12-10 10:10:06.769 I [(0):] Level3 Library 33100 Feb 20 2024 20:28:28
12-10 10:10:06.972 10568 16039 E cr_media:   12-10 10:10:06.769 I [oemcrypto_adapter_dynamic.cpp(826):Initialize] Level 3 Build Info (v18): {"soc_vendor":"L3_33100","soc_model":"X86 64 bit","ta_ver":"18.1.0+Feb 20 2024_20:28:28_","uses_opk":false,"tee_os":"none","tee_os_ver":"0.0.0","form_factor":"L3","implementer":"Widevine","fused":false}
12-10 10:10:06.972 10568 16039 E cr_media:   12-10 10:10:06.789 I [oemcrypto_adapter_dynamic.cpp(841):Initialize] L3 Initialized. Trying L1.
12-10 10:10:06.972 10568 16039 E cr_media:   12-10 10:10:06.790 W [oemcrypto_adapter_dynamic.cpp(854):Initialize] Could not load oemcrypto from path liboemcrypto.so.  dlopen failed: library "liboemcrypto.so" not found
12-10 10:10:06.972 10568 16039 E cr_media:   12-10 10:10:06.791 W [oemcrypto_adapter_dynamic.cpp(858):Initialize] Could not load oemcrypto. Falling back to L3.
12-10 10:10:06.972 10568 16039 E cr_media:   12-10 10:10:06.791 E [oemcrypto_adapter_dynamic.cpp(1326):ValidateOrInstallL1KeyboxOrCert] L1 not initialized. Falling back to L3
12-10 10:10:06.972 10568 16039 E cr_media:   12-10 10:10:06.791 I [file_utils.cpp(38):Exists] stat failed: ENOENT
12-10 10:10:06.972 10568 16039 E cr_media:   12-10 10:10:06.791 W [oemcrypto_adapter_dynamic.cpp(1531):OEMCrypto_InitializeAndCheckKeybox] Keybox error: 25. Falling back to L3.
12-10 10:10:06.972 10568 16039 E cr_media:   12-10 10:10:06.791 I [oemcrypto_adapter_dynamic.cpp(890):Level1Terminate] L1 Terminate not needed
12-10 10:10:06.972 10568 16039 E cr_media:   12-10 10:10:06.796 I No hidl drm factories found
12-10 10:10:06.972 10568 16039 E cr_media:   12-10 10:10:06.797 E Failed to find passthrough drm factories
12-10 10:10:06.972 10568 16039 E cr_media:   12-10 10:10:06.801 I [cdm_engine.cpp(1092):IsSecurityLevelSupported] level = L1
12-10 10:10:06.972 10568 16039 E cr_media:   12-10 10:10:06.818 I [(0):] L3 Terminate.
12-10 10:10:06.972 10568 16039 E cr_media:   12-10 10:10:06.821 I [file_utils.cpp(38):Exists] stat failed: ENOENT
12-10 10:10:06.972 10568 16039 E cr_media:   12-10 10:10:06.822 I [(0):] Level3 Library 33100 Feb 20 2024 20:28:28
12-10 10:10:06.972 10568 16039 E cr_media:   12-10 10:10:06.822 I [oemcrypto_adapter_dynamic.cpp(826):Initialize] Level 3 Build Info (v18): {"soc_vendor":"L3_33100","soc_model":"X86 64 bit","ta_ver":"18.1.0+Feb 20 2024_20:28:28_","uses_opk":false,"tee_os":"none","tee_os_ver":"0.0.0","form_factor":"L3","implementer":"Widevine","fused":false}
12-10 10:10:06.972 10568 16039 E cr_media:   12-10 10:10:06.826 I [oemcrypto_adapter_dynamic.cpp(841):Initialize] L3 Initialized. Trying L1.
12-10 10:10:06.972 10568 16039 E cr_media:   12-10 10:10:06.826 W [oemcrypto_adapter_dynamic.cpp(854):Initialize] Could not load oemcrypto from path liboemcrypto.so.  dlopen failed: library "liboemcrypto.so" not found
12-10 10:10:06.972 10568 16039 E cr_media:   12-10 10:10:06.826 W [oemcrypto_adapter_dynamic.cpp(858):Initialize] Could not load oemcrypto. Falling back to L3.
12-10 10:10:06.972 10568 16039 E cr_media:   12-10 10:10:06.826 E [oemcrypto_adapter_dynamic.cpp(1326):ValidateOrInstallL1KeyboxOrCert] L1 not initialized. Falling back to L3
12-10 10:10:06.972 10568 16039 E cr_media:   12-10 10:10:06.826 I [file_utils.cpp(38):Exists] stat failed: ENOENT
12-10 10:10:06.972 10568 16039 E cr_media:   12-10 10:10:06.826 W [oemcrypto_adapter_dynamic.cpp(1531):OEMCrypto_InitializeAndCheckKeybox] Keybox error: 25. Falling back to L3.
12-10 10:10:06.972 10568 16039 E cr_media:   12-10 10:10:06.826 I [oemcrypto_adapter_dynamic.cpp(890):Level1Terminate] L1 Terminate not needed
12-10 10:10:06.972 10568 16039 E cr_media:   12-10 10:10:06.845 I [cdm_usage_table.cpp(203):RestoreTable] Found usage table to restore: entry_count = 0
12-10 10:10:06.972 10568 16039 E cr_media:   12-10 10:10:06.848 I [file_utils.cpp(38):Exists] stat failed: ENOENT
12-10 10:10:06.972 10568 16039 E cr_media:   12-10 10:10:06.849 I [file_utils.cpp(38):Exists] stat failed: ENOENT
12-10 10:10:06.972 10568 16039 E cr_media:   12-10 10:10:06.849 I [file_utils.cpp(38):Exists] stat failed: ENOENT
12-10 10:10:06.972 10568 16039 E cr_media:   12-10 10:10:06.854 I [cdm_engine.cpp(1118):GetProvisioningRequest] cert_type = Widevine
12-10 10:10:06.972 10568 16039 E cr_media:   12-10 10:10:06.931 I No hidl drm factories found
12-10 10:10:06.972 10568 16039 E cr_media:   12-10 10:10:06.932 E Failed to find passthrough drm factories
12-10 10:10:06.972 10568 16039 E cr_media:   12-10 10:10:06.938 I [(0):] L3 Terminate.
12-10 10:10:06.972 10568 16039 E cr_media:   12-10 10:10:06.939 I [cdm_engine.cpp(1092):IsSecurityLevelSupported] level = L1
12-10 10:10:06.972 10568 16039 E cr_media:   12-10 10:10:06.940 I [file_utils.cpp(38):Exists] stat failed: ENOENT
12-10 10:10:06.972 10568 16039 E cr_media:   12-10 10:10:06.940 I [oemcrypto_adapter_dynamic.cpp(826):Initialize] Level 3 Build Info (v18): {"soc_vendor":"L3_33100","soc_model":"X86 64 bit","ta_ver":"18.1.0+Feb 20 2024_20:28:28_","uses_opk":false,"tee_os":"none","tee_os_ver":"0.0.0","form_factor":"L3","implementer":"Widevine","fused":false}
12-10 10:10:06.972 10568 16039 E cr_media:   12-10 10:10:06.941 I [(0):] Level3 Library 33100 Feb 20 2024 20:28:28
12-10 10:10:06.972 10568 16039 E cr_media:   12-10 10:10:06.945 W [oemcrypto_adapter_dynamic.cpp(858):Initialize] Could not load oemcrypto. Falling back to L3.
12-10 10:10:06.972 10568 16039 E cr_media:   12-10 10:10:06.945 E [oemcrypto_adapter_dynamic.cpp(1326):ValidateOrInstallL1KeyboxOrCert] L1 not initialized. Falling back to L3
12-10 10:10:06.972 10568 16039 E cr_media:   12-10 10:10:06.945 I [oemcrypto_adapter_dynamic.cpp(841):Initialize] L3 Initialized. Trying L1.
12-10 10:10:06.972 10568 16039 E cr_media:   12-10 10:10:06.945 W [oemcrypto_adapter_dynamic.cpp(854):Initialize] Could not load oemcrypto from path liboemcrypto.so.  dlopen failed: library "liboemcrypto.so" not found
12-10 10:10:06.972 10568 16039 E cr_media:   12-10 10:10:06.946 I No hidl drm factories found
12-10 10:10:06.972 10568 16039 E cr_media:   12-10 10:10:06.946 I [oemcrypto_adapter_dynamic.cpp(890):Level1Terminate] L1 Terminate not needed
12-10 10:10:06.972 10568 16039 E cr_media:   12-10 10:10:06.946 I [file_utils.cpp(38):Exists] stat failed: ENOENT
12-10 10:10:06.972 10568 16039 E cr_media:   12-10 10:10:06.946 W [oemcrypto_adapter_dynamic.cpp(1531):OEMCrypto_InitializeAndCheckKeybox] Keybox error: 25. Falling back to L3.
12-10 10:10:06.972 10568 16039 E cr_media:   12-10 10:10:06.947 E Failed to find passthrough drm factories
12-10 10:10:06.972 10568 16039 E cr_media:   12-10 10:10:06.952 I [cdm_engine.cpp(1092):IsSecurityLevelSupported] level = L1
12-10 10:10:06.972 10568 16039 E cr_media:   12-10 10:10:06.963 I [(0):] L3 Terminate.
12-10 10:10:06.972 10568 16039 E cr_media:   12-10 10:10:06.964 I [file_utils.cpp(38):Exists] stat failed: ENOENT
12-10 10:10:06.972 10568 16039 E cr_media:   12-10 10:10:06.964 I [oemcrypto_adapter_dynamic.cpp(826):Initialize] Level 3 Build Info (v18): {"soc_vendor":"L3_33100","soc_model":"X86 64 bit","ta_ver":"18.1.0+Feb 20 2024_20:28:28_","uses_opk":false,"tee_os":"none","tee_os_ver":"0.0.0","form_factor":"L3","implementer":"Widevine","fused":false}
12-10 10:10:06.972 10568 16039 E cr_media:   12-10 10:10:06.964 I [(0):] Level3 Library 33100 Feb 20 2024 20:28:28
12-10 10:10:06.972 10568 16039 E cr_media:   12-10 10:10:06.969 I [oemcrypto_adapter_dynamic.cpp(841):Initialize] L3 Initialized. Trying L1.
12-10 10:10:06.972 10568 16039 E cr_media:   12-10 10:10:06.969 W [oemcrypto_adapter_dynamic.cpp(854):Initialize] Could not load oemcrypto from path liboemcrypto.so.  dlopen failed: library "liboemcrypto.so" not found
12-10 10:10:06.972 10568 16039 E cr_media:   12-10 10:10:06.969 W [oemcrypto_adapter_dynamic.cpp(858):Initialize] Could not load oemcrypto. Falling back to L3.
12-10 10:10:06.972 10568 16039 E cr_media:   12-10 10:10:06.969 E [oemcrypto_adapter_dynamic.cpp(1326):ValidateOrInstallL1KeyboxOrCert] L1 not initialized. Falling back to L3
12-10 10:10:06.972 10568 16039 E cr_media:   12-10 10:10:06.969 I [file_utils.cpp(38):Exists] stat failed: ENOENT
12-10 10:10:06.972 10568 16039 E cr_media:   12-10 10:10:06.969 W [oemcrypto_adapter_dynamic.cpp(1531):OEMCrypto_InitializeAndCheckKeybox] Keybox error: 25. Falling back to L3.
12-10 10:10:06.972 10568 16039 E cr_media:   12-10 10:10:06.969 I [oemcrypto_adapter_dynamic.cpp(890):Level1Terminate] L1 Terminate not needed
12-10 10:10:06.972 10568 16039 E cr_media: ============================== End of DRM Plugin Log ==============================
12-10 10:10:06.972 10568 16039 E cr_media: 	at android.media.MediaDrm.setPropertyString(Native Method)
12-10 10:10:06.972 10568 16039 E cr_media: 	at org.chromium.media.MediaDrmBridge.create(chromium-TrichromeChromeGoogle6432.aab-stable-636771938:104)
12-10 10:10:06.972 10568 16039 E cr_media: Security level L1 not supported!
12-10 10:10:06.976 10568 16039 W chromium: [WARNING:media_drm_origin_id_manager.cc(328)] Failed to provision origin ID
12-10 10:10:06.982   458   458 I WVCdm   : [(0):] L3 Terminate.
12-10 10:10:07.329   598   951 W BestClock: java.time.DateTimeException: Missing network time fix
12-10 10:10:07.330   598   951 W BestClock: java.time.DateTimeException: Missing network time fix
12-10 10:10:07.333   598   951 W BestClock: java.time.DateTimeException: Missing network time fix
12-10 10:10:07.863 17052 17052 W BpBinder: Linking to death on android.gui.ISurfaceComposer but there are no threads (yet?) listening to incoming transactions. See ProcessState::startThreadPool and ProcessState::setThreadPoolMaxThreadCount. Generally you should setup the binder threadpool before other initialization steps.
12-10 10:10:07.864 17052 17052 W ProcessState: Extra binder thread started, but 0 threads requested. Do not use *startThreadPool when zero threads are requested.
12-10 10:10:07.886   184   184 I hwservicemanager: getTransport: Cannot find entry android.hardware.graphics.mapper@4.0::IMapper/default in either framework or device VINTF manifest.
12-10 10:10:07.886 17052 17054 I Gralloc4: mapper 4.x is not supported
12-10 10:10:07.936  1292  1525 W MediaProvider: isAppCloneUserPair for user 0: false
12-10 10:10:08.107 17016 17016 I AidlLazyServiceRegistrar: Process has 0 (of 1 available) client(s) in use after notification android.hardware.drm.IDrmFactory/clearkey has clients: 0
12-10 10:10:08.107 17016 17016 I AidlLazyServiceRegistrar: Trying to shut down the service. No clients in use for any service in process.
12-10 10:10:08.117 17016 17016 I AidlLazyServiceRegistrar: Unregistered all clients and exiting
12-10 10:10:08.126   598   951 I ActivityManager: Broadcasting: Intent { act=android.intent.action.MEDIA_SCANNER_SCAN_FILE dat=file:///... flg=0x400000 }
12-10 10:10:08.126   598   951 I ActivityManager: Enqueued broadcast Intent { act=android.intent.action.MEDIA_SCANNER_SCAN_FILE dat=file:///... flg=0x400000 }: 0
12-10 10:10:08.129   598  1603 W JobInfo : Job 'com.google.android.providers.media.module/com.android.providers.media.MediaService#-300' has a deadline with no functional constraints. The deadline won't improve job execution latency. Consider removing the deadline.
12-10 10:10:08.136   598   626 I ActivityManager: Broadcast completed: result=0
12-10 10:10:08.137  1292  1686 I MediaProvider: Begin Intent { act=android.intent.action.MEDIA_SCANNER_SCAN_FILE dat=file:///... flg=0x1400010 cmp=com.google.android.providers.media.module/com.android.providers.media.MediaService }
12-10 10:10:08.148  1292  1686 I MediaProvider: End Intent { act=android.intent.action.MEDIA_SCANNER_SCAN_FILE dat=file:///... flg=0x1400010 cmp=com.google.android.providers.media.module/com.android.providers.media.MediaService }
12-10 10:10:08.338   598  1603 W BestClock: java.time.DateTimeException: Missing network time fix
12-10 10:10:08.339   598  1603 W BestClock: java.time.DateTimeException: Missing network time fix
12-10 10:10:08.342   598  1603 W BestClock: java.time.DateTimeException: Missing network time fix
12-10 10:10:08.378  1292  2080 W MediaProvider: Ignoring param:deletedata post U for external apps
12-10 10:10:08.382  1292  2080 I MediaProvider: Deleted 0 1 0 0 0 0 0 items on external_primary due to com.android.shell
12-10 10:10:08.485   598   637 W IPCThreadState: Sending oneway calls to frozen process.
12-10 10:10:08.689   598   637 W IPCThreadState: Sending oneway calls to frozen process.
12-10 10:10:09.022   598   951 W ActivityManager: pid 598 system sent binder code 1 with flags 1 to frozen apps and got error -32
12-10 10:10:09.023   598   951 W EnhancedConfirmationService: The packageName should not be null.
12-10 10:10:09.024   598   637 W IPCThreadState: Sending oneway calls to frozen process.
12-10 10:10:09.030   598   951 W MagnificationConnectionManager: requestConnection duplicated request: connect=false, mConnectionState=DISCONNECTED
12-10 10:10:09.031   598   951 W MagnificationConnectionManager: requestConnection duplicated request: connect=false, mConnectionState=DISCONNECTED
12-10 10:10:09.032   598  1603 W MagnificationConnectionManager: requestConnection duplicated request: connect=false, mConnectionState=DISCONNECTED
12-10 10:10:09.034   598   598 W IPCThreadState: Sending oneway calls to frozen process.
12-10 10:10:09.035   598   598 W IPCThreadState: Sending oneway calls to frozen process.
12-10 10:10:09.036   598   598 W IPCThreadState: Sending oneway calls to frozen process.
12-10 10:10:09.036   598   598 W IPCThreadState: Sending oneway calls to frozen process.
12-10 10:10:09.036   598   598 W IPCThreadState: Sending oneway calls to frozen process.
12-10 10:10:09.037   598   598 W IPCThreadState: Sending oneway calls to frozen process.
12-10 10:10:09.038   598   598 W IPCThreadState: Sending oneway calls to frozen process.
12-10 10:10:09.039   598   598 W IPCThreadState: Sending oneway calls to frozen process.
12-10 10:10:09.039   598   598 W IPCThreadState: Sending oneway calls to frozen process.
12-10 10:10:09.040   598   598 W IPCThreadState: Sending oneway calls to frozen process.
12-10 10:10:09.040   598   598 W IPCThreadState: Sending oneway calls to frozen process.
12-10 10:10:09.040   598   598 W IPCThreadState: Sending oneway calls to frozen process.
12-10 10:10:09.042   598   598 W IPCThreadState: Sending oneway calls to frozen process.
12-10 10:10:09.042   598   598 W IPCThreadState: Sending oneway calls to frozen process.
12-10 10:10:09.043   598   598 W IPCThreadState: Sending oneway calls to frozen process.
12-10 10:10:09.043   598   598 W IPCThreadState: Sending oneway calls to frozen process.
12-10 10:10:09.043   598   598 W IPCThreadState: Sending oneway calls to frozen process.
12-10 10:10:09.043   598   598 W IPCThreadState: Sending oneway calls to frozen process.
12-10 10:10:09.044   598   598 W IPCThreadState: Sending oneway calls to frozen process.
12-10 10:10:09.044   598   598 W IPCThreadState: Sending oneway calls to frozen process.
12-10 10:10:09.044   598   598 W IPCThreadState: Sending oneway calls to frozen process.
12-10 10:10:09.048   598   598 W MagnificationConnectionManager: requestConnection duplicated request: connect=false, mConnectionState=DISCONNECTED
12-10 10:10:09.049   598   598 W IPCThreadState: Sending oneway calls to frozen process.
12-10 10:10:09.049   598   598 W IPCThreadState: Sending oneway calls to frozen process.
12-10 10:10:09.049   598   598 W IPCThreadState: Sending oneway calls to frozen process.
12-10 10:10:09.049   598   598 W IPCThreadState: Sending oneway calls to frozen process.
12-10 10:10:09.049   598   598 W IPCThreadState: Sending oneway calls to frozen process.
12-10 10:10:09.050   598   598 W IPCThreadState: Sending oneway calls to frozen process.
12-10 10:10:09.051   598   598 W IPCThreadState: Sending oneway calls to frozen process.
12-10 10:10:09.051   598   598 W IPCThreadState: Sending oneway calls to frozen process.
12-10 10:10:09.051   598   598 W IPCThreadState: Sending oneway calls to frozen process.
12-10 10:10:09.051   598   598 W IPCThreadState: Sending oneway calls to frozen process.
12-10 10:10:09.051   598   598 W IPCThreadState: Sending oneway calls to frozen process.
12-10 10:10:09.052   598   598 W IPCThreadState: Sending oneway calls to frozen process.
12-10 10:10:09.052   598   598 W IPCThreadState: Sending oneway calls to frozen process.
12-10 10:10:09.052   598   598 W IPCThreadState: Sending oneway calls to frozen process.
12-10 10:10:09.053   598   598 W IPCThreadState: Sending oneway calls to frozen process.
12-10 10:10:09.053   598   598 W IPCThreadState: Sending oneway calls to frozen process.
12-10 10:10:09.053   598   598 W IPCThreadState: Sending oneway calls to frozen process.
12-10 10:10:09.053   598   598 W IPCThreadState: Sending oneway calls to frozen process.
12-10 10:10:09.054   598   598 W IPCThreadState: Sending oneway calls to frozen process.
12-10 10:10:09.055   598   598 W IPCThreadState: Sending oneway calls to frozen process.
12-10 10:10:09.055   598   598 W IPCThreadState: Sending oneway calls to frozen process.
12-10 10:10:09.056   598   598 W IPCThreadState: Sending oneway calls to frozen process.
12-10 10:10:09.056   598   598 W IPCThreadState: Sending oneway calls to frozen process.
12-10 10:10:09.056   598   598 W IPCThreadState: Sending oneway calls to frozen process.
12-10 10:10:09.057   598   598 W IPCThreadState: Sending oneway calls to frozen process.
12-10 10:10:09.057   598   598 W IPCThreadState: Sending oneway calls to frozen process.
12-10 10:10:09.057   598   598 W IPCThreadState: Sending oneway calls to frozen process.
12-10 10:10:09.057   598   598 W IPCThreadState: Sending oneway calls to frozen process.
12-10 10:10:09.352   598  4019 W BestClock: java.time.DateTimeException: Missing network time fix
12-10 10:10:09.358   598  4019 W BestClock: java.time.DateTimeException: Missing network time fix
12-10 10:10:09.376   598  4019 W BestClock: java.time.DateTimeException: Missing network time fix
12-10 10:10:09.907  1292  7959 I PSyncWorker: Starting proactive picker sync from sync source: 1
12-10 10:10:09.907  1292  7959 I PickerSyncTracker: Created new sync future java.util.concurrent.CompletableFuture@b924d3d[Not completed, 1 dependents]. Future map: {c192e2b1-15b3-47f7-9ab6-ecf2c8a70b7a=java.util.concurrent.CompletableFuture@b924d3d[Not completed, 1 dependents]}
12-10 10:10:09.909  1292  7959 I PickerSyncController: Executing SyncAdd. isLocal: true. authority: com.android.providers.media.photopicker
12-10 10:10:09.917  1292  7959 I PickerSyncController: Paged sync successful. QueryArgs: Bundle[{android.provider.extra.SYNC_GENERATION=490, android.provider.extra.PAGE_SIZE=1000}] Total Rows: 0
12-10 10:10:09.917  1292  7959 I PickerSyncController: Executing SyncRemove. isLocal: true. authority: com.android.providers.media.photopicker
12-10 10:10:09.920  1292  7959 E PickerDbFacade: Could not get first date taken millis for media id: 1000000079
12-10 10:10:09.920  1292  7959 W PickerDbFacade: Unable to promote cloud media with localId: 1000000079
12-10 10:10:09.927  1292  7959 I PickerSyncController: Paged sync successful. QueryArgs: Bundle[{android.provider.extra.SYNC_GENERATION=490, android.provider.extra.PAGE_SIZE=1000}] Total Rows: 0
12-10 10:10:09.928  1292  7959 I PickerSyncTracker: Marked sync future complete for work id: c192e2b1-15b3-47f7-9ab6-ecf2c8a70b7a. Future map: {}
12-10 10:10:09.928  1292  7959 I PSyncWorker: Completed picker proactive sync complete from local provider.
12-10 10:10:09.931  1292  1468 I WM-WorkerWrapper: Worker result SUCCESS for Work [ id=c192e2b1-15b3-47f7-9ab6-ecf2c8a70b7a, tags={ com.android.providers.media.photopicker.sync.ProactiveSyncWorker } ]
12-10 10:10:09.961   598  2274 W JobScheduler: Job didn't exist in JobStore: 797ede5 {androidx.work.systemjobscheduler} #u0a196/80 @androidx.work.systemjobscheduler@com.google.android.providers.media.module/androidx.work.impl.background.systemjob.SystemJobService
12-10 10:10:10.382   598  2274 W BestClock: java.time.DateTimeException: Missing network time fix
12-10 10:10:10.383   598  2274 W BestClock: java.time.DateTimeException: Missing network time fix
12-10 10:10:10.388   598  2274 W BestClock: java.time.DateTimeException: Missing network time fix
12-10 10:10:10.704 17097 17097 W BpBinder: Linking to death on android.gui.ISurfaceComposer but there are no threads (yet?) listening to incoming transactions. See ProcessState::startThreadPool and ProcessState::setThreadPoolMaxThreadCount. Generally you should setup the binder threadpool before other initialization steps.
12-10 10:10:10.705 17097 17097 W ProcessState: Extra binder thread started, but 0 threads requested. Do not use *startThreadPool when zero threads are requested.
12-10 10:10:10.729   184   184 I hwservicemanager: getTransport: Cannot find entry android.hardware.graphics.mapper@4.0::IMapper/default in either framework or device VINTF manifest.
12-10 10:10:10.729 17097 17099 I Gralloc4: mapper 4.x is not supported
12-10 10:10:10.779  1292 16274 W MediaProvider: isAppCloneUserPair for user 0: false
12-10 10:10:10.815   480   480 E adbd    : failed to connect to socket 'tcp:51112': Connection refused
12-10 10:10:10.929   598  2274 I ActivityManager: Broadcasting: Intent { act=android.intent.action.MEDIA_SCANNER_SCAN_FILE dat=file:///... flg=0x400000 }
12-10 10:10:10.930   598  2274 I ActivityManager: Enqueued broadcast Intent { act=android.intent.action.MEDIA_SCANNER_SCAN_FILE dat=file:///... flg=0x400000 }: 0
12-10 10:10:10.932   598  4019 W JobInfo : Job 'com.google.android.providers.media.module/com.android.providers.media.MediaService#-300' has a deadline with no functional constraints. The deadline won't improve job execution latency. Consider removing the deadline.
12-10 10:10:10.941   598   626 I ActivityManager: Broadcast completed: result=0
12-10 10:10:10.943  1292  1686 I MediaProvider: Begin Intent { act=android.intent.action.MEDIA_SCANNER_SCAN_FILE dat=file:///... flg=0x1400010 cmp=com.google.android.providers.media.module/com.android.providers.media.MediaService }
12-10 10:10:10.951  1292  1686 I MediaProvider: End Intent { act=android.intent.action.MEDIA_SCANNER_SCAN_FILE dat=file:///... flg=0x1400010 cmp=com.google.android.providers.media.module/com.android.providers.media.MediaService }
12-10 10:10:11.178  1292  2080 W MediaProvider: Ignoring param:deletedata post U for external apps
12-10 10:10:11.181  1292  2080 I MediaProvider: Deleted 0 1 0 0 0 0 0 items on external_primary due to com.android.shell
12-10 10:10:11.391   598  2274 W BestClock: java.time.DateTimeException: Missing network time fix
12-10 10:10:11.392   598  2274 W BestClock: java.time.DateTimeException: Missing network time fix
12-10 10:10:11.395   598  2274 W BestClock: java.time.DateTimeException: Missing network time fix
12-10 10:10:12.398   598  2274 W BestClock: java.time.DateTimeException: Missing network time fix
12-10 10:10:12.399   598  2274 W BestClock: java.time.DateTimeException: Missing network time fix
12-10 10:10:12.403   598  2274 W BestClock: java.time.DateTimeException: Missing network time fix
12-10 10:10:12.729  1292  8235 I PSyncWorker: Starting proactive picker sync from sync source: 1
12-10 10:10:12.730  1292  8235 I PickerSyncTracker: Created new sync future java.util.concurrent.CompletableFuture@a4ffd71[Not completed, 1 dependents]. Future map: {fba1ca35-88a3-4ea1-a027-81c1b2263efe=java.util.concurrent.CompletableFuture@a4ffd71[Not completed, 1 dependents]}
12-10 10:10:12.746  1292  8235 I PickerSyncController: Executing SyncAdd. isLocal: true. authority: com.android.providers.media.photopicker
12-10 10:10:12.766  1292  8235 I PickerSyncController: Paged sync successful. QueryArgs: Bundle[{android.provider.extra.SYNC_GENERATION=501, android.provider.extra.PAGE_SIZE=1000}] Total Rows: 0
12-10 10:10:12.766  1292  8235 I PickerSyncController: Executing SyncRemove. isLocal: true. authority: com.android.providers.media.photopicker
12-10 10:10:12.767  1292  8235 E PickerDbFacade: Could not get first date taken millis for media id: 1000000080
12-10 10:10:12.769  1292  8235 W PickerDbFacade: Unable to promote cloud media with localId: 1000000080
12-10 10:10:12.775  1292  8235 I PickerSyncController: Paged sync successful. QueryArgs: Bundle[{android.provider.extra.SYNC_GENERATION=501, android.provider.extra.PAGE_SIZE=1000}] Total Rows: 0
12-10 10:10:12.775  1292  8235 I PickerSyncTracker: Marked sync future complete for work id: fba1ca35-88a3-4ea1-a027-81c1b2263efe. Future map: {}
12-10 10:10:12.775  1292  8235 I PSyncWorker: Completed picker proactive sync complete from local provider.
12-10 10:10:12.778  1292  1469 I WM-WorkerWrapper: Worker result SUCCESS for Work [ id=fba1ca35-88a3-4ea1-a027-81c1b2263efe, tags={ com.android.providers.media.photopicker.sync.ProactiveSyncWorker } ]
12-10 10:10:12.883  4028  4090 W GLSUser : [AppCertManager] Exception while requesting key: 
12-10 10:10:12.883  4028  4090 W GLSUser : java.util.concurrent.ExecutionException: bpcw: Failed to process request
12-10 10:10:12.883  4028  4090 W GLSUser : 	at etvr.s(:com.google.android.gms@242335041@24.23.35 (190800-646585959):21)
12-10 10:10:12.883  4028  4090 W GLSUser : 	at etvr.get(:com.google.android.gms@242335041@24.23.35 (190800-646585959):10)
12-10 10:10:12.883  4028  4090 W GLSUser : 	at yfw.b(:com.google.android.gms@242335041@24.23.35 (190800-646585959):477)
12-10 10:10:12.883  4028  4090 W GLSUser : 	at yfu.b(:com.google.android.gms@242335041@24.23.35 (190800-646585959):31)
12-10 10:10:12.883  4028  4090 W GLSUser : 	at yfp.a(:com.google.android.gms@242335041@24.23.35 (190800-646585959):1)
12-10 10:10:12.883  4028  4090 W GLSUser : 	at yfs.a(:com.google.android.gms@242335041@24.23.35 (190800-646585959):58)
12-10 10:10:12.883  4028  4090 W GLSUser : 	at uou.call(:com.google.android.gms@242335041@24.23.35 (190800-646585959):56)
12-10 10:10:12.883  4028  4090 W GLSUser : 	at java.util.concurrent.FutureTask.run(FutureTask.java:264)
12-10 10:10:12.883  4028  4090 W GLSUser : 	at angs.c(:com.google.android.gms@242335041@24.23.35 (190800-646585959):50)
12-10 10:10:12.883  4028  4090 W GLSUser : 	at angs.run(:com.google.android.gms@242335041@24.23.35 (190800-646585959):76)
12-10 10:10:12.883  4028  4090 W GLSUser : 	at java.util.concurrent.ThreadPoolExecutor.runWorker(ThreadPoolExecutor.java:1145)
12-10 10:10:12.883  4028  4090 W GLSUser : 	at java.util.concurrent.ThreadPoolExecutor$Worker.run(ThreadPoolExecutor.java:644)
12-10 10:10:12.883  4028  4090 W GLSUser : 	at anmg.run(:com.google.android.gms@242335041@24.23.35 (190800-646585959):8)
12-10 10:10:12.883  4028  4090 W GLSUser : 	at java.lang.Thread.run(Thread.java:1012)
12-10 10:10:12.883  4028  4090 W GLSUser : Caused by: bpcw: Failed to process request
12-10 10:10:12.883  4028  4090 W GLSUser : 	at bpgb.b(:com.google.android.gms@242335041@24.23.35 (190800-646585959):19)
12-10 10:10:12.883  4028  4090 W GLSUser : 	at bpgp.onFailed(:com.google.android.gms@242335041@24.23.35 (190800-646585959):13)
12-10 10:10:12.883  4028  4090 W GLSUser : 	at m.mw.onFailed(:com.google.android.gms.dynamite_cronetdynamite@242335041@24.23.35 (190800-0):3)
12-10 10:10:12.883  4028  4090 W GLSUser : 	at m.lw.run(:com.google.android.gms.dynamite_cronetdynamite@242335041@24.23.35 (190800-0):9)
12-10 10:10:12.883  4028  4090 W GLSUser : 	... 6 more
12-10 10:10:12.883  4028  4090 W GLSUser : Caused by: m.mg: Exception in CronetUrlRequest: net::ERR_TIMED_OUT, ErrorCode=4, InternalErrorCode=-7, Retryable=true
12-10 10:10:12.883  4028  4090 W GLSUser : 	at org.chromium.net.impl.CronetUrlRequest.onError(:com.google.android.gms.dynamite_cronetdynamite@242335041@24.23.35 (190800-0):4)
12-10 10:10:12.904  4028  4144 W GLSUser : [DeviceKeyStore] Cannot load key: Device key file not found.
12-10 10:10:12.952  9694 17126 W DG      : [flow devicekey] DroidGuardRunner.newVmProcessForFastSignalCollection(): Fast program not found [CONTEXT service_id=25 ]
12-10 10:10:13.416   598  2274 W BestClock: java.time.DateTimeException: Missing network time fix
12-10 10:10:13.422   598  2274 W BestClock: java.time.DateTimeException: Missing network time fix
12-10 10:10:13.440   598  2274 W BestClock: java.time.DateTimeException: Missing network time fix
12-10 10:10:14.445   598  4019 W BestClock: java.time.DateTimeException: Missing network time fix
12-10 10:10:14.446   598  4019 W BestClock: java.time.DateTimeException: Missing network time fix
12-10 10:10:14.449   598  4019 W BestClock: java.time.DateTimeException: Missing network time fix
12-10 10:10:14.681   480   480 E adbd    : failed to connect to socket 'tcp:51112': Connection refused
12-10 10:10:15.460   598  4019 W BestClock: java.time.DateTimeException: Missing network time fix
12-10 10:10:15.464   598  4019 W BestClock: java.time.DateTimeException: Missing network time fix
12-10 10:10:15.478   598  4019 W BestClock: java.time.DateTimeException: Missing network time fix
12-10 10:10:16.495   598  4019 W BestClock: java.time.DateTimeException: Missing network time fix
12-10 10:10:16.498   598  4019 W BestClock: java.time.DateTimeException: Missing network time fix
12-10 10:10:16.508   598  4019 W BestClock: java.time.DateTimeException: Missing network time fix
12-10 10:10:17.159   598  2274 W AppOps  : Noting op not finished: uid 10144 pkg com.google.android.gms code 113 startTime of in progress event=1733824878582
12-10 10:10:17.174   598  2274 W AppOps  : Noting op not finished: uid 10144 pkg com.google.android.gms code 113 startTime of in progress event=1733824878582
12-10 10:10:17.182  4028  4181 I ActivityScheduler: nextTriggerTime: 9223372036854775806, in 9223372036852324385ms, detectorType: 32, SLEEP alarmWindowMillis: 3074457345618258602
12-10 10:10:17.183   598  4019 W AlarmManager: Window length 3074457345618258602ms too long; limiting to 1 day
12-10 10:10:17.522   598  1603 W BestClock: java.time.DateTimeException: Missing network time fix
12-10 10:10:17.525   598  1603 W BestClock: java.time.DateTimeException: Missing network time fix
12-10 10:10:17.540   598  1603 W BestClock: java.time.DateTimeException: Missing network time fix
12-10 10:10:17.941   598   637 W IPCThreadState: Sending oneway calls to frozen process.
12-10 10:10:17.955 17145 17145 I AndroidRuntime: Using default boot image
12-10 10:10:17.956 17145 17145 I AndroidRuntime: Leaving lock profiling enabled
12-10 10:10:17.959 17145 17145 I app_process: Using CollectorTypeCMC GC.
12-10 10:10:18.074 17145 17145 W app_process: Unexpected CPU variant for x86: x86_64.
12-10 10:10:18.074 17145 17145 W app_process: Known variants: atom, sandybridge, silvermont, goldmont, goldmont-plus, goldmont-without-sha-xsaves, tremont, kabylake, default
12-10 10:10:18.076 17145 17145 W app_process: ClassLoaderContext shared library size mismatch. Expected=2, found=0 (PCL[]{PCL[/system/framework/android.test.base.jar*724373495]#PCL[/system/framework/android.test.mock.jar*1452759902]} | PCL[])
12-10 10:10:18.078 17145 17145 W app_process: ClassLoaderContext classpath size mismatch. expected=0, found=1 (PCL[]{PCL[/system/framework/android.test.runner.jar*2496447986]#PCL[/system/framework/android.test.base.jar*724373495]} | PCL[/system/framework/android.test.runner.jar*2496447986])
12-10 10:10:18.116 17145 17145 I UiAutomation: Initialized for user 0 on display 0
12-10 10:10:18.116 17145 17145 W UiAutomation: Created with deprecatead constructor, assumes DEFAULT_DISPLAY
12-10 10:10:18.120   598  1603 I UiAutomationManager: Registering UiTestAutomationService (id=com.android.server.accessibility/UiAutomation, flags=0x0) when called by user 0
12-10 10:10:18.125   598  1603 W MagnificationConnectionManager: requestConnection duplicated request: connect=false, mConnectionState=DISCONNECTED
12-10 10:10:18.128   598   598 W IPCThreadState: Sending oneway calls to frozen process.
12-10 10:10:18.128   598   598 W IPCThreadState: Sending oneway calls to frozen process.
12-10 10:10:18.129   598   598 W IPCThreadState: Sending oneway calls to frozen process.
12-10 10:10:18.129   598   598 W IPCThreadState: Sending oneway calls to frozen process.
12-10 10:10:18.129   598   598 W IPCThreadState: Sending oneway calls to frozen process.
12-10 10:10:18.130   598   598 W IPCThreadState: Sending oneway calls to frozen process.
12-10 10:10:18.131   598   598 W IPCThreadState: Sending oneway calls to frozen process.
12-10 10:10:18.132   598   598 W IPCThreadState: Sending oneway calls to frozen process.
12-10 10:10:18.133   598   598 W IPCThreadState: Sending oneway calls to frozen process.
12-10 10:10:18.133   598   598 W IPCThreadState: Sending oneway calls to frozen process.
12-10 10:10:18.133   598   598 W IPCThreadState: Sending oneway calls to frozen process.
12-10 10:10:18.134   598   598 W IPCThreadState: Sending oneway calls to frozen process.
12-10 10:10:18.135   598   598 W IPCThreadState: Sending oneway calls to frozen process.
12-10 10:10:18.135   598   598 W IPCThreadState: Sending oneway calls to frozen process.
12-10 10:10:18.149   598   637 W IPCThreadState: Sending oneway calls to frozen process.
12-10 10:10:18.385   598   637 W IPCThreadState: Sending oneway calls to frozen process.
12-10 10:10:18.544   598  1603 W BestClock: java.time.DateTimeException: Missing network time fix
12-10 10:10:18.545   598  1603 W BestClock: java.time.DateTimeException: Missing network time fix
12-10 10:10:18.547   598  1603 W BestClock: java.time.DateTimeException: Missing network time fix
12-10 10:10:18.600   480   480 E adbd    : failed to connect to socket 'tcp:51112': Connection refused
12-10 10:10:19.550   598  1603 W BestClock: java.time.DateTimeException: Missing network time fix
12-10 10:10:19.551   598  1603 W BestClock: java.time.DateTimeException: Missing network time fix
12-10 10:10:19.554   598  1603 W BestClock: java.time.DateTimeException: Missing network time fix
12-10 10:10:19.975   598  2274 W AS.PlaybackActivityMon: No piid assigned for invalid/internal port id 16
12-10 10:10:19.978   598  1603 W OptProp : Cannot read opt property android.window.PROPERTY_COMPAT_ALLOW_USER_ASPECT_RATIO_OVERRIDE
12-10 10:10:19.978   598  1603 W OptProp : Cannot read opt property android.window.PROPERTY_COMPAT_ALLOW_USER_ASPECT_RATIO_FULLSCREEN_OVERRIDE
12-10 10:10:19.978   598  1603 W OptProp : Cannot read opt property android.window.PROPERTY_COMPAT_ALLOW_ORIENTATION_OVERRIDE
12-10 10:10:19.979   598  1603 W OptProp : Cannot read opt property android.window.PROPERTY_COMPAT_ALLOW_RESIZEABLE_ACTIVITY_OVERRIDES
12-10 10:10:19.979   598  1603 W OptProp : Cannot read opt property android.window.PROPERTY_COMPAT_ALLOW_MIN_ASPECT_RATIO_OVERRIDE
12-10 10:10:19.989   598  1603 I ActivityTaskManager: START u0 {cmp=com.ichi2.anki/.SharedDecksActivity} with LAUNCH_MULTIPLE from uid 10217 (BAL_ALLOW_VISIBLE_WINDOW) result code=0
12-10 10:10:19.996 15794 15794 I AnkiDroid: DeckPicker::onPause
12-10 10:10:20.000   598  4019 W OptProp : Cannot read opt property android.window.PROPERTY_COMPAT_ENABLE_FAKE_FOCUS
12-10 10:10:20.003   472   472 I BpBinder: onLastStrongRef automatically unlinking death recipients: 
12-10 10:10:20.012 15794 15794 I AnkiDroid: Setting theme to LIGHT
12-10 10:10:20.015 15794 15794 I AnkiDroid: SharedDecksActivity::onCreate
12-10 10:10:20.058 15794 15854 W cr_media: BLUETOOTH_CONNECT permission is missing.
12-10 10:10:20.059 15794 15854 W cr_media: registerBluetoothIntentsIfNeeded: Requires BLUETOOTH permission
12-10 10:10:20.084 15836 15846 I cr_LibraryLoader: Successfully loaded native library
12-10 10:10:20.085 15836 15846 I cr_CachingUmaRecorder: Flushed 2 samples from 2 histograms, 0 samples were dropped.
12-10 10:10:20.091 15794 15794 I AnkiDroid: SharedDecksActivity::onStart
12-10 10:10:20.096 15794 15794 I AnkiDroid: SharedDecksActivity::onResume
12-10 10:10:20.100 15836 15846 W SystemServiceRegistry: No service published for: uimode
12-10 10:10:20.160 15836 15846 W chromium: [WARNING:runtime_features.cc(694)] SharedStorage for M118+ cannot be enabled in this configuration. Use --enable-features=SharedStorageAPI,SharedStorageAPIM118 in addition.
12-10 10:10:20.160 15836 15846 W chromium: [WARNING:runtime_features.cc(730)] AttributionReportingCrossAppWeb cannot be enabled in this configuration. Use --enable-features=ConversionMeasurement,AttributionReportingCrossAppWeb in addition.
12-10 10:10:20.259  4028  9251 I FontLog : (REDACTED) Received query %s, URI %s
12-10 10:10:20.259  4028  9251 I FontLog : (REDACTED) Query [%s] resolved to %s
12-10 10:10:20.262  4028  9251 I FontLog : (REDACTED) Font PFD returned from cache for %s
12-10 10:10:20.262  4028  9251 I FontLog : (REDACTED) Fetch %s end status %s
12-10 10:10:20.270  4028  9251 I FontLog : (REDACTED) Pulling font file for id = %d, cache size = %d
12-10 10:10:20.282  4028  9251 I FontLog : (REDACTED) Received query %s, URI %s
12-10 10:10:20.283  4028  9251 I FontLog : (REDACTED) Query [%s] resolved to %s
12-10 10:10:20.285  4028  9251 I FontLog : (REDACTED) Fetch %s end status %s
12-10 10:10:20.291  4028  9251 I FontLog : (REDACTED) Pulling font file for id = %d, cache size = %d
12-10 10:10:20.295  4028  9251 I FontLog : (REDACTED) Received query %s, URI %s
12-10 10:10:20.295  4028  9251 I FontLog : (REDACTED) Query [%s] resolved to %s
12-10 10:10:20.297  4028  9251 I FontLog : (REDACTED) Font PFD returned from cache for %s
12-10 10:10:20.297  4028  9251 I FontLog : (REDACTED) Fetch %s end status %s
12-10 10:10:20.307  4028  4116 I FontLog : (REDACTED) Pulling font file for id = %d, cache size = %d
12-10 10:10:20.313  4028  4116 I FontLog : (REDACTED) Received query %s, URI %s
12-10 10:10:20.315  4028  4116 I FontLog : (REDACTED) Query [%s] resolved to %s
12-10 10:10:20.322  4028  4116 I FontLog : (REDACTED) Font PFD returned from cache for %s
12-10 10:10:20.323  4028  4116 I FontLog : (REDACTED) Fetch %s end status %s
12-10 10:10:20.326  4028  4116 I FontLog : (REDACTED) Pulling font file for id = %d, cache size = %d
12-10 10:10:20.339  4028 15371 I SQLiteConnectionPool: The connection pool for /data/user/0/com.google.android.gms/databases/metadata.db has been closed but there are still 1 connections in use.  They will be closed as they are released back to the pool.
12-10 10:10:20.346  4028 17236 W FontLog : Error updating last accessed time for {Google Sans, wdth 100.0, wght 500, ital 0.0, bestEffort false}. [CONTEXT service_id=132 ]
12-10 10:10:20.346  4028 17236 W FontLog : java.lang.IllegalStateException: Cannot perform this operation because the connection pool has been closed.
12-10 10:10:20.346  4028 17236 W FontLog : 	at android.database.sqlite.SQLiteConnectionPool.throwIfClosedLocked(SQLiteConnectionPool.java:1103)
12-10 10:10:20.346  4028 17236 W FontLog : 	at android.database.sqlite.SQLiteConnectionPool.waitForConnection(SQLiteConnectionPool.java:794)
12-10 10:10:20.346  4028 17236 W FontLog : 	at android.database.sqlite.SQLiteConnectionPool.acquireConnection(SQLiteConnectionPool.java:399)
12-10 10:10:20.346  4028 17236 W FontLog : 	at android.database.sqlite.SQLiteSession.acquireConnection(SQLiteSession.java:920)
12-10 10:10:20.346  4028 17236 W FontLog : 	at android.database.sqlite.SQLiteSession.executeForChangedRowCount(SQLiteSession.java:778)
12-10 10:10:20.346  4028 17236 W FontLog : 	at android.database.sqlite.SQLiteStatement.executeUpdateDelete(SQLiteStatement.java:67)
12-10 10:10:20.346  4028 17236 W FontLog : 	at android.database.sqlite.SQLiteDatabase.executeSql(SQLiteDatabase.java:2207)
12-10 10:10:20.346  4028 17236 W FontLog : 	at android.database.sqlite.SQLiteDatabase.execSQL(SQLiteDatabase.java:2183)
12-10 10:10:20.346  4028 17236 W FontLog : 	at bbkg.run(:com.google.android.gms@242335041@24.23.35 (190800-646585959):57)
12-10 10:10:20.346  4028 17236 W FontLog : 	at angs.c(:com.google.android.gms@242335041@24.23.35 (190800-646585959):50)
12-10 10:10:20.346  4028 17236 W FontLog : 	at angs.run(:com.google.android.gms@242335041@24.23.35 (190800-646585959):76)
12-10 10:10:20.346  4028 17236 W FontLog : 	at java.util.concurrent.ThreadPoolExecutor.runWorker(ThreadPoolExecutor.java:1145)
