12-10 10:09:13.331   207   207 E keystore2: system/security/keystore2/rkpd_client/src/lib.rs:193 - IGetKeyCallback failed: ERROR_PENDING_INTERNET_CONNECTIVITY: No network detected.
12-10 10:09:13.331   207   221 W keystore2: system/security/keystore2/src/remote_provisioning.rs:98 - Error occurred: system/security/keystore2/rkpd_client/src/lib.rs:194: GetKeyCallback failed: r#ERROR_PENDING_INTERNET_CONNECTIVITY "ERROR_PENDING_INTERNET_CONNECTIVITY: No network detected."
12-10 10:09:13.331   207   221 W keystore2: 
12-10 10:09:13.331   207   221 W keystore2: Caused by:
12-10 10:09:13.331   207   221 W keystore2:     Failed to get key: r#ERROR_PENDING_INTERNET_CONNECTIVITY
12-10 10:09:13.482  4028  7149 W DroidguardProvider: droidguard took a lot of time : 4919 millis [CONTEXT service_id=257 ]
12-10 10:09:13.504   598  1724 W ProcessStats: Tracking association SourceState{5b5b819 com.google.android.gms.persistent/10144 BTop #6092} whose proc state 2 is better than process ProcessState{66bf28e com.google.android.gms.unstable/10144 pkg=com.google.android.gms} proc state 14 (10 skipped)
12-10 10:09:13.677   598  1724 W BestClock: java.time.DateTimeException: Missing network time fix
12-10 10:09:13.683   598  1724 W BestClock: java.time.DateTimeException: Missing network time fix
12-10 10:09:13.700   598  1724 W BestClock: java.time.DateTimeException: Missing network time fix
12-10 10:09:13.845   598   637 W IPCThreadState: Sending oneway calls to frozen process.
12-10 10:09:14.342   598   637 W IPCThreadState: Sending oneway calls to frozen process.
12-10 10:09:14.598   598   637 W IPCThreadState: Sending oneway calls to frozen process.
12-10 10:09:14.703   598  2273 W BestClock: java.time.DateTimeException: Missing network time fix
12-10 10:09:14.704   598  2273 W BestClock: java.time.DateTimeException: Missing network time fix
12-10 10:09:14.709   598  2273 W BestClock: java.time.DateTimeException: Missing network time fix
12-10 10:09:14.833 16172 16172 I AndroidRuntime: Using default boot image
12-10 10:09:14.833 16172 16172 I AndroidRuntime: Leaving lock profiling enabled
12-10 10:09:14.844 16172 16172 I app_process: Using CollectorTypeCMC GC.
12-10 10:09:14.948  1217  1225 W ssioncontroller: ApkAssets: Deleting an ApkAssets object '<empty> and /data/app/~~pMoxUc2l63PgGV5PLCZnKA==/io.github.ylimit.droidbotapp-3SZ-xgJ1HyMFH3ZTi5YHRw==/base.apk' with 1 weak references
12-10 10:09:15.007   480   480 E adbd    : failed to connect to socket 'tcp:51112': Connection refused
12-10 10:09:15.180 16172 16172 W app_process: Unexpected CPU variant for x86: x86_64.
12-10 10:09:15.180 16172 16172 W app_process: Known variants: atom, sandybridge, silvermont, goldmont, goldmont-plus, goldmont-without-sha-xsaves, tremont, kabylake, default
12-10 10:09:15.193 16172 16172 W app_process: ClassLoaderContext shared library size mismatch. Expected=2, found=0 (PCL[]{PCL[/system/framework/android.test.base.jar*724373495]#PCL[/system/framework/android.test.mock.jar*1452759902]} | PCL[])
12-10 10:09:15.198 16172 16172 W app_process: ClassLoaderContext classpath size mismatch. expected=0, found=1 (PCL[]{PCL[/system/framework/android.test.runner.jar*2496447986]#PCL[/system/framework/android.test.base.jar*724373495]} | PCL[/system/framework/android.test.runner.jar*2496447986])
12-10 10:09:15.248 16172 16172 I UiAutomation: Initialized for user 0 on display 0
12-10 10:09:15.248 16172 16172 W UiAutomation: Created with deprecatead constructor, assumes DEFAULT_DISPLAY
12-10 10:09:15.253   598  1724 I UiAutomationManager: Registering UiTestAutomationService (id=com.android.server.accessibility/UiAutomation, flags=0x0) when called by user 0
12-10 10:09:15.260   598  1724 W MagnificationConnectionManager: requestConnection duplicated request: connect=false, mConnectionState=DISCONNECTED
12-10 10:09:15.264   598   598 W IPCThreadState: Sending oneway calls to frozen process.
12-10 10:09:15.265   598   598 W IPCThreadState: Sending oneway calls to frozen process.
12-10 10:09:15.265   598   598 W IPCThreadState: Sending oneway calls to frozen process.
12-10 10:09:15.268   598   598 W IPCThreadState: Sending oneway calls to frozen process.
12-10 10:09:15.269   598   598 W IPCThreadState: Sending oneway calls to frozen process.
12-10 10:09:15.269   598   598 W IPCThreadState: Sending oneway calls to frozen process.
12-10 10:09:15.279  1217  1373 E AccessibilitySettingsUtil: unable to parse accessibility service null
12-10 10:09:15.287   598   598 W IPCThreadState: Sending oneway calls to frozen process.
12-10 10:09:15.288   598   598 W IPCThreadState: Sending oneway calls to frozen process.
12-10 10:09:15.289   598   598 W IPCThreadState: Sending oneway calls to frozen process.
12-10 10:09:15.290   598   598 W IPCThreadState: Sending oneway calls to frozen process.
12-10 10:09:15.291   598   598 W IPCThreadState: Sending oneway calls to frozen process.
12-10 10:09:15.291   598   598 W IPCThreadState: Sending oneway calls to frozen process.
12-10 10:09:15.715   598  1724 W BestClock: java.time.DateTimeException: Missing network time fix
12-10 10:09:15.716   598  1724 W BestClock: java.time.DateTimeException: Missing network time fix
12-10 10:09:15.720   598  1724 W BestClock: java.time.DateTimeException: Missing network time fix
12-10 10:09:16.725   598  1724 W BestClock: java.time.DateTimeException: Missing network time fix
12-10 10:09:16.726   598  1724 W BestClock: java.time.DateTimeException: Missing network time fix
12-10 10:09:16.731   598  1724 W BestClock: java.time.DateTimeException: Missing network time fix
12-10 10:09:16.747  1422  1938 E Finsky  : [71] mwv.c(59): Unexpected android-id = 0
12-10 10:09:16.935  1422  1938 W android.vending: Accessing hidden method Lcom/android/org/conscrypt/ConscryptEngineSocket;->setUseSessionTickets(Z)V (max-target-q,core-platform-api, reflection, denied)
12-10 10:09:16.935  1422  1938 W android.vending: Accessing hidden method Lcom/android/org/conscrypt/OpenSSLSocketImpl;->setUseSessionTickets(Z)V (max-target-q,core-platform-api, reflection, denied)
12-10 10:09:16.935  1422  1938 W android.vending: Accessing hidden method Lcom/android/org/conscrypt/AbstractConscryptSocket;->setUseSessionTickets(Z)V (max-target-q, reflection, denied)
12-10 10:09:16.935  1422  1938 W android.vending: Accessing hidden method Lcom/android/org/conscrypt/ConscryptEngineSocket;->setHostname(Ljava/lang/String;)V (max-target-q,core-platform-api, reflection, denied)
12-10 10:09:16.935  1422  1938 W android.vending: Accessing hidden method Lcom/android/org/conscrypt/OpenSSLSocketImpl;->setHostname(Ljava/lang/String;)V (max-target-q,core-platform-api, reflection, denied)
12-10 10:09:16.935  1422  1938 W android.vending: Accessing hidden method Lcom/android/org/conscrypt/AbstractConscryptSocket;->setHostname(Ljava/lang/String;)V (max-target-q, reflection, denied)
12-10 10:09:16.936  1422  1938 W android.vending: Accessing hidden method Lcom/android/org/conscrypt/OpenSSLSocketImpl;->setAlpnProtocols([B)V (max-target-q,core-platform-api, reflection, denied)
12-10 10:09:16.936  1422  1938 W android.vending: Accessing hidden method Lcom/android/org/conscrypt/AbstractConscryptSocket;->setAlpnProtocols([B)V (max-target-q, reflection, denied)
12-10 10:09:17.082 15794 15798 W com.ichi2.anki: Cleared Reference was only reachable from finalizer (only reported once)
12-10 10:09:17.082  1422  3870 E Finsky  : [140] DseService.q(253): Setup::DSE: Failed to sync Phenotype experiments, time out after PT9S
12-10 10:09:17.095  1422  3870 I Finsky  : [140] alrq.x(231): Package com.android.chrome is verified.
12-10 10:09:17.100 15794 15800 W com.ichi2.anki: ApkAssets: Deleting an ApkAssets object '<empty> and /data/app/~~6gC3vjCkoOoCnU-cg7IdRA==/com.google.android.webview-7r8x3LwBSzAU6LKGLI9eUw==/WebViewGoogle.apk' with 2 weak references
12-10 10:09:17.101 15794 15800 W com.ichi2.anki: ApkAssets: Deleting an ApkAssets object '<empty> and /product/app/GoogleTTS/GoogleTTS.apk' with 1 weak references
12-10 10:09:17.128  1422  1895 I Finsky  : [52] mux.call(328): Start requesting FCM Reg Id
12-10 10:09:17.140  1422  1908 I EGL_emulation: Opening libGLESv1_CM_emulation.so
12-10 10:09:17.147  1422  1908 I EGL_emulation: Opening libGLESv2_emulation.so
12-10 10:09:17.215 15794 15794 I AnkiDroid: Opening deck picker, login: false
12-10 10:09:17.228   598  1724 W OptProp : Cannot read opt property android.window.PROPERTY_COMPAT_ALLOW_USER_ASPECT_RATIO_OVERRIDE
12-10 10:09:17.229   598  1724 W OptProp : Cannot read opt property android.window.PROPERTY_COMPAT_ALLOW_USER_ASPECT_RATIO_FULLSCREEN_OVERRIDE
12-10 10:09:17.229   598  1724 W OptProp : Cannot read opt property android.window.PROPERTY_COMPAT_ALLOW_ORIENTATION_OVERRIDE
12-10 10:09:17.231   598  1724 W OptProp : Cannot read opt property android.window.PROPERTY_COMPAT_ALLOW_RESIZEABLE_ACTIVITY_OVERRIDES
12-10 10:09:17.232   598  1724 W OptProp : Cannot read opt property android.window.PROPERTY_COMPAT_ALLOW_MIN_ASPECT_RATIO_OVERRIDE
12-10 10:09:17.247   598  2273 W AS.PlaybackActivityMon: No piid assigned for invalid/internal port id 16
12-10 10:09:17.248   598  1724 I ActivityTaskManager: START u0 {flg=0x14000000 cmp=com.ichi2.anki/.DeckPicker} with LAUNCH_MULTIPLE from uid 10217 (BAL_ALLOW_VISIBLE_WINDOW) result code=0
12-10 10:09:17.251 15794 15794 I AnkiDroid: finishWithAnimation DEFAULT
12-10 10:09:17.271   472   483 I BpBinder: onLastStrongRef automatically unlinking death recipients: 
12-10 10:09:17.276 15794 15794 I AnkiDroid: IntroductionActivity::onPause
12-10 10:09:17.276 15794 15794 I AnkiDroid: IntroductionActivity::SetupCollectionFragment::onPause
12-10 10:09:17.282   598  1724 W OptProp : Cannot read opt property android.window.PROPERTY_COMPAT_ENABLE_FAKE_FOCUS
12-10 10:09:17.344 15794 15794 I AnkiDroid: Setting theme to LIGHT
12-10 10:09:17.356 15794 15794 I AnkiDroid: DeckPicker::onCreate
12-10 10:09:17.376  1422  1908 I Finsky  : [57] ajnm.apply(100): [PLUS] Adding payload
12-10 10:09:17.377  1422  1908 I Finsky  : [57] ajnm.apply(100): [PLUS] Adding payload
12-10 10:09:17.378  1422  1908 I Finsky  : [57] ajnm.apply(100): [PLUS] Adding payload
12-10 10:09:17.378  1422  1908 I Finsky  : [57] ajnm.apply(100): [PLUS] Adding payload
12-10 10:09:17.378  1422  1908 I Finsky  : [57] ajnm.apply(100): [PLUS] Adding payload
12-10 10:09:17.378  1422  1908 I Finsky  : [57] ajnm.apply(100): [PLUS] Adding payload
12-10 10:09:17.379  1422  1908 I Finsky  : [57] ajnm.apply(100): [PLUS] Adding payload
12-10 10:09:17.379  1422  1908 I Finsky  : [57] ajnm.apply(100): [PLUS] Adding payload
12-10 10:09:17.379  1422  1908 I Finsky  : [57] ajnm.apply(100): [PLUS] Adding payload
12-10 10:09:17.380  1422  1908 I Finsky  : [57] ajnm.apply(100): [PLUS] Adding payload
12-10 10:09:17.380  1422  1908 I Finsky  : [57] ajnm.apply(100): [PLUS] Adding payload
12-10 10:09:17.380  1422  1908 I Finsky  : [57] ajnm.apply(100): [PLUS] Adding payload
12-10 10:09:17.380  1422  1908 I Finsky  : [57] ajnm.apply(100): [PLUS] Adding payload
12-10 10:09:17.381  1422  1908 I Finsky  : [57] ajnm.apply(100): [PLUS] Adding payload
12-10 10:09:17.384  1422  1908 I Finsky  : [57] alpz.G(106): [PLUS] Triggering sync due to NOW_EXCLUSIVE urgency payload
12-10 10:09:17.394  1422  1908 I Finsky  : [57] ajsn.a(11): [PLUS] Syncing for users with urgency above: NOW_EXCLUSIVE
12-10 10:09:17.394  1422  1908 E Finsky  : [57] mwv.c(59): Unexpected android-id = 0
12-10 10:09:17.394  1422  1908 E Finsky  : [57] adom.a(275): [PLUS] Failed to trigger NOW_EXCLUSIVE urgency sync
12-10 10:09:17.394  1422  1908 E Finsky  : java.lang.IllegalStateException: Cannot sync with 0 Android ID
12-10 10:09:17.394  1422  1908 E Finsky  : 	at ajsn.a(PG:71)
12-10 10:09:17.394  1422  1908 E Finsky  : 	at acmy.a(PG:43)
12-10 10:09:17.394  1422  1908 E Finsky  : 	at atyb.d(PG:3)
12-10 10:09:17.394  1422  1908 E Finsky  : 	at atyd.run(PG:42)
12-10 10:09:17.394  1422  1908 E Finsky  : 	at java.util.concurrent.ThreadPoolExecutor.runWorker(ThreadPoolExecutor.java:1145)
12-10 10:09:17.394  1422  1908 E Finsky  : 	at java.util.concurrent.ThreadPoolExecutor$Worker.run(ThreadPoolExecutor.java:644)
12-10 10:09:17.394  1422  1908 E Finsky  : 	at cv.run(PG:965)
12-10 10:09:17.394  1422  1908 E Finsky  : 	at java.lang.Thread.run(Thread.java:1012)
12-10 10:09:17.395  1422  1908 E Finsky  : [57] kee.a(29): [DeviceConfig] failed to update device attribute payloads
12-10 10:09:17.395  1422  1908 E Finsky  : java.lang.IllegalStateException: Cannot sync with 0 Android ID
12-10 10:09:17.395  1422  1908 E Finsky  : 	at ajsn.a(PG:71)
12-10 10:09:17.395  1422  1908 E Finsky  : 	at acmy.a(PG:43)
12-10 10:09:17.395  1422  1908 E Finsky  : 	at atyb.d(PG:3)
12-10 10:09:17.395  1422  1908 E Finsky  : 	at atyd.run(PG:42)
12-10 10:09:17.395  1422  1908 E Finsky  : 	at java.util.concurrent.ThreadPoolExecutor.runWorker(ThreadPoolExecutor.java:1145)
12-10 10:09:17.395  1422  1908 E Finsky  : 	at java.util.concurrent.ThreadPoolExecutor$Worker.run(ThreadPoolExecutor.java:644)
12-10 10:09:17.395  1422  1908 E Finsky  : 	at cv.run(PG:965)
12-10 10:09:17.395  1422  1908 E Finsky  : 	at java.lang.Thread.run(Thread.java:1012)
12-10 10:09:17.400  1422  1422 E Finsky  : [2] adpz.a(13): Setup::DSE: Could not get device config token, proceeding with fetching SearchProviderChoicesResponse anyway
12-10 10:09:17.406  1422  1939 E Finsky  : [72] mwv.c(59): Unexpected android-id = 0
12-10 10:09:17.575 15794 15794 I AnkiDroid: DeckPicker: postponing startup code - permission screen shown
12-10 10:09:17.578   598  1724 W OptProp : Cannot read opt property android.window.PROPERTY_COMPAT_ALLOW_USER_ASPECT_RATIO_OVERRIDE
12-10 10:09:17.579   598  1724 W OptProp : Cannot read opt property android.window.PROPERTY_COMPAT_ALLOW_USER_ASPECT_RATIO_FULLSCREEN_OVERRIDE
12-10 10:09:17.579   598  1724 W OptProp : Cannot read opt property android.window.PROPERTY_COMPAT_ALLOW_ORIENTATION_OVERRIDE
12-10 10:09:17.580   598  1724 W OptProp : Cannot read opt property android.window.PROPERTY_COMPAT_ALLOW_RESIZEABLE_ACTIVITY_OVERRIDES
12-10 10:09:17.580   598  1724 W OptProp : Cannot read opt property android.window.PROPERTY_COMPAT_ALLOW_MIN_ASPECT_RATIO_OVERRIDE
12-10 10:09:17.583  1422  1939 W android.vending: Accessing hidden method Lcom/android/org/conscrypt/ConscryptEngineSocket;->setUseSessionTickets(Z)V (max-target-q,core-platform-api, reflection, denied)
12-10 10:09:17.584  1422  1939 W android.vending: Accessing hidden method Lcom/android/org/conscrypt/OpenSSLSocketImpl;->setUseSessionTickets(Z)V (max-target-q,core-platform-api, reflection, denied)
12-10 10:09:17.584  1422  1939 W android.vending: Accessing hidden method Lcom/android/org/conscrypt/AbstractConscryptSocket;->setUseSessionTickets(Z)V (max-target-q, reflection, denied)
12-10 10:09:17.584  1422  1939 W android.vending: Accessing hidden method Lcom/android/org/conscrypt/ConscryptEngineSocket;->setHostname(Ljava/lang/String;)V (max-target-q,core-platform-api, reflection, denied)
12-10 10:09:17.584  1422  1939 W android.vending: Accessing hidden method Lcom/android/org/conscrypt/OpenSSLSocketImpl;->setHostname(Ljava/lang/String;)V (max-target-q,core-platform-api, reflection, denied)
12-10 10:09:17.584  1422  1939 W android.vending: Accessing hidden method Lcom/android/org/conscrypt/AbstractConscryptSocket;->setHostname(Ljava/lang/String;)V (max-target-q, reflection, denied)
12-10 10:09:17.584  1422  1939 W android.vending: Accessing hidden method Lcom/android/org/conscrypt/OpenSSLSocketImpl;->setAlpnProtocols([B)V (max-target-q,core-platform-api, reflection, denied)
12-10 10:09:17.584  1422  1939 W android.vending: Accessing hidden method Lcom/android/org/conscrypt/AbstractConscryptSocket;->setAlpnProtocols([B)V (max-target-q, reflection, denied)
12-10 10:09:17.589   598  1724 I ActivityTaskManager: START u0 {cmp=com.ichi2.anki/.ui.windows.permissions.PermissionsActivity (has extras)} with LAUNCH_MULTIPLE from uid 10217 (BAL_ALLOW_VISIBLE_WINDOW) result code=0
12-10 10:09:17.677 15794 15794 I AnkiDroid: isLegacyStorage(): current dir: /storage/emulated/0/AnkiDroid
12-10 10:09:17.677 15794 15794 I AnkiDroid: scoped external dirs: /storage/emulated/0/Android/data/com.ichi2.anki/files, /storage/1018-3D05/Android/data/com.ichi2.anki/files
12-10 10:09:17.677 15794 15794 I AnkiDroid: scoped internal dir: /data/user/0/com.ichi2.anki/files
12-10 10:09:17.678 15794 15794 I AnkiDroid: isLegacyStorage(): true
12-10 10:09:17.742   598  4019 W BestClock: java.time.DateTimeException: Missing network time fix
12-10 10:09:17.744   598  4019 W BestClock: java.time.DateTimeException: Missing network time fix
12-10 10:09:17.749   598  1724 W BestClock: java.time.DateTimeException: Missing network time fix
12-10 10:09:17.807 15794 15794 I AnkiDroid: DeckPicker::onStart
12-10 10:09:17.814 15794 15794 I AnkiDroid: DeckPicker::onResume
12-10 10:09:17.872 15794 15794 I Choreographer: Skipped 34 frames!  The application may be doing too much work on its main thread.
12-10 10:09:18.088   598   629 W ActivityTaskManager: Activity top resumed state loss timeout for ActivityRecord{ffa5eb5 u0 com.ichi2.anki/.DeckPicker t28}
12-10 10:09:18.088   598   629 W ActivityTaskManager: Activity pause timeout for ActivityRecord{ffa5eb5 u0 com.ichi2.anki/.DeckPicker t28}
12-10 10:09:18.094   598   629 W OptProp : Cannot read opt property android.window.PROPERTY_COMPAT_ENABLE_FAKE_FOCUS
12-10 10:09:18.130   598   629 I ActivityManager: Killing 7771:android.process.acore/u0a91 (adj 995): empty #17
12-10 10:09:18.158   598   673 W IPCThreadState: Sending oneway calls to frozen process.
12-10 10:09:18.158   598   673 W IPCThreadState: Sending oneway calls to frozen process.
12-10 10:09:18.170   598   640 I libprocessgroup: Removed cgroup /sys/fs/cgroup/uid_10091/pid_7771
12-10 10:09:18.172   401   401 I Zygote  : Process 7771 exited due to signal 9 (Killed)
12-10 10:09:18.176  6432  6439 W .apps.wellbeing: ApkAssets: Deleting an ApkAssets object '<empty> and /system_ext/priv-app/StorageManager/StorageManager.apk' with 1 weak references
12-10 10:09:18.181  6432  6439 W .apps.wellbeing: ApkAssets: Deleting an ApkAssets object '/product/overlay/StorageManager__sdk_gphone64_x86_64__auto_generated_rro_product.apk' with 1 weak references
12-10 10:09:18.192  6432  6439 W .apps.wellbeing: ApkAssets: Deleting an ApkAssets object '<empty> and /system/app/BookmarkProvider/BookmarkProvider.apk' with 1 weak references
12-10 10:09:18.193  6432  6439 W .apps.wellbeing: ApkAssets: Deleting an ApkAssets object '<empty> and /system_ext/priv-app/SettingsGoogle/SettingsGoogle.apk' with 1 weak references
12-10 10:09:18.195  6432  6439 W .apps.wellbeing: ApkAssets: Deleting an ApkAssets object '/product/overlay/SettingsGoogle__sdk_gphone64_x86_64__auto_generated_rro_product.apk' with 1 weak references
12-10 10:09:18.195  6432  6439 W .apps.wellbeing: ApkAssets: Deleting an ApkAssets object '<empty> and /product/priv-app/SettingsIntelligenceGooglePrebuilt/SettingsIntelligenceGooglePrebuilt.apk' with 1 weak references
12-10 10:09:18.195  6432  6439 W .apps.wellbeing: ApkAssets: Deleting an ApkAssets object '<empty> and /apex/com.android.uwb/priv-app/ServiceUwbResourcesGoogle@350820300/ServiceUwbResourcesGoogle.apk' with 1 weak references
12-10 10:09:18.195  6432  6439 W .apps.wellbeing: ApkAssets: Deleting an ApkAssets object '<empty> and /apex/com.android.wifi/priv-app/ServiceWifiResourcesGoogle@350820300/ServiceWifiResourcesGoogle.apk' with 1 weak references
12-10 10:09:18.196  6432  6439 W .apps.wellbeing: ApkAssets: Deleting an ApkAssets object '<empty> and /system_ext/priv-app/ThemePicker/ThemePicker.apk' with 1 weak references
12-10 10:09:18.196  6432  6439 W .apps.wellbeing: ApkAssets: Deleting an ApkAssets object '<empty> and /system_ext/priv-app/WallpaperPickerGoogleRelease/WallpaperPickerGoogleRelease.apk' with 1 weak references
12-10 10:09:18.197  6432  6439 W .apps.wellbeing: ApkAssets: Deleting an ApkAssets object '<empty> and /product/priv-app/OdadPrebuilt/OdadPrebuilt.apk' with 1 weak references
12-10 10:09:18.198  6432  6439 W .apps.wellbeing: ApkAssets: Deleting an ApkAssets object '<empty> and /system/priv-app/TeleService/TeleService.apk' with 1 weak references
12-10 10:09:18.198  6432  6439 W .apps.wellbeing: ApkAssets: Deleting an ApkAssets object '/vendor/overlay/TeleService__sdk_gphone64_x86_64__auto_generated_rro_vendor.apk' with 1 weak references
12-10 10:09:18.198  6432  6439 W .apps.wellbeing: ApkAssets: Deleting an ApkAssets object '/product/overlay/TeleService__sdk_gphone64_x86_64__auto_generated_rro_product.apk' with 1 weak references
12-10 10:09:18.198  6432  6439 W .apps.wellbeing: ApkAssets: Deleting an ApkAssets object '<empty> and /system/priv-app/Shell/Shell.apk' with 1 weak references
12-10 10:09:18.198  6432  6439 W .apps.wellbeing: ApkAssets: Deleting an ApkAssets object '<empty> and /system/priv-app/BlockedNumberProvider/BlockedNumberProvider.apk' with 1 weak references
12-10 10:09:18.199  6432  6439 W .apps.wellbeing: ApkAssets: Deleting an ApkAssets object '<empty> and /system/priv-app/UserDictionaryProvider/UserDictionaryProvider.apk' with 1 weak references
12-10 10:09:18.199  6432  6439 W .apps.wellbeing: ApkAssets: Deleting an ApkAssets object '<empty> and /system_ext/app/EmergencyInfoGoogleNoUi/EmergencyInfoGoogleNoUi.apk' with 1 weak references
12-10 10:09:18.199  6432  6439 W .apps.wellbeing: ApkAssets: Deleting an ApkAssets object '<empty> and /product/overlay/NavigationBarModeGestural/NavigationBarModeGesturalOverlay.apk' with 1 weak references
12-10 10:09:18.199 15794 15794 I AnkiDroid: DeckPicker::onPause
12-10 10:09:18.200 15794 15909 I HWUI    : Davey! duration=871ms; Flags=1, FrameTimelineVsyncId=140096, IntendedVsync=2391540380434, Vsync=2392107047078, InputEventId=0, HandleInputStart=2392113498400, AnimationStart=2392113582400, PerformTraversalsStart=2392113902300, DrawStart=2392293120300, FrameDeadline=2391557047100, FrameInterval=2392111847300, FrameStartTime=16666666, SyncQueued=2392295768000, SyncStart=2392309747400, IssueDrawCommandsStart=2392310205200, SwapBuffers=2392410318400, FrameCompleted=2392425850300, DequeueBufferDuration=60500, QueueBufferDuration=1218800, GpuCompleted=2392425850300, SwapBuffersCompleted=2392412945800, DisplayPresentTime=0, CommandSubmissionCompleted=2392410318400, 
12-10 10:09:18.201  6432  6439 W .apps.wellbeing: ApkAssets: Deleting an ApkAssets object '<empty> and /system/priv-app/FusedLocation/FusedLocation.apk' with 1 weak references
12-10 10:09:18.201  6432  6439 W .apps.wellbeing: ApkAssets: Deleting an ApkAssets object '<empty> and /system_ext/priv-app/SystemUIGoogle/SystemUIGoogle.apk' with 1 weak references
12-10 10:09:18.201  6432  6439 W .apps.wellbeing: ApkAssets: Deleting an ApkAssets object '/vendor/overlay/SystemUIGoogle__sdk_gphone64_x86_64__auto_generated_rro_vendor.apk' with 1 weak references
12-10 10:09:18.202  6432  6439 W .apps.wellbeing: ApkAssets: Deleting an ApkAssets object '/product/overlay/SystemUIGoogle__sdk_gphone64_x86_64__auto_generated_rro_product.apk' with 1 weak references
12-10 10:09:18.202  6432  6439 W .apps.wellbeing: ApkAssets: Deleting an ApkAssets object '<empty> and /product/app/YouTubeMusicPrebuilt/YouTubeMusicPrebuilt.apk' with 1 weak references
12-10 10:09:18.202  6432  6439 W .apps.wellbeing: ApkAssets: Deleting an ApkAssets object '<empty> and /system/app/BluetoothMidiService/BluetoothMidiService.apk' with 1 weak references
12-10 10:09:18.202  6432  6439 W .apps.wellbeing: ApkAssets: Deleting an ApkAssets object '<empty> and /system/app/Traceur/Traceur.apk' with 1 weak references
12-10 10:09:18.202  6432  6439 W .apps.wellbeing: ApkAssets: Deleting an ApkAssets object '<empty> and /apex/com.android.cellbroadcast/priv-app/GoogleCellBroadcastApp@350820300/GoogleCellBroadcastApp.apk' with 1 weak references
12-10 10:09:18.207  6432  6439 W .apps.wellbeing: ApkAssets: Deleting an ApkAssets object '<empty> and /system/priv-app/ContactsProvider/ContactsProvider.apk' with 1 weak references
12-10 10:09:18.208  6432  6439 W .apps.wellbeing: ApkAssets: Deleting an ApkAssets object '/product/overlay/ContactsProvider__sdk_gphone64_x86_64__auto_generated_rro_product.apk' with 1 weak references
12-10 10:09:18.211  6432  6439 W .apps.wellbeing: ApkAssets: Deleting an ApkAssets object '<empty> and /product/app/LatinIMEGooglePrebuilt/LatinIMEGooglePrebuilt.apk' with 1 weak references
12-10 10:09:18.213  6432  6439 W .apps.wellbeing: ApkAssets: Deleting an ApkAssets object '<empty> and /product/priv-app/GoogleRestorePrebuilt-v526684/GoogleRestorePrebuilt-v526684.apk' with 1 weak references
12-10 10:09:18.355 16268 16268 W BpBinder: Linking to death on android.gui.ISurfaceComposer but there are no threads (yet?) listening to incoming transactions. See ProcessState::startThreadPool and ProcessState::setThreadPoolMaxThreadCount. Generally you should setup the binder threadpool before other initialization steps.
12-10 10:09:18.355 16268 16268 W ProcessState: Extra binder thread started, but 0 threads requested. Do not use *startThreadPool when zero threads are requested.
12-10 10:09:18.371 15794 15866 I rsdroid::logging: rsdroid logging enabled
12-10 10:09:18.390   184   184 I hwservicemanager: getTransport: Cannot find entry android.hardware.graphics.mapper@4.0::IMapper/default in either framework or device VINTF manifest.
12-10 10:09:18.391 16268 16272 I Gralloc4: mapper 4.x is not supported
12-10 10:09:18.479  1292  1526 W MediaProvider: isAppCloneUserPair for user 0: false
12-10 10:09:18.482 15794 15794 I AnkiDroid: Setting theme to LIGHT
12-10 10:09:18.490 15794 15794 I AnkiDroid: PermissionsActivity::onCreate
12-10 10:09:18.505 15794 15794 I AnkiDroid: Setting theme to LIGHT
12-10 10:09:18.545   598   622 I ActivityManager: Killing 10706:com.google.android.inputmethod.latin/u0a156 (adj 985): empty #17
12-10 10:09:18.548 15794 15794 W WindowOnBackDispatcher: OnBackInvokedCallback is not enabled for the application.
12-10 10:09:18.548 15794 15794 W WindowOnBackDispatcher: Set 'android:enableOnBackInvokedCallback="true"' in the application manifest.
12-10 10:09:18.548 15794 15794 I AnkiDroid: PermissionsActivity::onStart
12-10 10:09:18.550 15794 15794 I AnkiDroid: PermissionsActivity::TiramisuPermissionsFragment::onAttach
12-10 10:09:18.550 15794 15794 I AnkiDroid: PermissionsActivity::TiramisuPermissionsFragment::onCreate
12-10 10:09:18.602 15794 15794 I AnkiDroid: PermissionsActivity::TiramisuPermissionsFragment::onViewCreated
12-10 10:09:18.602 15794 15794 I AnkiDroid: PermissionsActivity::TiramisuPermissionsFragment::onStart
12-10 10:09:18.609 15794 15794 I AnkiDroid: PermissionsActivity::onResume
12-10 10:09:18.621 15794 15794 I AnkiDroid: PermissionsActivity::TiramisuPermissionsFragment::onResume
12-10 10:09:18.638   401   401 I Zygote  : Process 10706 exited due to signal 9 (Killed)
12-10 10:09:18.639   480   480 I adbd    : Remote process closed the socket (on MSG_PEEK)
12-10 10:09:18.645   598   637 W IPCThreadState: Sending oneway calls to frozen process.
12-10 10:09:18.663   598   640 I libprocessgroup: Removed cgroup /sys/fs/cgroup/uid_10156/pid_10706
12-10 10:09:18.669   598   629 W ActivityManager: setHasOverlayUi called on unknown pid: 10706
12-10 10:09:18.757   598  1517 W BestClock: java.time.DateTimeException: Missing network time fix
12-10 10:09:18.762   598  1517 W BestClock: java.time.DateTimeException: Missing network time fix
12-10 10:09:18.770   598  1517 W BestClock: java.time.DateTimeException: Missing network time fix
12-10 10:09:18.870   598   637 W IPCThreadState: Sending oneway calls to frozen process.
12-10 10:09:18.879   598  1603 I ActivityManager: Broadcasting: Intent { act=android.intent.action.MEDIA_SCANNER_SCAN_FILE dat=file:///... flg=0x400000 }
12-10 10:09:18.883   598  1603 I ActivityManager: Enqueued broadcast Intent { act=android.intent.action.MEDIA_SCANNER_SCAN_FILE dat=file:///... flg=0x400000 }: 0
12-10 10:09:18.886   598  1756 W JobInfo : Job 'com.google.android.providers.media.module/com.android.providers.media.MediaService#-300' has a deadline with no functional constraints. The deadline won't improve job execution latency. Consider removing the deadline.
12-10 10:09:18.897   598   626 I ActivityManager: Broadcast completed: result=0
12-10 10:09:18.909  1292  1686 I MediaProvider: Begin Intent { act=android.intent.action.MEDIA_SCANNER_SCAN_FILE dat=file:///... flg=0x1400010 cmp=com.google.android.providers.media.module/com.android.providers.media.MediaService }
12-10 10:09:18.956   598  1517 I ActivityManager: Killing 10649:com.google.android.documentsui/u0a99 (adj 985): empty #17
12-10 10:09:18.974   598   626 I ActivityTaskManager: Displayed com.ichi2.anki/.ui.windows.permissions.PermissionsActivity for user 0: +1s711ms
12-10 10:09:18.995   598   640 I libprocessgroup: Removed cgroup /sys/fs/cgroup/uid_10099/pid_10649
12-10 10:09:19.007   401   401 I Zygote  : Process 10649 exited due to signal 9 (Killed)
12-10 10:09:19.020   598   951 W UserManagerService: Requested status bar icon for non-badged user 0
12-10 10:09:19.029  1292  1686 I MediaProvider: End Intent { act=android.intent.action.MEDIA_SCANNER_SCAN_FILE dat=file:///... flg=0x1400010 cmp=com.google.android.providers.media.module/com.android.providers.media.MediaService }
12-10 10:09:19.142   480   480 E adbd    : failed to connect to socket 'tcp:51112': Connection refused
12-10 10:09:19.167   598   637 W IPCThreadState: Sending oneway calls to frozen process.
12-10 10:09:19.177   598   637 W ActivityManager: pid 598 system sent binder code 2 with flags 1 to frozen apps and got error -32
12-10 10:09:19.279  1292  1526 W MediaProvider: Ignoring param:deletedata post U for external apps
12-10 10:09:19.284  1292  1526 I MediaProvider: Deleted 0 1 0 0 0 0 0 items on external_primary due to com.android.shell
12-10 10:09:19.314   598   714 I ImeTracker: com.ichi2.anki:bef5af58: onRequestHide at ORIGIN_SERVER reason HIDE_UNSPECIFIED_WINDOW fromUser false
12-10 10:09:19.314   598   714 I ImeTracker: com.ichi2.anki:bef5af58: onCancelled at PHASE_SERVER_SHOULD_HIDE
12-10 10:09:19.681   598   951 W UserManagerService: Requested status bar icon for non-badged user 0
12-10 10:09:19.682   598   951 W UserManagerService: Requested status bar icon for non-badged user 0
12-10 10:09:19.685   598   951 W UserManagerService: Requested status bar icon for non-badged user 0
12-10 10:09:19.776 15794 15794 I AnkiDroid: IntroductionActivity::onStop
12-10 10:09:19.776 15794 15794 I AnkiDroid: IntroductionActivity::SetupCollectionFragment::onStop
12-10 10:09:19.781 15794 15794 I AnkiDroid: IntroductionActivity::onDestroy
12-10 10:09:19.781   598   872 W BestClock: java.time.DateTimeException: Missing network time fix
12-10 10:09:19.782   598   872 W BestClock: java.time.DateTimeException: Missing network time fix
12-10 10:09:19.783 15794 15794 I AnkiDroid: IntroductionActivity::SetupCollectionFragment::onViewDestroyed
12-10 10:09:19.783 15794 15794 I AnkiDroid: IntroductionActivity::SetupCollectionFragment::onDestroy
12-10 10:09:19.783 15794 15794 I AnkiDroid: IntroductionActivity::SetupCollectionFragment::onDetach
12-10 10:09:19.784 15794 15794 W WindowOnBackDispatcher: sendCancelIfRunning: isInProgress=false callback=android.view.ViewRootImpl$$ExternalSyntheticLambda11@d74d3bb
12-10 10:09:19.787   598   872 W BestClock: java.time.DateTimeException: Missing network time fix
12-10 10:09:19.808   598  2274 W InputManager-JNI: Input channel object '413e703 com.ichi2.anki/com.ichi2.anki.IntroductionActivity (client)' was disposed without first being removed with the input manager!
12-10 10:09:19.827 15794 15794 I AnkiDroid: DeckPicker::onStop
12-10 10:09:19.837 15794 15794 I AnkiDroid: DeckPicker::onSaveInstanceState
12-10 10:09:20.042   598   951 W ActivityManager: pid 598 system sent binder code 1 with flags 1 to frozen apps and got error -32
12-10 10:09:20.043   598   951 W EnhancedConfirmationService: The packageName should not be null.
12-10 10:09:20.050   598   951 W MagnificationConnectionManager: requestConnection duplicated request: connect=false, mConnectionState=DISCONNECTED
12-10 10:09:20.051   598  2274 W MagnificationConnectionManager: requestConnection duplicated request: connect=false, mConnectionState=DISCONNECTED
12-10 10:09:20.055   598  2274 W MagnificationConnectionManager: requestConnection duplicated request: connect=false, mConnectionState=DISCONNECTED
12-10 10:09:20.056   598   598 W IPCThreadState: Sending oneway calls to frozen process.
12-10 10:09:20.056   598   598 W IPCThreadState: Sending oneway calls to frozen process.
12-10 10:09:20.056   598   598 W IPCThreadState: Sending oneway calls to frozen process.
12-10 10:09:20.057   598   598 W IPCThreadState: Sending oneway calls to frozen process.
12-10 10:09:20.059   598   598 W IPCThreadState: Sending oneway calls to frozen process.
12-10 10:09:20.060   598   598 W IPCThreadState: Sending oneway calls to frozen process.
12-10 10:09:20.060   598   598 W IPCThreadState: Sending oneway calls to frozen process.
12-10 10:09:20.060   598   598 W IPCThreadState: Sending oneway calls to frozen process.
12-10 10:09:20.060   598   598 W IPCThreadState: Sending oneway calls to frozen process.
12-10 10:09:20.062   598   598 W IPCThreadState: Sending oneway calls to frozen process.
12-10 10:09:20.063   598   598 W IPCThreadState: Sending oneway calls to frozen process.
12-10 10:09:20.063   598   598 W IPCThreadState: Sending oneway calls to frozen process.
12-10 10:09:20.063   598   598 W IPCThreadState: Sending oneway calls to frozen process.
12-10 10:09:20.064   598   598 W IPCThreadState: Sending oneway calls to frozen process.
12-10 10:09:20.066   598   598 W IPCThreadState: Sending oneway calls to frozen process.
12-10 10:09:20.070   598   598 W MagnificationConnectionManager: requestConnection duplicated request: connect=false, mConnectionState=DISCONNECTED
12-10 10:09:20.070   598   598 W IPCThreadState: Sending oneway calls to frozen process.
12-10 10:09:20.071   598   598 W IPCThreadState: Sending oneway calls to frozen process.
12-10 10:09:20.071   598   598 W IPCThreadState: Sending oneway calls to frozen process.
12-10 10:09:20.072   598   598 W IPCThreadState: Sending oneway calls to frozen process.
12-10 10:09:20.073   598   598 W IPCThreadState: Sending oneway calls to frozen process.
12-10 10:09:20.074   598   598 W IPCThreadState: Sending oneway calls to frozen process.
12-10 10:09:20.075   598   598 W IPCThreadState: Sending oneway calls to frozen process.
12-10 10:09:20.075   598   598 W IPCThreadState: Sending oneway calls to frozen process.
12-10 10:09:20.076   598   598 W IPCThreadState: Sending oneway calls to frozen process.
12-10 10:09:20.077   598   598 W IPCThreadState: Sending oneway calls to frozen process.
12-10 10:09:20.078   598   598 W IPCThreadState: Sending oneway calls to frozen process.
12-10 10:09:20.078   598   598 W IPCThreadState: Sending oneway calls to frozen process.
12-10 10:09:20.079   598   598 W IPCThreadState: Sending oneway calls to frozen process.
12-10 10:09:20.079   598   598 W IPCThreadState: Sending oneway calls to frozen process.
12-10 10:09:20.082   598   598 W IPCThreadState: Sending oneway calls to frozen process.
12-10 10:09:20.084   598   598 W IPCThreadState: Sending oneway calls to frozen process.
12-10 10:09:20.084   598   598 W IPCThreadState: Sending oneway calls to frozen process.
12-10 10:09:20.084   598   598 W IPCThreadState: Sending oneway calls to frozen process.
12-10 10:09:20.084  1217  1373 E AccessibilitySettingsUtil: unable to parse accessibility service null
12-10 10:09:20.084   598   598 W IPCThreadState: Sending oneway calls to frozen process.
12-10 10:09:20.086   598   598 W IPCThreadState: Sending oneway calls to frozen process.
12-10 10:09:20.769   598  1404 E TaskPersister: File error accessing recents directory (directory doesn't exist?).
12-10 10:09:20.792   598   951 W BestClock: java.time.DateTimeException: Missing network time fix
12-10 10:09:20.793   598   951 W BestClock: java.time.DateTimeException: Missing network time fix
12-10 10:09:20.797   598   951 W BestClock: java.time.DateTimeException: Missing network time fix
12-10 10:09:20.815  1292  7574 I PSyncWorker: Starting proactive picker sync from sync source: 1
12-10 10:09:20.816  1292  7574 I PickerSyncTracker: Created new sync future java.util.concurrent.CompletableFuture@24d430e[Not completed, 1 dependents]. Future map: {921394fa-c5e8-4418-9ead-eedc53c067a7=java.util.concurrent.CompletableFuture@24d430e[Not completed, 1 dependents]}
12-10 10:09:20.821  1292  7574 I PickerSyncController: Executing SyncAdd. isLocal: true. authority: com.android.providers.media.photopicker
12-10 10:09:20.831  1292  7574 I PickerSyncController: Paged sync successful. QueryArgs: Bundle[{android.provider.extra.SYNC_GENERATION=393, android.provider.extra.PAGE_SIZE=1000}] Total Rows: 0
12-10 10:09:20.831  1292  7574 I PickerSyncController: Executing SyncRemove. isLocal: true. authority: com.android.providers.media.photopicker
12-10 10:09:20.835  1292  7574 E PickerDbFacade: Could not get first date taken millis for media id: 1000000064
12-10 10:09:20.835  1292  7574 W PickerDbFacade: Unable to promote cloud media with localId: 1000000064
12-10 10:09:20.843  1292  7574 I PickerSyncController: Paged sync successful. QueryArgs: Bundle[{android.provider.extra.SYNC_GENERATION=393, android.provider.extra.PAGE_SIZE=1000}] Total Rows: 0
12-10 10:09:20.844  1292  7574 I PickerSyncTracker: Marked sync future complete for work id: 921394fa-c5e8-4418-9ead-eedc53c067a7. Future map: {}
12-10 10:09:20.844  1292  7574 I PSyncWorker: Completed picker proactive sync complete from local provider.
12-10 10:09:20.847  1292  1419 I WM-WorkerWrapper: Worker result SUCCESS for Work [ id=921394fa-c5e8-4418-9ead-eedc53c067a7, tags={ com.android.providers.media.photopicker.sync.ProactiveSyncWorker } ]
12-10 10:09:21.803   598   951 W BestClock: java.time.DateTimeException: Missing network time fix
12-10 10:09:21.804   598   951 W BestClock: java.time.DateTimeException: Missing network time fix
12-10 10:09:21.807   598   951 W BestClock: java.time.DateTimeException: Missing network time fix
12-10 10:09:21.865 16321 16321 W BpBinder: Linking to death on android.gui.ISurfaceComposer but there are no threads (yet?) listening to incoming transactions. See ProcessState::startThreadPool and ProcessState::setThreadPoolMaxThreadCount. Generally you should setup the binder threadpool before other initialization steps.
12-10 10:09:21.866 16321 16321 W ProcessState: Extra binder thread started, but 0 threads requested. Do not use *startThreadPool when zero threads are requested.
12-10 10:09:21.925   184   184 I hwservicemanager: getTransport: Cannot find entry android.hardware.graphics.mapper@4.0::IMapper/default in either framework or device VINTF manifest.
12-10 10:09:21.925 16321 16323 I Gralloc4: mapper 4.x is not supported
12-10 10:09:21.981  1292  4065 W MediaProvider: isAppCloneUserPair for user 0: false
12-10 10:09:22.196   598   951 I ActivityManager: Broadcasting: Intent { act=android.intent.action.MEDIA_SCANNER_SCAN_FILE dat=file:///... flg=0x400000 }
12-10 10:09:22.197   598   951 I ActivityManager: Enqueued broadcast Intent { act=android.intent.action.MEDIA_SCANNER_SCAN_FILE dat=file:///... flg=0x400000 }: 0
12-10 10:09:22.201   598  4019 W JobInfo : Job 'com.google.android.providers.media.module/com.android.providers.media.MediaService#-300' has a deadline with no functional constraints. The deadline won't improve job execution latency. Consider removing the deadline.
12-10 10:09:22.211   598   626 I ActivityManager: Broadcast completed: result=0
12-10 10:09:22.214  1292  1686 I MediaProvider: Begin Intent { act=android.intent.action.MEDIA_SCANNER_SCAN_FILE dat=file:///... flg=0x1400010 cmp=com.google.android.providers.media.module/com.android.providers.media.MediaService }
12-10 10:09:22.223  1292  1686 I MediaProvider: End Intent { act=android.intent.action.MEDIA_SCANNER_SCAN_FILE dat=file:///... flg=0x1400010 cmp=com.google.android.providers.media.module/com.android.providers.media.MediaService }
12-10 10:09:22.480  1292  1525 W MediaProvider: Ignoring param:deletedata post U for external apps
12-10 10:09:22.484  1292  1525 I MediaProvider: Deleted 0 1 0 0 0 0 0 items on external_primary due to com.android.shell
12-10 10:09:22.812   598   951 W BestClock: java.time.DateTimeException: Missing network time fix
12-10 10:09:22.812   598   951 W BestClock: java.time.DateTimeException: Missing network time fix
12-10 10:09:22.816   598   951 W BestClock: java.time.DateTimeException: Missing network time fix
12-10 10:09:23.139   480   480 E adbd    : failed to connect to socket 'tcp:51112': Connection refused
12-10 10:09:23.823   598   951 W BestClock: java.time.DateTimeException: Missing network time fix
12-10 10:09:23.824   598   951 W BestClock: java.time.DateTimeException: Missing network time fix
12-10 10:09:23.829   598   951 W BestClock: java.time.DateTimeException: Missing network time fix
12-10 10:09:23.889   207 16158 I keystore2: system/security/keystore2/watchdog/src/lib.rs:319 - Watchdog thread idle -> terminating. Have a great day.
12-10 10:09:24.008  1292  7884 I PSyncWorker: Starting proactive picker sync from sync source: 1
12-10 10:09:24.009  1292  7884 I PickerSyncTracker: Created new sync future java.util.concurrent.CompletableFuture@1e0e727[Not completed, 1 dependents]. Future map: {6283d928-b486-438c-ae14-52a2a05a72ed=java.util.concurrent.CompletableFuture@1e0e727[Not completed, 1 dependents]}
12-10 10:09:24.013  1292  7884 I PickerSyncController: Executing SyncAdd. isLocal: true. authority: com.android.providers.media.photopicker
12-10 10:09:24.025  1292  7884 I PickerSyncController: Paged sync successful. QueryArgs: Bundle[{android.provider.extra.SYNC_GENERATION=404, android.provider.extra.PAGE_SIZE=1000}] Total Rows: 0
12-10 10:09:24.025  1292  7884 I PickerSyncController: Executing SyncRemove. isLocal: true. authority: com.android.providers.media.photopicker
12-10 10:09:24.027  1292  7884 E PickerDbFacade: Could not get first date taken millis for media id: 1000000065
12-10 10:09:24.030  1292  7884 W PickerDbFacade: Unable to promote cloud media with localId: 1000000065
12-10 10:09:24.038  1292  7884 I PickerSyncController: Paged sync successful. QueryArgs: Bundle[{android.provider.extra.SYNC_GENERATION=404, android.provider.extra.PAGE_SIZE=1000}] Total Rows: 0
12-10 10:09:24.038  1292  7884 I PickerSyncTracker: Marked sync future complete for work id: 6283d928-b486-438c-ae14-52a2a05a72ed. Future map: {}
12-10 10:09:24.038  1292  7884 I PSyncWorker: Completed picker proactive sync complete from local provider.
12-10 10:09:24.041  1292  1470 I WM-WorkerWrapper: Worker result SUCCESS for Work [ id=6283d928-b486-438c-ae14-52a2a05a72ed, tags={ com.android.providers.media.photopicker.sync.ProactiveSyncWorker } ]
12-10 10:09:24.834   598  4019 W BestClock: java.time.DateTimeException: Missing network time fix
12-10 10:09:24.835   598  4019 W BestClock: java.time.DateTimeException: Missing network time fix
12-10 10:09:24.840   598  4019 W BestClock: java.time.DateTimeException: Missing network time fix
12-10 10:09:25.412  1422  3870 E Finsky  : [140] alrq.ad(30): Error fetching SearchProviderChoicesResponse
12-10 10:09:25.412  1422  3870 E Finsky  : com.google.android.flib.log.WhatATerribleException: java.util.concurrent.TimeoutException
12-10 10:09:25.412  1422  3870 E Finsky  : 	at alrh.h(PG:7)
12-10 10:09:25.412  1422  3870 E Finsky  : 	at com.google.android.finsky.utils.FinskyLog.j(PG:14)
12-10 10:09:25.412  1422  3870 E Finsky  : 	at alrq.ad(PG:30)
12-10 10:09:25.412  1422  3870 E Finsky  : 	at com.google.android.finsky.setup.DseService.h(PG:172)
12-10 10:09:25.412  1422  3870 E Finsky  : 	at adnd.a(PG:50)
12-10 10:09:25.412  1422  3870 E Finsky  : 	at jdv.dispatchTransaction(PG:6)
12-10 10:09:25.412  1422  3870 E Finsky  : 	at jni.onTransact(PG:13)
12-10 10:09:25.412  1422  3870 E Finsky  : 	at android.os.Binder.execTransactInternal(Binder.java:1500)
12-10 10:09:25.412  1422  3870 E Finsky  : 	at android.os.Binder.execTransact(Binder.java:1444)
12-10 10:09:25.412  1422  3870 E Finsky  : Caused by: java.util.concurrent.TimeoutException
12-10 10:09:25.412  1422  3870 E Finsky  : 	at jfr.c(PG:76)
12-10 10:09:25.412  1422  3870 E Finsky  : 	at jfr.get(PG:3)
12-10 10:09:25.412  1422  3870 E Finsky  : 	at alrq.ad(PG:13)
12-10 10:09:25.412  1422  3870 E Finsky  : 	... 6 more
12-10 10:09:25.418  1422  3870 E JavaBinder: *** Uncaught remote exception! Exceptions are not yet supported across processes. Client PID 10568 UID 10146.
12-10 10:09:25.418  1422  3870 E JavaBinder: java.lang.RuntimeException: java.util.concurrent.TimeoutException
12-10 10:09:25.418  1422  3870 E JavaBinder: 	at alrq.ad(PG:189)
12-10 10:09:25.418  1422  3870 E JavaBinder: 	at com.google.android.finsky.setup.DseService.h(PG:172)
12-10 10:09:25.418  1422  3870 E JavaBinder: 	at adnd.a(PG:50)
12-10 10:09:25.418  1422  3870 E JavaBinder: 	at jdv.dispatchTransaction(PG:6)
12-10 10:09:25.418  1422  3870 E JavaBinder: 	at jni.onTransact(PG:13)
12-10 10:09:25.418  1422  3870 E JavaBinder: 	at android.os.Binder.execTransactInternal(Binder.java:1500)
12-10 10:09:25.418  1422  3870 E JavaBinder: 	at android.os.Binder.execTransact(Binder.java:1444)
12-10 10:09:25.418  1422  3870 E JavaBinder: Caused by: java.util.concurrent.TimeoutException
12-10 10:09:25.418  1422  3870 E JavaBinder: 	at jfr.c(PG:76)
12-10 10:09:25.418  1422  3870 E JavaBinder: 	at jfr.get(PG:3)
12-10 10:09:25.418  1422  3870 E JavaBinder: 	at alrq.ad(PG:13)
12-10 10:09:25.418  1422  3870 E JavaBinder: 	... 6 more
12-10 10:09:25.419   598  4019 W ActivityManager: pid 10568 com.android.chrome sent binder code 6 with flags 2 to frozen apps and got error -74
12-10 10:09:25.420 10568 10568 W cr_SearchEngineCountryDelegateImpl: Exception raised by DseService
12-10 10:09:25.420 10568 10568 W cr_SearchEngineCountryDelegateImpl: java.lang.NullPointerException: Attempt to invoke virtual method 'java.lang.String android.os.BaseBundle.getString(java.lang.String)' on a null object reference
12-10 10:09:25.420 10568 10568 W cr_SearchEngineCountryDelegateImpl: 	at rn3.a(chromium-TrichromeChromeGoogle6432.aab-stable-636771938:9)
12-10 10:09:25.420 10568 10568 W cr_SearchEngineCountryDelegateImpl: 	at on3.onResult(chromium-TrichromeChromeGoogle6432.aab-stable-636771938:8)
12-10 10:09:25.420 10568 10568 W cr_SearchEngineCountryDelegateImpl: 	at org.chromium.base.Callback.K(chromium-TrichromeChromeGoogle6432.aab-stable-636771938:1)
12-10 10:09:25.420 10568 10568 W cr_SearchEngineCountryDelegateImpl: 	at EK.run(chromium-TrichromeChromeGoogle6432.aab-stable-636771938:5)
12-10 10:09:25.420 10568 10568 W cr_SearchEngineCountryDelegateImpl: 	at android.os.Handler.handleCallback(Handler.java:959)
12-10 10:09:25.420 10568 10568 W cr_SearchEngineCountryDelegateImpl: 	at android.os.Handler.dispatchMessage(Handler.java:100)
12-10 10:09:25.420 10568 10568 W cr_SearchEngineCountryDelegateImpl: 	at android.os.Looper.loopOnce(Looper.java:232)
12-10 10:09:25.420 10568 10568 W cr_SearchEngineCountryDelegateImpl: 	at android.os.Looper.loop(Looper.java:317)
12-10 10:09:25.420 10568 10568 W cr_SearchEngineCountryDelegateImpl: 	at android.app.ActivityThread.main(ActivityThread.java:8705)
12-10 10:09:25.420 10568 10568 W cr_SearchEngineCountryDelegateImpl: 	at java.lang.reflect.Method.invoke(Native Method)
12-10 10:09:25.420 10568 10568 W cr_SearchEngineCountryDelegateImpl: 	at com.android.internal.os.RuntimeInit$MethodAndArgsCaller.run(RuntimeInit.java:580)
12-10 10:09:25.420 10568 10568 W cr_SearchEngineCountryDelegateImpl: 	at com.android.internal.os.ZygoteInit.main(ZygoteInit.java:886)
12-10 10:09:25.611  1422  1939 E Finsky  : [72] mwv.c(59): Unexpected android-id = 0
12-10 10:09:25.777  1422  1939 W android.vending: Accessing hidden method Lcom/android/org/conscrypt/ConscryptEngineSocket;->setUseSessionTickets(Z)V (max-target-q,core-platform-api, reflection, denied)
12-10 10:09:25.778  1422  1939 W android.vending: Accessing hidden method Lcom/android/org/conscrypt/OpenSSLSocketImpl;->setUseSessionTickets(Z)V (max-target-q,core-platform-api, reflection, denied)
12-10 10:09:25.778  1422  1939 W android.vending: Accessing hidden method Lcom/android/org/conscrypt/AbstractConscryptSocket;->setUseSessionTickets(Z)V (max-target-q, reflection, denied)
12-10 10:09:25.778  1422  1939 W android.vending: Accessing hidden method Lcom/android/org/conscrypt/ConscryptEngineSocket;->setHostname(Ljava/lang/String;)V (max-target-q,core-platform-api, reflection, denied)
12-10 10:09:25.778  1422  1939 W android.vending: Accessing hidden method Lcom/android/org/conscrypt/OpenSSLSocketImpl;->setHostname(Ljava/lang/String;)V (max-target-q,core-platform-api, reflection, denied)
12-10 10:09:25.778  1422  1939 W android.vending: Accessing hidden method Lcom/android/org/conscrypt/AbstractConscryptSocket;->setHostname(Ljava/lang/String;)V (max-target-q, reflection, denied)
12-10 10:09:25.778  1422  1939 W android.vending: Accessing hidden method Lcom/android/org/conscrypt/OpenSSLSocketImpl;->setAlpnProtocols([B)V (max-target-q,core-platform-api, reflection, denied)
12-10 10:09:25.778  1422  1939 W android.vending: Accessing hidden method Lcom/android/org/conscrypt/AbstractConscryptSocket;->setAlpnProtocols([B)V (max-target-q, reflection, denied)
