12-10 10:09:04.912   598  1518 W UserManagerService: Requested status bar icon for non-badged user 0
12-10 10:09:04.922   598  1724 W UserManagerService: Requested status bar icon for non-badged user 0
12-10 10:09:04.937   598  1517 W UserManagerService: Requested status bar icon for non-badged user 0
12-10 10:09:04.941   598  1724 W UserManagerService: Requested status bar icon for non-badged user 0
12-10 10:09:04.998   472   578 W ServiceManagerCppClient: Permission failure: android.permission.ACCESS_SURFACE_FLINGER from uid=10217 pid=15794
12-10 10:09:05.119   472   578 W ServiceManagerCppClient: Permission failure: android.permission.ROTATE_SURFACE_FLINGER from uid=10217 pid=15794
12-10 10:09:05.120   472   578 W ServiceManagerCppClient: Permission failure: android.permission.INTERNAL_SYSTEM_WINDOW from uid=10217 pid=15794
12-10 10:09:05.123 15794 15893 I EGL_emulation: Opening libGLESv1_CM_emulation.so
12-10 10:09:05.123 15794 15893 I EGL_emulation: Opening libGLESv2_emulation.so
12-10 10:09:05.195   472   482 W ServiceManagerCppClient: Permission failure: android.permission.ROTATE_SURFACE_FLINGER from uid=10217 pid=0
12-10 10:09:05.220   598   637 W IPCThreadState: Sending oneway calls to frozen process.
12-10 10:09:05.368 15794 15893 W HWUI    : Failed to choose config with EGL_SWAP_BEHAVIOR_PRESERVED, retrying without...
12-10 10:09:05.368 15794 15893 W HWUI    : Failed to initialize 101010-2 format, error = EGL_SUCCESS
12-10 10:09:05.446 15868 15924 I SP      : Successfully got manifest for cmn-cn-manifest: manifests:cmn-cn-47
12-10 10:09:05.456   598   637 W IPCThreadState: Sending oneway calls to frozen process.
12-10 10:09:05.463   598   637 W IPCThreadState: Sending oneway calls to frozen process.
12-10 10:09:05.523 15868 15924 I SP      : Syncing cmn-cn (47) with slices: [{cmn-cn-x-multi-r47, m:*:*:*}], metadata: false
12-10 10:09:05.549   598  1518 W BestClock: java.time.DateTimeException: Missing network time fix
12-10 10:09:05.550   184   184 I hwservicemanager: getTransport: Cannot find entry android.hardware.graphics.mapper@4.0::IMapper/default in either framework or device VINTF manifest.
12-10 10:09:05.550   598  1518 W BestClock: java.time.DateTimeException: Missing network time fix
12-10 10:09:05.551 15794 15893 I Gralloc4: mapper 4.x is not supported
12-10 10:09:05.558   598  1518 W BestClock: java.time.DateTimeException: Missing network time fix
12-10 10:09:05.671 10568 15951 W DynamiteModule: Local module descriptor class for com.google.android.gms.googlecertificates not found.
12-10 10:09:05.706 15794 15794 I Choreographer: Skipped 59 frames!  The application may be doing too much work on its main thread.
12-10 10:09:05.706 15868 15924 I SP      : Requesting download of URL https://redirector.gvt1.com/edgedl/android/tts/v26/cmn-cn/cmn-cn-x-multi-r47.zvoice to cmn-cn-x-multi-r47.zvoice.fetched (constraints: m:b:u:l)
12-10 10:09:05.706   598   673 W ServiceManagerCppClient: Permission failure: android.permission.ACCESS_SURFACE_FLINGER from uid=10217 pid=0
12-10 10:09:05.707   598   673 W ServiceManagerCppClient: Permission failure: android.permission.ROTATE_SURFACE_FLINGER from uid=10217 pid=0
12-10 10:09:05.707   598   673 W ServiceManagerCppClient: Permission failure: android.permission.INTERNAL_SYSTEM_WINDOW from uid=10217 pid=0
12-10 10:09:05.716 10568 15951 W ziparchive: Unable to open '/data/user_de/0/com.google.android.gms/app_chimera/m/00000002/DynamiteLoader.uncompressed.dm': No such file or directory
12-10 10:09:05.716 10568 15951 W ziparchive: Unable to open '/data/user_de/0/com.google.android.gms/app_chimera/m/00000002/DynamiteLoader.uncompressed.dm': No such file or directory
12-10 10:09:05.733 15794 15909 I HWUI    : Davey! duration=1053ms; Flags=1, FrameTimelineVsyncId=139059, IntendedVsync=2378890380940, Vsync=2378940380938, InputEventId=0, HandleInputStart=2378949903800, AnimationStart=2378949952100, PerformTraversalsStart=2378950009400, DrawStart=2379842354800, FrameDeadline=2378907047606, FrameInterval=2378949882200, FrameStartTime=16666666, SyncQueued=2379848829800, SyncStart=2379863585200, IssueDrawCommandsStart=2379867978300, SwapBuffers=2379941452000, FrameCompleted=2379958811900, DequeueBufferDuration=46500, QueueBufferDuration=429000, GpuCompleted=2379958811900, SwapBuffersCompleted=2379943876700, DisplayPresentTime=0, CommandSubmissionCompleted=2379941452000, 
12-10 10:09:05.752   598   626 I ActivityTaskManager: Displayed com.ichi2.anki/.IntroductionActivity for user 0: +4s150ms
12-10 10:09:05.767   598   714 I ImeTracker: com.ichi2.anki:fc619b0: onRequestHide at ORIGIN_SERVER reason HIDE_UNSPECIFIED_WINDOW fromUser false
12-10 10:09:05.768   598   714 I ImeTracker: com.ichi2.anki:fc619b0: onCancelled at PHASE_SERVER_SHOULD_HIDE
12-10 10:09:05.803 10568 15951 I DynamiteModule: Considering local module com.google.android.gms.googlecertificates:0 and remote module com.google.android.gms.googlecertificates:7
12-10 10:09:05.803 10568 15951 I DynamiteModule: Selected remote version of com.google.android.gms.googlecertificates, version >= 7
12-10 10:09:05.821 15868 15958 W DynamiteModule: Local module descriptor class for com.google.android.gms.providerinstaller.dynamite not found.
12-10 10:09:05.849  4028  4150 W ProviderHelper: Unknown dynamite feature providerinstaller.dynamite
12-10 10:09:05.874 15868 15958 I DynamiteModule: Considering local module com.google.android.gms.providerinstaller.dynamite:0 and remote module com.google.android.gms.providerinstaller.dynamite:0
12-10 10:09:05.874 15868 15958 W ProviderInstaller: Failed to load providerinstaller module: No acceptable module com.google.android.gms.providerinstaller.dynamite found. Local version is 0 and remote version is 0.
12-10 10:09:05.914 15794 15794 I AnkiDroid: IntentHandler::onDestroy
12-10 10:09:05.915 15794 15794 I AnkiDroid: DeckPicker::onDestroy
12-10 10:09:05.928  1116  1247 I IPCThreadState: oneway function results for code 2 on binder at 0x7536f52d19d0 will be dropped but finished with status UNKNOWN_TRANSACTION
12-10 10:09:05.981 15868 15958 W ProviderInstaller: Failed to report request stats: com.google.android.gms.common.security.ProviderInstallerImpl.reportRequestStats [class android.content.Context, long, long]
12-10 10:09:05.987 10568 15951 W ziparchive: Unable to open '/data/user_de/0/com.google.android.gms/app_chimera/m/00000005/GoogleCertificates.dm': No such file or directory
12-10 10:09:05.987 10568 15951 W ziparchive: Unable to open '/data/user_de/0/com.google.android.gms/app_chimera/m/00000005/GoogleCertificates.dm': No such file or directory
12-10 10:09:06.000 10568 10568 I cr_CombinedPProvider: #linkNativeInternal() 0
12-10 10:09:06.000 10568 10568 I cr_PolicyProvider: #setManagerAndSource() 0
12-10 10:09:06.010   598   598 W TextToSpeechManagerPerUserService: Disconnected from TTS engine
12-10 10:09:06.011 15794 15909 I TextToSpeech: Disconnected from TTS engine
12-10 10:09:06.013 10568 10568 I cr_PolicyCacheProvider: #refresh() true
12-10 10:09:06.022   598   598 W ServiceConnector.Impl: mayInterruptIfRunning not supported - ignoring
12-10 10:09:06.079   598  1517 W ActivityManager: pid 598 system sent binder code 1 with flags 1 to frozen apps and got error -32
12-10 10:09:06.082   598  1517 W EnhancedConfirmationService: The packageName should not be null.
12-10 10:09:06.088   511  2933 W IPCThreadState: Sending oneway calls to frozen process.
12-10 10:09:06.089   511  2933 W IPCThreadState: Sending oneway calls to frozen process.
12-10 10:09:06.097   834   971 W WindowOnBackDispatcher: sendCancelIfRunning: isInProgress=false callback=android.view.ViewRootImpl$$ExternalSyntheticLambda11@1d63302
12-10 10:09:06.112 15868 15958 I ProviderInstaller: Installed default security provider GmsCore_OpenSSL
12-10 10:09:06.123   598  1517 W MagnificationConnectionManager: requestConnection duplicated request: connect=false, mConnectionState=DISCONNECTED
12-10 10:09:06.125   598  1517 W MagnificationConnectionManager: requestConnection duplicated request: connect=false, mConnectionState=DISCONNECTED
12-10 10:09:06.132   598   951 W MagnificationConnectionManager: requestConnection duplicated request: connect=false, mConnectionState=DISCONNECTED
12-10 10:09:06.136   598   951 W InputManager-JNI: Input channel object 'f0c492c Splash Screen com.ichi2.anki (client)' was disposed without first being removed with the input manager!
12-10 10:09:06.141   598   598 W IPCThreadState: Sending oneway calls to frozen process.
12-10 10:09:06.142   598   598 W IPCThreadState: Sending oneway calls to frozen process.
12-10 10:09:06.142   598   598 W IPCThreadState: Sending oneway calls to frozen process.
12-10 10:09:06.142   598   598 W IPCThreadState: Sending oneway calls to frozen process.
12-10 10:09:06.155   598   598 W IPCThreadState: Sending oneway calls to frozen process.
12-10 10:09:06.156  1292  8748 I PSyncWorker: Starting proactive picker sync from sync source: 1
12-10 10:09:06.156  1292  8748 I PickerSyncTracker: Created new sync future java.util.concurrent.CompletableFuture@32434e0[Not completed, 1 dependents]. Future map: {798b55dd-bd97-474e-8766-8cb9006a859b=java.util.concurrent.CompletableFuture@32434e0[Not completed, 1 dependents]}
12-10 10:09:06.161   598   598 W IPCThreadState: Sending oneway calls to frozen process.
12-10 10:09:06.162   598   598 W IPCThreadState: Sending oneway calls to frozen process.
12-10 10:09:06.162   598   598 W IPCThreadState: Sending oneway calls to frozen process.
12-10 10:09:06.162   598   598 W IPCThreadState: Sending oneway calls to frozen process.
12-10 10:09:06.166   598   598 W IPCThreadState: Sending oneway calls to frozen process.
12-10 10:09:06.167   598   598 W IPCThreadState: Sending oneway calls to frozen process.
12-10 10:09:06.167   598   598 W IPCThreadState: Sending oneway calls to frozen process.
12-10 10:09:06.183  1292  8748 I PickerSyncController: Executing SyncAdd. isLocal: true. authority: com.android.providers.media.photopicker
12-10 10:09:06.197   598   598 W MagnificationConnectionManager: requestConnection duplicated request: connect=false, mConnectionState=DISCONNECTED
12-10 10:09:06.197  1292  8748 I PickerSyncController: Paged sync successful. QueryArgs: Bundle[{android.provider.extra.SYNC_GENERATION=371, android.provider.extra.PAGE_SIZE=1000}] Total Rows: 0
12-10 10:09:06.197  1292  8748 I PickerSyncController: Executing SyncRemove. isLocal: true. authority: com.android.providers.media.photopicker
12-10 10:09:06.198   598   598 W IPCThreadState: Sending oneway calls to frozen process.
12-10 10:09:06.199   598   598 W IPCThreadState: Sending oneway calls to frozen process.
12-10 10:09:06.199   598   598 W IPCThreadState: Sending oneway calls to frozen process.
12-10 10:09:06.203  1292  8748 E PickerDbFacade: Could not get first date taken millis for media id: 1000000062
12-10 10:09:06.204   598   598 W IPCThreadState: Sending oneway calls to frozen process.
12-10 10:09:06.204  1292  8748 W PickerDbFacade: Unable to promote cloud media with localId: 1000000062
12-10 10:09:06.206   598   598 W IPCThreadState: Sending oneway calls to frozen process.
12-10 10:09:06.207   598   598 W IPCThreadState: Sending oneway calls to frozen process.
12-10 10:09:06.207   598   598 W IPCThreadState: Sending oneway calls to frozen process.
12-10 10:09:06.207   598   598 W IPCThreadState: Sending oneway calls to frozen process.
12-10 10:09:06.208  1292  8748 I PickerSyncController: Paged sync successful. QueryArgs: Bundle[{android.provider.extra.SYNC_GENERATION=371, android.provider.extra.PAGE_SIZE=1000}] Total Rows: 0
12-10 10:09:06.208   598   598 W IPCThreadState: Sending oneway calls to frozen process.
12-10 10:09:06.208  1292  8748 I PickerSyncTracker: Marked sync future complete for work id: 798b55dd-bd97-474e-8766-8cb9006a859b. Future map: {}
12-10 10:09:06.209  1292  8748 I PSyncWorker: Completed picker proactive sync complete from local provider.
12-10 10:09:06.211   598   598 W IPCThreadState: Sending oneway calls to frozen process.
12-10 10:09:06.215  1292  1419 I WM-WorkerWrapper: Worker result SUCCESS for Work [ id=798b55dd-bd97-474e-8766-8cb9006a859b, tags={ com.android.providers.media.photopicker.sync.ProactiveSyncWorker } ]
12-10 10:09:06.219   598   598 W IPCThreadState: Sending oneway calls to frozen process.
12-10 10:09:06.219   598   598 W IPCThreadState: Sending oneway calls to frozen process.
12-10 10:09:06.220   598   598 W IPCThreadState: Sending oneway calls to frozen process.
12-10 10:09:06.220   598   598 W IPCThreadState: Sending oneway calls to frozen process.
12-10 10:09:06.222   598   598 W IPCThreadState: Sending oneway calls to frozen process.
12-10 10:09:06.222   598   598 W IPCThreadState: Sending oneway calls to frozen process.
12-10 10:09:06.223   598   598 W IPCThreadState: Sending oneway calls to frozen process.
12-10 10:09:06.223   598   598 W IPCThreadState: Sending oneway calls to frozen process.
12-10 10:09:06.229   598   598 W IPCThreadState: Sending oneway calls to frozen process.
12-10 10:09:06.231   598   598 W IPCThreadState: Sending oneway calls to frozen process.
12-10 10:09:06.231   598   598 W IPCThreadState: Sending oneway calls to frozen process.
12-10 10:09:06.234   598   598 W IPCThreadState: Sending oneway calls to frozen process.
12-10 10:09:06.234   598   598 W IPCThreadState: Sending oneway calls to frozen process.
12-10 10:09:06.234   598   598 W IPCThreadState: Sending oneway calls to frozen process.
12-10 10:09:06.239   598   598 W IPCThreadState: Sending oneway calls to frozen process.
12-10 10:09:06.239   598   598 W IPCThreadState: Sending oneway calls to frozen process.
12-10 10:09:06.240   598   598 W IPCThreadState: Sending oneway calls to frozen process.
12-10 10:09:06.242   598   598 W IPCThreadState: Sending oneway calls to frozen process.
12-10 10:09:06.244   598   598 W IPCThreadState: Sending oneway calls to frozen process.
12-10 10:09:06.247   598   598 W IPCThreadState: Sending oneway calls to frozen process.
12-10 10:09:06.262  1217  1373 E AccessibilitySettingsUtil: unable to parse accessibility service null
12-10 10:09:06.411 15868 15958 W DynamiteModule: Local module descriptor class for com.google.android.gms.providerinstaller.dynamite not found.
12-10 10:09:06.412  4028  4150 W ProviderHelper: Unknown dynamite feature providerinstaller.dynamite
12-10 10:09:06.416 15868 15958 I DynamiteModule: Considering local module com.google.android.gms.providerinstaller.dynamite:0 and remote module com.google.android.gms.providerinstaller.dynamite:0
12-10 10:09:06.416 15868 15958 W ProviderInstaller: Failed to load providerinstaller module: No acceptable module com.google.android.gms.providerinstaller.dynamite found. Local version is 0 and remote version is 0.
12-10 10:09:06.417 15868 15958 W ProviderInstaller: Failed to report request stats: com.google.android.gms.common.security.ProviderInstallerImpl.reportRequestStats [class android.content.Context, long, long]
12-10 10:09:06.439 10568 10568 I chromium: [INFO:chrome_browser_cloud_management_controller.cc(273)] Deferring CBCM Controller Initialization until it is unblocked.
12-10 10:09:06.440 10568 15980 I PlayCore: UID: [10146]  PID: [10568] AppUpdateService : requestUpdateInfo(com.android.chrome)
12-10 10:09:06.443 10568 16002 I PlayCore: UID: [10146]  PID: [10568] AppUpdateService : Initiate binding to the service.
12-10 10:09:06.451   598  1724 W IPCThreadState: Sending oneway calls to frozen process.
12-10 10:09:06.451   598  1724 W IPCThreadState: Sending oneway calls to frozen process.
12-10 10:09:06.491   598   639 I ActivityManager: Start proc 16004:com.android.chrome:privileged_process0/u0a146 for service {com.android.chrome/org.chromium.content.app.PrivilegedProcessService0}
12-10 10:09:06.506   598  1404 E TaskPersister: File error accessing recents directory (directory doesn't exist?).
12-10 10:09:06.514 16004 16004 I ileged_process0: Using CollectorTypeCMC GC.
12-10 10:09:06.515 16004 16004 W ileged_process0: Unexpected CPU variant for x86: x86_64.
12-10 10:09:06.515 16004 16004 W ileged_process0: Known variants: atom, sandybridge, silvermont, goldmont, goldmont-plus, goldmont-without-sha-xsaves, tremont, kabylake, default
12-10 10:09:06.519 16004 16004 E ileged_process0: Not starting debugger since process cannot load the jdwp agent.
12-10 10:09:06.562   598  1518 W BestClock: java.time.DateTimeException: Missing network time fix
12-10 10:09:06.563   598  1518 W BestClock: java.time.DateTimeException: Missing network time fix
12-10 10:09:06.566   598  1518 W BestClock: java.time.DateTimeException: Missing network time fix
12-10 10:09:06.572 16004 16004 W ziparchive: Unable to open '/data/app/~~34AIYx5h0Vjmz12cLTdt4A==/com.google.android.trichromelibrary_636771938-W05_TI5N6p5CRLaFFbXMZg==/TrichromeLibrary.dm': No such file or directory
12-10 10:09:06.572 16004 16004 W ziparchive: Unable to open '/data/app/~~34AIYx5h0Vjmz12cLTdt4A==/com.google.android.trichromelibrary_636771938-W05_TI5N6p5CRLaFFbXMZg==/TrichromeLibrary.dm': No such file or directory
12-10 10:09:06.573 16004 16004 W ileged_process0: Entry not found
12-10 10:09:06.580  1422 15626 I Finsky  : [255] yoq.h(12): Triggered update for experiment package com.google.android.finsky.regular.
12-10 10:09:06.582  1422  1422 E Finsky  : [2] DseService.q(253): Setup::DSE: Failed to sync Phenotype experiments, time out after PT0.001S
12-10 10:09:06.671   480   480 E adbd    : failed to connect to socket 'tcp:51112': Connection refused
12-10 10:09:06.727  4053  6942 I ebvk$a  : (REDACTED) Unable to retrieve flag snapshot for %s, using defaults.
12-10 10:09:06.734  1422 15639 I RegisterSyncOperation: Register sync called by com.android.vending, syncing since something changed
12-10 10:09:06.748  1422 15639 I HeterodyneSyncer: Removed 0 invalid users
12-10 10:09:06.760  1422 16021 E Finsky  : [267] mwv.c(59): Unexpected android-id = 0
12-10 10:09:06.839 10568 10568 I cr_SmsProviderGms: construction successfull GD3@cdca09e, DD3@b14b77f
12-10 10:09:06.843  1422 16021 E Finsky  : [267] rin.A(117): Unable to fetch checkin consistency token: empty token
12-10 10:09:06.848   598   639 I ActivityManager: Start proc 16022:com.google.android.adservices.api/u0a205 for service {com.google.android.adservices.api/com.android.adservices.measurement.MeasurementService}
12-10 10:09:06.864  4053  6942 I ebvk$a  : (REDACTED) Unable to retrieve flag snapshot for %s, using defaults.
12-10 10:09:06.871 16022 16022 I .adservices.api: Using CollectorTypeCMC GC.
12-10 10:09:06.878 16022 16022 W .adservices.api: Unexpected CPU variant for x86: x86_64.
12-10 10:09:06.878 16022 16022 W .adservices.api: Known variants: atom, sandybridge, silvermont, goldmont, goldmont-plus, goldmont-without-sha-xsaves, tremont, kabylake, default
12-10 10:09:06.887 16022 16022 E .adservices.api: Not starting debugger since process cannot load the jdwp agent.
12-10 10:09:06.899 10568 15996 I chromium: [INFO:component_installer.cc(309)] Failed to verify installation for OnDeviceHeadSuggest (/data/user/0/com.android.chrome/app_chrome/OnDeviceHeadSuggestModel/20241128.702116459.14).: Success (0)
12-10 10:09:06.914  1422 15639 I Finsky  : [265] aqcj.e(9): Sending Heterodyne sync request for package com.google.android.finsky.regular
12-10 10:09:06.990 16004 16004 I LoadedApk: No resource references to update in package com.google.android.trichromelibrary
12-10 10:09:06.994 16004 16004 I cr_SplitCompatApp: Launched version=124.0.6367.219 minSdkVersion=29 isBundle=true processName=com.android.chrome:privileged_process0 isIsolated=false
12-10 10:09:07.034 10568 10568 W cr_KnoxSettingsProvider: Permission to read device policy denied.
12-10 10:09:07.034 10568 10568 I cr_CombinedPProvider: #registerProvider() provider:RG2@fd0928b isPolicyCacheEnabled:true policyProvidersSize:0
12-10 10:09:07.034 10568 10568 I cr_PolicyProvider: #setManagerAndSource() 0
12-10 10:09:07.035 10568 10568 I cr_CombinedPProvider: #registerProvider() provider:Yh@af6ef68 isPolicyCacheEnabled:false policyProvidersSize:1
12-10 10:09:07.039 10568 10568 I cr_PolicyProvider: #setManagerAndSource() 1
12-10 10:09:07.040 10568 10568 I cr_AppResProvider: #getApplicationRestrictionsFromUserManager() Bundle[EMPTY_PARCEL]
12-10 10:09:07.040 10568 10568 I cr_PolicyProvider: #notifySettingsAvailable() 1
12-10 10:09:07.040 10568 10568 I cr_CombinedPProvider: #onSettingsAvailable() 1
12-10 10:09:07.045 16004 16004 I cr_ChildProcessService: Creating new ChildProcessService pid=16004
12-10 10:09:07.078 16004 16038 E cr_ChromiumAndroidLinker: ReserveAddressWithHint: Address range starting at 0x753660808000 was not free to use
12-10 10:09:07.078 16004 16038 I cr_LibraryLoader: Loading monochrome_64 from within /data/app/~~aD-xXMXOC5N3Bbj6uXb6Lw==/com.android.chrome-VTCrayHkyceIvBJF7RkfEQ==/Chrome.apk
12-10 10:09:07.079 16004 16038 I cr_Linker: loadLibraryImplLocked: monochrome_64, relroMode=2
12-10 10:09:07.084   401   401 W Zygote  : forkRepeatedly terminated due to non-simple command
12-10 10:09:07.106   598   639 W ZygoteProcess: Got error connecting to zygote, retrying. msg= Connection refused
12-10 10:09:07.108 16004 16038 E cr_ChromiumAndroidLinker: RelroIsIdentical: Incoming RELRO size does not match RELRO of the loaded library
12-10 10:09:07.108 16004 16038 E cr_ChromiumAndroidLinker: CompareRelroAndReplaceItBy: RELRO is not identical
12-10 10:09:07.111 16004 16038 I cr_LibraryLoader: Successfully loaded native library
12-10 10:09:07.112 16004 16038 I cr_CachingUmaRecorder: Flushed 4 samples from 4 histograms, 0 samples were dropped.
12-10 10:09:07.139 16046 16046 I d.chrome_zygote: Using CollectorTypeCMC GC.
12-10 10:09:07.157   598   639 W ZygoteProcess: Got error connecting to zygote, retrying. msg= Connection refused
12-10 10:09:07.221   598   639 I AppZygote: Starting application preload.
12-10 10:09:07.240 16046 16046 I AppZygoteInit: Beginning application preload for com.android.chrome
12-10 10:09:07.247 16004 16038 I EGL_emulation: Opening libGLESv1_CM_emulation.so
12-10 10:09:07.247 16004 16038 I EGL_emulation: Opening libGLESv2_emulation.so
12-10 10:09:07.248 16046 16046 W ziparchive: Unable to open '/data/app/~~34AIYx5h0Vjmz12cLTdt4A==/com.google.android.trichromelibrary_636771938-W05_TI5N6p5CRLaFFbXMZg==/TrichromeLibrary.dm': No such file or directory
12-10 10:09:07.248 16046 16046 W ziparchive: Unable to open '/data/app/~~34AIYx5h0Vjmz12cLTdt4A==/com.google.android.trichromelibrary_636771938-W05_TI5N6p5CRLaFFbXMZg==/TrichromeLibrary.dm': No such file or directory
12-10 10:09:07.248 16046 16046 W d.chrome_zygote: Entry not found
12-10 10:09:07.298 16004 16038 E EGL_emulation: eglCreateContext: EGL_BAD_CONFIG: no ES 3.2 support
12-10 10:09:07.298 16004 16038 E EGL_emulation: tid 16038: eglCreateContext(1830): error 0x3005 (EGL_BAD_CONFIG)
12-10 10:09:07.298 16004 16038 E EGL_emulation: eglCreateContext: EGL_BAD_CONFIG: no ES 3.1 support
12-10 10:09:07.298 16004 16038 E EGL_emulation: tid 16038: eglCreateContext(1824): error 0x3005 (EGL_BAD_CONFIG)
12-10 10:09:07.372 16046 16046 I cr_ZygotePreload: Loaded Zygote. version=124.0.6367.219 minSdkVersion=29 isBundle=true
12-10 10:09:07.387 16046 16046 I cr_LibraryLoader: Loading monochrome_64 from within /data/app/~~aD-xXMXOC5N3Bbj6uXb6Lw==/com.android.chrome-VTCrayHkyceIvBJF7RkfEQ==/Chrome.apk
12-10 10:09:07.387 16046 16046 I cr_Linker: loadLibraryImplLocked: monochrome_64, relroMode=1
12-10 10:09:07.443   598   639 I AppZygote: Application preload done.
12-10 10:09:07.443 16046 16046 I AppZygoteInit: Application preload done
12-10 10:09:07.472 16046 16052 W d.chrome_zygote: Reducing the number of considered missed Gc histogram windows from 237 to 100
12-10 10:09:07.488 16046 16046 I Zygote  : Entering forkRepeatedly native zygote loop
12-10 10:09:07.505 16064 16064 I ocessService0:0: Using CollectorTypeCMC GC.
12-10 10:09:07.506 16064 16064 W ocessService0:0: Unexpected CPU variant for x86: x86_64.
12-10 10:09:07.506 16064 16064 W ocessService0:0: Known variants: atom, sandybridge, silvermont, goldmont, goldmont-plus, goldmont-without-sha-xsaves, tremont, kabylake, default
12-10 10:09:07.510 16064 16064 E ocessService0:0: Not starting debugger since process cannot load the jdwp agent.
12-10 10:09:07.518 10568 10568 I cr_PolicyProvider: #notifySettingsAvailable() 0
12-10 10:09:07.518 10568 10568 I cr_CombinedPProvider: #onSettingsAvailable() 0
12-10 10:09:07.518 10568 10568 I cr_CombinedPProvider: #flushPolicies()
12-10 10:09:07.519 10568 10568 I cr_PolicyService: #onPolicyServiceInitialized()
12-10 10:09:07.520 10568 10568 I cr_PolicyProvider: #notifySettingsAvailable() 0
12-10 10:09:07.520 10568 10568 I cr_CombinedPProvider: #onSettingsAvailable() 0
12-10 10:09:07.520 10568 10568 I cr_CombinedPProvider: #flushPolicies()
12-10 10:09:07.521 16004 16038 E platform: Failed to open rendernode: No such file or directory
12-10 10:09:07.554   598   673 W ActivityManager: Slow operation: 481ms so far, now at startProcess: done updating battery stats
12-10 10:09:07.554   598   673 W ActivityManager: Slow operation: 481ms so far, now at startProcess: building log message
12-10 10:09:07.554   598   673 I ActivityManager: Start proc 16064:com.android.chrome:sandboxed_process0:org.chromium.content.app.SandboxedProcessService0:0/u0ai0 for  {com.android.chrome/org.chromium.content.app.SandboxedProcessService0:0}
12-10 10:09:07.554   598   673 W ActivityManager: Slow operation: 481ms so far, now at startProcess: starting to update pids map
12-10 10:09:07.554   598   673 W ActivityManager: Slow operation: 481ms so far, now at startProcess: done updating pids map
12-10 10:09:07.556   598   639 W ActivityManager: Slow operation: 483ms so far, now at startProcess: returned from zygote!
12-10 10:09:07.575 10568 15998 W cr_media: BLUETOOTH_CONNECT permission is missing.
12-10 10:09:07.578   598  1724 W BestClock: java.time.DateTimeException: Missing network time fix
12-10 10:09:07.580   598  1724 W BestClock: java.time.DateTimeException: Missing network time fix
12-10 10:09:07.603   598   673 W BestClock: java.time.DateTimeException: Missing network time fix
12-10 10:09:07.607 10568 15998 W cr_media: registerBluetoothIntentsIfNeeded: Requires BLUETOOTH permission
12-10 10:09:07.635 16064 16064 I LoadedApk: No resource references to update in package com.google.android.trichromelibrary
12-10 10:09:07.638 16064 16064 I cr_SplitCompatApp: Launched version=124.0.6367.219 minSdkVersion=29 isBundle=true processName=com.android.chrome:sandboxed_process0:org.chromium.content.app.SandboxedProcessService0:0 isIsolated=true
12-10 10:09:07.649 16064 16064 W SystemServiceRegistry: No service published for: uimode
12-10 10:09:07.668 10568 16001 E chromium: [ERROR:ssl_client_socket_impl.cc(879)] handshake failed; returned -1, SSL error code 1, net_error -101
12-10 10:09:07.675 10568 10568 I cr_EnterpriseInfoImpl: #setCacheResult() deviceOwned:false profileOwned:false
12-10 10:09:07.675 10568 10568 I cr_EnterpriseInfo: #getManagedStateForNative() rO0@4d65635
12-10 10:09:07.684 16064 16064 I cr_ChildProcessService: Creating new ChildProcessService pid=16064
12-10 10:09:07.718 16064 16086 I cr_LibraryLoader: Successfully loaded native library
12-10 10:09:07.719 16064 16086 I cr_CachingUmaRecorder: Flushed 3 samples from 3 histograms, 0 samples were dropped.
12-10 10:09:07.740 10568 10568 I cr_CompositorSurfaceMgr: Transitioning to surface with format: -1
12-10 10:09:07.768   598   738 W BestClock: java.time.DateTimeException: Missing network time fix
12-10 10:09:07.846   598   738 W BestClock: java.time.DateTimeException: Missing network time fix
12-10 10:09:08.063 10568 10568 I PlayCore: UID: [10146]  PID: [10568] AppUpdateService : ServiceConnectionImpl.onServiceConnected(ComponentInfo{com.android.vending/com.google.android.finsky.installservice.DevTriggeredUpdateService})
12-10 10:09:08.069 10568 16002 I PlayCore: UID: [10146]  PID: [10568] AppUpdateService : linkToDeath
12-10 10:09:08.208  4028  4116 I FontLog : (REDACTED) Received query %s, URI %s
12-10 10:09:08.216  4028  4116 I FontLog : (REDACTED) Query [%s] resolved to %s
12-10 10:09:08.227  4028  4116 I FontLog : (REDACTED) Font PFD returned from cache for %s
12-10 10:09:08.238  4028  4116 I FontLog : (REDACTED) Fetch %s end status %s
12-10 10:09:08.241  4028  4116 I FontLog : (REDACTED) Pulling font file for id = %d, cache size = %d
12-10 10:09:08.275  1422 16111 I Finsky  : [271] tuq.b(40): Created new item store.
12-10 10:09:08.315  1422  1429 W android.vending: Missing inline cache for java.lang.Object ked.apply(java.lang.Object)
12-10 10:09:08.316  1422  1429 W android.vending: Missing inline cache for java.lang.Object ked.apply(java.lang.Object)
12-10 10:09:08.318  1422  1429 W android.vending: Missing inline cache for java.lang.Object ked.apply(java.lang.Object)
12-10 10:09:08.318  1422  1429 W android.vending: Missing inline cache for java.lang.Object ked.apply(java.lang.Object)
12-10 10:09:08.319  1422  1429 W android.vending: Missing inline cache for java.lang.Object ked.apply(java.lang.Object)
12-10 10:09:08.319  1422  1429 W android.vending: Missing inline cache for java.lang.Object ked.apply(java.lang.Object)
12-10 10:09:08.320  1422  1429 W android.vending: Missing inline cache for java.lang.Object ked.apply(java.lang.Object)
12-10 10:09:08.367   598   617 I system_server: Background concurrent mark compact GC freed 23MB AllocSpace bytes, 81(1924KB) LOS objects, 45% free, 28MB/52MB, paused 4.724ms,3.816ms total 229.365ms
12-10 10:09:08.368   598   618 I BpBinder: onLastStrongRef automatically unlinking death recipients: 
12-10 10:09:08.382   598   619 W system_server: ApkAssets: Deleting an ApkAssets object '<empty> and /product/app/LatinIMEGooglePrebuilt/LatinIMEGooglePrebuilt.apk' with 1 weak references
12-10 10:09:08.384   598   619 W system_server: ApkAssets: Deleting an ApkAssets object '<empty> and /system/priv-app/InputDevices/InputDevices.apk' with 1 weak references
12-10 10:09:08.385   598   619 W system_server: ApkAssets: Deleting an ApkAssets object '<empty> and /product/app/GoogleTTS/GoogleTTS.apk' with 1 weak references
12-10 10:09:08.386   598   619 W system_server: ApkAssets: Deleting an ApkAssets object '<empty> and /data/app/~~pMoxUc2l63PgGV5PLCZnKA==/io.github.ylimit.droidbotapp-3SZ-xgJ1HyMFH3ZTi5YHRw==/base.apk' with 1 weak references
12-10 10:09:08.387   598   619 W system_server: ApkAssets: Deleting an ApkAssets object '<empty> and /system_ext/app/AccessibilityMenu/AccessibilityMenu.apk' with 1 weak references
12-10 10:09:08.388   598   619 W system_server: ApkAssets: Deleting an ApkAssets object '/product/overlay/AccessibilityMenu__sdk_gphone64_x86_64__auto_generated_rro_product.apk' with 1 weak references
12-10 10:09:08.389   598   619 W system_server: ApkAssets: Deleting an ApkAssets object '<empty> and /product/priv-app/Velvet/Velvet.apk' with 1 weak references
12-10 10:09:08.390   598   619 W system_server: ApkAssets: Deleting an ApkAssets object '<empty> and /product/app/talkback/talkback.apk' with 1 weak references
12-10 10:09:08.392   598   619 W system_server: ApkAssets: Deleting an ApkAssets object '/vendor/overlay/EmulatorTalkBackOverlay/EmulatorTalkBackOverlay.apk' with 1 weak references
12-10 10:09:08.392   598   619 W system_server: ApkAssets: Deleting an ApkAssets object '<empty> and /product/priv-app/PrebuiltGmsCore/PrebuiltGmsCore.apk' with 1 weak references
12-10 10:09:08.394   598   619 W system_server: ApkAssets: Deleting an ApkAssets object '<empty> and /product/app/PrebuiltGmail/PrebuiltGmail.apk' with 1 weak references
12-10 10:09:08.395  4028  4150 I FontLog : (REDACTED) Received query %s, URI %s
12-10 10:09:08.396   598   619 W system_server: ApkAssets: Deleting an ApkAssets object '<empty> and /product/app/Drive/Drive.apk' with 1 weak references
12-10 10:09:08.396   598   619 W system_server: ApkAssets: Deleting an ApkAssets object '<empty> and /product/app/CalendarGooglePrebuilt/CalendarGooglePrebuilt.apk' with 1 weak references
12-10 10:09:08.397  4028  4150 I FontLog : (REDACTED) Query [%s] resolved to %s
12-10 10:09:08.398   598   619 W System  : A resource failed to call release. 
12-10 10:09:08.404  4028  7149 E czvx    : Phenotype API error. Event: # fozr@95069eda, EventCode: GET_EXP [CONTEXT service_id=51 ]
12-10 10:09:08.404  4028  7149 E czvx    : czue: 29505: No config packages for log source, or config package not registered
12-10 10:09:08.404  4028  7149 E czvx    : 	at czwt.c(:com.google.android.gms@242335041@24.23.35 (190800-646585959):79)
12-10 10:09:08.404  4028  7149 E czvx    : 	at czwr.i(:com.google.android.gms@242335041@24.23.35 (190800-646585959):3)
12-10 10:09:08.404  4028  7149 E czvx    : 	at czvx.h(:com.google.android.gms@242335041@24.23.35 (190800-646585959):18)
12-10 10:09:08.404  4028  7149 E czvx    : 	at czvx.f(:com.google.android.gms@242335041@24.23.35 (190800-646585959):11)
12-10 10:09:08.404  4028  7149 E czvx    : 	at boey.hj(:com.google.android.gms@242335041@24.23.35 (190800-646585959):1)
12-10 10:09:08.404  4028  7149 E czvx    : 	at bofh.run(:com.google.android.gms@242335041@24.23.35 (190800-646585959):97)
12-10 10:09:08.404  4028  7149 E czvx    : 	at emsz.run(:com.google.android.gms@242335041@24.23.35 (190800-646585959):21)
12-10 10:09:08.404  4028  7149 E czvx    : 	at angs.c(:com.google.android.gms@242335041@24.23.35 (190800-646585959):50)
12-10 10:09:08.404  4028  7149 E czvx    : 	at angs.run(:com.google.android.gms@242335041@24.23.35 (190800-646585959):76)
12-10 10:09:08.404  4028  7149 E czvx    : 	at java.util.concurrent.ThreadPoolExecutor.runWorker(ThreadPoolExecutor.java:1145)
12-10 10:09:08.404  4028  7149 E czvx    : 	at java.util.concurrent.ThreadPoolExecutor$Worker.run(ThreadPoolExecutor.java:644)
12-10 10:09:08.404  4028  7149 E czvx    : 	at anmg.run(:com.google.android.gms@242335041@24.23.35 (190800-646585959):8)
12-10 10:09:08.404  4028  7149 E czvx    : 	at java.lang.Thread.run(Thread.java:1012)
12-10 10:09:08.406  4028  7149 W AsyncOperation: operation=GetExperimentTokensOperationCall, opStatusCode=29505 [CONTEXT service_id=51 ]
12-10 10:09:08.406  4028  7149 W AsyncOperation: OperationException[Status{statusCode=No config packages for log source, or config package not registered, resolution=null}]
12-10 10:09:08.406  4028  7149 W AsyncOperation: 	at czvx.h(:com.google.android.gms@242335041@24.23.35 (190800-646585959):48)
12-10 10:09:08.406  4028  7149 W AsyncOperation: 	at czvx.f(:com.google.android.gms@242335041@24.23.35 (190800-646585959):11)
12-10 10:09:08.406  4028  7149 W AsyncOperation: 	at boey.hj(:com.google.android.gms@242335041@24.23.35 (190800-646585959):1)
12-10 10:09:08.406  4028  7149 W AsyncOperation: 	at bofh.run(:com.google.android.gms@242335041@24.23.35 (190800-646585959):97)
12-10 10:09:08.406  4028  7149 W AsyncOperation: 	at emsz.run(:com.google.android.gms@242335041@24.23.35 (190800-646585959):21)
12-10 10:09:08.406  4028  7149 W AsyncOperation: 	at angs.c(:com.google.android.gms@242335041@24.23.35 (190800-646585959):50)
12-10 10:09:08.406  4028  7149 W AsyncOperation: 	at angs.run(:com.google.android.gms@242335041@24.23.35 (190800-646585959):76)
12-10 10:09:08.406  4028  7149 W AsyncOperation: 	at java.util.concurrent.ThreadPoolExecutor.runWorker(ThreadPoolExecutor.java:1145)
12-10 10:09:08.406  4028  7149 W AsyncOperation: 	at java.util.concurrent.ThreadPoolExecutor$Worker.run(ThreadPoolExecutor.java:644)
12-10 10:09:08.406  4028  7149 W AsyncOperation: 	at anmg.run(:com.google.android.gms@242335041@24.23.35 (190800-646585959):8)
12-10 10:09:08.406  4028  7149 W AsyncOperation: 	at java.lang.Thread.run(Thread.java:1012)
12-10 10:09:08.440 16110 16110 W BpBinder: Linking to death on android.gui.ISurfaceComposer but there are no threads (yet?) listening to incoming transactions. See ProcessState::startThreadPool and ProcessState::setThreadPoolMaxThreadCount. Generally you should setup the binder threadpool before other initialization steps.
12-10 10:09:08.440 16110 16110 W ProcessState: Extra binder thread started, but 0 threads requested. Do not use *startThreadPool when zero threads are requested.
12-10 10:09:08.481   184   184 I hwservicemanager: getTransport: Cannot find entry android.hardware.graphics.mapper@4.0::IMapper/default in either framework or device VINTF manifest.
12-10 10:09:08.482 16110 16114 I Gralloc4: mapper 4.x is not supported
12-10 10:09:08.504  1422  1938 E Finsky  : [71] mwv.c(59): Unexpected android-id = 0
12-10 10:09:08.504  4028  4150 I FontLog : (REDACTED) Fetch %s end status %s
12-10 10:09:08.549  4028 15972 W ProtoStoreBasedCache: cache is empty [CONTEXT service_id=257 ]
12-10 10:09:08.575  1292  4065 W MediaProvider: isAppCloneUserPair for user 0: false
12-10 10:09:08.576  4028  4150 I FontLog : (REDACTED) Pulling font file for id = %d, cache size = %d
12-10 10:09:08.587  4028  4150 I FontLog : (REDACTED) Received query %s, URI %s
12-10 10:09:08.589  4028  4150 I FontLog : (REDACTED) Query [%s] resolved to %s
12-10 10:09:08.591  4028  4150 I FontLog : (REDACTED) Font PFD returned from cache for %s
12-10 10:09:08.591  4028  4150 I FontLog : (REDACTED) Fetch %s end status %s
12-10 10:09:08.603  4028  4116 I FontLog : (REDACTED) Pulling font file for id = %d, cache size = %d
12-10 10:09:08.607   598  1517 W BestClock: java.time.DateTimeException: Missing network time fix
12-10 10:09:08.608   598  1517 W BestClock: java.time.DateTimeException: Missing network time fix
12-10 10:09:08.610   598  1517 W BestClock: java.time.DateTimeException: Missing network time fix
12-10 10:09:08.630  4028  4116 I FontLog : (REDACTED) Received query %s, URI %s
12-10 10:09:08.631  4028  4116 I FontLog : (REDACTED) Query [%s] resolved to %s
12-10 10:09:08.632  4028  4116 I FontLog : (REDACTED) Font PFD returned from cache for %s
12-10 10:09:08.632  4028  4116 I FontLog : (REDACTED) Fetch %s end status %s
12-10 10:09:08.640  4028  4116 I FontLog : (REDACTED) Pulling font file for id = %d, cache size = %d
12-10 10:09:08.726  1422  1938 W android.vending: Accessing hidden method Lcom/android/org/conscrypt/ConscryptEngineSocket;->setUseSessionTickets(Z)V (max-target-q,core-platform-api, reflection, denied)
12-10 10:09:08.726  1422  1938 W android.vending: Accessing hidden method Lcom/android/org/conscrypt/OpenSSLSocketImpl;->setUseSessionTickets(Z)V (max-target-q,core-platform-api, reflection, denied)
12-10 10:09:08.726  1422  1938 W android.vending: Accessing hidden method Lcom/android/org/conscrypt/AbstractConscryptSocket;->setUseSessionTickets(Z)V (max-target-q, reflection, denied)
12-10 10:09:08.726  1422  1938 W android.vending: Accessing hidden method Lcom/android/org/conscrypt/ConscryptEngineSocket;->setHostname(Ljava/lang/String;)V (max-target-q,core-platform-api, reflection, denied)
12-10 10:09:08.726  1422  1938 W android.vending: Accessing hidden method Lcom/android/org/conscrypt/OpenSSLSocketImpl;->setHostname(Ljava/lang/String;)V (max-target-q,core-platform-api, reflection, denied)
12-10 10:09:08.727  1422  1938 W android.vending: Accessing hidden method Lcom/android/org/conscrypt/AbstractConscryptSocket;->setHostname(Ljava/lang/String;)V (max-target-q, reflection, denied)
12-10 10:09:08.727  1422  1938 W android.vending: Accessing hidden method Lcom/android/org/conscrypt/OpenSSLSocketImpl;->setAlpnProtocols([B)V (max-target-q,core-platform-api, reflection, denied)
12-10 10:09:08.727  1422  1938 W android.vending: Accessing hidden method Lcom/android/org/conscrypt/AbstractConscryptSocket;->setAlpnProtocols([B)V (max-target-q, reflection, denied)
12-10 10:09:08.836   598  2273 I ActivityManager: Broadcasting: Intent { act=android.intent.action.MEDIA_SCANNER_SCAN_FILE dat=file:///... flg=0x400000 }
12-10 10:09:08.836   598  2273 I ActivityManager: Enqueued broadcast Intent { act=android.intent.action.MEDIA_SCANNER_SCAN_FILE dat=file:///... flg=0x400000 }: 0
12-10 10:09:08.839   598  1724 W JobInfo : Job 'com.google.android.providers.media.module/com.android.providers.media.MediaService#-300' has a deadline with no functional constraints. The deadline won't improve job execution latency. Consider removing the deadline.
12-10 10:09:08.849   598   626 I ActivityManager: Broadcast completed: result=0
12-10 10:09:08.854  1292  1686 I MediaProvider: Begin Intent { act=android.intent.action.MEDIA_SCANNER_SCAN_FILE dat=file:///... flg=0x1400010 cmp=com.google.android.providers.media.module/com.android.providers.media.MediaService }
12-10 10:09:08.869  1292  1686 I MediaProvider: End Intent { act=android.intent.action.MEDIA_SCANNER_SCAN_FILE dat=file:///... flg=0x1400010 cmp=com.google.android.providers.media.module/com.android.providers.media.MediaService }
12-10 10:09:09.067 16022 16022 I adservices-shared: Set singleton context as android.app.Application@4258fe6
12-10 10:09:09.096 16022 16022 E adservices: Measurement API is disabled
12-10 10:09:09.097 16022 16022 E adservices: Measurement API is disabled
12-10 10:09:09.098 10568 10581 E adservices: onNullBinding android.adservices.MEASUREMENT_SERVICE
12-10 10:09:09.104 10568 16020 E adservices: Failed to bind to measurement service: com.android.adservices.shared.common.exception.ServiceUnavailableException: Service is not available.
12-10 10:09:09.153  1292  1525 W MediaProvider: Ignoring param:deletedata post U for external apps
12-10 10:09:09.164  1292  1525 I MediaProvider: Deleted 0 1 0 0 0 0 0 items on external_primary due to com.android.shell
12-10 10:09:09.618   598  1517 W BestClock: java.time.DateTimeException: Missing network time fix
12-10 10:09:09.624   598  1517 W BestClock: java.time.DateTimeException: Missing network time fix
12-10 10:09:09.627   598  1517 W BestClock: java.time.DateTimeException: Missing network time fix
12-10 10:09:09.740   598   738 W BestClock: java.time.DateTimeException: Missing network time fix
12-10 10:09:09.782   598   738 W BestClock: java.time.DateTimeException: Missing network time fix
12-10 10:09:09.798   598   739 W BestClock: java.time.DateTimeException: Missing network time fix
12-10 10:09:09.800   598   739 W BestClock: java.time.DateTimeException: Missing network time fix
12-10 10:09:09.804   598   739 W BestClock: java.time.DateTimeException: Missing network time fix
12-10 10:09:09.822   598   739 W BestClock: java.time.DateTimeException: Missing network time fix
12-10 10:09:09.841   598   739 W BestClock: java.time.DateTimeException: Missing network time fix
12-10 10:09:09.842   598   739 W BestClock: java.time.DateTimeException: Missing network time fix
12-10 10:09:10.634   598  2273 W BestClock: java.time.DateTimeException: Missing network time fix
12-10 10:09:10.635   598  2273 W BestClock: java.time.DateTimeException: Missing network time fix
12-10 10:09:10.644   598  1517 W BestClock: java.time.DateTimeException: Missing network time fix
12-10 10:09:10.708  1292  7131 I PSyncWorker: Starting proactive picker sync from sync source: 1
12-10 10:09:10.708  1292  7131 I PickerSyncTracker: Created new sync future java.util.concurrent.CompletableFuture@a0a7cd1[Not completed, 1 dependents]. Future map: {f87a6731-96be-4a02-9513-868d68609785=java.util.concurrent.CompletableFuture@a0a7cd1[Not completed, 1 dependents]}
12-10 10:09:10.720  1292  7131 I PickerSyncController: Executing SyncAdd. isLocal: true. authority: com.android.providers.media.photopicker
12-10 10:09:10.734  1292  7131 I PickerSyncController: Paged sync successful. QueryArgs: Bundle[{android.provider.extra.SYNC_GENERATION=382, android.provider.extra.PAGE_SIZE=1000}] Total Rows: 0
12-10 10:09:10.735  1292  7131 I PickerSyncController: Executing SyncRemove. isLocal: true. authority: com.android.providers.media.photopicker
12-10 10:09:10.739  1292  7131 E PickerDbFacade: Could not get first date taken millis for media id: 1000000063
12-10 10:09:10.740  1292  7131 W PickerDbFacade: Unable to promote cloud media with localId: 1000000063
12-10 10:09:10.748  1292  7131 I PickerSyncController: Paged sync successful. QueryArgs: Bundle[{android.provider.extra.SYNC_GENERATION=382, android.provider.extra.PAGE_SIZE=1000}] Total Rows: 0
12-10 10:09:10.748  1292  7131 I PickerSyncTracker: Marked sync future complete for work id: f87a6731-96be-4a02-9513-868d68609785. Future map: {}
12-10 10:09:10.749  1292  7131 I PSyncWorker: Completed picker proactive sync complete from local provider.
12-10 10:09:10.751  1292  1419 I WM-WorkerWrapper: Worker result SUCCESS for Work [ id=f87a6731-96be-4a02-9513-868d68609785, tags={ com.android.providers.media.photopicker.sync.ProactiveSyncWorker } ]
12-10 10:09:10.965   480   480 E adbd    : failed to connect to socket 'tcp:51112': Connection refused
12-10 10:09:11.042 15868 15954 I SP      : All downloads are paused waiting for connectivity.
12-10 10:09:11.648   598  1517 W BestClock: java.time.DateTimeException: Missing network time fix
12-10 10:09:11.649   598  1517 W BestClock: java.time.DateTimeException: Missing network time fix
12-10 10:09:11.653   598  1517 W BestClock: java.time.DateTimeException: Missing network time fix
12-10 10:09:11.658   598   738 W BestClock: java.time.DateTimeException: Missing network time fix
12-10 10:09:11.711   598   738 W BestClock: java.time.DateTimeException: Missing network time fix
12-10 10:09:12.658   598  1724 W BestClock: java.time.DateTimeException: Missing network time fix
12-10 10:09:12.659   598  1724 W BestClock: java.time.DateTimeException: Missing network time fix
12-10 10:09:12.661   598   637 W IPCThreadState: Sending oneway calls to frozen process.
12-10 10:09:12.663   598  1724 W BestClock: java.time.DateTimeException: Missing network time fix
12-10 10:09:13.112 15321 15328 I AidlLazyServiceRegistrar: Process has 0 (of 1 available) client(s) in use after notification artd has clients: 0
12-10 10:09:13.112 15321 15328 I AidlLazyServiceRegistrar: Trying to shut down the service. No clients in use for any service in process.
12-10 10:09:13.132 15321 15328 I AidlLazyServiceRegistrar: Unregistered all clients and exiting
12-10 10:09:13.227   598  1724 I RemoteProvisionSysSvc: getRegistration(android.hardware.security.keymint.IRemotelyProvisionedComponent/default)
12-10 10:09:13.268   598   598 I RegistrationProxy: onServiceConnected: com.android.rkpdapp.service.RemoteProvisioningService
12-10 10:09:13.306   598  2273 I RegistrationProxy: IGetRegistrationCallback.onSuccess
12-10 10:09:13.310   598  2273 I RemoteProvisionSysSvc: Fetching key 10144 for client 135954734
12-10 10:09:13.310   598  2273 I RegistrationProxy: getKeyAsync operation started with callback 238630095
12-10 10:09:13.312 15427 16160 I RkpdRegistrationBinder: Key requested for : android.hardware.security.keymint.IRemotelyProvisionedComponent/default, clientUid: 1017, keyId: 10144, callback: 175141643
12-10 10:09:13.318 15427 16160 I RkpdRegistrationBinder: No key assigned, looking for an available key with expiry of 2024-12-13T10:09:13.318634Z
12-10 10:09:13.320 15427 16160 I RkpdRegistrationBinder: No key assigned, looking for an available key with expiry of 2024-12-10T11:09:13.312344Z
12-10 10:09:13.324 15427 16160 I RkpdRegistrationBinder: No keys are available, kicking off provisioning
12-10 10:09:13.325   598  1724 I RegistrationProxy: Provisioning required before keys are available for android.security.rkp.service.RegistrationProxy$2@e3934cf
12-10 10:09:13.329 15427 16160 E RkpdRegistrationBinder: RKPD failed to provision keys
12-10 10:09:13.329 15427 16160 E RkpdRegistrationBinder: com.android.rkpdapp.RkpdException: No network detected.
12-10 10:09:13.329 15427 16160 E RkpdRegistrationBinder: 	at com.android.rkpdapp.interfaces.ServerInterface.fetchGeek(ServerInterface.java:242)
12-10 10:09:13.329 15427 16160 E RkpdRegistrationBinder: 	at com.android.rkpdapp.interfaces.ServerInterface.fetchGeekAndUpdate(ServerInterface.java:317)
12-10 10:09:13.329 15427 16160 E RkpdRegistrationBinder: 	at com.android.rkpdapp.service.RegistrationBinder.fetchGeekAndProvisionKeys(RegistrationBinder.java:144)
12-10 10:09:13.329 15427 16160 E RkpdRegistrationBinder: 	at com.android.rkpdapp.service.RegistrationBinder.getKeyWorker(RegistrationBinder.java:117)
12-10 10:09:13.329 15427 16160 E RkpdRegistrationBinder: 	at com.android.rkpdapp.service.RegistrationBinder.getKeyThreadWorker(RegistrationBinder.java:235)
12-10 10:09:13.329 15427 16160 E RkpdRegistrationBinder: 	at com.android.rkpdapp.service.RegistrationBinder.lambda$getKey$3(RegistrationBinder.java:223)
12-10 10:09:13.329 15427 16160 E RkpdRegistrationBinder: 	at com.android.rkpdapp.service.RegistrationBinder.$r8$lambda$3tjqw_fbETEHa8OE8G7aQdQksF8(RegistrationBinder.java:0)
12-10 10:09:13.329 15427 16160 E RkpdRegistrationBinder: 	at com.android.rkpdapp.service.RegistrationBinder$$ExternalSyntheticLambda12.run(R8$$SyntheticClass:0)
12-10 10:09:13.329 15427 16160 E RkpdRegistrationBinder: 	at java.util.concurrent.Executors$RunnableAdapter.call(Executors.java:487)
12-10 10:09:13.329 15427 16160 E RkpdRegistrationBinder: 	at java.util.concurrent.FutureTask.run(FutureTask.java:264)
12-10 10:09:13.329 15427 16160 E RkpdRegistrationBinder: 	at java.util.concurrent.ThreadPoolExecutor.runWorker(ThreadPoolExecutor.java:1145)
12-10 10:09:13.329 15427 16160 E RkpdRegistrationBinder: 	at java.util.concurrent.ThreadPoolExecutor$Worker.run(ThreadPoolExecutor.java:644)
12-10 10:09:13.329 15427 16160 E RkpdRegistrationBinder: 	at java.lang.Thread.run(Thread.java:1012)
12-10 10:09:13.330   598   598 E RemoteProvisionSysSvc: RKP error fetching key for client 135954734: ERROR_PENDING_INTERNET_CONNECTIVITY: No network detected.
