12-10 10:08:42.660  1310  1427 I AiAiEcho: #remoteViewsTwiddler: feature disabled.
12-10 10:08:42.661  1310  1427 I AiAiEcho: Predicting[0]:  [CONTEXT sampling_count=5 ]
12-10 10:08:42.661  1310  1427 I AiAiEcho: EchoTargets: 
12-10 10:08:42.661  1310  1427 I AiAiEcho: Filtered by AiAi flag check: 
12-10 10:08:42.661  1310  1427 I AiAiEcho: [CONTEXT ratelimit_period="10 SECONDS" ]
12-10 10:08:42.661  1310  1427 I AiAiEcho: Ranked targets strategy: SORT, count: 0, ranking metadata:  [CONTEXT ratelimit_period="10 SECONDS" ]
12-10 10:08:42.662  1310  1427 I AiAiEcho: #remoteViewsTwiddler: feature disabled.
12-10 10:08:42.663  1310  1427 I AiAiEcho: #postPredictionTargets: Sending updates to UISurface lockscreen with targets# 0 (types=[])
12-10 10:08:42.664  1310  1427 I AiAiEcho: #postPredictionTargets: Sending updates to UISurface media_data_manager with targets# 0 (types=[])
12-10 10:08:42.666  1310  1427 I AiAiEcho: #postPredictionTargets: Sending updates to UISurface home with targets# 0 (types=[])
12-10 10:08:42.667   598   951 W AppOpService: Ignored setUidMode call for runtime permission app op: uid = 1001, code = RECEIVE_SMS, mode = allow, callingUid = 1001, oldMode = allow
12-10 10:08:42.669   598   951 W AppOpService: Ignored setUidMode call for runtime permission app op: uid = 1001, code = RECEIVE_WAP_PUSH, mode = allow, callingUid = 1001, oldMode = allow
12-10 10:08:42.670   834   834 W PageIndicator: Total number of pages invalid: 0. Assuming 1 page.
12-10 10:08:42.671  1310  1310 I AiAiEcho: AppFetcherImplV2 updateApps package:[com.ichi2.anki], userId:[0], reason:[package is added.].
12-10 10:08:42.675   598   617 I system_server: Background concurrent mark compact GC freed 26MB AllocSpace bytes, 90(2192KB) LOS objects, 43% free, 30MB/54MB, paused 6.515ms,3.880ms total 352.771ms
12-10 10:08:42.677   598   637 W PackageManager: Failed registering loading progress callback. Package is fully loaded.
12-10 10:08:42.678  1310  1310 I AiAiTextClassifier: onDestroyTextClassificationSession = TextClassificationSessionId {924defcd-8b93-4127-9031-9672360eb7bc}
12-10 10:08:42.678   598  1723 W ParceledListSlice: Element #25 is 19828 bytes.
12-10 10:08:42.678   598  1723 W ParceledListSlice: Element #26 is 19864 bytes.
12-10 10:08:42.679   598  1380 W ParceledListSlice: Element #27 is 19708 bytes.
12-10 10:08:42.687   598  1380 W ParceledListSlice: Element #28 is 19616 bytes.
12-10 10:08:42.688   598  1380 W ParceledListSlice: Element #29 is 19728 bytes.
12-10 10:08:42.690   598   598 W IPCThreadState: Sending oneway calls to frozen process.
12-10 10:08:42.693  1116  1155 W PackageManager: Failure retrieving text 0x7f130786 in package com.android.systemui
12-10 10:08:42.693  1116  1155 W PackageManager: android.content.res.Resources$NotFoundException: String resource ID #0x7f130786
12-10 10:08:42.693  1116  1155 W PackageManager: 	at android.content.res.Resources.getText(Resources.java:466)
12-10 10:08:42.693  1116  1155 W PackageManager: 	at android.app.ApplicationPackageManager.getText(ApplicationPackageManager.java:2405)
12-10 10:08:42.693  1116  1155 W PackageManager: 	at android.appwidget.AppWidgetProviderInfo.loadDescription(AppWidgetProviderInfo.java:484)
12-10 10:08:42.693  1116  1155 W PackageManager: 	at com.android.launcher3.model.WidgetItem.<init>(go/retraceme 2855a437b73635ce9cad76b9289087e631bbb67fc90008a0da13d343a00e5041:4)
12-10 10:08:42.693  1116  1155 W PackageManager: 	at com.android.launcher3.model.WidgetsModel.update(go/retraceme 2855a437b73635ce9cad76b9289087e631bbb67fc90008a0da13d343a00e5041:72)
12-10 10:08:42.693  1116  1155 W PackageManager: 	at com.android.launcher3.o0.execute(go/retraceme 2855a437b73635ce9cad76b9289087e631bbb67fc90008a0da13d343a00e5041:16)
12-10 10:08:42.693  1116  1155 W PackageManager: 	at com.android.launcher3.LauncherModel.a(go/retraceme 2855a437b73635ce9cad76b9289087e631bbb67fc90008a0da13d343a00e5041:27)
12-10 10:08:42.693  1116  1155 W PackageManager: 	at com.android.launcher3.s0.run(go/retraceme 2855a437b73635ce9cad76b9289087e631bbb67fc90008a0da13d343a00e5041:12)
12-10 10:08:42.693  1116  1155 W PackageManager: 	at android.os.Handler.handleCallback(Handler.java:959)
12-10 10:08:42.693  1116  1155 W PackageManager: 	at android.os.Handler.dispatchMessage(Handler.java:100)
12-10 10:08:42.693  1116  1155 W PackageManager: 	at android.os.Looper.loopOnce(Looper.java:232)
12-10 10:08:42.693  1116  1155 W PackageManager: 	at android.os.Looper.loop(Looper.java:317)
12-10 10:08:42.693  1116  1155 W PackageManager: 	at android.os.HandlerThread.run(HandlerThread.java:85)
12-10 10:08:42.694   598   598 W IPCThreadState: Sending oneway calls to frozen process.
12-10 10:08:42.695   598  1723 W AppOpService: Ignored setUidMode call for runtime permission app op: uid = 1001, code = SEND_SMS, mode = allow, callingUid = 1001, oldMode = allow
12-10 10:08:42.696   598  1380 W AppOpService: Ignored setUidMode call for runtime permission app op: uid = 1001, code = READ_CELL_BROADCASTS, mode = allow, callingUid = 1001, oldMode = allow
12-10 10:08:42.716   598   619 W system_server: ApkAssets: Deleting an ApkAssets object '<empty> and /data/app/~~Tcfj39lEKMuOIJ4zF1OzAA==/com.zhihu.android-flAvj3QaFTxsSnm7U41yyQ==/base.apk' with 1 weak references
12-10 10:08:42.720   598   598 W IPCThreadState: Sending oneway calls to frozen process.
12-10 10:08:42.725   598   637 W EnhancedConfirmationService: The packageName should not be null.
12-10 10:08:42.726   598   637 W MagnificationConnectionManager: requestConnection duplicated request: connect=false, mConnectionState=DISCONNECTED
12-10 10:08:42.728   598   619 W System  : A resource failed to call close. 
12-10 10:08:42.729   598   619 W system_server: ApkAssets: Deleting an ApkAssets object '<empty> and /system/priv-app/InputDevices/InputDevices.apk' with 1 weak references
12-10 10:08:42.730   598   598 W IPCThreadState: Sending oneway calls to frozen process.
12-10 10:08:42.730   598   598 W IPCThreadState: Sending oneway calls to frozen process.
12-10 10:08:42.730   598   619 W system_server: ApkAssets: Deleting an ApkAssets object '<empty> and /system_ext/app/AccessibilityMenu/AccessibilityMenu.apk' with 1 weak references
12-10 10:08:42.730   598   598 W IPCThreadState: Sending oneway calls to frozen process.
12-10 10:08:42.731   598   598 W IPCThreadState: Sending oneway calls to frozen process.
12-10 10:08:42.731   598   619 W system_server: ApkAssets: Deleting an ApkAssets object '/product/overlay/AccessibilityMenu__sdk_gphone64_x86_64__auto_generated_rro_product.apk' with 1 weak references
12-10 10:08:42.734  1310  1310 I AiAiEcho: AppFetcherImpl onPackageChanged com.ichi2.anki.
12-10 10:08:42.736   598   598 W IPCThreadState: Sending oneway calls to frozen process.
12-10 10:08:42.736  1310 15624 I AiAiEcho: AppIndexer Package:[com.ichi2.anki] UserProfile:[0] Enabled:[true].
12-10 10:08:42.737  1310 15624 I AiAiEcho: AppFetcherImplV2 updateApps package:[com.ichi2.anki], userId:[0], reason:[package is updated.].
12-10 10:08:42.737   598   598 W IPCThreadState: Sending oneway calls to frozen process.
12-10 10:08:42.738   598   598 W IPCThreadState: Sending oneway calls to frozen process.
12-10 10:08:42.738   598   598 W IPCThreadState: Sending oneway calls to frozen process.
12-10 10:08:42.738   598   598 W IPCThreadState: Sending oneway calls to frozen process.
12-10 10:08:42.739   598   598 W IPCThreadState: Sending oneway calls to frozen process.
12-10 10:08:42.739   598   598 W IPCThreadState: Sending oneway calls to frozen process.
12-10 10:08:42.740   598   619 W system_server: ApkAssets: Deleting an ApkAssets object '<empty> and /product/app/GoogleTTS/GoogleTTS.apk' with 1 weak references
12-10 10:08:42.744   598   619 W system_server: ApkAssets: Deleting an ApkAssets object '<empty> and /product/app/talkback/talkback.apk' with 1 weak references
12-10 10:08:42.746   598   619 W system_server: ApkAssets: Deleting an ApkAssets object '<empty> and /data/app/~~pMoxUc2l63PgGV5PLCZnKA==/io.github.ylimit.droidbotapp-3SZ-xgJ1HyMFH3ZTi5YHRw==/base.apk' with 1 weak references
12-10 10:08:42.748   598   619 W system_server: ApkAssets: Deleting an ApkAssets object '/vendor/overlay/EmulatorTalkBackOverlay/EmulatorTalkBackOverlay.apk' with 1 weak references
12-10 10:08:42.752   598   619 W system_server: ApkAssets: Deleting an ApkAssets object '<empty> and /product/priv-app/Velvet/Velvet.apk' with 1 weak references
12-10 10:08:42.755   598   619 W system_server: ApkAssets: Deleting an ApkAssets object '<empty> and /product/priv-app/PrebuiltGmsCore/PrebuiltGmsCore.apk' with 1 weak references
12-10 10:08:42.760   598   619 W system_server: ApkAssets: Deleting an ApkAssets object '<empty> and /product/app/PrebuiltGmail/PrebuiltGmail.apk' with 1 weak references
12-10 10:08:42.763   598   619 W system_server: ApkAssets: Deleting an ApkAssets object '<empty> and /product/app/Drive/Drive.apk' with 1 weak references
12-10 10:08:42.765   598   619 W system_server: ApkAssets: Deleting an ApkAssets object '<empty> and /product/app/CalendarGooglePrebuilt/CalendarGooglePrebuilt.apk' with 1 weak references
12-10 10:08:42.769   598   619 W System  : A resource failed to call close. 
12-10 10:08:42.772  1116  1116 I SsBaseTemplateCard: Secondary card pane is null
12-10 10:08:42.812   598  1723 W ParceledListSlice: Element #25 is 19828 bytes.
12-10 10:08:42.812   598  1723 W ParceledListSlice: Element #26 is 19864 bytes.
12-10 10:08:42.814   598  1723 W ParceledListSlice: Element #27 is 19708 bytes.
12-10 10:08:42.814   598  1723 W ParceledListSlice: Element #28 is 19616 bytes.
12-10 10:08:42.814   598  1723 W ParceledListSlice: Element #29 is 19728 bytes.
12-10 10:08:42.819  1310  1599 W PackageManager: Failure retrieving text 0x7f130786 in package com.android.systemui
12-10 10:08:42.819  1310  1599 W PackageManager: android.content.res.Resources$NotFoundException: String resource ID #0x7f130786
12-10 10:08:42.819  1310  1599 W PackageManager: 	at android.content.res.Resources.getText(Resources.java:466)
12-10 10:08:42.819  1310  1599 W PackageManager: 	at android.app.ApplicationPackageManager.getText(ApplicationPackageManager.java:2405)
12-10 10:08:42.819  1310  1599 W PackageManager: 	at android.appwidget.AppWidgetProviderInfo.loadDescription(AppWidgetProviderInfo.java:484)
12-10 10:08:42.819  1310  1599 W PackageManager: 	at kml.a(PG:341)
12-10 10:08:42.819  1310  1599 W PackageManager: 	at kmg.b(PG:39)
12-10 10:08:42.819  1310  1599 W PackageManager: 	at aaer.g(PG:13)
12-10 10:08:42.819  1310  1599 W PackageManager: 	at kotlinx.coroutines.DispatchedTask.run(PG:114)
12-10 10:08:42.819  1310  1599 W PackageManager: 	at java.util.concurrent.Executors$RunnableAdapter.call(Executors.java:487)
12-10 10:08:42.819  1310  1599 W PackageManager: 	at wqm.a(PG:3)
12-10 10:08:42.819  1310  1599 W PackageManager: 	at wpo.run(PG:21)
12-10 10:08:42.819  1310  1599 W PackageManager: 	at wqn.run(PG:5)
12-10 10:08:42.819  1310  1599 W PackageManager: 	at java.util.concurrent.Executors$RunnableAdapter.call(Executors.java:487)
12-10 10:08:42.819  1310  1599 W PackageManager: 	at java.util.concurrent.FutureTask.run(FutureTask.java:264)
12-10 10:08:42.819  1310  1599 W PackageManager: 	at java.util.concurrent.ScheduledThreadPoolExecutor$ScheduledFutureTask.run(ScheduledThreadPoolExecutor.java:307)
12-10 10:08:42.819  1310  1599 W PackageManager: 	at java.util.concurrent.ThreadPoolExecutor.runWorker(ThreadPoolExecutor.java:1145)
12-10 10:08:42.819  1310  1599 W PackageManager: 	at java.util.concurrent.ThreadPoolExecutor$Worker.run(ThreadPoolExecutor.java:644)
12-10 10:08:42.819  1310  1599 W PackageManager: 	at hqv.run(PG:221)
12-10 10:08:42.819  1310  1599 W PackageManager: 	at java.lang.Thread.run(Thread.java:1012)
12-10 10:08:42.824  1310  1599 I AiAiEcho: EchoSearch: WidgetFetcherImpl is initialized with [37] widgets [reason=package added for userId: 0]
12-10 10:08:42.872  1422  1574 I Finsky  : [39] nih.run(513): Stats for Executor: BlockingExecutor pgb@d4de064[Running, pool size = 2, active threads = 0, queued tasks = 0, completed tasks = 111]
12-10 10:08:42.872  1422  1574 I Finsky  : [39] nih.run(513): Stats for Executor: LightweightExecutor pgb@5df32cd[Running, pool size = 4, active threads = 0, queued tasks = 0, completed tasks = 308]
12-10 10:08:42.873  1422  1574 I Finsky  : [39] nih.run(513): Stats for Executor: bgExecutor pgb@9114782[Running, pool size = 4, active threads = 0, queued tasks = 0, completed tasks = 688]
12-10 10:08:42.874  1422  1422 I Finsky  : [2] vto.onTrimMemory(11): Memory trim requested to level 40
12-10 10:08:42.877  1422  1422 I Finsky  : [2] zsw.accept(118): Flushing in-memory image cache
12-10 10:08:42.884  1422  1422 I Finsky  : [2] vto.onTrimMemory(11): Memory trim requested to level 40
12-10 10:08:42.886  1422  1422 I Finsky  : [2] zsw.accept(118): Flushing in-memory image cache
12-10 10:08:42.894  6393  6393 I Finsky:background: [2] vto.onTrimMemory(11): Memory trim requested to level 40
12-10 10:08:42.894  6393  6393 I Finsky:background: [2] vto.onTrimMemory(11): Memory trim requested to level 40
12-10 10:08:42.896  1422  1422 I Finsky  : [2] yea.g(1): yea - Received: android.intent.action.PACKAGE_ADDED, [vXxgMBFj8qGkiEnZagMwKA65__KXewRZS-35zkBI3ls]
12-10 10:08:42.902  1327  1327 I GsaVoiceInteractionSrv: (REDACTED) O received %s
12-10 10:08:42.945  1422  1422 I Finsky  : [2] adwx.f(9): Clearing split related stale data.
12-10 10:08:42.956  1422  1422 I Finsky  : [2] aljs.c(44): Do not start WearSupportService due to Wear service optimization
12-10 10:08:42.956  6393  6393 I Finsky:background: [2] vto.onTrimMemory(11): Memory trim requested to level 40
12-10 10:08:42.957  1310  1703 I AiAiTextClassifier: [VisualCortexAdapter]: provideRegistration: Registered Prominent Screen Entities for updates.
12-10 10:08:42.961  1310  1703 I AiAiTextClassifier: [VisualCortexAdapter]: provideRegistration: Registered Prominent Screen Entities for updates.
12-10 10:08:42.964  1310  1703 I AiAiTextClassifier: [VisualCortexAdapter]: provideRegistration: Registered Prominent Screen Entities for updates.
12-10 10:08:42.968  1422 15631 I Finsky  : [259] mqh.kE(87): [ContentSync] finished, scheduled=false
12-10 10:08:42.982   598   673 W BestClock: java.time.DateTimeException: Missing network time fix
12-10 10:08:42.984   598   673 W BestClock: java.time.DateTimeException: Missing network time fix
12-10 10:08:42.992   598   872 W BestClock: java.time.DateTimeException: Missing network time fix
12-10 10:08:42.992  4028 15615 I Fitness : (REDACTED) OnPackageChangedOperation got intent: %s
12-10 10:08:43.008  1422 15628 I Finsky  : [256] ota.accept(82): Wrote row to frosting DB: 261
12-10 10:08:43.012  1422  1422 I Finsky  : [2] sta.lL(11): DTU: Received onPackageAdded, replacing: false
12-10 10:08:43.015  1422  1422 I Finsky  : [2] yea.g(1): yea - Received: android.intent.action.PACKAGE_CHANGED, [vXxgMBFj8qGkiEnZagMwKA65__KXewRZS-35zkBI3ls]
12-10 10:08:43.018  4028 15616 I Fitness : (REDACTED) FitCleanupIntentOperation received Intent %s
12-10 10:08:43.076  1422 15628 I Finsky  : [256] ota.accept(82): Wrote row to frosting DB: 262
12-10 10:08:43.097  1422  1422 I Finsky  : [2] vto.onTrimMemory(11): Memory trim requested to level 40
12-10 10:08:43.098  1422  1422 I Finsky  : [2] zsw.accept(118): Flushing in-memory image cache
12-10 10:08:43.119 15415 15417 I AidlLazyServiceRegistrar: Process has 0 (of 2 available) client(s) in use after notification android.system.virtualizationmaintenance has clients: 0
12-10 10:08:43.120 15415 15417 I AidlLazyServiceRegistrar: Trying to shut down the service. No clients in use for any service in process.
12-10 10:08:43.145 15415 15417 I AidlLazyServiceRegistrar: Unregistered all clients and exiting
12-10 10:08:43.146  1422 15628 I Finsky  : [256] ota.accept(82): Wrote row to frosting DB: 263
12-10 10:08:43.188  1422 15628 I Finsky  : [256] ota.accept(82): Wrote row to frosting DB: 264
12-10 10:08:43.273  4053 15645 I Auth    : [SupervisedAccountIntentOperation] onHandleIntent(): android.intent.action.PACKAGE_ADDED
12-10 10:08:43.273  4053 15645 I Auth    : [SupervisedAccountIntentOperation] This operation is disabled
12-10 10:08:43.280  4053 15647 I Blockstore: (REDACTED) [DataStoreImpl] Clearing Blockstore Data for package %s
12-10 10:08:43.282  4053 15647 I Blockstore: [DataStoreImpl] Keyless data not found or its IsLastInstallationData = false. [CONTEXT service_id=258 ]
12-10 10:08:43.286  4053 15647 I Dck     : (REDACTED) disableDckSupport: %s
12-10 10:08:43.287  4053 15647 I Dck     : (REDACTED) doesDeviceHaveSupportedWirelessCapabilities: wccSysProp:%d, wccMendel:%d, deviceWccOverride:%s
12-10 10:08:43.287  4053 15647 I Dck     : Dck module condition - hasWccSupport: false [CONTEXT service_id=289 ]
12-10 10:08:43.287  4053 15647 I Dck     : Dck module condition - downloadAllowed: false [CONTEXT service_id=289 ]
12-10 10:08:43.287  4053 15647 W Dck     : Dck module not eligible for asynchronous downloading [CONTEXT service_id=289 ]
12-10 10:08:43.296  4028 15635 W NetworkScheduler: Unexpected forwarded intent: Intent { act=android.intent.action.PACKAGE_ADDED dat=package: flg=0x4000010 pkg=com.google.android.gms cmp=com.google.android.gms/.chimera.PersistentIntentOperationService (has extras) }
12-10 10:08:43.298  4028 15649 W GCM     : Unexpected forwarded intent: Intent { act=android.intent.action.PACKAGE_ADDED dat=package: flg=0x4000010 pkg=com.google.android.gms cmp=com.google.android.gms/.chimera.PersistentIntentOperationService (has extras) }
12-10 10:08:43.304  4053 11131 I Icing   : IndexChimeraService.getServiceInterface callingPackage=com.google.android.gms componentName=AppsCorpus serviceId=36
12-10 10:08:43.391  4028 15616 I Fitness : (REDACTED) OnPackageChangedOperation got intent: %s
12-10 10:08:43.398  4053 13788 I Icing   : Usage reports ok 0, Failed Usage reports 0, indexed 0, rejected 0
12-10 10:08:43.444  4028 15650 I Fitness : (REDACTED) FitCleanupIntentOperation received Intent %s
12-10 10:08:43.455  4053  6942 I Icing   : IndexChimeraService.getServiceInterface callingPackage=com.google.android.gms componentName=null serviceId=30
12-10 10:08:43.480  4053 15462 I Icing   : Usage reports ok 0, Failed Usage reports 0, indexed 0, rejected 0
12-10 10:08:44.001   598  2273 W BestClock: java.time.DateTimeException: Missing network time fix
12-10 10:08:44.002   598  2273 W BestClock: java.time.DateTimeException: Missing network time fix
12-10 10:08:44.005   598  2273 W BestClock: java.time.DateTimeException: Missing network time fix
12-10 10:08:44.048   598  2273 I ActivityManager: Background started FGS: Allowed [callingPackage: com.google.android.apps.wellbeing; callingUid: 10143; uidState: BTOP; uidBFSL: [BFSL]; intent: Intent { cmp=com.google.android.apps.wellbeing/com.google.apps.tiktok.concurrent.InternalForegroundService (has extras) }; code:BACKGROUND_ACTIVITY_PERMISSION; tempAllowListReason:<null>; targetSdkVersion:34; callerTargetSdkVersion:34; startForegroundCount:0; bindFromPackage:null: isBindService:false]
12-10 10:08:44.063   598  2273 W ForegroundServiceTypeLoggerModule: Foreground service start for UID: 10143 does not have any types
12-10 10:08:44.070   598  2273 W ForegroundServiceTypeLoggerModule: FGS stop call for: 10143 has no types!
12-10 10:08:44.181  1780  1995 W A       : CompleteServer request has failed and can't show offline suggestions.
12-10 10:08:44.181  1780  1995 W A       : kotlinx.coroutines.dt: Timed out waiting for 2000 ms
12-10 10:08:44.181  1780  1995 W A       : 	at kotlinx.coroutines.du.run(PG:42)
12-10 10:08:44.181  1780  1995 W A       : 	at com.google.apps.tiktok.f.y.run(PG:3)
12-10 10:08:44.181  1780  1995 W A       : 	at com.google.apps.tiktok.tracing.fl.run(PG:24)
12-10 10:08:44.181  1780  1995 W A       : 	at java.util.concurrent.Executors$RunnableAdapter.call(Executors.java:487)
12-10 10:08:44.181  1780  1995 W A       : 	at java.util.concurrent.FutureTask.run(FutureTask.java:264)
12-10 10:08:44.181  1780  1995 W A       : 	at com.google.common.n.c.c.run(PG:50)
12-10 10:08:44.181  1780  1995 W A       : 	at com.google.android.libraries.k.e.run(PG:8)
12-10 10:08:44.181  1780  1995 W A       : 	at java.lang.Thread.run(Thread.java:1012)
12-10 10:08:44.181  1780  1995 W A       : 	at com.google.android.libraries.k.d.b.run(PG:74)
12-10 10:08:44.186  1116 15611 E OneSearchSuggestProvider: Unable to get suggestions from AGA
12-10 10:08:44.186  1116 15611 E OneSearchSuggestProvider: io.grpc.StatusRuntimeException: CANCELLED
12-10 10:08:44.186  1116 15611 E OneSearchSuggestProvider: 	at k3.e.a(go/retraceme 2855a437b73635ce9cad76b9289087e631bbb67fc90008a0da13d343a00e5041:77)
12-10 10:08:44.186  1116 15611 E OneSearchSuggestProvider: 	at i3.l.b(go/retraceme 2855a437b73635ce9cad76b9289087e631bbb67fc90008a0da13d343a00e5041:43)
12-10 10:08:44.186  1116 15611 E OneSearchSuggestProvider: 	at i3.l.a(go/retraceme 2855a437b73635ce9cad76b9289087e631bbb67fc90008a0da13d343a00e5041:27)
12-10 10:08:44.186  1116 15611 E OneSearchSuggestProvider: 	at i3.z.run(go/retraceme 2855a437b73635ce9cad76b9289087e631bbb67fc90008a0da13d343a00e5041:7)
12-10 10:08:44.186  1116 15611 E OneSearchSuggestProvider: 	at i3.m2.run(go/retraceme 2855a437b73635ce9cad76b9289087e631bbb67fc90008a0da13d343a00e5041:19)
12-10 10:08:44.186  1116 15611 E OneSearchSuggestProvider: 	at java.util.concurrent.ThreadPoolExecutor.runWorker(ThreadPoolExecutor.java:1145)
12-10 10:08:44.186  1116 15611 E OneSearchSuggestProvider: 	at java.util.concurrent.ThreadPoolExecutor$Worker.run(ThreadPoolExecutor.java:644)
12-10 10:08:44.186  1116 15611 E OneSearchSuggestProvider: 	at java.lang.Thread.run(Thread.java:1012)
12-10 10:08:44.286   598   598 I NotificationService: Cannot find enqueued record for key: 0|com.google.android.apps.wellbeing|174344743|null|10143
12-10 10:08:44.326  6432  6437 I .apps.wellbeing: Background concurrent mark compact GC freed 2700KB AllocSpace bytes, 0(0B) LOS objects, 49% free, 3867KB/7734KB, paused 1.551ms,5.004ms total 63.766ms
12-10 10:08:44.328  6432  6439 W .apps.wellbeing: ApkAssets: Deleting an ApkAssets object '<empty> and /product/app/YouTube/YouTube.apk' with 1 weak references
12-10 10:08:44.331  6432  6439 W .apps.wellbeing: ApkAssets: Deleting an ApkAssets object '<empty> and /product/overlay/DisplayCutoutEmulationCorner/DisplayCutoutEmulationCornerOverlay.apk' with 1 weak references
12-10 10:08:44.336  6432  6439 W .apps.wellbeing: ApkAssets: Deleting an ApkAssets object '<empty> and /apex/com.android.extservices/priv-app/GoogleExtServices@350820300/GoogleExtServices.apk' with 1 weak references
12-10 10:08:44.337  6432  6439 W .apps.wellbeing: ApkAssets: Deleting an ApkAssets object '<empty> and /product/overlay/DisplayCutoutEmulationDouble/DisplayCutoutEmulationDoubleOverlay.apk' with 1 weak references
12-10 10:08:44.340  6432  6439 W .apps.wellbeing: ApkAssets: Deleting an ApkAssets object '<empty> and /system/priv-app/TelephonyProvider/TelephonyProvider.apk' with 1 weak references
12-10 10:08:44.341  6432  6439 W .apps.wellbeing: ApkAssets: Deleting an ApkAssets object '/product/overlay/TelephonyProvider__sdk_gphone64_x86_64__auto_generated_rro_product.apk' with 1 weak references
12-10 10:08:44.342  6432  6439 W .apps.wellbeing: ApkAssets: Deleting an ApkAssets object '<empty> and /system/priv-app/DynamicSystemInstallationService/DynamicSystemInstallationService.apk' with 1 weak references
12-10 10:08:44.342  6432  6439 W .apps.wellbeing: ApkAssets: Deleting an ApkAssets object '<empty> and /product/priv-app/Velvet/Velvet.apk' with 1 weak references
12-10 10:08:44.346  6432  6439 W .apps.wellbeing: ApkAssets: Deleting an ApkAssets object '<empty> and /system/priv-app/CalendarProvider/CalendarProvider.apk' with 1 weak references
12-10 10:08:44.347  6432  6439 W .apps.wellbeing: ApkAssets: Deleting an ApkAssets object '<empty> and /product/priv-app/GoogleOneTimeInitializer/GoogleOneTimeInitializer.apk' with 1 weak references
12-10 10:08:44.348  6432  6439 W .apps.wellbeing: ApkAssets: Deleting an ApkAssets object '<empty> and /system/app/GoogleExtShared/GoogleExtShared.apk' with 1 weak references
12-10 10:08:44.348  6432  6439 W .apps.wellbeing: ApkAssets: Deleting an ApkAssets object '<empty> and /data/app/~~E8itWODQV4iDXL878bLA4w==/com.ichi2.anki-KOW7vICz1desWmqlKdDqXg==/base.apk' with 1 weak references
12-10 10:08:44.349  6432  6439 W .apps.wellbeing: ApkAssets: Deleting an ApkAssets object '<empty> and /system/priv-app/ExternalStorageProvider/ExternalStorageProvider.apk' with 1 weak references
12-10 10:08:44.349  6432  6439 W .apps.wellbeing: ApkAssets: Deleting an ApkAssets object '<empty> and /system/app/HTMLViewer/HTMLViewer.apk' with 1 weak references
12-10 10:08:44.349  6432  6439 W .apps.wellbeing: ApkAssets: Deleting an ApkAssets object '<empty> and /system/app/CompanionDeviceManager/CompanionDeviceManager.apk' with 1 weak references
12-10 10:08:44.350  6432  6439 W .apps.wellbeing: ApkAssets: Deleting an ApkAssets object '<empty> and /system/priv-app/DownloadProvider/DownloadProvider.apk' with 1 weak references
12-10 10:08:44.350  6432  6439 W .apps.wellbeing: ApkAssets: Deleting an ApkAssets object '<empty> and /product/priv-app/PrebuiltBugle/PrebuiltBugle.apk' with 1 weak references
12-10 10:08:44.351  6432  6439 W .apps.wellbeing: ApkAssets: Deleting an ApkAssets object '<empty> and /product/app/SoundPickerPrebuilt/SoundPickerPrebuilt.apk' with 1 weak references
12-10 10:08:44.416  4053 15462 I Icing   : Indexing com.google.android.gms-apps from com.google.android.gms
12-10 10:08:44.501  4053 15462 I Icing   : Indexing done com.google.android.gms-apps
12-10 10:08:44.501  4053 15462 I Icing   : Indexing com.google.android.gms-internal.3p:MobileApplication from com.google.android.gms
12-10 10:08:44.526  4053 15462 I Icing   : Indexing done com.google.android.gms-internal.3p:MobileApplication
12-10 10:08:45.014   598   872 W BestClock: java.time.DateTimeException: Missing network time fix
12-10 10:08:45.015   598   872 W BestClock: java.time.DateTimeException: Missing network time fix
12-10 10:08:45.023   598   872 W BestClock: java.time.DateTimeException: Missing network time fix
12-10 10:08:45.357  6432  6439 W .apps.wellbeing: ApkAssets: Deleting an ApkAssets object '<empty> and /product/priv-app/SafetyHubPrebuilt/SafetyHubPrebuilt.apk' with 1 weak references
12-10 10:08:45.358  6432  6439 W .apps.wellbeing: ApkAssets: Deleting an ApkAssets object '<empty> and /system/priv-app/DownloadProviderUi/DownloadProviderUi.apk' with 1 weak references
12-10 10:08:45.358  6432  6439 W .apps.wellbeing: ApkAssets: Deleting an ApkAssets object '<empty> and /apex/com.android.wifi/app/OsuLoginGoogle@350820300/OsuLoginGoogle.apk' with 1 weak references
12-10 10:08:45.359  6432  6439 W .apps.wellbeing: ApkAssets: Deleting an ApkAssets object '<empty> and /product/priv-app/Phonesky/Phonesky.apk' with 1 weak references
12-10 10:08:45.361  6432  6439 W .apps.wellbeing: ApkAssets: Deleting an ApkAssets object '<empty> and /system/app/PacProcessor/PacProcessor.apk' with 1 weak references
12-10 10:08:45.362  6432  6439 W .apps.wellbeing: ApkAssets: Deleting an ApkAssets object '<empty> and /system/app/SimAppDialog/SimAppDialog.apk' with 1 weak references
12-10 10:08:45.362  6432  6439 W .apps.wellbeing: ApkAssets: Deleting an ApkAssets object '/product/overlay/SimAppDialog__sdk_gphone64_x86_64__auto_generated_rro_product.apk' with 1 weak references
12-10 10:08:45.363  6432  6439 W .apps.wellbeing: ApkAssets: Deleting an ApkAssets object '<empty> and /apex/com.android.adservices/priv-app/AdServicesApkGoogle@350820260/AdServicesApkGoogle.apk' with 1 weak references
12-10 10:08:45.366  6432  6439 W .apps.wellbeing: ApkAssets: Deleting an ApkAssets object '<empty> and /product/overlay/DisplayCutoutEmulationHole/DisplayCutoutEmulationHoleOverlay.apk' with 1 weak references
12-10 10:08:45.367  6432  6439 W .apps.wellbeing: ApkAssets: Deleting an ApkAssets object '<empty> and /product/overlay/DisplayCutoutEmulationTall/DisplayCutoutEmulationTallOverlay.apk' with 1 weak references
12-10 10:08:45.367  6432  6439 W .apps.wellbeing: ApkAssets: Deleting an ApkAssets object '<empty> and /system/app/CertInstaller/CertInstaller.apk' with 1 weak references
12-10 10:08:45.368  6432  6439 W .apps.wellbeing: ApkAssets: Deleting an ApkAssets object '<empty> and /product/app/talkback/talkback.apk' with 1 weak references
12-10 10:08:45.371  6432  6439 W .apps.wellbeing: ApkAssets: Deleting an ApkAssets object '/vendor/overlay/EmulatorTalkBackOverlay/EmulatorTalkBackOverlay.apk' with 1 weak references
12-10 10:08:45.371  6432  6439 W .apps.wellbeing: ApkAssets: Deleting an ApkAssets object '<empty> and /product/overlay/NavigationBarMode3Button/NavigationBarMode3ButtonOverlay.apk' with 1 weak references
12-10 10:08:45.372  6432  6439 W .apps.wellbeing: ApkAssets: Deleting an ApkAssets object '<empty> and /product/app/Camera2/Camera2.apk' with 1 weak references
12-10 10:08:45.374  6432  6439 W .apps.wellbeing: ApkAssets: Deleting an ApkAssets object '<empty> and /system/app/EasterEgg/EasterEgg.apk' with 1 weak references
12-10 10:08:45.375  6432  6439 W .apps.wellbeing: ApkAssets: Deleting an ApkAssets object '<empty> and /system/priv-app/MtpService/MtpService.apk' with 1 weak references
12-10 10:08:45.375  6432  6439 W .apps.wellbeing: ApkAssets: Deleting an ApkAssets object '<empty> and /apex/com.android.nfcservices/priv-app/NfcNciApexGoogle@AE3A.240806.036/NfcNciApexGoogle.apk' with 1 weak references
12-10 10:08:45.376  6432  6439 W .apps.wellbeing: ApkAssets: Deleting an ApkAssets object '<empty> and /system/app/Stk/Stk.apk' with 1 weak references
12-10 10:08:45.378  6432  6439 W .apps.wellbeing: ApkAssets: Deleting an ApkAssets object '<empty> and /product/app/PrebuiltDeskClockGoogle/PrebuiltDeskClockGoogle.apk' with 1 weak references
12-10 10:08:45.378  6432  6439 W .apps.wellbeing: ApkAssets: Deleting an ApkAssets object '<empty> and /product/overlay/NavigationBarMode2Button/NavigationBarMode2ButtonOverlay.apk' with 1 weak references
12-10 10:08:45.378  6432  6439 W .apps.wellbeing: ApkAssets: Deleting an ApkAssets object '<empty> and /product/priv-app/DevicePersonalizationPrebuiltPixel2021-aiai_20240329.00_RC16/DevicePersonalizationPrebuiltPixel2021-aiai_20240329.00_RC16.apk' with 1 weak references
12-10 10:08:45.379  6432  6439 W .apps.wellbeing: ApkAssets: Deleting an ApkAssets object '<empty> and /product/app/PrebuiltGmail/PrebuiltGmail.apk' with 1 weak references
12-10 10:08:45.384  6432  6439 W .apps.wellbeing: ApkAssets: Deleting an ApkAssets object '<empty> and /apex/com.android.permission/priv-app/GooglePermissionController@350820360/GooglePermissionController.apk' with 1 weak references
12-10 10:08:45.386  6432  6439 W .apps.wellbeing: ApkAssets: Deleting an ApkAssets object '/product/overlay/GooglePermissionControllerOverlay.apk' with 1 weak references
12-10 10:08:45.387  6432  6439 W .apps.wellbeing: ApkAssets: Deleting an ApkAssets object '<empty> and /apex/com.android.btservices/app/BluetoothGoogle@342010060/BluetoothGoogle.apk' with 1 weak references
12-10 10:08:45.387  6432  6439 W .apps.wellbeing: ApkAssets: Deleting an ApkAssets object '<empty> and /system/priv-app/SettingsProvider/SettingsProvider.apk' with 1 weak references
12-10 10:08:45.387  6432  6439 W .apps.wellbeing: ApkAssets: Deleting an ApkAssets object '/product/overlay/LargeScreenSettingsProviderOverlay.apk' with 1 weak references
12-10 10:08:45.387  6432  6439 W .apps.wellbeing: ApkAssets: Deleting an ApkAssets object '/product/overlay/SettingsProvider__sdk_gphone64_x86_64__auto_generated_rro_product.apk' with 1 weak references
12-10 10:08:45.388  6432  6439 W .apps.wellbeing: ApkAssets: Deleting an ApkAssets object '<empty> and /system/app/PrintSpooler/PrintSpooler.apk' with 1 weak references
12-10 10:08:45.388  6432  6439 W .apps.wellbeing: ApkAssets: Deleting an ApkAssets object '<empty> and /system/app/BasicDreams/BasicDreams.apk' with 1 weak references
12-10 10:08:45.388  6432  6439 W .apps.wellbeing: ApkAssets: Deleting an ApkAssets object '<empty> and /product/priv-app/DeviceIntelligenceNetworkPrebuilt-astrea_20240329.00_RC02/DeviceIntelligenceNetworkPrebuilt-astrea_20240329.00_RC02.apk' with 1 weak references
12-10 10:08:45.388  6432  6439 W .apps.wellbeing: ApkAssets: Deleting an ApkAssets object '<empty> and /system/priv-app/InputDevices/InputDevices.apk' with 1 weak references
12-10 10:08:45.390  6432  6439 W .apps.wellbeing: ApkAssets: Deleting an ApkAssets object '<empty> and /apex/com.android.devicelock/priv-app/DeviceLockControllerGoogle@AE3A.240806.036/DeviceLockControllerGoogle.apk' with 1 weak references
12-10 10:08:45.390  6432  6439 W .apps.wellbeing: ApkAssets: Deleting an ApkAssets object '<empty> and /product/priv-app/GoogleDialer/GoogleDialer.apk' with 1 weak references
12-10 10:08:45.391  6432  6439 W .apps.wellbeing: ApkAssets: Deleting an ApkAssets object '<empty> and /system/priv-app/BuiltInPrintService/BuiltInPrintService.apk' with 1 weak references
12-10 10:08:45.392  6432  6439 W .apps.wellbeing: ApkAssets: Deleting an ApkAssets object '/product/overlay/BuiltInPrintService__sdk_gphone64_x86_64__auto_generated_rro_product.apk' with 1 weak references
12-10 10:08:45.392  6432  6439 W .apps.wellbeing: ApkAssets: Deleting an ApkAssets object '<empty> and /system/app/CaptivePortalLoginGoogle/CaptivePortalLoginGoogle.apk' with 1 weak references
12-10 10:08:45.392  6432  6439 W .apps.wellbeing: ApkAssets: Deleting an ApkAssets object '<empty> and /system/priv-app/MusicFX/MusicFX.apk' with 1 weak references
12-10 10:08:45.393  6432  6439 W .apps.wellbeing: ApkAssets: Deleting an ApkAssets object '<empty> and /product/app/Drive/Drive.apk' with 1 weak references
12-10 10:08:45.395  6432  6439 W .apps.wellbeing: ApkAssets: Deleting an ApkAssets object '<empty> and /product/app/Maps/Maps.apk' with 1 weak references
12-10 10:08:45.396  6432  6439 W .apps.wellbeing: ApkAssets: Deleting an ApkAssets object '<empty> and /product/app/ModuleMetadataGoogle/ModuleMetadataGoogle.apk' with 1 weak references
12-10 10:08:45.399  6432  6439 W .apps.wellbeing: ApkAssets: Deleting an ApkAssets object '<empty> and /product/overlay/DisplayCutoutEmulationEmu01/DisplayCutoutEmulationEmu01Overlay.apk' with 1 weak references
12-10 10:08:45.399  6432  6439 W .apps.wellbeing: ApkAssets: Deleting an ApkAssets object '<empty> and /system_ext/priv-app/AvatarPickerGoogle/AvatarPickerGoogle.apk' with 1 weak references
12-10 10:08:45.399  6432  6439 W .apps.wellbeing: ApkAssets: Deleting an ApkAssets object '<empty> and /product/app/MarkupGoogle_v2/MarkupGoogle_v2.apk' with 1 weak references
12-10 10:08:45.400  6432  6439 W .apps.wellbeing: ApkAssets: Deleting an ApkAssets object '<empty> and /system/priv-app/NetworkStackGoogle/NetworkStackGoogle.apk' with 1 weak references
12-10 10:08:45.404  6432  6439 W .apps.wellbeing: ApkAssets: Deleting an ApkAssets object '<empty> and /apex/com.android.rkpd/priv-app/rkpdapp.google@350820300/rkpdapp.google.apk' with 1 weak references
12-10 10:08:45.406  6432  6439 W .apps.wellbeing: ApkAssets: Deleting an ApkAssets object '<empty> and /product/app/GoogleContacts/GoogleContacts.apk' with 1 weak references
12-10 10:08:45.408  6432  6439 W .apps.wellbeing: ApkAssets: Deleting an ApkAssets object '<empty> and /system/priv-app/Telecom/Telecom.apk' with 1 weak references
12-10 10:08:45.409  6432  6439 W .apps.wellbeing: ApkAssets: Deleting an ApkAssets object '/product/overlay/Telecom__sdk_gphone64_x86_64__auto_generated_rro_product.apk' with 1 weak references
12-10 10:08:45.410  6432  6439 W .apps.wellbeing: ApkAssets: Deleting an ApkAssets object '<empty> and /system/app/KeyChain/KeyChain.apk' with 1 weak references
12-10 10:08:45.414  6432  6439 W .apps.wellbeing: ApkAssets: Deleting an ApkAssets object '<empty> and /data/app/~~aD-xXMXOC5N3Bbj6uXb6Lw==/com.android.chrome-VTCrayHkyceIvBJF7RkfEQ==/Chrome.apk' with 1 weak references
12-10 10:08:45.415  6432  6439 W .apps.wellbeing: ApkAssets: Deleting an ApkAssets object '<empty> and /data/app/~~34AIYx5h0Vjmz12cLTdt4A==/com.google.android.trichromelibrary_636771938-W05_TI5N6p5CRLaFFbXMZg==/TrichromeLibrary.apk' with 1 weak references
12-10 10:08:45.417  6432  6439 W .apps.wellbeing: ApkAssets: Deleting an ApkAssets object '<empty> and /system/priv-app/GooglePackageInstaller/GooglePackageInstaller.apk' with 1 weak references
12-10 10:08:45.419  6432  6439 W .apps.wellbeing: ApkAssets: Deleting an ApkAssets object '<empty> and /product/app/PixelThemesStub/PixelThemesStub.apk' with 1 weak references
12-10 10:08:45.419  6432  6439 W .apps.wellbeing: ApkAssets: Deleting an ApkAssets object '<empty> and /system_ext/priv-app/GoogleServicesFramework/GoogleServicesFramework.apk' with 1 weak references
12-10 10:08:45.422  6432  6439 W .apps.wellbeing: ApkAssets: Deleting an ApkAssets object '<empty> and /system/priv-app/TagGoogle/TagGoogle.apk' with 1 weak references
12-10 10:08:45.423  6432  6439 W .apps.wellbeing: ApkAssets: Deleting an ApkAssets object '<empty> and /product/app/GoogleTTS/GoogleTTS.apk' with 1 weak references
12-10 10:08:45.424  6432  6439 W .apps.wellbeing: ApkAssets: Deleting an ApkAssets object '<empty> and /system/priv-app/CallLogBackup/CallLogBackup.apk' with 1 weak references
12-10 10:08:45.424  6432  6439 W .apps.wellbeing: ApkAssets: Deleting an ApkAssets object '<empty> and /product/priv-app/PartnerSetupPrebuilt/PartnerSetupPrebuilt.apk' with 1 weak references
12-10 10:08:45.426  6432  6439 W .apps.wellbeing: ApkAssets: Deleting an ApkAssets object '<empty> and /system/app/CameraExtensionsProxy/CameraExtensionsProxy.apk' with 1 weak references
12-10 10:08:45.426  6432  6439 W .apps.wellbeing: ApkAssets: Deleting an ApkAssets object '<empty> and /product/app/NexusWallpapersStubPrebuilt2018/NexusWallpapersStubPrebuilt2018.apk' with 1 weak references
12-10 10:08:45.427  6432  6439 W .apps.wellbeing: ApkAssets: Deleting an ApkAssets object '<empty> and /system_ext/priv-app/NexusLauncherRelease/NexusLauncherRelease.apk' with 1 weak references
12-10 10:08:45.428  6432  6439 W .apps.wellbeing: ApkAssets: Deleting an ApkAssets object '<empty> and /system/app/CarrierDefaultApp/CarrierDefaultApp.apk' with 1 weak references
12-10 10:08:45.428  6432  6439 W .apps.wellbeing: ApkAssets: Deleting an ApkAssets object '<empty> and /system/priv-app/CredentialManager/CredentialManager.apk' with 1 weak references
12-10 10:08:45.429  6432  6439 W .apps.wellbeing: ApkAssets: Deleting an ApkAssets object '<empty> and /product/overlay/FontNotoSerifSource/FontNotoSerifSourceOverlay.apk' with 1 weak references
12-10 10:08:45.430  6432  6439 W .apps.wellbeing: ApkAssets: Deleting an ApkAssets object '<empty> and /system/priv-app/DeviceAsWebcam/DeviceAsWebcam.apk' with 1 weak references
12-10 10:08:45.430  6432  6439 W .apps.wellbeing: ApkAssets: Deleting an ApkAssets object '<empty> and /system/priv-app/ProxyHandler/ProxyHandler.apk' with 1 weak references
12-10 10:08:45.430  6432  6439 W .apps.wellbeing: ApkAssets: Deleting an ApkAssets object '<empty> and /apex/com.android.permission/priv-app/GoogleSafetyCenterResources@350820360/GoogleSafetyCenterResources.apk' with 1 weak references
12-10 10:08:45.431  6432  6439 W .apps.wellbeing: ApkAssets: Deleting an ApkAssets object '<empty> and /product/overlay/DisplayCutoutEmulationWaterfall/DisplayCutoutEmulationWaterfallOverlay.apk' with 1 weak references
12-10 10:08:45.432  6432  6439 W .apps.wellbeing: ApkAssets: Deleting an ApkAssets object '<empty> and /system/priv-app/IntentResolver/IntentResolver.apk' with 1 weak references
12-10 10:08:45.432  6432  6439 W .apps.wellbeing: ApkAssets: Deleting an ApkAssets object '<empty> and /product/overlay/TransparentNavigationBar/TransparentNavigationBarOverlay.apk' with 1 weak references
12-10 10:08:45.432  6432  6439 W .apps.wellbeing: ApkAssets: Deleting an ApkAssets object '<empty> and /system/priv-app/E2eeContactKeysProvider/E2eeContactKeysProvider.apk' with 1 weak references
12-10 10:08:45.434  6432  6439 W .apps.wellbeing: ApkAssets: Deleting an ApkAssets object '<empty> and /apex/com.android.tethering/priv-app/ServiceConnectivityResourcesGoogle@350820300/ServiceConnectivityResourcesGoogle.apk' with 1 weak references
12-10 10:08:45.435  6432  6439 W .apps.wellbeing: ApkAssets: Deleting an ApkAssets object '/vendor/overlay/goldfish_overlay_connectivity_google.apk' with 1 weak references
12-10 10:08:45.435  6432  6439 W .apps.wellbeing: ApkAssets: Deleting an ApkAssets object '<empty> and /system_ext/priv-app/GoogleFeedback/GoogleFeedback.apk' with 1 weak references
12-10 10:08:45.437  6432  6439 W .apps.wellbeing: ApkAssets: Deleting an ApkAssets object '<empty> and /system/app/GooglePrintRecommendationService/GooglePrintRecommendationService.apk' with 1 weak references
12-10 10:08:45.438  6432  6439 W .apps.wellbeing: ApkAssets: Deleting an ApkAssets object '<empty> and /product/app/Photos/Photos.apk' with 1 weak references
12-10 10:08:45.440  6432  6439 W .apps.wellbeing: ApkAssets: Deleting an ApkAssets object '<empty> and /product/app/CalendarGooglePrebuilt/CalendarGooglePrebuilt.apk' with 1 weak references
12-10 10:08:45.441  6432  6439 W .apps.wellbeing: ApkAssets: Deleting an ApkAssets object '<empty> and /system/priv-app/ManagedProvisioning/ManagedProvisioning.apk' with 1 weak references
12-10 10:08:45.441  6432  6439 W .apps.wellbeing: ApkAssets: Deleting an ApkAssets object '<empty> and /system/priv-app/SoundPicker/SoundPicker.apk' with 1 weak references
12-10 10:08:45.441  6432  6439 W .apps.wellbeing: ApkAssets: Deleting an ApkAssets object '<empty> and /system/priv-app/DocumentsUIGoogle/DocumentsUIGoogle.apk' with 1 weak references
12-10 10:08:45.443  6432  6439 W .apps.wellbeing: ApkAssets: Deleting an ApkAssets object '<empty> and /data/app/~~pMoxUc2l63PgGV5PLCZnKA==/io.github.ylimit.droidbotapp-3SZ-xgJ1HyMFH3ZTi5YHRw==/base.apk' with 1 weak references
12-10 10:08:45.444  6432  6439 W .apps.wellbeing: ApkAssets: Deleting an ApkAssets object '<empty> and /product/app/PrebuiltGoogleTelemetryTvp/PrebuiltGoogleTelemetryTvp.apk' with 1 weak references
12-10 10:08:45.444  6432  6439 W .apps.wellbeing: ApkAssets: Deleting an ApkAssets object '<empty> and /system_ext/priv-app/MultiDisplayProvider/MultiDisplayProvider.apk' with 1 weak references
12-10 10:08:45.444  6432  6439 W .apps.wellbeing: ApkAssets: Deleting an ApkAssets object '<empty> and /system/priv-app/DeviceDiagnostics/DeviceDiagnostics.apk' with 1 weak references
12-10 10:08:45.447  6432  6439 W .apps.wellbeing: ApkAssets: Deleting an ApkAssets object '/product/overlay/DeviceDiagnostics__sdk_gphone64_x86_64__auto_generated_rro_product.apk' with 1 weak references
12-10 10:08:45.449  6432  6439 W .apps.wellbeing: ApkAssets: Deleting an ApkAssets object '<empty> and /product/overlay/NotesRoleEnabled/NotesRoleEnabledOverlay.apk' with 1 weak references
12-10 10:08:45.450  6432  6439 W .apps.wellbeing: ApkAssets: Deleting an ApkAssets object '<empty> and /system/priv-app/LiveWallpapersPicker/LiveWallpapersPicker.apk' with 1 weak references
12-10 10:08:45.450  6432  6439 W .apps.wellbeing: ApkAssets: Deleting an ApkAssets object '<empty> and /product/app/PrebuiltGoogleAdservicesTvp/PrebuiltGoogleAdservicesTvp.apk' with 1 weak references
12-10 10:08:45.451  6432  6439 W .apps.wellbeing: ApkAssets: Deleting an ApkAssets object '<empty> and /apex/com.android.healthfitness/priv-app/HealthConnectControllerGoogle@350820300/HealthConnectControllerGoogle.apk' with 1 weak references
12-10 10:08:45.451  6432  6439 W .apps.wellbeing: ApkAssets: Deleting an ApkAssets object '<empty> and /product/priv-app/KidsSupervisionStub/KidsSupervisionStub.apk' with 1 weak references
12-10 10:08:45.520   598  1404 E TaskPersister: File error accessing recents directory (directory doesn't exist?).
12-10 10:08:46.026   598   872 W BestClock: java.time.DateTimeException: Missing network time fix
12-10 10:08:46.028   598   872 W BestClock: java.time.DateTimeException: Missing network time fix
12-10 10:08:46.031   598   872 W BestClock: java.time.DateTimeException: Missing network time fix
12-10 10:08:46.312   480   480 E adbd    : failed to connect to socket 'tcp:51112': Connection refused
12-10 10:08:47.036   598   872 W BestClock: java.time.DateTimeException: Missing network time fix
12-10 10:08:47.037   598   872 W BestClock: java.time.DateTimeException: Missing network time fix
12-10 10:08:47.043   598   872 W BestClock: java.time.DateTimeException: Missing network time fix
12-10 10:08:48.048   598   872 W BestClock: java.time.DateTimeException: Missing network time fix
12-10 10:08:48.049   598   872 W BestClock: java.time.DateTimeException: Missing network time fix
12-10 10:08:48.052   598   872 W BestClock: java.time.DateTimeException: Missing network time fix
12-10 10:08:49.059   598   872 W BestClock: java.time.DateTimeException: Missing network time fix
12-10 10:08:49.060   598   872 W BestClock: java.time.DateTimeException: Missing network time fix
12-10 10:08:49.064   598   872 W BestClock: java.time.DateTimeException: Missing network time fix
12-10 10:08:50.071   598   872 W BestClock: java.time.DateTimeException: Missing network time fix
12-10 10:08:50.073   598   872 W BestClock: java.time.DateTimeException: Missing network time fix
12-10 10:08:50.077   598   872 W BestClock: java.time.DateTimeException: Missing network time fix
12-10 10:08:50.344   480   480 E adbd    : failed to connect to socket 'tcp:51112': Connection refused
12-10 10:08:51.083   598   872 W BestClock: java.time.DateTimeException: Missing network time fix
12-10 10:08:51.084   598   872 W BestClock: java.time.DateTimeException: Missing network time fix
12-10 10:08:51.090   598   872 W BestClock: java.time.DateTimeException: Missing network time fix
12-10 10:08:52.094   598   872 W BestClock: java.time.DateTimeException: Missing network time fix
12-10 10:08:52.095   598   872 W BestClock: java.time.DateTimeException: Missing network time fix
12-10 10:08:52.098   598   872 W BestClock: java.time.DateTimeException: Missing network time fix
12-10 10:08:52.872   207 15620 I keystore2: system/security/keystore2/watchdog/src/lib.rs:319 - Watchdog thread idle -> terminating. Have a great day.
12-10 10:08:53.102   598   872 W BestClock: java.time.DateTimeException: Missing network time fix
12-10 10:08:53.104   598   872 W BestClock: java.time.DateTimeException: Missing network time fix
12-10 10:08:53.108   598   872 W BestClock: java.time.DateTimeException: Missing network time fix
12-10 10:08:53.842 15687 15687 W BpBinder: Linking to death on android.gui.ISurfaceComposer but there are no threads (yet?) listening to incoming transactions. See ProcessState::startThreadPool and ProcessState::setThreadPoolMaxThreadCount. Generally you should setup the binder threadpool before other initialization steps.
12-10 10:08:53.843 15687 15687 W ProcessState: Extra binder thread started, but 0 threads requested. Do not use *startThreadPool when zero threads are requested.
12-10 10:08:53.920   184   184 I hwservicemanager: getTransport: Cannot find entry android.hardware.graphics.mapper@4.0::IMapper/default in either framework or device VINTF manifest.
12-10 10:08:53.920 15687 15689 I Gralloc4: mapper 4.x is not supported
12-10 10:08:54.075  1292  1525 W MediaProvider: isAppCloneUserPair for user 0: false
12-10 10:08:54.114   598   872 W BestClock: java.time.DateTimeException: Missing network time fix
12-10 10:08:54.115   598   872 W BestClock: java.time.DateTimeException: Missing network time fix
12-10 10:08:54.118   598   872 W BestClock: java.time.DateTimeException: Missing network time fix
12-10 10:08:54.360   480   480 E adbd    : failed to connect to socket 'tcp:51112': Connection refused
12-10 10:08:54.999   598   741 E WifiScoringParams: Invalid frequency(-1), using 5G as default rssi array
12-10 10:08:55.082   598   872 I ActivityManager: Broadcasting: Intent { act=android.intent.action.MEDIA_SCANNER_SCAN_FILE dat=file:///... flg=0x400000 }
12-10 10:08:55.083   598   872 I ActivityManager: Enqueued broadcast Intent { act=android.intent.action.MEDIA_SCANNER_SCAN_FILE dat=file:///... flg=0x400000 }: 0
12-10 10:08:55.086   598  4019 W JobInfo : Job 'com.google.android.providers.media.module/com.android.providers.media.MediaService#-300' has a deadline with no functional constraints. The deadline won't improve job execution latency. Consider removing the deadline.
12-10 10:08:55.093   598   626 I ActivityManager: Broadcast completed: result=0
12-10 10:08:55.096  1292  1686 I MediaProvider: Begin Intent { act=android.intent.action.MEDIA_SCANNER_SCAN_FILE dat=file:///... flg=0x1400010 cmp=com.google.android.providers.media.module/com.android.providers.media.MediaService }
12-10 10:08:55.122   598   872 W BestClock: java.time.DateTimeException: Missing network time fix
12-10 10:08:55.124   598   872 W BestClock: java.time.DateTimeException: Missing network time fix
12-10 10:08:55.127   598   872 W BestClock: java.time.DateTimeException: Missing network time fix
12-10 10:08:55.140  1292  1686 I MediaProvider: End Intent { act=android.intent.action.MEDIA_SCANNER_SCAN_FILE dat=file:///... flg=0x1400010 cmp=com.google.android.providers.media.module/com.android.providers.media.MediaService }
12-10 10:08:55.432  1292  2080 W MediaProvider: Ignoring param:deletedata post U for external apps
12-10 10:08:55.453  1292  2080 I MediaProvider: Deleted 0 1 0 0 0 0 0 items on external_primary due to com.android.shell
