12-10 10:04:08.600 11547 11547 W Thread-6: type=1400 audit(0.0:357): avc:  denied  { getattr } for  path="/sys/devices/virtual/thermal/thermal_zone0/temp" dev="sysfs" ino=34696 scontext=u:r:untrusted_app:s0:c216,c256,c512,c768 tcontext=u:object_r:sysfs:s0 tclass=file permissive=0 app=com.zhihu.android
12-10 10:04:08.600 11547 11547 W Thread-6: type=1400 audit(0.0:358): avc:  denied  { read } for  name="temp" dev="sysfs" ino=34696 scontext=u:r:untrusted_app:s0:c216,c256,c512,c768 tcontext=u:object_r:sysfs:s0 tclass=file permissive=0 app=com.zhihu.android
12-10 10:04:08.632 11547 11547 W Thread-6: type=1400 audit(0.0:359): avc:  denied  { getattr } for  path="/proc/11547/net/tcp" dev="proc" ino=4026532053 scontext=u:r:untrusted_app:s0:c216,c256,c512,c768 tcontext=u:object_r:proc_net_tcp_udp:s0 tclass=file permissive=0 app=com.zhihu.android
12-10 10:04:08.918 11547 11725 W SQLiteLog: (28) double-quoted string literal: "3C30548DD4D7D6D538EFC079EFF155AC"
12-10 10:04:09.023   598  4017 W BestClock: java.time.DateTimeException: Missing network time fix
12-10 10:04:09.029   598  4017 W BestClock: java.time.DateTimeException: Missing network time fix
12-10 10:04:09.036   598  1716 W BestClock: java.time.DateTimeException: Missing network time fix
12-10 10:04:09.150 11547 11725 W SQLiteLog: (28) double-quoted string literal: "3C30548DD4D7D6D538EFC079EFF155AC"
12-10 10:04:09.151 11547 11725 W SQLiteLog: (28) double-quoted string literal: ""
12-10 10:04:09.154 11547 11725 W SQLiteLog: (28) double-quoted string literal: "3C30548DD4D7D6D538EFC079EFF155AC"
12-10 10:04:09.154 11547 11725 W SQLiteLog: (28) double-quoted string literal: "-1"
12-10 10:04:09.184 12151 12241 W oid:pushservice: Accessing hidden field Ljava/net/InetAddress$InetAddressHolder;->address:I (max-target-r, reflection, denied)
12-10 10:04:09.187 12151 12240 W oid:pushservice: Accessing hidden field Ljava/net/InetAddress$InetAddressHolder;->address:I (max-target-r, reflection, denied)
12-10 10:04:09.189   598   662 I AppsFilter: interaction: PackageSetting{ef9a85b com.android.microdroid.empty_payload/10208} -> PackageSetting{8dc661a com.zhihu.android/10216} BLOCKED
12-10 10:04:09.297   598   738 W BestClock: java.time.DateTimeException: Missing network time fix
12-10 10:04:09.331   598   698 I RoleService: Granting default roles...
12-10 10:04:09.358  1217 10625 I PermissionControllerServiceImpl: Updating user sensitive for uid 10216
12-10 10:04:09.388   598  1716 W ParceledListSlice: Element #25 is 19828 bytes.
12-10 10:04:09.414   480   480 E adbd    : failed to connect to socket 'tcp:51112': Connection refused
12-10 10:04:09.422   598  1716 W ParceledListSlice: Element #26 is 19864 bytes.
12-10 10:04:09.426   598  1035 W ParceledListSlice: Element #27 is 19708 bytes.
12-10 10:04:09.427   598  1035 W ParceledListSlice: Element #28 is 19616 bytes.
12-10 10:04:09.427   968   968 E SmsApplication: com.google.android.apps.messaging lost android:read_cell_broadcasts:  (fixing)
12-10 10:04:09.428   598  1035 W ParceledListSlice: Element #29 is 19728 bytes.
12-10 10:04:09.431   598  1716 W AppOpService: Ignored setUidMode call for runtime permission app op: uid = 10141, code = READ_CELL_BROADCASTS, mode = allow, callingUid = 1001, oldMode = allow
12-10 10:04:09.433  1116  1155 W PackageManager: Failure retrieving text 0x7f130786 in package com.android.systemui
12-10 10:04:09.433  1116  1155 W PackageManager: android.content.res.Resources$NotFoundException: String resource ID #0x7f130786
12-10 10:04:09.433  1116  1155 W PackageManager: 	at android.content.res.Resources.getText(Resources.java:466)
12-10 10:04:09.433  1116  1155 W PackageManager: 	at android.app.ApplicationPackageManager.getText(ApplicationPackageManager.java:2405)
12-10 10:04:09.433  1116  1155 W PackageManager: 	at android.appwidget.AppWidgetProviderInfo.loadDescription(AppWidgetProviderInfo.java:484)
12-10 10:04:09.433  1116  1155 W PackageManager: 	at com.android.launcher3.model.WidgetItem.<init>(go/retraceme 2855a437b73635ce9cad76b9289087e631bbb67fc90008a0da13d343a00e5041:4)
12-10 10:04:09.433  1116  1155 W PackageManager: 	at com.android.launcher3.model.WidgetsModel.update(go/retraceme 2855a437b73635ce9cad76b9289087e631bbb67fc90008a0da13d343a00e5041:72)
12-10 10:04:09.433  1116  1155 W PackageManager: 	at com.android.launcher3.o0.execute(go/retraceme 2855a437b73635ce9cad76b9289087e631bbb67fc90008a0da13d343a00e5041:16)
12-10 10:04:09.433  1116  1155 W PackageManager: 	at com.android.launcher3.LauncherModel.a(go/retraceme 2855a437b73635ce9cad76b9289087e631bbb67fc90008a0da13d343a00e5041:27)
12-10 10:04:09.433  1116  1155 W PackageManager: 	at com.android.launcher3.s0.run(go/retraceme 2855a437b73635ce9cad76b9289087e631bbb67fc90008a0da13d343a00e5041:12)
12-10 10:04:09.433  1116  1155 W PackageManager: 	at android.os.Handler.handleCallback(Handler.java:959)
12-10 10:04:09.433  1116  1155 W PackageManager: 	at android.os.Handler.dispatchMessage(Handler.java:100)
12-10 10:04:09.433  1116  1155 W PackageManager: 	at android.os.Looper.loopOnce(Looper.java:232)
12-10 10:04:09.433  1116  1155 W PackageManager: 	at android.os.Looper.loop(Looper.java:317)
12-10 10:04:09.433  1116  1155 W PackageManager: 	at android.os.HandlerThread.run(HandlerThread.java:85)
12-10 10:04:09.436   598  2363 W Role    : Default holder doesn't have required signing certificate: com.google.android.retaildemo:6547c73dee150c103980bfdffe55cc9a011d785dd694a5f99afd8205bcaf1f80
12-10 10:04:09.446   598  2363 E RoleControllerServiceImpl: Default/fallback role holder package doesn't qualify for the role, package: com.google.android.gms.supervision, role: android.app.role.SYSTEM_SUPERVISION
12-10 10:04:09.448   598  2363 W Role    : Default holder doesn't have required signing certificate: com.google.android.apps.work.clouddpc:23962F4B43B9857638EA66F4D419518EAE282491ACDA4B94707BD59003C45E58
12-10 10:04:09.477   968   968 E CellBroadcastUtils: getDefaultCellBroadcastReceiverPackageName: no package found
12-10 10:04:09.479   598   637 W EnhancedConfirmationService: The packageName should not be null.
12-10 10:04:09.480   598   637 W MagnificationConnectionManager: requestConnection duplicated request: connect=false, mConnectionState=DISCONNECTED
12-10 10:04:09.481   598  1716 W AppOpService: Ignored setUidMode call for runtime permission app op: uid = 1001, code = READ_SMS, mode = allow, callingUid = 1001, oldMode = allow
12-10 10:04:09.483   598   951 W AppOpService: Ignored setUidMode call for runtime permission app op: uid = 1001, code = RECEIVE_SMS, mode = allow, callingUid = 1001, oldMode = allow
12-10 10:04:09.483   598   598 W IPCThreadState: Sending oneway calls to frozen process.
12-10 10:04:09.483   598   598 W IPCThreadState: Sending oneway calls to frozen process.
12-10 10:04:09.483   598   598 W IPCThreadState: Sending oneway calls to frozen process.
12-10 10:04:09.484   598   598 W IPCThreadState: Sending oneway calls to frozen process.
12-10 10:04:09.487   598   598 W IPCThreadState: Sending oneway calls to frozen process.
12-10 10:04:09.488   598   598 W IPCThreadState: Sending oneway calls to frozen process.
12-10 10:04:09.490   598   951 W AppOpService: Ignored setUidMode call for runtime permission app op: uid = 1001, code = RECEIVE_WAP_PUSH, mode = allow, callingUid = 1001, oldMode = allow
12-10 10:04:09.491 11547 11555 W m.zhihu.android: Suspending all threads took: 39.090ms
12-10 10:04:09.491  1310  1310 I AiAiEcho: AppFetcherImpl onPackageChanged com.zhihu.android.
12-10 10:04:09.493  1310 10758 I AiAiEcho: AppIndexer Package:[com.zhihu.android] UserProfile:[0] Enabled:[true].
12-10 10:04:09.493   598  1716 W AppOpService: Ignored setUidMode call for runtime permission app op: uid = 1001, code = SEND_SMS, mode = allow, callingUid = 1001, oldMode = allow
12-10 10:04:09.493  1310 10758 I AiAiEcho: AppFetcherImplV2 updateApps package:[com.zhihu.android], userId:[0], reason:[package is updated.].
12-10 10:04:09.500   598   951 W AppOpService: Ignored setUidMode call for runtime permission app op: uid = 1001, code = READ_CELL_BROADCASTS, mode = allow, callingUid = 1001, oldMode = allow
12-10 10:04:09.509   598   738 W BestClock: java.time.DateTimeException: Missing network time fix
12-10 10:04:09.559   598   739 W BestClock: java.time.DateTimeException: Missing network time fix
12-10 10:04:09.563   598   739 W BestClock: java.time.DateTimeException: Missing network time fix
12-10 10:04:09.571   598   739 W BestClock: java.time.DateTimeException: Missing network time fix
12-10 10:04:09.604   598   739 W BestClock: java.time.DateTimeException: Missing network time fix
12-10 10:04:09.640   598   739 W BestClock: java.time.DateTimeException: Missing network time fix
12-10 10:04:09.642   598   739 W BestClock: java.time.DateTimeException: Missing network time fix
12-10 10:04:09.624 11547 11547 W Thread-6: type=1400 audit(0.0:385): avc:  denied  { read } for  name="enforce" dev="selinuxfs" ino=4 scontext=u:r:untrusted_app:s0:c216,c256,c512,c768 tcontext=u:object_r:selinuxfs:s0 tclass=file permissive=0 app=com.zhihu.android
12-10 10:04:09.718   598  2363 E RoleControllerServiceImpl: Default/fallback role holder package doesn't qualify for the role, package: com.google.android.gms, role: android.app.role.WALLET
12-10 10:04:09.731   598  2363 E RoleControllerServiceImpl: Default/fallback role holder package doesn't qualify for the role, package: com.google.android.devicelockcontroller, role: android.app.role.SYSTEM_FINANCED_DEVICE_CONTROLLER
12-10 10:04:10.042   598  4017 W BestClock: java.time.DateTimeException: Missing network time fix
12-10 10:04:10.044   598  4017 W BestClock: java.time.DateTimeException: Missing network time fix
12-10 10:04:10.049   598  4017 W BestClock: java.time.DateTimeException: Missing network time fix
12-10 10:04:10.632 11547 11693 W SQLiteLog: (28) double-quoted string literal: "81f47f589a6af430a17cfd87204e55fb"
12-10 10:04:10.791 11547 12157 W SQLiteLog: (28) double-quoted string literal: "ad9ed59e67a4d709ca4efdfe1a01146a"
12-10 10:04:10.998 11547 11710 W SQLiteLog: (28) double-quoted string literal: "e5e11b0b8e819a119f68a7d82d40a149"
12-10 10:04:11.056   598   951 W BestClock: java.time.DateTimeException: Missing network time fix
12-10 10:04:11.057   598   951 W BestClock: java.time.DateTimeException: Missing network time fix
12-10 10:04:11.060   598   951 W BestClock: java.time.DateTimeException: Missing network time fix
12-10 10:04:11.316 11547 11555 I m.zhihu.android: Background concurrent mark compact GC freed 36MB AllocSpace bytes, 367(23MB) LOS objects, 32% free, 50MB/74MB, paused 57.341ms,39.476ms total 3.720s
12-10 10:04:11.415 11547 12174 E ActivityThread: Failed to find provider info for com.zhihu.daily.android.cloud.id
12-10 10:04:11.419 11547 12174 E ActivityThread: Failed to find provider info for com.zhihu.circlely.android.cloud.id
12-10 10:04:11.430 11547 12174 E ActivityThread: Failed to find provider info for com.zhihu.android.lite.cloud.id
12-10 10:04:11.431 11547 12174 E ActivityThread: Failed to find provider info for com.zhihu.explore.cloud.id
12-10 10:04:11.608 12307 12307 I AndroidRuntime: Using default boot image
12-10 10:04:11.610 12307 12307 I AndroidRuntime: Leaving lock profiling enabled
12-10 10:04:11.640 11547 12141 I DrmHalHidl: No hidl drm factories found
12-10 10:04:11.640   184   184 I hwservicemanager: getTransport: Cannot find entry android.hardware.drm@1.0::IDrmFactory/default in either framework or device VINTF manifest.
12-10 10:04:11.643 11547 12141 E DrmHalHidl: Failed to find passthrough drm factories
12-10 10:04:11.644 12307 12307 I app_process: Using CollectorTypeCMC GC.
12-10 10:04:11.821 12321 12321 I AidlLazyServiceRegistrar: Registering service android.hardware.drm.IDrmFactory/clearkey
12-10 10:04:11.834 12321 12321 I AidlLazyServiceRegistrar: Process has 1 (of 1 available) client(s) in use after notification android.hardware.drm.IDrmFactory/clearkey has clients: 1
12-10 10:04:11.844 11547 12141 I DrmUtils: found IDrmFactory. Instance name:[android.hardware.drm.IDrmFactory/clearkey]
12-10 10:04:11.852 11547 12141 I DrmUtils: found IDrmFactory. Instance name:[android.hardware.drm.IDrmFactory/widevine]
12-10 10:04:11.902   458   458 I WVCdm   : [cdm_engine.cpp(1092):IsSecurityLevelSupported] level = L1
12-10 10:04:11.922   458   458 I WVCdm   : [file_utils.cpp(38):Exists] stat failed: ENOENT
12-10 10:04:11.924   458 12324 I WVCdm   : [(0):] Level3 Library 33100 Feb 20 2024 20:28:28
12-10 10:04:11.924   458   458 I WVCdm   : [oemcrypto_adapter_dynamic.cpp(826):Initialize] Level 3 Build Info (v18): {"soc_vendor":"L3_33100","soc_model":"X86 64 bit","ta_ver":"18.1.0+Feb 20 2024_20:28:28_","uses_opk":false,"tee_os":"none","tee_os_ver":"0.0.0","form_factor":"L3","implementer":"Widevine","fused":false}
12-10 10:04:11.957   458   458 I WVCdm   : [oemcrypto_adapter_dynamic.cpp(841):Initialize] L3 Initialized. Trying L1.
12-10 10:04:11.962   458   458 W WVCdm   : [oemcrypto_adapter_dynamic.cpp(854):Initialize] Could not load oemcrypto from path liboemcrypto.so.  dlopen failed: library "liboemcrypto.so" not found
12-10 10:04:11.962   458   458 W WVCdm   : [oemcrypto_adapter_dynamic.cpp(858):Initialize] Could not load oemcrypto. Falling back to L3.
12-10 10:04:11.962   458   458 E WVCdm   : [oemcrypto_adapter_dynamic.cpp(1326):ValidateOrInstallL1KeyboxOrCert] L1 not initialized. Falling back to L3
12-10 10:04:11.963   458   458 I WVCdm   : [file_utils.cpp(38):Exists] stat failed: ENOENT
12-10 10:04:11.963   458   458 W WVCdm   : [oemcrypto_adapter_dynamic.cpp(1531):OEMCrypto_InitializeAndCheckKeybox] Keybox error: 25. Falling back to L3.
12-10 10:04:11.964   458   458 I WVCdm   : [oemcrypto_adapter_dynamic.cpp(890):Level1Terminate] L1 Terminate not needed
12-10 10:04:11.973   458   458 I WVCdm-DrmFactory: [app][com.zhihu.android] calling virtual ::ndk::ScopedAStatus wvdrm::hardware::drm::widevine::WVDrmFactory::createDrmPlugin(const Uuid &, const string &, std::shared_ptr< ::aidl::android::hardware::drm::IDrmPlugin> *)
12-10 10:04:12.043   458   458 I WVCdm   : [cdm_usage_table.cpp(203):RestoreTable] Found usage table to restore: entry_count = 0
12-10 10:04:12.054   458   458 I WVCdm   : [file_utils.cpp(38):Exists] stat failed: ENOENT
12-10 10:04:12.072   598  1035 W BestClock: java.time.DateTimeException: Missing network time fix
12-10 10:04:12.085   598  1035 W BestClock: java.time.DateTimeException: Missing network time fix
12-10 10:04:12.097   458   458 E WVCdm   : [wv_content_decryption_module.cpp(563):GetCurrentMetricsInternal] Cdm Identifier not found
12-10 10:04:12.098   598   951 W BestClock: java.time.DateTimeException: Missing network time fix
12-10 10:04:12.115   458   458 E WVCdm   : [wv_content_decryption_module.cpp(646):CloseCdm] Cdm Identifier not found
12-10 10:04:12.115   458   458 E WVCdm   : Failed to close cdm. status 12
12-10 10:04:12.136   458   458 I WVCdm   : [(0):] L3 Terminate.
12-10 10:04:12.214 11547 12174 E ActivityThread: Failed to find provider info for com.zhihu.daily.android.cloud.id
12-10 10:04:12.219 11547 12174 E ActivityThread: Failed to find provider info for com.zhihu.circlely.android.cloud.id
12-10 10:04:12.234 11547 12174 E ActivityThread: Failed to find provider info for com.zhihu.android.lite.cloud.id
12-10 10:04:12.252 11547 12174 E ActivityThread: Failed to find provider info for com.zhihu.explore.cloud.id
12-10 10:04:12.320 11547 11547 W Thread-6: type=1400 audit(0.0:386): avc:  denied  { search } for  name="net" dev="sysfs" ino=4730 scontext=u:r:untrusted_app:s0:c216,c256,c512,c768 tcontext=u:object_r:sysfs_net:s0 tclass=dir permissive=0 app=com.zhihu.android
12-10 10:04:12.332 11547 11547 W Thread-6: type=1400 audit(0.0:387): avc:  denied  { search } for  name="net" dev="sysfs" ino=4730 scontext=u:r:untrusted_app:s0:c216,c256,c512,c768 tcontext=u:object_r:sysfs_net:s0 tclass=dir permissive=0 app=com.zhihu.android
12-10 10:04:12.332 11547 11547 W Thread-6: type=1400 audit(0.0:388): avc:  denied  { search } for  name="net" dev="sysfs" ino=4730 scontext=u:r:untrusted_app:s0:c216,c256,c512,c768 tcontext=u:object_r:sysfs_net:s0 tclass=dir permissive=0 app=com.zhihu.android
12-10 10:04:12.332 11547 11547 W Thread-6: type=1400 audit(0.0:389): avc:  denied  { search } for  name="net" dev="sysfs" ino=4730 scontext=u:r:untrusted_app:s0:c216,c256,c512,c768 tcontext=u:object_r:sysfs_net:s0 tclass=dir permissive=0 app=com.zhihu.android
12-10 10:04:12.332 11547 11547 W Thread-6: type=1400 audit(0.0:390): avc:  denied  { search } for  name="net" dev="sysfs" ino=4730 scontext=u:r:untrusted_app:s0:c216,c256,c512,c768 tcontext=u:object_r:sysfs_net:s0 tclass=dir permissive=0 app=com.zhihu.android
12-10 10:04:12.340 11547 11547 W Thread-6: type=1400 audit(0.0:391): avc:  denied  { search } for  name="net" dev="sysfs" ino=4730 scontext=u:r:untrusted_app:s0:c216,c256,c512,c768 tcontext=u:object_r:sysfs_net:s0 tclass=dir permissive=0 app=com.zhihu.android
12-10 10:04:12.424 12307 12307 W app_process: Unexpected CPU variant for x86: x86_64.
12-10 10:04:12.424 12307 12307 W app_process: Known variants: atom, sandybridge, silvermont, goldmont, goldmont-plus, goldmont-without-sha-xsaves, tremont, kabylake, default
12-10 10:04:12.466 12307 12307 W app_process: ClassLoaderContext shared library size mismatch. Expected=2, found=0 (PCL[]{PCL[/system/framework/android.test.base.jar*724373495]#PCL[/system/framework/android.test.mock.jar*1452759902]} | PCL[])
12-10 10:04:12.480 12307 12307 W app_process: ClassLoaderContext classpath size mismatch. expected=0, found=1 (PCL[]{PCL[/system/framework/android.test.runner.jar*2496447986]#PCL[/system/framework/android.test.base.jar*724373495]} | PCL[/system/framework/android.test.runner.jar*2496447986])
12-10 10:04:12.564  1292  2080 E MediaProvider: insertFileIfNecessary failed
12-10 10:04:12.564  1292  2080 E MediaProvider: java.lang.IllegalArgumentException: Primary directory null not allowed for content://media/external_primary/file; allowed directories are [Download, Documents]
12-10 10:04:12.564  1292  2080 E MediaProvider: 	at com.android.providers.media.MediaProvider.ensureFileColumns(MediaProvider.java:4620)
12-10 10:04:12.564  1292  2080 E MediaProvider: 	at com.android.providers.media.MediaProvider.ensureUniqueFileColumns(MediaProvider.java:4243)
12-10 10:04:12.564  1292  2080 E MediaProvider: 	at com.android.providers.media.MediaProvider.insertFile(MediaProvider.java:5042)
12-10 10:04:12.564  1292  2080 E MediaProvider: 	at com.android.providers.media.MediaProvider.insertInternal(MediaProvider.java:5637)
12-10 10:04:12.564  1292  2080 E MediaProvider: 	at com.android.providers.media.MediaProvider.insert(MediaProvider.java:5330)
12-10 10:04:12.564  1292  2080 E MediaProvider: 	at com.android.providers.media.MediaProvider.insertFileForFuse(MediaProvider.java:10262)
12-10 10:04:12.564  1292  2080 E MediaProvider: 	at com.android.providers.media.MediaProvider.insertFileIfNecessaryForFuse(MediaProvider.java:10357)
12-10 10:04:12.651 12307 12307 I UiAutomation: Initialized for user 0 on display 0
12-10 10:04:12.652 12307 12307 W UiAutomation: Created with deprecatead constructor, assumes DEFAULT_DISPLAY
12-10 10:04:12.662   598  4017 I UiAutomationManager: Registering UiTestAutomationService (id=com.android.server.accessibility/UiAutomation, flags=0x0) when called by user 0
12-10 10:04:12.724  1292  1525 E MediaProvider: insertFileIfNecessary failed
12-10 10:04:12.724  1292  1525 E MediaProvider: java.lang.IllegalArgumentException: Primary directory null not allowed for content://media/external_primary/file; allowed directories are [Download, Documents]
12-10 10:04:12.724  1292  1525 E MediaProvider: 	at com.android.providers.media.MediaProvider.ensureFileColumns(MediaProvider.java:4620)
12-10 10:04:12.724  1292  1525 E MediaProvider: 	at com.android.providers.media.MediaProvider.ensureUniqueFileColumns(MediaProvider.java:4243)
12-10 10:04:12.724  1292  1525 E MediaProvider: 	at com.android.providers.media.MediaProvider.insertFile(MediaProvider.java:5042)
12-10 10:04:12.724  1292  1525 E MediaProvider: 	at com.android.providers.media.MediaProvider.insertInternal(MediaProvider.java:5637)
12-10 10:04:12.724  1292  1525 E MediaProvider: 	at com.android.providers.media.MediaProvider.insert(MediaProvider.java:5330)
12-10 10:04:12.724  1292  1525 E MediaProvider: 	at com.android.providers.media.MediaProvider.insertFileForFuse(MediaProvider.java:10262)
12-10 10:04:12.724  1292  1525 E MediaProvider: 	at com.android.providers.media.MediaProvider.insertFileIfNecessaryForFuse(MediaProvider.java:10357)
12-10 10:04:12.766   598  4017 W MagnificationConnectionManager: requestConnection duplicated request: connect=false, mConnectionState=DISCONNECTED
12-10 10:04:12.786   598   598 W IPCThreadState: Sending oneway calls to frozen process.
12-10 10:04:12.788   598   598 W IPCThreadState: Sending oneway calls to frozen process.
12-10 10:04:12.790   598   598 W IPCThreadState: Sending oneway calls to frozen process.
12-10 10:04:12.795   598   598 W IPCThreadState: Sending oneway calls to frozen process.
12-10 10:04:12.795   598   598 W IPCThreadState: Sending oneway calls to frozen process.
12-10 10:04:12.798   598   598 W IPCThreadState: Sending oneway calls to frozen process.
12-10 10:04:12.810   598   598 W IPCThreadState: Sending oneway calls to frozen process.
12-10 10:04:12.813   598   598 W IPCThreadState: Sending oneway calls to frozen process.
12-10 10:04:12.819   598   598 W IPCThreadState: Sending oneway calls to frozen process.
12-10 10:04:12.827   598   598 W IPCThreadState: Sending oneway calls to frozen process.
12-10 10:04:12.828   598   598 W IPCThreadState: Sending oneway calls to frozen process.
12-10 10:04:12.828   598   598 W IPCThreadState: Sending oneway calls to frozen process.
12-10 10:04:12.853  1217  1377 E AccessibilitySettingsUtil: unable to parse accessibility service null
12-10 10:04:13.112 12321 12321 I AidlLazyServiceRegistrar: Process has 0 (of 1 available) client(s) in use after notification android.hardware.drm.IDrmFactory/clearkey has clients: 0
12-10 10:04:13.114 12321 12321 I AidlLazyServiceRegistrar: Trying to shut down the service. No clients in use for any service in process.
12-10 10:04:13.121 12321 12321 I AidlLazyServiceRegistrar: Unregistered all clients and exiting
12-10 10:04:13.127   598   621 W BestClock: java.time.DateTimeException: Missing network time fix
12-10 10:04:13.130   598   621 W BestClock: java.time.DateTimeException: Missing network time fix
12-10 10:04:13.134   598   621 W BestClock: java.time.DateTimeException: Missing network time fix
12-10 10:04:13.210   598   951 W BestClock: java.time.DateTimeException: Missing network time fix
12-10 10:04:13.211   598   951 W BestClock: java.time.DateTimeException: Missing network time fix
12-10 10:04:13.214   598   951 W BestClock: java.time.DateTimeException: Missing network time fix
12-10 10:04:13.219   598   951 W BestClock: java.time.DateTimeException: Missing network time fix
12-10 10:04:13.276   598  1035 W BestClock: java.time.DateTimeException: Missing network time fix
12-10 10:04:13.281   598  1035 W BestClock: java.time.DateTimeException: Missing network time fix
12-10 10:04:13.282   598  1035 W BestClock: java.time.DateTimeException: Missing network time fix
12-10 10:04:13.284   598  1035 W BestClock: java.time.DateTimeException: Missing network time fix
12-10 10:04:13.383   598  4017 W BestClock: java.time.DateTimeException: Missing network time fix
12-10 10:04:13.385   598  4017 W BestClock: java.time.DateTimeException: Missing network time fix
12-10 10:04:13.387   598  4017 W BestClock: java.time.DateTimeException: Missing network time fix
12-10 10:04:13.388   598  4017 W BestClock: java.time.DateTimeException: Missing network time fix
12-10 10:04:13.503   598  1035 W BestClock: java.time.DateTimeException: Missing network time fix
12-10 10:04:13.504   598  1035 W BestClock: java.time.DateTimeException: Missing network time fix
12-10 10:04:13.505   598  1035 W BestClock: java.time.DateTimeException: Missing network time fix
12-10 10:04:13.506   598  1035 W BestClock: java.time.DateTimeException: Missing network time fix
12-10 10:04:13.762   480   480 E adbd    : failed to connect to socket 'tcp:51112': Connection refused
12-10 10:04:14.139   598   951 W BestClock: java.time.DateTimeException: Missing network time fix
12-10 10:04:14.143   598   951 W BestClock: java.time.DateTimeException: Missing network time fix
12-10 10:04:14.147   598   951 W BestClock: java.time.DateTimeException: Missing network time fix
12-10 10:04:14.487  1292  1526 E MediaProvider: insertFileIfNecessary failed
12-10 10:04:14.487  1292  1526 E MediaProvider: java.lang.IllegalArgumentException: Primary directory null not allowed for content://media/external_primary/file; allowed directories are [Download, Documents]
12-10 10:04:14.487  1292  1526 E MediaProvider: 	at com.android.providers.media.MediaProvider.ensureFileColumns(MediaProvider.java:4620)
12-10 10:04:14.487  1292  1526 E MediaProvider: 	at com.android.providers.media.MediaProvider.ensureUniqueFileColumns(MediaProvider.java:4243)
12-10 10:04:14.487  1292  1526 E MediaProvider: 	at com.android.providers.media.MediaProvider.insertFile(MediaProvider.java:5042)
12-10 10:04:14.487  1292  1526 E MediaProvider: 	at com.android.providers.media.MediaProvider.insertInternal(MediaProvider.java:5637)
12-10 10:04:14.487  1292  1526 E MediaProvider: 	at com.android.providers.media.MediaProvider.insert(MediaProvider.java:5330)
12-10 10:04:14.487  1292  1526 E MediaProvider: 	at com.android.providers.media.MediaProvider.insertFileForFuse(MediaProvider.java:10262)
12-10 10:04:14.487  1292  1526 E MediaProvider: 	at com.android.providers.media.MediaProvider.insertFileIfNecessaryForFuse(MediaProvider.java:10357)
12-10 10:04:14.594 11547 11582 E ActivityThread: Failed to find provider info for com.zhihu.daily.android.cloud.id
12-10 10:04:14.602 11547 11582 E ActivityThread: Failed to find provider info for com.zhihu.circlely.android.cloud.id
12-10 10:04:14.604 11547 11582 E ActivityThread: Failed to find provider info for com.zhihu.android.lite.cloud.id
12-10 10:04:14.606 11547 11582 E ActivityThread: Failed to find provider info for com.zhihu.explore.cloud.id
12-10 10:04:14.710 11547 11555 I m.zhihu.android: Background concurrent mark compact GC freed 32MB AllocSpace bytes, 105(8232KB) LOS objects, 39% free, 36MB/60MB, paused 8.192ms,18.371ms total 495.832ms
12-10 10:04:14.715   598   637 W IPCThreadState: Sending oneway calls to frozen process.
12-10 10:04:14.845  1292  2080 E MediaProvider: insertFileIfNecessary failed
12-10 10:04:14.845  1292  2080 E MediaProvider: java.lang.IllegalArgumentException: Primary directory null not allowed for content://media/external_primary/file; allowed directories are [Download, Documents]
12-10 10:04:14.845  1292  2080 E MediaProvider: 	at com.android.providers.media.MediaProvider.ensureFileColumns(MediaProvider.java:4620)
12-10 10:04:14.845  1292  2080 E MediaProvider: 	at com.android.providers.media.MediaProvider.ensureUniqueFileColumns(MediaProvider.java:4243)
12-10 10:04:14.845  1292  2080 E MediaProvider: 	at com.android.providers.media.MediaProvider.insertFile(MediaProvider.java:5042)
12-10 10:04:14.845  1292  2080 E MediaProvider: 	at com.android.providers.media.MediaProvider.insertInternal(MediaProvider.java:5637)
12-10 10:04:14.845  1292  2080 E MediaProvider: 	at com.android.providers.media.MediaProvider.insert(MediaProvider.java:5330)
12-10 10:04:14.845  1292  2080 E MediaProvider: 	at com.android.providers.media.MediaProvider.insertFileForFuse(MediaProvider.java:10262)
12-10 10:04:14.845  1292  2080 E MediaProvider: 	at com.android.providers.media.MediaProvider.insertFileIfNecessaryForFuse(MediaProvider.java:10357)
12-10 10:04:14.860 11547 11547 W Thread-6: type=1400 audit(0.0:392): avc:  denied  { search } for  name="net" dev="sysfs" ino=4730 scontext=u:r:untrusted_app:s0:c216,c256,c512,c768 tcontext=u:object_r:sysfs_net:s0 tclass=dir permissive=0 app=com.zhihu.android
12-10 10:04:14.900 11547 11547 W Thread-6: type=1400 audit(0.0:393): avc:  denied  { search } for  name="net" dev="sysfs" ino=4730 scontext=u:r:untrusted_app:s0:c216,c256,c512,c768 tcontext=u:object_r:sysfs_net:s0 tclass=dir permissive=0 app=com.zhihu.android
12-10 10:04:15.022 11547 12141 W libc    : Access denied finding property "ro.debuggable"
12-10 10:04:15.020 11547 11547 W Thread-6: type=1400 audit(0.0:394): avc:  denied  { read } for  name="u:object_r:userdebug_or_eng_prop:s0" dev="tmpfs" ino=344 scontext=u:r:untrusted_app:s0:c216,c256,c512,c768 tcontext=u:object_r:userdebug_or_eng_prop:s0 tclass=file permissive=0 app=com.zhihu.android
12-10 10:04:15.138   598  1035 W ProcessStats: Tracking association SourceState{ee9c85b system/1000 ImpBg #5289} whose proc state 6 is better than process ProcessState{e9a48b7 com.google.android.apps.photos/10164 pkg=com.google.android.apps.photos} proc state 14 (2 skipped)
12-10 10:04:15.192   598  1716 W BestClock: java.time.DateTimeException: Missing network time fix
12-10 10:04:15.204   598  1716 W BestClock: java.time.DateTimeException: Missing network time fix
12-10 10:04:15.208   598  1716 W BestClock: java.time.DateTimeException: Missing network time fix
12-10 10:04:15.308 11547 11547 W Thread-6: type=1400 audit(0.0:395): avc:  denied  { search } for  name="net" dev="sysfs" ino=4730 scontext=u:r:untrusted_app:s0:c216,c256,c512,c768 tcontext=u:object_r:sysfs_net:s0 tclass=dir permissive=0 app=com.zhihu.android
12-10 10:04:15.308 11547 11547 W Thread-6: type=1400 audit(0.0:396): avc:  denied  { search } for  name="net" dev="sysfs" ino=4730 scontext=u:r:untrusted_app:s0:c216,c256,c512,c768 tcontext=u:object_r:sysfs_net:s0 tclass=dir permissive=0 app=com.zhihu.android
12-10 10:04:15.308 11547 11547 W Thread-6: type=1400 audit(0.0:397): avc:  denied  { search } for  name="net" dev="sysfs" ino=4730 scontext=u:r:untrusted_app:s0:c216,c256,c512,c768 tcontext=u:object_r:sysfs_net:s0 tclass=dir permissive=0 app=com.zhihu.android
12-10 10:04:15.719   968   985 I m.android.phone: Background concurrent mark compact GC freed 3561KB AllocSpace bytes, 0(0B) LOS objects, 49% free, 3603KB/7207KB, paused 3.285ms,6.246ms total 426.315ms
12-10 10:04:15.935   598  1379 W JobScheduler: Job didn't exist in JobStore: ac03fc #u0a164/1034 com.google.android.apps.photos/com.google.android.libraries.social.mediamonitor.MediaMonitorJobSchedulerService
12-10 10:04:16.132  1292  1526 E MediaProvider: insertFileIfNecessary failed
12-10 10:04:16.132  1292  1526 E MediaProvider: java.lang.IllegalArgumentException: Primary directory null not allowed for content://media/external_primary/file; allowed directories are [Download, Documents]
12-10 10:04:16.132  1292  1526 E MediaProvider: 	at com.android.providers.media.MediaProvider.ensureFileColumns(MediaProvider.java:4620)
12-10 10:04:16.132  1292  1526 E MediaProvider: 	at com.android.providers.media.MediaProvider.ensureUniqueFileColumns(MediaProvider.java:4243)
12-10 10:04:16.132  1292  1526 E MediaProvider: 	at com.android.providers.media.MediaProvider.insertFile(MediaProvider.java:5042)
12-10 10:04:16.132  1292  1526 E MediaProvider: 	at com.android.providers.media.MediaProvider.insertInternal(MediaProvider.java:5637)
12-10 10:04:16.132  1292  1526 E MediaProvider: 	at com.android.providers.media.MediaProvider.insert(MediaProvider.java:5330)
12-10 10:04:16.132  1292  1526 E MediaProvider: 	at com.android.providers.media.MediaProvider.insertFileForFuse(MediaProvider.java:10262)
12-10 10:04:16.132  1292  1526 E MediaProvider: 	at com.android.providers.media.MediaProvider.insertFileIfNecessaryForFuse(MediaProvider.java:10357)
12-10 10:04:16.190   598  1035 W UriGrantsManagerService: No permission grants found for com.google.android.apps.photos
12-10 10:04:16.191   598  4017 W UriGrantsManagerService: No permission grants found for com.google.android.apps.photos
12-10 10:04:16.215   598  1716 W BestClock: java.time.DateTimeException: Missing network time fix
12-10 10:04:16.215   598  1716 W BestClock: java.time.DateTimeException: Missing network time fix
12-10 10:04:16.255   598  4017 W BestClock: java.time.DateTimeException: Missing network time fix
12-10 10:04:16.315  1292  1526 E MediaProvider: insertFileIfNecessary failed
12-10 10:04:16.315  1292  1526 E MediaProvider: java.lang.IllegalArgumentException: Primary directory null not allowed for content://media/external_primary/file; allowed directories are [Download, Documents]
12-10 10:04:16.315  1292  1526 E MediaProvider: 	at com.android.providers.media.MediaProvider.ensureFileColumns(MediaProvider.java:4620)
12-10 10:04:16.315  1292  1526 E MediaProvider: 	at com.android.providers.media.MediaProvider.ensureUniqueFileColumns(MediaProvider.java:4243)
12-10 10:04:16.315  1292  1526 E MediaProvider: 	at com.android.providers.media.MediaProvider.insertFile(MediaProvider.java:5042)
12-10 10:04:16.315  1292  1526 E MediaProvider: 	at com.android.providers.media.MediaProvider.insertInternal(MediaProvider.java:5637)
12-10 10:04:16.315  1292  1526 E MediaProvider: 	at com.android.providers.media.MediaProvider.insert(MediaProvider.java:5330)
12-10 10:04:16.315  1292  1526 E MediaProvider: 	at com.android.providers.media.MediaProvider.insertFileForFuse(MediaProvider.java:10262)
12-10 10:04:16.315  1292  1526 E MediaProvider: 	at com.android.providers.media.MediaProvider.insertFileIfNecessaryForFuse(MediaProvider.java:10357)
12-10 10:04:16.360 11547 12253 I react-native-sentry: Starting with DSN: 'https://2acc1499c1914795b3638e1326f89918@sentry.in.zhihu.com/2705'
12-10 10:04:16.373 11547 12253 I react-native-sentry: Native Integrations '[io.sentry.UncaughtExceptionHandlerIntegration@b155a36, io.sentry.ShutdownHookIntegration@5580d37, io.sentry.SendCachedEnvelopeFireAndForgetIntegration@a0e92a4, io.sentry.android.core.NdkIntegration@7ba980d, io.sentry.android.core.EnvelopeFileObserverIntegration$OutboxEnvelopeFileObserverIntegration@bd4e3c2, io.sentry.SendCachedEnvelopeFireAndForgetIntegration@11645d3, io.sentry.android.core.AnrIntegration@3f43510, io.sentry.android.core.AppLifecycleIntegration@185a809, io.sentry.android.core.ActivityLifecycleIntegration@f117a0e, io.sentry.android.core.UserInteractionIntegration@2756c2f, io.sentry.android.core.AppComponentsBreadcrumbsIntegration@e4f923c, io.sentry.android.core.SystemEventsBreadcrumbsIntegration@cd7bbc5, io.sentry.android.core.TempSensorBreadcrumbsIntegration@26f291a, io.sentry.android.core.PhoneStateBreadcrumbsIntegration@bf69c4b]'
12-10 10:04:16.432 11547 11547 W io/sentry/andro: type=1400 audit(0.0:398): avc:  denied  { read } for  name="version" dev="proc" ino=4026532032 scontext=u:r:untrusted_app:s0:c216,c256,c512,c768 tcontext=u:object_r:proc_version:s0 tclass=file permissive=0 app=com.zhihu.android
12-10 10:04:16.628 12462 12462 W ps      : type=1400 audit(0.0:399): avc:  denied  { read } for  name="pid_max" dev="proc" ino=292678 scontext=u:r:untrusted_app:s0:c216,c256,c512,c768 tcontext=u:object_r:proc_pid_max:s0 tclass=file permissive=0 app=com.zhihu.android
12-10 10:04:16.823  1292  1525 E MediaProvider: insertFileIfNecessary failed
12-10 10:04:16.823  1292  1525 E MediaProvider: java.lang.IllegalArgumentException: Primary directory null not allowed for content://media/external_primary/file; allowed directories are [Download, Documents]
12-10 10:04:16.823  1292  1525 E MediaProvider: 	at com.android.providers.media.MediaProvider.ensureFileColumns(MediaProvider.java:4620)
12-10 10:04:16.823  1292  1525 E MediaProvider: 	at com.android.providers.media.MediaProvider.ensureUniqueFileColumns(MediaProvider.java:4243)
12-10 10:04:16.823  1292  1525 E MediaProvider: 	at com.android.providers.media.MediaProvider.insertFile(MediaProvider.java:5042)
12-10 10:04:16.823  1292  1525 E MediaProvider: 	at com.android.providers.media.MediaProvider.insertInternal(MediaProvider.java:5637)
12-10 10:04:16.823  1292  1525 E MediaProvider: 	at com.android.providers.media.MediaProvider.insert(MediaProvider.java:5330)
12-10 10:04:16.823  1292  1525 E MediaProvider: 	at com.android.providers.media.MediaProvider.insertFileForFuse(MediaProvider.java:10262)
12-10 10:04:16.823  1292  1525 E MediaProvider: 	at com.android.providers.media.MediaProvider.insertFileIfNecessaryForFuse(MediaProvider.java:10357)
12-10 10:04:16.820 11547 11547 W Thread-6: type=1400 audit(0.0:400): avc:  denied  { search } for  name="net" dev="sysfs" ino=4730 scontext=u:r:untrusted_app:s0:c216,c256,c512,c768 tcontext=u:object_r:sysfs_net:s0 tclass=dir permissive=0 app=com.zhihu.android
12-10 10:04:16.824 11547 11547 W Thread-6: type=1400 audit(0.0:401): avc:  denied  { search } for  name="net" dev="sysfs" ino=4730 scontext=u:r:untrusted_app:s0:c216,c256,c512,c768 tcontext=u:object_r:sysfs_net:s0 tclass=dir permissive=0 app=com.zhihu.android
12-10 10:04:16.836 11547 11547 W Thread-6: type=1400 audit(0.0:402): avc:  denied  { search } for  name="net" dev="sysfs" ino=4730 scontext=u:r:untrusted_app:s0:c216,c256,c512,c768 tcontext=u:object_r:sysfs_net:s0 tclass=dir permissive=0 app=com.zhihu.android
12-10 10:04:16.836 11547 11547 W Thread-6: type=1400 audit(0.0:403): avc:  denied  { search } for  name="net" dev="sysfs" ino=4730 scontext=u:r:untrusted_app:s0:c216,c256,c512,c768 tcontext=u:object_r:sysfs_net:s0 tclass=dir permissive=0 app=com.zhihu.android
12-10 10:04:16.962 12468 12468 W BpBinder: Linking to death on android.gui.ISurfaceComposer but there are no threads (yet?) listening to incoming transactions. See ProcessState::startThreadPool and ProcessState::setThreadPoolMaxThreadCount. Generally you should setup the binder threadpool before other initialization steps.
12-10 10:04:16.963 12468 12468 W ProcessState: Extra binder thread started, but 0 threads requested. Do not use *startThreadPool when zero threads are requested.
12-10 10:04:17.026   184   184 I hwservicemanager: getTransport: Cannot find entry android.hardware.graphics.mapper@4.0::IMapper/default in either framework or device VINTF manifest.
12-10 10:04:17.026 12468 12475 I Gralloc4: mapper 4.x is not supported
12-10 10:04:17.112  1292  2080 W MediaProvider: isAppCloneUserPair for user 0: false
12-10 10:04:17.156  1292  4065 E MediaProvider: insertFileIfNecessary failed
12-10 10:04:17.156  1292  4065 E MediaProvider: java.lang.IllegalArgumentException: Primary directory null not allowed for content://media/external_primary/file; allowed directories are [Download, Documents]
12-10 10:04:17.156  1292  4065 E MediaProvider: 	at com.android.providers.media.MediaProvider.ensureFileColumns(MediaProvider.java:4620)
12-10 10:04:17.156  1292  4065 E MediaProvider: 	at com.android.providers.media.MediaProvider.ensureUniqueFileColumns(MediaProvider.java:4243)
12-10 10:04:17.156  1292  4065 E MediaProvider: 	at com.android.providers.media.MediaProvider.insertFile(MediaProvider.java:5042)
12-10 10:04:17.156  1292  4065 E MediaProvider: 	at com.android.providers.media.MediaProvider.insertInternal(MediaProvider.java:5637)
12-10 10:04:17.156  1292  4065 E MediaProvider: 	at com.android.providers.media.MediaProvider.insert(MediaProvider.java:5330)
12-10 10:04:17.156  1292  4065 E MediaProvider: 	at com.android.providers.media.MediaProvider.insertFileForFuse(MediaProvider.java:10262)
12-10 10:04:17.156  1292  4065 E MediaProvider: 	at com.android.providers.media.MediaProvider.insertFileIfNecessaryForFuse(MediaProvider.java:10357)
12-10 10:04:17.156 11547 11547 W Thread-6: type=1400 audit(0.0:404): avc:  denied  { search } for  name="net" dev="sysfs" ino=4730 scontext=u:r:untrusted_app:s0:c216,c256,c512,c768 tcontext=u:object_r:sysfs_net:s0 tclass=dir permissive=0 app=com.zhihu.android
12-10 10:04:17.178   598  1035 W BestClock: java.time.DateTimeException: Missing network time fix
12-10 10:04:17.192   598  1517 W BestClock: java.time.DateTimeException: Missing network time fix
12-10 10:04:17.195   598  1517 W BestClock: java.time.DateTimeException: Missing network time fix
12-10 10:04:17.196   598  1517 W BestClock: java.time.DateTimeException: Missing network time fix
12-10 10:04:17.198   598  1035 W BestClock: java.time.DateTimeException: Missing network time fix
12-10 10:04:17.267   598  1716 W BestClock: java.time.DateTimeException: Missing network time fix
12-10 10:04:17.276   598  1716 W BestClock: java.time.DateTimeException: Missing network time fix
12-10 10:04:17.280   598  1517 W BestClock: java.time.DateTimeException: Missing network time fix
12-10 10:04:17.719   598  1517 I ActivityManager: Broadcasting: Intent { act=android.intent.action.MEDIA_SCANNER_SCAN_FILE dat=file:///... flg=0x400000 }
12-10 10:04:17.721   598  1517 I ActivityManager: Enqueued broadcast Intent { act=android.intent.action.MEDIA_SCANNER_SCAN_FILE dat=file:///... flg=0x400000 }: 0
12-10 10:04:17.726   598  4017 W JobInfo : Job 'com.google.android.providers.media.module/com.android.providers.media.MediaService#-300' has a deadline with no functional constraints. The deadline won't improve job execution latency. Consider removing the deadline.
12-10 10:04:17.735   598   626 I ActivityManager: Broadcast completed: result=0
12-10 10:04:17.797  1292  1686 I MediaProvider: Begin Intent { act=android.intent.action.MEDIA_SCANNER_SCAN_FILE dat=file:///... flg=0x1400010 cmp=com.google.android.providers.media.module/com.android.providers.media.MediaService }
12-10 10:04:17.872  1292  1298 I FuseDaemon: Background concurrent mark compact GC freed 3016KB AllocSpace bytes, 29(5832KB) LOS objects, 49% free, 3132KB/6265KB, paused 1.267ms,3.003ms total 137.698ms
12-10 10:04:17.893  1292  1686 I MediaProvider: End Intent { act=android.intent.action.MEDIA_SCANNER_SCAN_FILE dat=file:///... flg=0x1400010 cmp=com.google.android.providers.media.module/com.android.providers.media.MediaService }
12-10 10:04:18.087 11547 11686 I System.out: Debug-Fd launchAdInfo.style = null
12-10 10:04:18.087 11547 11686 I System.out: Debug-Fd  no-1 need down launchAdInfo.style = null
12-10 10:04:18.146  1292  4065 W MediaProvider: Ignoring param:deletedata post U for external apps
12-10 10:04:18.180  1292  4065 I MediaProvider: Deleted 0 1 0 0 0 0 0 items on external_primary due to com.android.shell
12-10 10:04:18.285   598   951 W BestClock: java.time.DateTimeException: Missing network time fix
12-10 10:04:18.291   598   951 W BestClock: java.time.DateTimeException: Missing network time fix
12-10 10:04:18.301   598   951 W BestClock: java.time.DateTimeException: Missing network time fix
12-10 10:04:18.325 11547 11686 I System.out: Debug-Fd  no-2 need down launchAdInfo.style = null
12-10 10:04:18.326 11547 11686 I System.out: Debug-Fd  no1 need down launchAdInfo.style = null
12-10 10:04:18.326 11547 11686 I System.out: Debug-Fd  no2 need down launchAdInfo.style = null
12-10 10:04:18.541 11547 11555 I m.zhihu.android: Background concurrent mark compact GC freed 20MB AllocSpace bytes, 88(6928KB) LOS objects, 40% free, 35MB/59MB, paused 7.350ms,6.282ms total 282.201ms
12-10 10:04:19.083   598  1379 W ActivityManager: pid 598 system sent binder code 1 with flags 1 to frozen apps and got error -32
12-10 10:04:19.084   598  1379 W EnhancedConfirmationService: The packageName should not be null.
12-10 10:04:19.087 11547 12527 I DrmHalHidl: No hidl drm factories found
12-10 10:04:19.088   184   184 I hwservicemanager: getTransport: Cannot find entry android.hardware.drm@1.0::IDrmFactory/default in either framework or device VINTF manifest.
12-10 10:04:19.088 11547 12527 E DrmHalHidl: Failed to find passthrough drm factories
12-10 10:04:19.103   598  1379 W MagnificationConnectionManager: requestConnection duplicated request: connect=false, mConnectionState=DISCONNECTED
12-10 10:04:19.107   598  1035 W MagnificationConnectionManager: requestConnection duplicated request: connect=false, mConnectionState=DISCONNECTED
12-10 10:04:19.110   598   598 W IPCThreadState: Sending oneway calls to frozen process.
12-10 10:04:19.110   598   598 W IPCThreadState: Sending oneway calls to frozen process.
12-10 10:04:19.114   598   598 W IPCThreadState: Sending oneway calls to frozen process.
12-10 10:04:19.115   598   598 W IPCThreadState: Sending oneway calls to frozen process.
12-10 10:04:19.116   598   598 W IPCThreadState: Sending oneway calls to frozen process.
12-10 10:04:19.118   598   598 W IPCThreadState: Sending oneway calls to frozen process.
12-10 10:04:19.119   598   598 W IPCThreadState: Sending oneway calls to frozen process.
12-10 10:04:19.119   598   598 W IPCThreadState: Sending oneway calls to frozen process.
12-10 10:04:19.122   598   598 W IPCThreadState: Sending oneway calls to frozen process.
12-10 10:04:19.122   598   598 W IPCThreadState: Sending oneway calls to frozen process.
12-10 10:04:19.123   598   598 W IPCThreadState: Sending oneway calls to frozen process.
12-10 10:04:19.124   598   598 W IPCThreadState: Sending oneway calls to frozen process.
12-10 10:04:19.124   598   598 W IPCThreadState: Sending oneway calls to frozen process.
12-10 10:04:19.127   598   598 W IPCThreadState: Sending oneway calls to frozen process.
12-10 10:04:19.129   598   598 W IPCThreadState: Sending oneway calls to frozen process.
12-10 10:04:19.136   598   598 W MagnificationConnectionManager: requestConnection duplicated request: connect=false, mConnectionState=DISCONNECTED
12-10 10:04:19.136   598   598 W IPCThreadState: Sending oneway calls to frozen process.
12-10 10:04:19.138   598   598 W IPCThreadState: Sending oneway calls to frozen process.
12-10 10:04:19.146   598   598 W IPCThreadState: Sending oneway calls to frozen process.
12-10 10:04:19.146   598   598 W IPCThreadState: Sending oneway calls to frozen process.
12-10 10:04:19.147   598   598 W IPCThreadState: Sending oneway calls to frozen process.
12-10 10:04:19.151   598   598 W IPCThreadState: Sending oneway calls to frozen process.
12-10 10:04:19.151   598   598 W IPCThreadState: Sending oneway calls to frozen process.
12-10 10:04:19.152 11547 11615 E ActivityThread: Failed to find provider info for com.zhihu.daily.android.cloud.id
12-10 10:04:19.152   598   598 W IPCThreadState: Sending oneway calls to frozen process.
12-10 10:04:19.154   598   598 W IPCThreadState: Sending oneway calls to frozen process.
12-10 10:04:19.155   598   598 W IPCThreadState: Sending oneway calls to frozen process.
12-10 10:04:19.156   598   598 W IPCThreadState: Sending oneway calls to frozen process.
12-10 10:04:19.156   598   598 W IPCThreadState: Sending oneway calls to frozen process.
12-10 10:04:19.156   598   598 W IPCThreadState: Sending oneway calls to frozen process.
12-10 10:04:19.158   598   598 W IPCThreadState: Sending oneway calls to frozen process.
12-10 10:04:19.159   598   598 W IPCThreadState: Sending oneway calls to frozen process.
12-10 10:04:19.166 11547 11615 E ActivityThread: Failed to find provider info for com.zhihu.circlely.android.cloud.id
12-10 10:04:19.168  1217  1377 E AccessibilitySettingsUtil: unable to parse accessibility service null
12-10 10:04:19.170 11547 11615 E ActivityThread: Failed to find provider info for com.zhihu.android.lite.cloud.id
12-10 10:04:19.173 11547 11615 E ActivityThread: Failed to find provider info for com.zhihu.explore.cloud.id
12-10 10:04:19.174 12529 12529 I AidlLazyServiceRegistrar: Registering service android.hardware.drm.IDrmFactory/clearkey
12-10 10:04:19.185 12529 12529 I AidlLazyServiceRegistrar: Process has 1 (of 1 available) client(s) in use after notification android.hardware.drm.IDrmFactory/clearkey has clients: 1
12-10 10:04:19.186   480   480 E adbd    : failed to connect to socket 'tcp:51112': Connection refused
12-10 10:04:19.190 11547 12527 I DrmUtils: found IDrmFactory. Instance name:[android.hardware.drm.IDrmFactory/clearkey]
12-10 10:04:19.191 11547 12527 I DrmUtils: found IDrmFactory. Instance name:[android.hardware.drm.IDrmFactory/widevine]
12-10 10:04:19.192   458   458 I WVCdm   : [cdm_engine.cpp(1092):IsSecurityLevelSupported] level = L1
12-10 10:04:19.192   458   458 I WVCdm   : [file_utils.cpp(38):Exists] stat failed: ENOENT
12-10 10:04:19.192   458   458 I WVCdm   : [oemcrypto_adapter_dynamic.cpp(826):Initialize] Level 3 Build Info (v18): {"soc_vendor":"L3_33100","soc_model":"X86 64 bit","ta_ver":"18.1.0+Feb 20 2024_20:28:28_","uses_opk":false,"tee_os":"none","tee_os_ver":"0.0.0","form_factor":"L3","implementer":"Widevine","fused":false}
12-10 10:04:19.193   458 12531 I WVCdm   : [(0):] Level3 Library 33100 Feb 20 2024 20:28:28
12-10 10:04:19.198   458   458 I WVCdm   : [oemcrypto_adapter_dynamic.cpp(841):Initialize] L3 Initialized. Trying L1.
12-10 10:04:19.199   458   458 W WVCdm   : [oemcrypto_adapter_dynamic.cpp(854):Initialize] Could not load oemcrypto from path liboemcrypto.so.  dlopen failed: library "liboemcrypto.so" not found
12-10 10:04:19.199   458   458 W WVCdm   : [oemcrypto_adapter_dynamic.cpp(858):Initialize] Could not load oemcrypto. Falling back to L3.
12-10 10:04:19.199   458   458 E WVCdm   : [oemcrypto_adapter_dynamic.cpp(1326):ValidateOrInstallL1KeyboxOrCert] L1 not initialized. Falling back to L3
12-10 10:04:19.199   458   458 I WVCdm   : [file_utils.cpp(38):Exists] stat failed: ENOENT
12-10 10:04:19.199   458   458 W WVCdm   : [oemcrypto_adapter_dynamic.cpp(1531):OEMCrypto_InitializeAndCheckKeybox] Keybox error: 25. Falling back to L3.
12-10 10:04:19.199   458   458 I WVCdm   : [oemcrypto_adapter_dynamic.cpp(890):Level1Terminate] L1 Terminate not needed
