12-10 10:04:47.617   598   598 W IPCThreadState: Sending oneway calls to frozen process.
12-10 10:04:47.618   598   598 W IPCThreadState: Sending oneway calls to frozen process.
12-10 10:04:47.619   598   598 W IPCThreadState: Sending oneway calls to frozen process.
12-10 10:04:47.626   598   598 W IPCThreadState: Sending oneway calls to frozen process.
12-10 10:04:47.627   598   598 W IPCThreadState: Sending oneway calls to frozen process.
12-10 10:04:47.627   598   598 W IPCThreadState: Sending oneway calls to frozen process.
12-10 10:04:47.627   598   598 W IPCThreadState: Sending oneway calls to frozen process.
12-10 10:04:47.628   598   598 W IPCThreadState: Sending oneway calls to frozen process.
12-10 10:04:47.628   598   598 W IPCThreadState: Sending oneway calls to frozen process.
12-10 10:04:47.628   598   598 W IPCThreadState: Sending oneway calls to frozen process.
12-10 10:04:47.720   598  1756 W BestClock: java.time.DateTimeException: Missing network time fix
12-10 10:04:47.721   598  1756 W BestClock: java.time.DateTimeException: Missing network time fix
12-10 10:04:47.724   598  1756 W BestClock: java.time.DateTimeException: Missing network time fix
12-10 10:04:47.802   598   617 I system_server: Background concurrent mark compact GC freed 23MB AllocSpace bytes, 66(1668KB) LOS objects, 45% free, 28MB/52MB, paused 2.348ms,2.994ms total 206.473ms
12-10 10:04:47.816   598   619 W system_server: ApkAssets: Deleting an ApkAssets object '<empty> and /product/priv-app/PrebuiltGmsCore/PrebuiltGmsCore.apk' with 1 weak references
12-10 10:04:47.817   598   619 W system_server: ApkAssets: Deleting an ApkAssets object '<empty> and /system/priv-app/InputDevices/InputDevices.apk' with 1 weak references
12-10 10:04:47.818   598   619 W system_server: ApkAssets: Deleting an ApkAssets object '<empty> and /product/app/LatinIMEGooglePrebuilt/LatinIMEGooglePrebuilt.apk' with 1 weak references
12-10 10:04:47.818   598   619 W system_server: ApkAssets: Deleting an ApkAssets object '<empty> and /product/app/PrebuiltGmail/PrebuiltGmail.apk' with 1 weak references
12-10 10:04:47.819   598   619 W system_server: ApkAssets: Deleting an ApkAssets object '<empty> and /system_ext/app/AccessibilityMenu/AccessibilityMenu.apk' with 1 weak references
12-10 10:04:47.819   598   619 W system_server: ApkAssets: Deleting an ApkAssets object '/product/overlay/AccessibilityMenu__sdk_gphone64_x86_64__auto_generated_rro_product.apk' with 1 weak references
12-10 10:04:47.819   598   619 W system_server: ApkAssets: Deleting an ApkAssets object '<empty> and /product/app/talkback/talkback.apk' with 1 weak references
12-10 10:04:47.820   598   619 W system_server: ApkAssets: Deleting an ApkAssets object '/vendor/overlay/EmulatorTalkBackOverlay/EmulatorTalkBackOverlay.apk' with 1 weak references
12-10 10:04:47.820   598   619 W system_server: ApkAssets: Deleting an ApkAssets object '<empty> and /product/priv-app/Velvet/Velvet.apk' with 1 weak references
12-10 10:04:47.822   598   619 W system_server: ApkAssets: Deleting an ApkAssets object '<empty> and /data/app/~~pMoxUc2l63PgGV5PLCZnKA==/io.github.ylimit.droidbotapp-3SZ-xgJ1HyMFH3ZTi5YHRw==/base.apk' with 1 weak references
12-10 10:04:47.822   598   619 W system_server: ApkAssets: Deleting an ApkAssets object '<empty> and /product/app/GoogleTTS/GoogleTTS.apk' with 1 weak references
12-10 10:04:47.822   598   619 W system_server: ApkAssets: Deleting an ApkAssets object '<empty> and /product/app/Drive/Drive.apk' with 1 weak references
12-10 10:04:47.827   598   619 W system_server: ApkAssets: Deleting an ApkAssets object '<empty> and /product/app/CalendarGooglePrebuilt/CalendarGooglePrebuilt.apk' with 1 weak references
12-10 10:04:48.263  1292  8748 I PSyncWorker: Starting proactive picker sync from sync source: 1
12-10 10:04:48.263  1292  8748 I PickerSyncTracker: Created new sync future java.util.concurrent.CompletableFuture@a469cea[Not completed, 1 dependents]. Future map: {2b98baa1-6449-4cb5-8008-d24643b8f79c=java.util.concurrent.CompletableFuture@a469cea[Not completed, 1 dependents]}
12-10 10:04:48.268  1292  8748 I PickerSyncController: Executing SyncAdd. isLocal: true. authority: com.android.providers.media.photopicker
12-10 10:04:48.275  1292  8748 I PickerSyncController: Paged sync successful. QueryArgs: Bundle[{android.provider.extra.SYNC_GENERATION=235, android.provider.extra.PAGE_SIZE=1000}] Total Rows: 0
12-10 10:04:48.275  1292  8748 I PickerSyncController: Executing SyncRemove. isLocal: true. authority: com.android.providers.media.photopicker
12-10 10:04:48.278  1292  8748 E PickerDbFacade: Could not get first date taken millis for media id: 1000000050
12-10 10:04:48.279  1292  8748 W PickerDbFacade: Unable to promote cloud media with localId: 1000000050
12-10 10:04:48.284  1292  8748 I PickerSyncController: Paged sync successful. QueryArgs: Bundle[{android.provider.extra.SYNC_GENERATION=235, android.provider.extra.PAGE_SIZE=1000}] Total Rows: 0
12-10 10:04:48.284  1292  8748 I PickerSyncTracker: Marked sync future complete for work id: 2b98baa1-6449-4cb5-8008-d24643b8f79c. Future map: {}
12-10 10:04:48.284  1292  8748 I PSyncWorker: Completed picker proactive sync complete from local provider.
12-10 10:04:48.287  1292  1469 I WM-WorkerWrapper: Worker result SUCCESS for Work [ id=2b98baa1-6449-4cb5-8008-d24643b8f79c, tags={ com.android.providers.media.photopicker.sync.ProactiveSyncWorker } ]
12-10 10:04:48.407   480   480 E adbd    : failed to connect to socket 'tcp:51112': Connection refused
12-10 10:04:48.728   598  1756 W BestClock: java.time.DateTimeException: Missing network time fix
12-10 10:04:48.729   598  1756 W BestClock: java.time.DateTimeException: Missing network time fix
12-10 10:04:48.731   598  1756 W BestClock: java.time.DateTimeException: Missing network time fix
12-10 10:04:49.367 13133 13133 W BpBinder: Linking to death on android.gui.ISurfaceComposer but there are no threads (yet?) listening to incoming transactions. See ProcessState::startThreadPool and ProcessState::setThreadPoolMaxThreadCount. Generally you should setup the binder threadpool before other initialization steps.
12-10 10:04:49.367 13133 13133 W ProcessState: Extra binder thread started, but 0 threads requested. Do not use *startThreadPool when zero threads are requested.
12-10 10:04:49.403   184   184 I hwservicemanager: getTransport: Cannot find entry android.hardware.graphics.mapper@4.0::IMapper/default in either framework or device VINTF manifest.
12-10 10:04:49.403 13133 13135 I Gralloc4: mapper 4.x is not supported
12-10 10:04:49.471  1292  2080 W MediaProvider: isAppCloneUserPair for user 0: false
12-10 10:04:49.658   598  4017 I ActivityManager: Broadcasting: Intent { act=android.intent.action.MEDIA_SCANNER_SCAN_FILE dat=file:///... flg=0x400000 }
12-10 10:04:49.659   598  4017 I ActivityManager: Enqueued broadcast Intent { act=android.intent.action.MEDIA_SCANNER_SCAN_FILE dat=file:///... flg=0x400000 }: 0
12-10 10:04:49.661   598  4019 W JobInfo : Job 'com.google.android.providers.media.module/com.android.providers.media.MediaService#-300' has a deadline with no functional constraints. The deadline won't improve job execution latency. Consider removing the deadline.
12-10 10:04:49.670   598   626 I ActivityManager: Broadcast completed: result=0
12-10 10:04:49.672  1292  1686 I MediaProvider: Begin Intent { act=android.intent.action.MEDIA_SCANNER_SCAN_FILE dat=file:///... flg=0x1400010 cmp=com.google.android.providers.media.module/com.android.providers.media.MediaService }
12-10 10:04:49.683  1292  1686 I MediaProvider: End Intent { act=android.intent.action.MEDIA_SCANNER_SCAN_FILE dat=file:///... flg=0x1400010 cmp=com.google.android.providers.media.module/com.android.providers.media.MediaService }
12-10 10:04:49.737   598   621 W BestClock: java.time.DateTimeException: Missing network time fix
12-10 10:04:49.738   598   621 W BestClock: java.time.DateTimeException: Missing network time fix
12-10 10:04:49.741   598   621 W BestClock: java.time.DateTimeException: Missing network time fix
12-10 10:04:49.951  1292  1525 W MediaProvider: Ignoring param:deletedata post U for external apps
12-10 10:04:49.955  1292  1525 I MediaProvider: Deleted 0 1 0 0 0 0 0 items on external_primary due to com.android.shell
12-10 10:04:50.255   598   738 W BestClock: java.time.DateTimeException: Missing network time fix
12-10 10:04:50.294   598   738 W BestClock: java.time.DateTimeException: Missing network time fix
12-10 10:04:50.749   598  4017 W BestClock: java.time.DateTimeException: Missing network time fix
12-10 10:04:50.750   598  4017 W BestClock: java.time.DateTimeException: Missing network time fix
12-10 10:04:50.752   598  4017 W BestClock: java.time.DateTimeException: Missing network time fix
12-10 10:04:51.482  1292  7131 I PSyncWorker: Starting proactive picker sync from sync source: 1
12-10 10:04:51.482  1292  7131 I PickerSyncTracker: Created new sync future java.util.concurrent.CompletableFuture@aa65b53[Not completed, 1 dependents]. Future map: {a1b9dab6-1861-4ac3-b425-561889c38a9d=java.util.concurrent.CompletableFuture@aa65b53[Not completed, 1 dependents]}
12-10 10:04:51.490  1292  7131 I PickerSyncController: Executing SyncAdd. isLocal: true. authority: com.android.providers.media.photopicker
12-10 10:04:51.497  1292  7131 I PickerSyncController: Paged sync successful. QueryArgs: Bundle[{android.provider.extra.SYNC_GENERATION=246, android.provider.extra.PAGE_SIZE=1000}] Total Rows: 0
12-10 10:04:51.497  1292  7131 I PickerSyncController: Executing SyncRemove. isLocal: true. authority: com.android.providers.media.photopicker
12-10 10:04:51.500  1292  7131 E PickerDbFacade: Could not get first date taken millis for media id: 1000000051
12-10 10:04:51.501  1292  7131 W PickerDbFacade: Unable to promote cloud media with localId: 1000000051
12-10 10:04:51.507  1292  7131 I PickerSyncController: Paged sync successful. QueryArgs: Bundle[{android.provider.extra.SYNC_GENERATION=246, android.provider.extra.PAGE_SIZE=1000}] Total Rows: 0
12-10 10:04:51.508  1292  7131 I PickerSyncTracker: Marked sync future complete for work id: a1b9dab6-1861-4ac3-b425-561889c38a9d. Future map: {}
12-10 10:04:51.508  1292  7131 I PSyncWorker: Completed picker proactive sync complete from local provider.
12-10 10:04:51.510  1292  1470 I WM-WorkerWrapper: Worker result SUCCESS for Work [ id=a1b9dab6-1861-4ac3-b425-561889c38a9d, tags={ com.android.providers.media.photopicker.sync.ProactiveSyncWorker } ]
12-10 10:04:51.758   598   621 W BestClock: java.time.DateTimeException: Missing network time fix
12-10 10:04:51.759   598   621 W BestClock: java.time.DateTimeException: Missing network time fix
12-10 10:04:51.763   598   621 W BestClock: java.time.DateTimeException: Missing network time fix
12-10 10:04:52.451   480   480 E adbd    : failed to connect to socket 'tcp:51112': Connection refused
12-10 10:04:52.769   598  4017 W BestClock: java.time.DateTimeException: Missing network time fix
12-10 10:04:52.771   598  4017 W BestClock: java.time.DateTimeException: Missing network time fix
12-10 10:04:52.775   598  4017 W BestClock: java.time.DateTimeException: Missing network time fix
12-10 10:04:53.782   598  4017 W BestClock: java.time.DateTimeException: Missing network time fix
12-10 10:04:53.783   598  4017 W BestClock: java.time.DateTimeException: Missing network time fix
12-10 10:04:53.786   598  4017 W BestClock: java.time.DateTimeException: Missing network time fix
12-10 10:04:54.790   598  4017 W BestClock: java.time.DateTimeException: Missing network time fix
12-10 10:04:54.791   598  4017 W BestClock: java.time.DateTimeException: Missing network time fix
12-10 10:04:54.794   598  4017 W BestClock: java.time.DateTimeException: Missing network time fix
12-10 10:04:55.747 13178 13178 I AndroidRuntime: Using default boot image
12-10 10:04:55.748 13178 13178 I AndroidRuntime: Leaving lock profiling enabled
12-10 10:04:55.754 13178 13178 I app_process: Using CollectorTypeCMC GC.
12-10 10:04:55.799   598  4017 W BestClock: java.time.DateTimeException: Missing network time fix
12-10 10:04:55.800   598  4017 W BestClock: java.time.DateTimeException: Missing network time fix
12-10 10:04:55.804   598  4017 W BestClock: java.time.DateTimeException: Missing network time fix
12-10 10:04:55.899 13178 13178 W app_process: Unexpected CPU variant for x86: x86_64.
12-10 10:04:55.899 13178 13178 W app_process: Known variants: atom, sandybridge, silvermont, goldmont, goldmont-plus, goldmont-without-sha-xsaves, tremont, kabylake, default
12-10 10:04:55.902 13178 13178 W app_process: ClassLoaderContext shared library size mismatch. Expected=2, found=0 (PCL[]{PCL[/system/framework/android.test.base.jar*724373495]#PCL[/system/framework/android.test.mock.jar*1452759902]} | PCL[])
12-10 10:04:55.904 13178 13178 W app_process: ClassLoaderContext classpath size mismatch. expected=0, found=1 (PCL[]{PCL[/system/framework/android.test.runner.jar*2496447986]#PCL[/system/framework/android.test.base.jar*724373495]} | PCL[/system/framework/android.test.runner.jar*2496447986])
12-10 10:04:55.948 13178 13178 I UiAutomation: Initialized for user 0 on display 0
12-10 10:04:55.948 13178 13178 W UiAutomation: Created with deprecatead constructor, assumes DEFAULT_DISPLAY
12-10 10:04:55.952   598  4017 I UiAutomationManager: Registering UiTestAutomationService (id=com.android.server.accessibility/UiAutomation, flags=0x0) when called by user 0
12-10 10:04:55.959   598  4017 W MagnificationConnectionManager: requestConnection duplicated request: connect=false, mConnectionState=DISCONNECTED
12-10 10:04:55.962   598   598 W IPCThreadState: Sending oneway calls to frozen process.
12-10 10:04:55.962   598   598 W IPCThreadState: Sending oneway calls to frozen process.
12-10 10:04:55.962   598   598 W IPCThreadState: Sending oneway calls to frozen process.
12-10 10:04:55.962   598   598 W IPCThreadState: Sending oneway calls to frozen process.
12-10 10:04:55.963   598   598 W IPCThreadState: Sending oneway calls to frozen process.
12-10 10:04:55.963   598   598 W IPCThreadState: Sending oneway calls to frozen process.
12-10 10:04:55.963   598   598 W IPCThreadState: Sending oneway calls to frozen process.
12-10 10:04:55.965   598   598 W IPCThreadState: Sending oneway calls to frozen process.
12-10 10:04:55.965   598   598 W IPCThreadState: Sending oneway calls to frozen process.
12-10 10:04:55.966   598   598 W IPCThreadState: Sending oneway calls to frozen process.
12-10 10:04:55.966   598   598 W IPCThreadState: Sending oneway calls to frozen process.
12-10 10:04:55.967   598   598 W IPCThreadState: Sending oneway calls to frozen process.
12-10 10:04:55.967   598   598 W IPCThreadState: Sending oneway calls to frozen process.
12-10 10:04:55.967   598   598 W IPCThreadState: Sending oneway calls to frozen process.
12-10 10:04:56.441   480   480 E adbd    : failed to connect to socket 'tcp:51112': Connection refused
12-10 10:04:56.749   598   637 W IPCThreadState: Sending oneway calls to frozen process.
12-10 10:04:56.809   598  4017 W BestClock: java.time.DateTimeException: Missing network time fix
12-10 10:04:56.811   598  4017 W BestClock: java.time.DateTimeException: Missing network time fix
12-10 10:04:56.814   598  4017 W BestClock: java.time.DateTimeException: Missing network time fix
12-10 10:04:57.820   598  4017 W BestClock: java.time.DateTimeException: Missing network time fix
12-10 10:04:57.821   598  4017 W BestClock: java.time.DateTimeException: Missing network time fix
12-10 10:04:57.824   598  4017 W BestClock: java.time.DateTimeException: Missing network time fix
12-10 10:04:58.174 11547 11547 E m.zhihu.android: No package ID ff found for resource ID 0xffffffff.
12-10 10:04:58.194   598   621 W AS.PlaybackActivityMon: No piid assigned for invalid/internal port id 16
12-10 10:04:58.203 11547 11547 I tgfx    : PAGFile.LoadFromAssets() start: pull_refresh_loading.pag
12-10 10:04:58.230 11547 11547 I tgfx    : PAGFile.LoadFromAssets() start: pull_refresh_loading.pag
12-10 10:04:58.272 11547 11852 W System.err: java.lang.IllegalArgumentException: sITTNetDepend is null
12-10 10:04:58.273 11547 11852 W System.err: 	at com.bytedance.ttnet.TTNetInit.getTTNetDepend(Unknown Source:10)
12-10 10:04:58.273 11547 11852 W System.err: 	at com.bytedance.ttnet.TTNetInit.getEffectiveConnectionType(Unknown Source:0)
12-10 10:04:58.273 11547 11852 W System.err: 	at com.g.a.e.a(FrescoTraceListener.java:538)
12-10 10:04:58.273 11547 11852 W System.err: 	at com.g.a.e.a(FrescoTraceListener.java:57)
12-10 10:04:58.273 11547 11852 W System.err: 	at com.g.a.e$4.run(FrescoTraceListener.java:493)
12-10 10:04:58.273 11547 11852 W System.err: 	at java.util.concurrent.Executors$RunnableAdapter.call(Executors.java:487)
12-10 10:04:58.273 11547 11852 W System.err: 	at java.util.concurrent.FutureTask.run(FutureTask.java:264)
12-10 10:04:58.273 11547 11852 W System.err: 	at java.util.concurrent.ThreadPoolExecutor.runWorker(ThreadPoolExecutor.java:1145)
12-10 10:04:58.273 11547 11852 W System.err: 	at java.util.concurrent.ThreadPoolExecutor$Worker.run(ThreadPoolExecutor.java:644)
12-10 10:04:58.273 11547 11852 W System.err: 	at java.lang.Thread.run(Thread.java:1012)
12-10 10:04:58.273 11547 11852 W System.err: 	at com.zhihu.android.af.a.d.run(RulerThread.java:101)
12-10 10:04:58.723 11547 11555 I m.zhihu.android: Background concurrent mark compact GC freed 23MB AllocSpace bytes, 101(3044KB) LOS objects, 36% free, 41MB/65MB, paused 2.825ms,8.806ms total 226.733ms
12-10 10:04:58.828   598  1756 W BestClock: java.time.DateTimeException: Missing network time fix
12-10 10:04:58.830   598  1756 W BestClock: java.time.DateTimeException: Missing network time fix
12-10 10:04:58.842   598  1756 W BestClock: java.time.DateTimeException: Missing network time fix
12-10 10:04:59.283 13283 13283 W BpBinder: Linking to death on android.gui.ISurfaceComposer but there are no threads (yet?) listening to incoming transactions. See ProcessState::startThreadPool and ProcessState::setThreadPoolMaxThreadCount. Generally you should setup the binder threadpool before other initialization steps.
12-10 10:04:59.283 13283 13283 W ProcessState: Extra binder thread started, but 0 threads requested. Do not use *startThreadPool when zero threads are requested.
12-10 10:04:59.315   184   184 I hwservicemanager: getTransport: Cannot find entry android.hardware.graphics.mapper@4.0::IMapper/default in either framework or device VINTF manifest.
12-10 10:04:59.316 13283 13285 I Gralloc4: mapper 4.x is not supported
12-10 10:04:59.375  1292  1525 W MediaProvider: isAppCloneUserPair for user 0: false
12-10 10:04:59.447 11547 11547 I Choreographer: Skipped 32 frames!  The application may be doing too much work on its main thread.
12-10 10:04:59.489 11547 11547 I System.out: The URL does not point to a .heif or .gif file
12-10 10:04:59.496 11547 11852 W System.err: java.lang.IllegalArgumentException: sITTNetDepend is null
12-10 10:04:59.497 11547 11547 I System.out: The URL does not point to a .heif or .gif file
12-10 10:04:59.498 11547 11852 W System.err: 	at com.bytedance.ttnet.TTNetInit.getTTNetDepend(Unknown Source:10)
12-10 10:04:59.498 11547 11852 W System.err: 	at com.bytedance.ttnet.TTNetInit.getEffectiveConnectionType(Unknown Source:0)
12-10 10:04:59.498 11547 11852 W System.err: 	at com.g.a.e.a(FrescoTraceListener.java:336)
12-10 10:04:59.498 11547 11852 W System.err: 	at com.g.a.e.a(FrescoTraceListener.java:57)
12-10 10:04:59.498 11547 11852 W System.err: 	at com.g.a.e$3.run(FrescoTraceListener.java:298)
12-10 10:04:59.498 11547 11852 W System.err: 	at java.util.concurrent.Executors$RunnableAdapter.call(Executors.java:487)
12-10 10:04:59.498 11547 11852 W System.err: 	at java.util.concurrent.FutureTask.run(FutureTask.java:264)
12-10 10:04:59.498 11547 11852 W System.err: 	at java.util.concurrent.ThreadPoolExecutor.runWorker(ThreadPoolExecutor.java:1145)
12-10 10:04:59.498 11547 11852 W System.err: 	at java.util.concurrent.ThreadPoolExecutor$Worker.run(ThreadPoolExecutor.java:644)
12-10 10:04:59.498 11547 11852 W System.err: 	at java.lang.Thread.run(Thread.java:1012)
12-10 10:04:59.498 11547 11852 W System.err: 	at com.zhihu.android.af.a.d.run(RulerThread.java:101)
12-10 10:04:59.507 11547 11852 W System.err: java.lang.IllegalArgumentException: sITTNetDepend is null
12-10 10:04:59.507 11547 11852 W System.err: 	at com.bytedance.ttnet.TTNetInit.getTTNetDepend(Unknown Source:10)
12-10 10:04:59.508 11547 11852 W System.err: 	at com.bytedance.ttnet.TTNetInit.getEffectiveConnectionType(Unknown Source:0)
12-10 10:04:59.508 11547 11852 W System.err: 	at com.g.a.e.a(FrescoTraceListener.java:336)
12-10 10:04:59.509 11547 11852 W System.err: 	at com.g.a.e.a(FrescoTraceListener.java:57)
12-10 10:04:59.510 11547 11852 W System.err: 	at com.g.a.e$3.run(FrescoTraceListener.java:298)
12-10 10:04:59.510 11547 11852 W System.err: 	at java.util.concurrent.Executors$RunnableAdapter.call(Executors.java:487)
12-10 10:04:59.511 11547 11852 W System.err: 	at java.util.concurrent.FutureTask.run(FutureTask.java:264)
12-10 10:04:59.512 11547 11852 W System.err: 	at java.util.concurrent.ThreadPoolExecutor.runWorker(ThreadPoolExecutor.java:1145)
12-10 10:04:59.512 11547 11852 W System.err: 	at java.util.concurrent.ThreadPoolExecutor$Worker.run(ThreadPoolExecutor.java:644)
12-10 10:04:59.512 11547 11852 W System.err: 	at java.lang.Thread.run(Thread.java:1012)
12-10 10:04:59.513 11547 11852 W System.err: 	at com.zhihu.android.af.a.d.run(RulerThread.java:101)
12-10 10:04:59.695   598   621 I ActivityManager: Broadcasting: Intent { act=android.intent.action.MEDIA_SCANNER_SCAN_FILE dat=file:///... flg=0x400000 }
12-10 10:04:59.701 11547 11555 I m.zhihu.android: Background concurrent mark compact GC freed 15MB AllocSpace bytes, 101(12MB) LOS objects, 36% free, 42MB/66MB, paused 4.676ms,6.712ms total 367.050ms
12-10 10:04:59.704   598   621 I ActivityManager: Enqueued broadcast Intent { act=android.intent.action.MEDIA_SCANNER_SCAN_FILE dat=file:///... flg=0x400000 }: 0
12-10 10:04:59.709   598  1756 W JobInfo : Job 'com.google.android.providers.media.module/com.android.providers.media.MediaService#-300' has a deadline with no functional constraints. The deadline won't improve job execution latency. Consider removing the deadline.
12-10 10:04:59.726   598   626 I ActivityManager: Broadcast completed: result=0
12-10 10:04:59.731  1292  1686 I MediaProvider: Begin Intent { act=android.intent.action.MEDIA_SCANNER_SCAN_FILE dat=file:///... flg=0x1400010 cmp=com.google.android.providers.media.module/com.android.providers.media.MediaService }
12-10 10:04:59.750  1292  1686 I MediaProvider: End Intent { act=android.intent.action.MEDIA_SCANNER_SCAN_FILE dat=file:///... flg=0x1400010 cmp=com.google.android.providers.media.module/com.android.providers.media.MediaService }
12-10 10:04:59.796 11547 11547 I System.out: The URL does not point to a .heif or .gif file
12-10 10:04:59.802 11547 11547 I System.out: The URL does not point to a .heif or .gif file
12-10 10:04:59.810 11547 11547 I System.out: The URL does not point to a .heif or .gif file
12-10 10:04:59.816 11547 11852 W System.err: java.lang.IllegalArgumentException: sITTNetDepend is null
12-10 10:04:59.816 11547 11852 W System.err: 	at com.bytedance.ttnet.TTNetInit.getTTNetDepend(Unknown Source:10)
12-10 10:04:59.816 11547 11852 W System.err: 	at com.bytedance.ttnet.TTNetInit.getEffectiveConnectionType(Unknown Source:0)
12-10 10:04:59.816 11547 11852 W System.err: 	at com.g.a.e.a(FrescoTraceListener.java:336)
12-10 10:04:59.816 11547 11852 W System.err: 	at com.g.a.e.a(FrescoTraceListener.java:57)
12-10 10:04:59.816 11547 11852 W System.err: 	at com.g.a.e$3.run(FrescoTraceListener.java:298)
12-10 10:04:59.816 11547 11852 W System.err: 	at java.util.concurrent.Executors$RunnableAdapter.call(Executors.java:487)
12-10 10:04:59.817 11547 11852 W System.err: 	at java.util.concurrent.FutureTask.run(FutureTask.java:264)
12-10 10:04:59.817 11547 11852 W System.err: 	at java.util.concurrent.ThreadPoolExecutor.runWorker(ThreadPoolExecutor.java:1145)
12-10 10:04:59.817 11547 11852 W System.err: 	at java.util.concurrent.ThreadPoolExecutor$Worker.run(ThreadPoolExecutor.java:644)
12-10 10:04:59.817 11547 11852 W System.err: 	at java.lang.Thread.run(Thread.java:1012)
12-10 10:04:59.817 11547 11852 W System.err: 	at com.zhihu.android.af.a.d.run(RulerThread.java:101)
12-10 10:04:59.817 11547 11547 I System.out: The URL does not point to a .heif or .gif file
12-10 10:04:59.824 11547 11547 I System.out: The URL does not point to a .heif or .gif file
12-10 10:04:59.834 11547 11547 I System.out: The URL does not point to a .heif or .gif file
12-10 10:04:59.840 11547 11852 W System.err: java.lang.IllegalArgumentException: sITTNetDepend is null
12-10 10:04:59.842 11547 11852 W System.err: 	at com.bytedance.ttnet.TTNetInit.getTTNetDepend(Unknown Source:10)
12-10 10:04:59.850 11547 11852 W System.err: 	at com.bytedance.ttnet.TTNetInit.getEffectiveConnectionType(Unknown Source:0)
12-10 10:04:59.851   598  1756 W BestClock: java.time.DateTimeException: Missing network time fix
12-10 10:04:59.852 11547 11852 W System.err: 	at com.g.a.e.a(FrescoTraceListener.java:336)
12-10 10:04:59.853   598  1756 W BestClock: java.time.DateTimeException: Missing network time fix
12-10 10:04:59.854 11547 11852 W System.err: 	at com.g.a.e.a(FrescoTraceListener.java:57)
12-10 10:04:59.854 11547 11852 W System.err: 	at com.g.a.e$3.run(FrescoTraceListener.java:298)
12-10 10:04:59.854 11547 11852 W System.err: 	at java.util.concurrent.Executors$RunnableAdapter.call(Executors.java:487)
12-10 10:04:59.854 11547 11852 W System.err: 	at java.util.concurrent.FutureTask.run(FutureTask.java:264)
12-10 10:04:59.854 11547 11852 W System.err: 	at java.util.concurrent.ThreadPoolExecutor.runWorker(ThreadPoolExecutor.java:1145)
12-10 10:04:59.854 11547 11852 W System.err: 	at java.util.concurrent.ThreadPoolExecutor$Worker.run(ThreadPoolExecutor.java:644)
12-10 10:04:59.855 11547 11852 W System.err: 	at java.lang.Thread.run(Thread.java:1012)
12-10 10:04:59.855 11547 11852 W System.err: 	at com.zhihu.android.af.a.d.run(RulerThread.java:101)
12-10 10:04:59.856 11547 11547 I System.out: The URL does not point to a .heif or .gif file
12-10 10:04:59.870   598  4019 W BestClock: java.time.DateTimeException: Missing network time fix
12-10 10:04:59.882 11547 11852 W System.err: java.lang.IllegalArgumentException: sITTNetDepend is null
12-10 10:04:59.883 11547 11852 W System.err: 	at com.bytedance.ttnet.TTNetInit.getTTNetDepend(Unknown Source:10)
12-10 10:04:59.883 11547 11852 W System.err: 	at com.bytedance.ttnet.TTNetInit.getEffectiveConnectionType(Unknown Source:0)
12-10 10:04:59.883 11547 11852 W System.err: 	at com.g.a.e.a(FrescoTraceListener.java:336)
12-10 10:04:59.883 11547 11852 W System.err: 	at com.g.a.e.a(FrescoTraceListener.java:57)
12-10 10:04:59.883 11547 11852 W System.err: 	at com.g.a.e$3.run(FrescoTraceListener.java:298)
12-10 10:04:59.883 11547 11852 W System.err: 	at java.util.concurrent.Executors$RunnableAdapter.call(Executors.java:487)
12-10 10:04:59.883 11547 11852 W System.err: 	at java.util.concurrent.FutureTask.run(FutureTask.java:264)
12-10 10:04:59.883 11547 11852 W System.err: 	at java.util.concurrent.ThreadPoolExecutor.runWorker(ThreadPoolExecutor.java:1145)
12-10 10:04:59.883 11547 11852 W System.err: 	at java.util.concurrent.ThreadPoolExecutor$Worker.run(ThreadPoolExecutor.java:644)
12-10 10:04:59.883 11547 11852 W System.err: 	at java.lang.Thread.run(Thread.java:1012)
12-10 10:04:59.883 11547 11852 W System.err: 	at com.zhihu.android.af.a.d.run(RulerThread.java:101)
12-10 10:04:59.970   598   637 W IPCThreadState: Sending oneway calls to frozen process.
12-10 10:04:59.998 11547 11942 I ttheif_dec: heif_info : data_size:3481 is_grid:0 has_clap:0 is_seqence;0 cols:0 rows:0 width:426 height:426 angle:0.
12-10 10:05:00.026 11547 11936 I ttheif_dec: heif_info : data_size:719 is_grid:0 has_clap:0 is_seqence;0 cols:0 rows:0 width:72 height:72 angle:0.
12-10 10:05:00.030   968   985 I m.android.phone: Background concurrent mark compact GC freed 3573KB AllocSpace bytes, 0(0B) LOS objects, 49% free, 3551KB/7103KB, paused 3.350ms,2.698ms total 192.011ms
12-10 10:05:00.045 11547 11939 I ttheif_dec: heif_info : data_size:8762 is_grid:0 has_clap:0 is_seqence;0 cols:0 rows:0 width:720 height:720 angle:0.
12-10 10:05:00.064 11547 11852 W System.err: java.lang.IllegalArgumentException: sITTNetDepend is null
12-10 10:05:00.064 11547 11852 W System.err: 	at com.bytedance.ttnet.TTNetInit.getTTNetDepend(Unknown Source:10)
12-10 10:05:00.064 11547 11852 W System.err: 	at com.bytedance.ttnet.TTNetInit.getEffectiveConnectionType(Unknown Source:0)
12-10 10:05:00.064 11547 11852 W System.err: 	at com.g.a.e.a(FrescoTraceListener.java:336)
12-10 10:05:00.068 11547 11852 W System.err: 	at com.g.a.e.a(FrescoTraceListener.java:57)
12-10 10:05:00.068 11547 11852 W System.err: 	at com.g.a.e$3.run(FrescoTraceListener.java:298)
12-10 10:05:00.068 11547 11852 W System.err: 	at java.util.concurrent.Executors$RunnableAdapter.call(Executors.java:487)
12-10 10:05:00.068 11547 11852 W System.err: 	at java.util.concurrent.FutureTask.run(FutureTask.java:264)
12-10 10:05:00.068 11547 11852 W System.err: 	at java.util.concurrent.ThreadPoolExecutor.runWorker(ThreadPoolExecutor.java:1145)
12-10 10:05:00.068 11547 11852 W System.err: 	at java.util.concurrent.ThreadPoolExecutor$Worker.run(ThreadPoolExecutor.java:644)
12-10 10:05:00.068 11547 11852 W System.err: 	at java.lang.Thread.run(Thread.java:1012)
12-10 10:05:00.068 11547 11852 W System.err: 	at com.zhihu.android.af.a.d.run(RulerThread.java:101)
12-10 10:05:00.086  1310  1427 I AiAiEcho: Predicting[0]:  [CONTEXT sampling_count=5 ]
12-10 10:05:00.102  1310  1427 I AiAiEcho: EchoTargets: 
12-10 10:05:00.102  1310  1427 I AiAiEcho: Filtered by AiAi flag check: 
12-10 10:05:00.102  1310  1427 I AiAiEcho: [CONTEXT ratelimit_period="10 SECONDS" ]
12-10 10:05:00.109 11547 11852 W System.err: java.lang.IllegalArgumentException: sITTNetDepend is null
12-10 10:05:00.109 11547 11852 W System.err: 	at com.bytedance.ttnet.TTNetInit.getTTNetDepend(Unknown Source:10)
12-10 10:05:00.109 11547 11852 W System.err: 	at com.bytedance.ttnet.TTNetInit.getEffectiveConnectionType(Unknown Source:0)
12-10 10:05:00.109 11547 11852 W System.err: 	at com.g.a.e.a(FrescoTraceListener.java:336)
12-10 10:05:00.109  1292  2080 W MediaProvider: Ignoring param:deletedata post U for external apps
12-10 10:05:00.109 11547 11852 W System.err: 	at com.g.a.e.a(FrescoTraceListener.java:57)
12-10 10:05:00.109 11547 11852 W System.err: 	at com.g.a.e$3.run(FrescoTraceListener.java:298)
12-10 10:05:00.109 11547 11852 W System.err: 	at java.util.concurrent.Executors$RunnableAdapter.call(Executors.java:487)
12-10 10:05:00.109 11547 11852 W System.err: 	at java.util.concurrent.FutureTask.run(FutureTask.java:264)
12-10 10:05:00.109 11547 11852 W System.err: 	at java.util.concurrent.ThreadPoolExecutor.runWorker(ThreadPoolExecutor.java:1145)
12-10 10:05:00.109 11547 11852 W System.err: 	at java.util.concurrent.ThreadPoolExecutor$Worker.run(ThreadPoolExecutor.java:644)
12-10 10:05:00.109 11547 11852 W System.err: 	at java.lang.Thread.run(Thread.java:1012)
12-10 10:05:00.109 11547 11852 W System.err: 	at com.zhihu.android.af.a.d.run(RulerThread.java:101)
12-10 10:05:00.111 11547 11852 E m.zhihu.android: No package ID ff found for resource ID 0xffffffff.
12-10 10:05:00.122  1310  1427 I AiAiEcho: Ranked targets strategy: SORT, count: 0, ranking metadata:  [CONTEXT ratelimit_period="10 SECONDS" ]
12-10 10:05:00.127  1292  2080 I MediaProvider: Deleted 0 1 0 0 0 0 0 items on external_primary due to com.android.shell
12-10 10:05:00.162 11547 11852 W System.err: java.lang.IllegalArgumentException: sITTNetDepend is null
12-10 10:05:00.163 11547 11852 W System.err: 	at com.bytedance.ttnet.TTNetInit.getTTNetDepend(Unknown Source:10)
12-10 10:05:00.163 11547 11852 W System.err: 	at com.bytedance.ttnet.TTNetInit.getEffectiveConnectionType(Unknown Source:0)
12-10 10:05:00.163 11547 11852 W System.err: 	at com.g.a.e.a(FrescoTraceListener.java:336)
12-10 10:05:00.163 11547 11852 W System.err: 	at com.g.a.e.a(FrescoTraceListener.java:57)
12-10 10:05:00.164 11547 11852 W System.err: 	at com.g.a.e$3.run(FrescoTraceListener.java:298)
12-10 10:05:00.164 11547 11852 W System.err: 	at java.util.concurrent.Executors$RunnableAdapter.call(Executors.java:487)
12-10 10:05:00.164 11547 11852 W System.err: 	at java.util.concurrent.FutureTask.run(FutureTask.java:264)
12-10 10:05:00.165 11547 11852 W System.err: 	at java.util.concurrent.ThreadPoolExecutor.runWorker(ThreadPoolExecutor.java:1145)
12-10 10:05:00.166 11547 11852 W System.err: 	at java.util.concurrent.ThreadPoolExecutor$Worker.run(ThreadPoolExecutor.java:644)
12-10 10:05:00.166 11547 11852 W System.err: 	at java.lang.Thread.run(Thread.java:1012)
12-10 10:05:00.166 11547 11852 W System.err: 	at com.zhihu.android.af.a.d.run(RulerThread.java:101)
12-10 10:05:00.170 11547 11554 I m.zhihu.android: Compiler allocated 4201KB to compile com.kwai.video.player.mid.manifest.v2.Representation com.kwai.video.player.mid.manifest.v2.KwaiManifestTypeAdapter.readRepresentation(com.google.gson.stream.JsonReader)
12-10 10:05:00.175 11547 11852 E m.zhihu.android: No package ID ff found for resource ID 0xffffffff.
12-10 10:05:00.177  1310  1427 I AiAiEcho: #remoteViewsTwiddler: feature disabled.
12-10 10:05:00.178  1310  1427 I AiAiEcho: Predicting[0]:  [CONTEXT sampling_count=5 ]
12-10 10:05:00.178  1310  1427 I AiAiEcho: EchoTargets: 
12-10 10:05:00.178  1310  1427 I AiAiEcho: Filtered by AiAi flag check: 
12-10 10:05:00.178  1310  1427 I AiAiEcho: [CONTEXT ratelimit_period="10 SECONDS" ]
12-10 10:05:00.179  1310  1427 I AiAiEcho: Ranked targets strategy: SORT, count: 0, ranking metadata:  [CONTEXT ratelimit_period="10 SECONDS" ]
12-10 10:05:00.179  1310  1427 I AiAiEcho: #remoteViewsTwiddler: feature disabled.
12-10 10:05:00.210  1310  1427 I AiAiEcho: #postPredictionTargets: Sending updates to UISurface lockscreen with targets# 0 (types=[])
12-10 10:05:00.211  1310  1427 I AiAiEcho: #postPredictionTargets: Sending updates to UISurface home with targets# 0 (types=[])
12-10 10:05:00.234  1116  1116 I SsBaseTemplateCard: Secondary card pane is null
12-10 10:05:00.241   834   834 W PageIndicator: Total number of pages invalid: 0. Assuming 1 page.
12-10 10:05:00.412 11547 11937 I ttheif_dec: heif_info : data_size:6155 is_grid:0 has_clap:0 is_seqence;0 cols:0 rows:0 width:720 height:720 angle:0.
12-10 10:05:00.482 11547 11852 W System.err: java.lang.IllegalArgumentException: sITTNetDepend is null
12-10 10:05:00.482 11547 11852 W System.err: 	at com.bytedance.ttnet.TTNetInit.getTTNetDepend(Unknown Source:10)
12-10 10:05:00.482 11547 11852 W System.err: 	at com.bytedance.ttnet.TTNetInit.getEffectiveConnectionType(Unknown Source:0)
12-10 10:05:00.482 11547 11852 W System.err: 	at com.g.a.e.a(FrescoTraceListener.java:336)
12-10 10:05:00.482 11547 11852 W System.err: 	at com.g.a.e.a(FrescoTraceListener.java:57)
12-10 10:05:00.482 11547 11852 W System.err: 	at com.g.a.e$3.run(FrescoTraceListener.java:298)
12-10 10:05:00.482 11547 11852 W System.err: 	at java.util.concurrent.Executors$RunnableAdapter.call(Executors.java:487)
12-10 10:05:00.483 11547 11852 W System.err: 	at java.util.concurrent.FutureTask.run(FutureTask.java:264)
12-10 10:05:00.483 11547 11852 W System.err: 	at java.util.concurrent.ThreadPoolExecutor.runWorker(ThreadPoolExecutor.java:1145)
12-10 10:05:00.483 11547 11852 W System.err: 	at java.util.concurrent.ThreadPoolExecutor$Worker.run(ThreadPoolExecutor.java:644)
12-10 10:05:00.483 11547 11852 W System.err: 	at java.lang.Thread.run(Thread.java:1012)
12-10 10:05:00.484 11547 11852 W System.err: 	at com.zhihu.android.af.a.d.run(RulerThread.java:101)
12-10 10:05:00.489 11547 11852 E m.zhihu.android: No package ID ff found for resource ID 0xffffffff.
12-10 10:05:00.506   480   480 E adbd    : failed to connect to socket 'tcp:51112': Connection refused
12-10 10:05:00.775 11547 11555 I m.zhihu.android: Background concurrent mark compact GC freed 12MB AllocSpace bytes, 35(7156KB) LOS objects, 32% free, 49MB/73MB, paused 4.926ms,9.681ms total 265.318ms
12-10 10:05:00.879   598  1035 W BestClock: java.time.DateTimeException: Missing network time fix
12-10 10:05:00.880   598  1035 W BestClock: java.time.DateTimeException: Missing network time fix
12-10 10:05:00.884   598  1035 W BestClock: java.time.DateTimeException: Missing network time fix
12-10 10:05:00.922 11547 11547 I Choreographer: Skipped 63 frames!  The application may be doing too much work on its main thread.
12-10 10:05:00.962 11547 12041 I HWUI    : Davey! duration=1078ms; Flags=0, FrameTimelineVsyncId=126317, IntendedVsync=2134107057398, Vsync=2135157057356, InputEventId=0, HandleInputStart=2135162419600, AnimationStart=2135162564100, PerformTraversalsStart=2135164620000, DrawStart=2135171002200, FrameDeadline=2134240390726, FrameInterval=2135161589700, FrameStartTime=16666666, SyncQueued=2135172539600, SyncStart=2135174421100, IssueDrawCommandsStart=2135175905900, SwapBuffers=2135181703700, FrameCompleted=2135187076500, DequeueBufferDuration=127700, QueueBufferDuration=2121600, GpuCompleted=2135184754200, SwapBuffersCompleted=2135187076500, DisplayPresentTime=0, CommandSubmissionCompleted=2135181703700, 
12-10 10:05:00.967   598  1035 W ActivityManager: pid 598 system sent binder code 1 with flags 1 to frozen apps and got error -32
12-10 10:05:00.968   598  1035 W EnhancedConfirmationService: The packageName should not be null.
12-10 10:05:00.977   598  1035 W MagnificationConnectionManager: requestConnection duplicated request: connect=false, mConnectionState=DISCONNECTED
12-10 10:05:00.979   598  1035 W MagnificationConnectionManager: requestConnection duplicated request: connect=false, mConnectionState=DISCONNECTED
12-10 10:05:00.980   598  4019 W MagnificationConnectionManager: requestConnection duplicated request: connect=false, mConnectionState=DISCONNECTED
12-10 10:05:00.987   598   598 W IPCThreadState: Sending oneway calls to frozen process.
12-10 10:05:00.987   598   598 W IPCThreadState: Sending oneway calls to frozen process.
12-10 10:05:00.987   598   598 W IPCThreadState: Sending oneway calls to frozen process.
12-10 10:05:00.987   598   598 W IPCThreadState: Sending oneway calls to frozen process.
12-10 10:05:00.992   598   598 W IPCThreadState: Sending oneway calls to frozen process.
12-10 10:05:00.992   598   598 W IPCThreadState: Sending oneway calls to frozen process.
12-10 10:05:00.993   598   598 W IPCThreadState: Sending oneway calls to frozen process.
12-10 10:05:00.994   598   598 W IPCThreadState: Sending oneway calls to frozen process.
12-10 10:05:00.994   598   598 W IPCThreadState: Sending oneway calls to frozen process.
12-10 10:05:00.995   598   598 W IPCThreadState: Sending oneway calls to frozen process.
12-10 10:05:00.995   598   598 W IPCThreadState: Sending oneway calls to frozen process.
12-10 10:05:00.998   598   598 W IPCThreadState: Sending oneway calls to frozen process.
12-10 10:05:00.999   598   598 W IPCThreadState: Sending oneway calls to frozen process.
12-10 10:05:00.999   598   598 W IPCThreadState: Sending oneway calls to frozen process.
12-10 10:05:01.001 11547 11547 W System.err: java.lang.NullPointerException: Attempt to invoke virtual method 'char java.lang.String.charAt(int)' on a null object reference
12-10 10:05:01.002   598   598 W IPCThreadState: Sending oneway calls to frozen process.
12-10 10:05:01.002   598   598 W IPCThreadState: Sending oneway calls to frozen process.
12-10 10:05:01.003   598   598 W IPCThreadState: Sending oneway calls to frozen process.
12-10 10:05:01.003   598   598 W IPCThreadState: Sending oneway calls to frozen process.
12-10 10:05:01.004   598   598 W IPCThreadState: Sending oneway calls to frozen process.
12-10 10:05:01.004   598   598 W IPCThreadState: Sending oneway calls to frozen process.
12-10 10:05:01.004   598   598 W IPCThreadState: Sending oneway calls to frozen process.
12-10 10:05:01.006   598   598 W IPCThreadState: Sending oneway calls to frozen process.
12-10 10:05:01.008   598   598 W IPCThreadState: Sending oneway calls to frozen process.
12-10 10:05:01.009   598   598 W IPCThreadState: Sending oneway calls to frozen process.
12-10 10:05:01.009   598   598 W IPCThreadState: Sending oneway calls to frozen process.
12-10 10:05:01.012   598   598 W IPCThreadState: Sending oneway calls to frozen process.
12-10 10:05:01.012   598   598 W IPCThreadState: Sending oneway calls to frozen process.
12-10 10:05:01.012   598   598 W IPCThreadState: Sending oneway calls to frozen process.
12-10 10:05:01.017   598   598 W MagnificationConnectionManager: requestConnection duplicated request: connect=false, mConnectionState=DISCONNECTED
12-10 10:05:01.018   598   598 W IPCThreadState: Sending oneway calls to frozen process.
12-10 10:05:01.020   598   598 W IPCThreadState: Sending oneway calls to frozen process.
12-10 10:05:01.022   598   598 W IPCThreadState: Sending oneway calls to frozen process.
12-10 10:05:01.023   598   598 W IPCThreadState: Sending oneway calls to frozen process.
12-10 10:05:01.025 11547 11547 W System.err: 	at android.graphics.Color.parseColor(Color.java:1386)
12-10 10:05:01.025 11547 11547 W System.err: 	at com.zhihu.android.plugin.basic.d$a.e(TBaseViewAttrApply.kt:156)
12-10 10:05:01.025 11547 11547 W System.err: 	at com.zhihu.android.plugin.basic.k$a.e(Unknown Source:37)
12-10 10:05:01.025 11547 11547 W System.err: 	at com.zhihu.android.plugin.basic.c.e(TAttrApplyHelper.kt:3)
12-10 10:05:01.025 11547 11547 W System.err: 	at com.zhihu.android.plugin.basic.d$a.a(TBaseViewAttrApply.kt:22)
12-10 10:05:01.025 11547 11547 W System.err: 	at com.zhihu.android.plugin.basic.k$a.a(Unknown Source:37)
12-10 10:05:01.025 11547 11547 W System.err: 	at com.zhihu.android.plugin.basic.c.a(TAttrApplyHelper.kt:3)
12-10 10:05:01.026 11547 11547 W System.err: 	at com.zhihu.android.plugin.basic.k$a.a(TTextViewAttrApply.kt:19)
12-10 10:05:01.026 11547 11547 W System.err: 	at com.zhihu.android.plugin.basic.c.a(TAttrApplyHelper.kt:3)
12-10 10:05:01.026 11547 11547 W System.err: 	at com.zhihu.android.plugin.basic.m.a.onBindData(TCoverDurationTextPlugin.kt:54)
12-10 10:05:01.026 11547 11547 W System.err: 	at com.zhihu.android.api.interfaces.tornado.u.updateData(TUIPlugin.kt:78)
12-10 10:05:01.026 11547 11547 W System.err: 	at com.zhihu.android.tornado.h.c.a(PluginHandler.kt:145)
12-10 10:05:01.026 11547 11547 W System.err: 	at com.zhihu.android.tornado.h.b.a(LayoutHandler.kt:602)
12-10 10:05:01.026 11547 11547 W System.err: 	at com.zhihu.android.tornado.h.b.a(LayoutHandler.kt:30)
12-10 10:05:01.026 11547 11547 W System.err: 	at com.zhihu.android.tornado.h.b$n.a(LayoutHandler.kt:576)
12-10 10:05:01.026 11547 11547 W System.err: 	at com.zhihu.android.tornado.h.b$n.invoke(LayoutHandler.kt:575)
12-10 10:05:01.026 11547 11547 W System.err: 	at com.zhihu.android.tornado.h.b$j.a(LayoutHandler.kt:446)
12-10 10:05:01.026 11547 11547 W System.err: 	at com.zhihu.android.tornado.h.b$j.invoke(LayoutHandler.kt:442)
12-10 10:05:01.026 11547 11547 W System.err: 	at com.zhihu.android.tornado.h.b.b(LayoutHandler.kt:442)
12-10 10:05:01.026 11547 11547 W System.err: 	at com.zhihu.android.tornado.h.b.lambda$doOoIUvhGhPMZ_1J_GhFA4aXvfc(Unknown Source:0)
12-10 10:05:01.027 11547 11547 W System.err: 	at com.zhihu.android.tornado.h.-$$Lambda$b$doOoIUvhGhPMZ_1J_GhFA4aXvfc.accept(Unknown Source:2)
12-10 10:05:01.027 11547 11547 W System.err: 	at io.reactivex.internal.observers.LambdaObserver.onNext(LambdaObserver.java:63)
12-10 10:05:01.027 11547 11547 W System.err: 	at io.reactivex.internal.operators.observable.ObservableObserveOn$ObserveOnObserver.drainNormal(ObservableObserveOn.java:201)
12-10 10:05:01.026   598   598 W IPCThreadState: Sending oneway calls to frozen process.
12-10 10:05:01.027 11547 11547 W System.err: 	at io.reactivex.internal.operators.observable.ObservableObserveOn$ObserveOnObserver.run(ObservableObserveOn.java:255)
12-10 10:05:01.027 11547 11547 W System.err: 	at io.reactivex.android.schedulers.HandlerScheduler$ScheduledRunnable.run(HandlerScheduler.java:119)
12-10 10:05:01.027 11547 11547 W System.err: 	at android.os.Handler.handleCallback(Handler.java:959)
12-10 10:05:01.027 11547 11547 W System.err: 	at android.os.Handler.dispatchMessage(Handler.java:100)
12-10 10:05:01.027 11547 11547 W System.err: 	at android.os.Looper.loopOnce(Looper.java:232)
12-10 10:05:01.027 11547 11547 W System.err: 	at android.os.Looper.loop(Looper.java:317)
12-10 10:05:01.027 11547 11547 W System.err: 	at android.app.ActivityThread.main(ActivityThread.java:8705)
12-10 10:05:01.027 11547 11547 W System.err: 	at java.lang.reflect.Method.invoke(Native Method)
12-10 10:05:01.027 11547 11547 W System.err: 	at com.android.internal.os.RuntimeInit$MethodAndArgsCaller.run(RuntimeInit.java:580)
12-10 10:05:01.027 11547 11547 W System.err: 	at com.android.internal.os.ZygoteInit.main(ZygoteInit.java:886)
12-10 10:05:01.028   598   598 W IPCThreadState: Sending oneway calls to frozen process.
12-10 10:05:01.028   598   598 W IPCThreadState: Sending oneway calls to frozen process.
12-10 10:05:01.031   598   598 W IPCThreadState: Sending oneway calls to frozen process.
12-10 10:05:01.034   598   598 W IPCThreadState: Sending oneway calls to frozen process.
12-10 10:05:01.035   598   598 W IPCThreadState: Sending oneway calls to frozen process.
12-10 10:05:01.036 11547 11547 W System.err: java.lang.NullPointerException: Attempt to invoke virtual method 'char java.lang.String.charAt(int)' on a null object reference
12-10 10:05:01.036 11547 11547 W System.err: 	at android.graphics.Color.parseColor(Color.java:1386)
12-10 10:05:01.037 11547 11547 W System.err: 	at com.zhihu.android.plugin.basic.d$a.e(TBaseViewAttrApply.kt:156)
12-10 10:05:01.037 11547 11547 W System.err: 	at com.zhihu.android.plugin.basic.k$a.e(Unknown Source:37)
12-10 10:05:01.037 11547 11547 W System.err: 	at com.zhihu.android.plugin.basic.c.e(TAttrApplyHelper.kt:3)
12-10 10:05:01.037 11547 11547 W System.err: 	at com.zhihu.android.plugin.basic.d$a.a(TBaseViewAttrApply.kt:22)
12-10 10:05:01.037 11547 11547 W System.err: 	at com.zhihu.android.plugin.basic.k$a.a(Unknown Source:37)
12-10 10:05:01.037 11547 11547 W System.err: 	at com.zhihu.android.plugin.basic.c.a(TAttrApplyHelper.kt:3)
12-10 10:05:01.037 11547 11547 W System.err: 	at com.zhihu.android.plugin.basic.k$a.a(TTextViewAttrApply.kt:19)
12-10 10:05:01.037 11547 11547 W System.err: 	at com.zhihu.android.plugin.basic.c.a(TAttrApplyHelper.kt:3)
12-10 10:05:01.037 11547 11547 W System.err: 	at com.zhihu.android.plugin.basic.m.h.onBindData(TTextPlugin.kt:41)
12-10 10:05:01.037 11547 11547 W System.err: 	at com.zhihu.android.plugin.basic.m.g.onBindData(TRemainingProgressPlugin.kt:70)
12-10 10:05:01.037 11547 11547 W System.err: 	at com.zhihu.android.api.interfaces.tornado.u.viewCreated(TUIPlugin.kt:39)
12-10 10:05:01.037 11547 11547 W System.err: 	at com.zhihu.android.tornado.h.c.a(PluginHandler.kt:196)
12-10 10:05:01.037 11547 11547 W System.err: 	at com.zhihu.android.tornado.h.b.a(LayoutHandler.kt:602)
12-10 10:05:01.038 11547 11547 W System.err: 	at com.zhihu.android.tornado.h.b.a(LayoutHandler.kt:30)
12-10 10:05:01.038 11547 11547 W System.err: 	at com.zhihu.android.tornado.h.b$n.a(LayoutHandler.kt:576)
12-10 10:05:01.038 11547 11547 W System.err: 	at com.zhihu.android.tornado.h.b$n.invoke(LayoutHandler.kt:575)
12-10 10:05:01.038 11547 11547 W System.err: 	at com.zhihu.android.tornado.h.b$j.a(LayoutHandler.kt:446)
12-10 10:05:01.038 11547 11547 W System.err: 	at com.zhihu.android.tornado.h.b$j.invoke(LayoutHandler.kt:442)
12-10 10:05:01.038 11547 11547 W System.err: 	at com.zhihu.android.tornado.h.b.b(LayoutHandler.kt:442)
12-10 10:05:01.038 11547 11547 W System.err: 	at com.zhihu.android.tornado.h.b.lambda$doOoIUvhGhPMZ_1J_GhFA4aXvfc(Unknown Source:0)
12-10 10:05:01.038 11547 11547 W System.err: 	at com.zhihu.android.tornado.h.-$$Lambda$b$doOoIUvhGhPMZ_1J_GhFA4aXvfc.accept(Unknown Source:2)
12-10 10:05:01.038 11547 11547 W System.err: 	at io.reactivex.internal.observers.LambdaObserver.onNext(LambdaObserver.java:63)
12-10 10:05:01.038 11547 11547 W System.err: 	at io.reactivex.internal.operators.observable.ObservableObserveOn$ObserveOnObserver.drainNormal(ObservableObserveOn.java:201)
12-10 10:05:01.038 11547 11547 W System.err: 	at io.reactivex.internal.operators.observable.ObservableObserveOn$ObserveOnObserver.run(ObservableObserveOn.java:255)
12-10 10:05:01.038 11547 11547 W System.err: 	at io.reactivex.android.schedulers.HandlerScheduler$ScheduledRunnable.run(HandlerScheduler.java:119)
12-10 10:05:01.038 11547 11547 W System.err: 	at android.os.Handler.handleCallback(Handler.java:959)
12-10 10:05:01.038 11547 11547 W System.err: 	at android.os.Handler.dispatchMessage(Handler.java:100)
12-10 10:05:01.038 11547 11547 W System.err: 	at android.os.Looper.loopOnce(Looper.java:232)
12-10 10:05:01.039 11547 11547 W System.err: 	at android.os.Looper.loop(Looper.java:317)
12-10 10:05:01.039 11547 11547 W System.err: 	at android.app.ActivityThread.main(ActivityThread.java:8705)
12-10 10:05:01.039 11547 11547 W System.err: 	at java.lang.reflect.Method.invoke(Native Method)
12-10 10:05:01.039 11547 11547 W System.err: 	at com.android.internal.os.RuntimeInit$MethodAndArgsCaller.run(RuntimeInit.java:580)
