12-10 10:04:30.412 10841 10849 I mit.droidbotapp: Background concurrent mark compact GC freed 1508KB AllocSpace bytes, 46(1176KB) LOS objects, 49% free, 2306KB/4612KB, paused 11.762ms,6.242ms total 81.543ms
12-10 10:04:30.415   598   714 I ImeTracker: com.zhihu.android:1f0893ea: onCancelled at PHASE_SERVER_SHOULD_HIDE
12-10 10:04:30.427   598   951 W UserManagerService: Requested status bar icon for non-badged user 0
12-10 10:04:30.430   598  4017 W UserManagerService: Requested status bar icon for non-badged user 0
12-10 10:04:30.445  1116  1122 I s.nexuslauncher: Background concurrent mark compact GC freed 5911KB AllocSpace bytes, 22(1400KB) LOS objects, 49% free, 7377KB/14MB, paused 3.340ms,7.874ms total 268.530ms
12-10 10:04:30.466  1116  1124 W s.nexuslauncher: ApkAssets: Deleting an ApkAssets object '<empty> and /system_ext/priv-app/SystemUIGoogle/SystemUIGoogle.apk' with 1 weak references
12-10 10:04:30.466  1116  1124 W s.nexuslauncher: ApkAssets: Deleting an ApkAssets object '/vendor/overlay/SystemUIGoogle__sdk_gphone64_x86_64__auto_generated_rro_vendor.apk' with 1 weak references
12-10 10:04:30.467  1116  1124 W s.nexuslauncher: ApkAssets: Deleting an ApkAssets object '/product/overlay/SystemUIGoogle__sdk_gphone64_x86_64__auto_generated_rro_product.apk' with 1 weak references
12-10 10:04:30.468  1116  1124 W s.nexuslauncher: ApkAssets: Deleting an ApkAssets object '<empty> and /product/app/GoogleContacts/GoogleContacts.apk' with 1 weak references
12-10 10:04:30.468  1116  1124 W s.nexuslauncher: ApkAssets: Deleting an ApkAssets object '<empty> and /data/app/~~Tcfj39lEKMuOIJ4zF1OzAA==/com.zhihu.android-flAvj3QaFTxsSnm7U41yyQ==/base.apk' with 1 weak references
12-10 10:04:30.483   598  1379 W BestClock: java.time.DateTimeException: Missing network time fix
12-10 10:04:30.484   598  1379 W BestClock: java.time.DateTimeException: Missing network time fix
12-10 10:04:30.489   598  1379 W BestClock: java.time.DateTimeException: Missing network time fix
12-10 10:04:31.065   598   639 I ActivityManager: Start proc 12774:com.zhihu.android:channel/u0a216 for service {com.zhihu.android/com.taobao.accs.ChannelService}
12-10 10:04:31.094 12774 12774 I android:channel: Using CollectorTypeCMC GC.
12-10 10:04:31.096 12774 12774 W android:channel: Unexpected CPU variant for x86: x86_64.
12-10 10:04:31.096 12774 12774 W android:channel: Known variants: atom, sandybridge, silvermont, goldmont, goldmont-plus, goldmont-without-sha-xsaves, tremont, kabylake, default
12-10 10:04:31.176 12774 12774 I berberis: Initialized Berberis (aarch64), version 0.2.3
12-10 10:04:31.356 12774 12774 E android:channel: Not starting debugger since process cannot load the jdwp agent.
12-10 10:04:31.387 11547 11852 W System.err: java.lang.IllegalArgumentException: sITTNetDepend is null
12-10 10:04:31.388 11547 11852 W System.err: 	at com.bytedance.ttnet.TTNetInit.getTTNetDepend(Unknown Source:10)
12-10 10:04:31.388 11547 11852 W System.err: 	at com.bytedance.ttnet.TTNetInit.getEffectiveConnectionType(Unknown Source:0)
12-10 10:04:31.388 11547 11852 W System.err: 	at com.g.a.e.a(FrescoTraceListener.java:336)
12-10 10:04:31.388 11547 11852 W System.err: 	at com.g.a.e.a(FrescoTraceListener.java:57)
12-10 10:04:31.389 11547 11852 W System.err: 	at com.g.a.e$3.run(FrescoTraceListener.java:298)
12-10 10:04:31.389 11547 11852 W System.err: 	at java.util.concurrent.Executors$RunnableAdapter.call(Executors.java:487)
12-10 10:04:31.390 11547 11852 W System.err: 	at java.util.concurrent.FutureTask.run(FutureTask.java:264)
12-10 10:04:31.390 11547 11852 W System.err: 	at java.util.concurrent.ThreadPoolExecutor.runWorker(ThreadPoolExecutor.java:1145)
12-10 10:04:31.390 11547 11852 W System.err: 	at java.util.concurrent.ThreadPoolExecutor$Worker.run(ThreadPoolExecutor.java:644)
12-10 10:04:31.390 11547 11852 W System.err: 	at java.lang.Thread.run(Thread.java:1012)
12-10 10:04:31.390 11547 11852 W System.err: 	at com.zhihu.android.af.a.d.run(RulerThread.java:101)
12-10 10:04:31.440   598   738 W BestClock: java.time.DateTimeException: Missing network time fix
12-10 10:04:31.452 11547 11852 W System.err: java.lang.IllegalArgumentException: sITTNetDepend is null
12-10 10:04:31.452 11547 11852 W System.err: 	at com.bytedance.ttnet.TTNetInit.getTTNetDepend(Unknown Source:10)
12-10 10:04:31.452 11547 11852 W System.err: 	at com.bytedance.ttnet.TTNetInit.getEffectiveConnectionType(Unknown Source:0)
12-10 10:04:31.452 11547 11852 W System.err: 	at com.g.a.e.a(FrescoTraceListener.java:336)
12-10 10:04:31.452 11547 11852 W System.err: 	at com.g.a.e.a(FrescoTraceListener.java:57)
12-10 10:04:31.452 11547 11852 W System.err: 	at com.g.a.e$3.run(FrescoTraceListener.java:298)
12-10 10:04:31.452 11547 11852 W System.err: 	at java.util.concurrent.Executors$RunnableAdapter.call(Executors.java:487)
12-10 10:04:31.452 11547 11852 W System.err: 	at java.util.concurrent.FutureTask.run(FutureTask.java:264)
12-10 10:04:31.452 11547 11852 W System.err: 	at java.util.concurrent.ThreadPoolExecutor.runWorker(ThreadPoolExecutor.java:1145)
12-10 10:04:31.452 11547 11852 W System.err: 	at java.util.concurrent.ThreadPoolExecutor$Worker.run(ThreadPoolExecutor.java:644)
12-10 10:04:31.452 11547 11852 W System.err: 	at java.lang.Thread.run(Thread.java:1012)
12-10 10:04:31.452 11547 11852 W System.err: 	at com.zhihu.android.af.a.d.run(RulerThread.java:101)
12-10 10:04:31.463 11547 11852 W System.err: java.lang.IllegalArgumentException: sITTNetDepend is null
12-10 10:04:31.463 11547 11852 W System.err: 	at com.bytedance.ttnet.TTNetInit.getTTNetDepend(Unknown Source:10)
12-10 10:04:31.463 11547 11852 W System.err: 	at com.bytedance.ttnet.TTNetInit.getEffectiveConnectionType(Unknown Source:0)
12-10 10:04:31.482 11547 11852 W System.err: 	at com.g.a.e.a(FrescoTraceListener.java:336)
12-10 10:04:31.482 11547 11852 W System.err: 	at com.g.a.e.a(FrescoTraceListener.java:57)
12-10 10:04:31.482 11547 11852 W System.err: 	at com.g.a.e$3.run(FrescoTraceListener.java:298)
12-10 10:04:31.482 11547 11852 W System.err: 	at java.util.concurrent.Executors$RunnableAdapter.call(Executors.java:487)
12-10 10:04:31.482 11547 11852 W System.err: 	at java.util.concurrent.FutureTask.run(FutureTask.java:264)
12-10 10:04:31.482 11547 11852 W System.err: 	at java.util.concurrent.ThreadPoolExecutor.runWorker(ThreadPoolExecutor.java:1145)
12-10 10:04:31.482 11547 11852 W System.err: 	at java.util.concurrent.ThreadPoolExecutor$Worker.run(ThreadPoolExecutor.java:644)
12-10 10:04:31.483 11547 11852 W System.err: 	at java.lang.Thread.run(Thread.java:1012)
12-10 10:04:31.483 11547 11852 W System.err: 	at com.zhihu.android.af.a.d.run(RulerThread.java:101)
12-10 10:04:31.506   598  4019 W BestClock: java.time.DateTimeException: Missing network time fix
12-10 10:04:31.510   598  4019 W BestClock: java.time.DateTimeException: Missing network time fix
12-10 10:04:31.529   598  4019 W BestClock: java.time.DateTimeException: Missing network time fix
12-10 10:04:31.535   598   738 W BestClock: java.time.DateTimeException: Missing network time fix
12-10 10:04:31.542 11547 11852 W System.err: java.lang.IllegalArgumentException: sITTNetDepend is null
12-10 10:04:31.542 11547 11852 W System.err: 	at com.bytedance.ttnet.TTNetInit.getTTNetDepend(Unknown Source:10)
12-10 10:04:31.542 11547 11852 W System.err: 	at com.bytedance.ttnet.TTNetInit.getEffectiveConnectionType(Unknown Source:0)
12-10 10:04:31.542 11547 11852 W System.err: 	at com.g.a.e.a(FrescoTraceListener.java:336)
12-10 10:04:31.542 11547 11852 W System.err: 	at com.g.a.e.a(FrescoTraceListener.java:57)
12-10 10:04:31.542 11547 11852 W System.err: 	at com.g.a.e$3.run(FrescoTraceListener.java:298)
12-10 10:04:31.542 11547 11852 W System.err: 	at java.util.concurrent.Executors$RunnableAdapter.call(Executors.java:487)
12-10 10:04:31.543 11547 11852 W System.err: 	at java.util.concurrent.FutureTask.run(FutureTask.java:264)
12-10 10:04:31.543 11547 11852 W System.err: 	at java.util.concurrent.ThreadPoolExecutor.runWorker(ThreadPoolExecutor.java:1145)
12-10 10:04:31.543 11547 11852 W System.err: 	at java.util.concurrent.ThreadPoolExecutor$Worker.run(ThreadPoolExecutor.java:644)
12-10 10:04:31.543 11547 11852 W System.err: 	at java.lang.Thread.run(Thread.java:1012)
12-10 10:04:31.543 11547 11852 W System.err: 	at com.zhihu.android.af.a.d.run(RulerThread.java:101)
12-10 10:04:31.592 11547 11852 W System.err: java.lang.IllegalArgumentException: sITTNetDepend is null
12-10 10:04:31.598 11547 11852 W System.err: 	at com.bytedance.ttnet.TTNetInit.getTTNetDepend(Unknown Source:10)
12-10 10:04:31.598 11547 11852 W System.err: 	at com.bytedance.ttnet.TTNetInit.getEffectiveConnectionType(Unknown Source:0)
12-10 10:04:31.599 11547 11852 W System.err: 	at com.g.a.e.a(FrescoTraceListener.java:336)
12-10 10:04:31.599 11547 11852 W System.err: 	at com.g.a.e.a(FrescoTraceListener.java:57)
12-10 10:04:31.599 11547 11852 W System.err: 	at com.g.a.e$3.run(FrescoTraceListener.java:298)
12-10 10:04:31.600 11547 11852 W System.err: 	at java.util.concurrent.Executors$RunnableAdapter.call(Executors.java:487)
12-10 10:04:31.601 11547 11852 W System.err: 	at java.util.concurrent.FutureTask.run(FutureTask.java:264)
12-10 10:04:31.602 11547 11852 W System.err: 	at java.util.concurrent.ThreadPoolExecutor.runWorker(ThreadPoolExecutor.java:1145)
12-10 10:04:31.604 11547 11852 W System.err: 	at java.util.concurrent.ThreadPoolExecutor$Worker.run(ThreadPoolExecutor.java:644)
12-10 10:04:31.607 11547 11555 W m.zhihu.android: Suspending all threads took: 18.650ms
12-10 10:04:31.616 11547 11852 W System.err: 	at java.lang.Thread.run(Thread.java:1012)
12-10 10:04:31.616 11547 11852 W System.err: 	at com.zhihu.android.af.a.d.run(RulerThread.java:101)
12-10 10:04:31.654 12795 12795 W BpBinder: Linking to death on android.gui.ISurfaceComposer but there are no threads (yet?) listening to incoming transactions. See ProcessState::startThreadPool and ProcessState::setThreadPoolMaxThreadCount. Generally you should setup the binder threadpool before other initialization steps.
12-10 10:04:31.656 12795 12795 W ProcessState: Extra binder thread started, but 0 threads requested. Do not use *startThreadPool when zero threads are requested.
12-10 10:04:31.664 11547 11852 W System.err: java.lang.IllegalArgumentException: sITTNetDepend is null
12-10 10:04:31.664 11547 11852 W System.err: 	at com.bytedance.ttnet.TTNetInit.getTTNetDepend(Unknown Source:10)
12-10 10:04:31.664 11547 11852 W System.err: 	at com.bytedance.ttnet.TTNetInit.getEffectiveConnectionType(Unknown Source:0)
12-10 10:04:31.664 11547 11852 W System.err: 	at com.g.a.e.a(FrescoTraceListener.java:336)
12-10 10:04:31.664 11547 11852 W System.err: 	at com.g.a.e.a(FrescoTraceListener.java:57)
12-10 10:04:31.664 11547 11852 W System.err: 	at com.g.a.e$3.run(FrescoTraceListener.java:298)
12-10 10:04:31.664 11547 11852 W System.err: 	at java.util.concurrent.Executors$RunnableAdapter.call(Executors.java:487)
12-10 10:04:31.664 11547 11852 W System.err: 	at java.util.concurrent.FutureTask.run(FutureTask.java:264)
12-10 10:04:31.664 11547 11852 W System.err: 	at java.util.concurrent.ThreadPoolExecutor.runWorker(ThreadPoolExecutor.java:1145)
12-10 10:04:31.664 11547 11852 W System.err: 	at java.util.concurrent.ThreadPoolExecutor$Worker.run(ThreadPoolExecutor.java:644)
12-10 10:04:31.665 11547 11852 W System.err: 	at java.lang.Thread.run(Thread.java:1012)
12-10 10:04:31.674 11547 11852 W System.err: 	at com.zhihu.android.af.a.d.run(RulerThread.java:101)
12-10 10:04:31.703   184   184 I hwservicemanager: getTransport: Cannot find entry android.hardware.graphics.mapper@4.0::IMapper/default in either framework or device VINTF manifest.
12-10 10:04:31.704 12795 12799 I Gralloc4: mapper 4.x is not supported
12-10 10:04:31.726 11547 11852 W System.err: java.lang.IllegalArgumentException: sITTNetDepend is null
12-10 10:04:31.732 11547 11852 W System.err: 	at com.bytedance.ttnet.TTNetInit.getTTNetDepend(Unknown Source:10)
12-10 10:04:31.733 11547 11852 W System.err: 	at com.bytedance.ttnet.TTNetInit.getEffectiveConnectionType(Unknown Source:0)
12-10 10:04:31.734 11547 11852 W System.err: 	at com.g.a.e.a(FrescoTraceListener.java:336)
12-10 10:04:31.734 11547 11852 W System.err: 	at com.g.a.e.a(FrescoTraceListener.java:57)
12-10 10:04:31.735 11547 11852 W System.err: 	at com.g.a.e$3.run(FrescoTraceListener.java:298)
12-10 10:04:31.735 11547 11852 W System.err: 	at java.util.concurrent.Executors$RunnableAdapter.call(Executors.java:487)
12-10 10:04:31.737 11547 11852 W System.err: 	at java.util.concurrent.FutureTask.run(FutureTask.java:264)
12-10 10:04:31.740 11547 11852 W System.err: 	at java.util.concurrent.ThreadPoolExecutor.runWorker(ThreadPoolExecutor.java:1145)
12-10 10:04:31.742 11547 11852 W System.err: 	at java.util.concurrent.ThreadPoolExecutor$Worker.run(ThreadPoolExecutor.java:644)
12-10 10:04:31.743 11547 11852 W System.err: 	at java.lang.Thread.run(Thread.java:1012)
12-10 10:04:31.744 11547 11852 W System.err: 	at com.zhihu.android.af.a.d.run(RulerThread.java:101)
12-10 10:04:31.752 11547 11852 W System.err: java.lang.IllegalArgumentException: sITTNetDepend is null
12-10 10:04:31.754 11547 11852 W System.err: 	at com.bytedance.ttnet.TTNetInit.getTTNetDepend(Unknown Source:10)
12-10 10:04:31.754 11547 11852 W System.err: 	at com.bytedance.ttnet.TTNetInit.getEffectiveConnectionType(Unknown Source:0)
12-10 10:04:31.754 11547 11852 W System.err: 	at com.g.a.e.a(FrescoTraceListener.java:336)
12-10 10:04:31.755 11547 11852 W System.err: 	at com.g.a.e.a(FrescoTraceListener.java:57)
12-10 10:04:31.755 11547 11852 W System.err: 	at com.g.a.e$3.run(FrescoTraceListener.java:298)
12-10 10:04:31.755 11547 11852 W System.err: 	at java.util.concurrent.Executors$RunnableAdapter.call(Executors.java:487)
12-10 10:04:31.756 11547 11852 W System.err: 	at java.util.concurrent.FutureTask.run(FutureTask.java:264)
12-10 10:04:31.758 11547 11852 W System.err: 	at java.util.concurrent.ThreadPoolExecutor.runWorker(ThreadPoolExecutor.java:1145)
12-10 10:04:31.758 11547 11852 W System.err: 	at java.util.concurrent.ThreadPoolExecutor$Worker.run(ThreadPoolExecutor.java:644)
12-10 10:04:31.759 11547 11852 W System.err: 	at java.lang.Thread.run(Thread.java:1012)
12-10 10:04:31.762 11547 11852 W System.err: 	at com.zhihu.android.af.a.d.run(RulerThread.java:101)
12-10 10:04:31.763 11547 11852 W System.err: java.lang.IllegalArgumentException: sITTNetDepend is null
12-10 10:04:31.766 11547 11852 W System.err: 	at com.bytedance.ttnet.TTNetInit.getTTNetDepend(Unknown Source:10)
12-10 10:04:31.767 11547 11852 W System.err: 	at com.bytedance.ttnet.TTNetInit.getEffectiveConnectionType(Unknown Source:0)
12-10 10:04:31.767 11547 11852 W System.err: 	at com.g.a.e.a(FrescoTraceListener.java:336)
12-10 10:04:31.769 11547 11852 W System.err: 	at com.g.a.e.a(FrescoTraceListener.java:57)
12-10 10:04:31.769 11547 11852 W System.err: 	at com.g.a.e$3.run(FrescoTraceListener.java:298)
12-10 10:04:31.769 11547 11852 W System.err: 	at java.util.concurrent.Executors$RunnableAdapter.call(Executors.java:487)
12-10 10:04:31.769 11547 11852 W System.err: 	at java.util.concurrent.FutureTask.run(FutureTask.java:264)
12-10 10:04:31.769 11547 11852 W System.err: 	at java.util.concurrent.ThreadPoolExecutor.runWorker(ThreadPoolExecutor.java:1145)
12-10 10:04:31.769 11547 11852 W System.err: 	at java.util.concurrent.ThreadPoolExecutor$Worker.run(ThreadPoolExecutor.java:644)
12-10 10:04:31.769 11547 11852 W System.err: 	at java.lang.Thread.run(Thread.java:1012)
12-10 10:04:31.769 11547 11852 W System.err: 	at com.zhihu.android.af.a.d.run(RulerThread.java:101)
12-10 10:04:31.771 11547 11852 W System.err: java.lang.IllegalArgumentException: sITTNetDepend is null
12-10 10:04:31.771 11547 11852 W System.err: 	at com.bytedance.ttnet.TTNetInit.getTTNetDepend(Unknown Source:10)
12-10 10:04:31.771 11547 11852 W System.err: 	at com.bytedance.ttnet.TTNetInit.getEffectiveConnectionType(Unknown Source:0)
12-10 10:04:31.771 11547 11852 W System.err: 	at com.g.a.e.a(FrescoTraceListener.java:336)
12-10 10:04:31.771 11547 11852 W System.err: 	at com.g.a.e.a(FrescoTraceListener.java:57)
12-10 10:04:31.771 11547 11852 W System.err: 	at com.g.a.e$3.run(FrescoTraceListener.java:298)
12-10 10:04:31.772 11547 11852 W System.err: 	at java.util.concurrent.Executors$RunnableAdapter.call(Executors.java:487)
12-10 10:04:31.772 11547 11852 W System.err: 	at java.util.concurrent.FutureTask.run(FutureTask.java:264)
12-10 10:04:31.772 11547 11852 W System.err: 	at java.util.concurrent.ThreadPoolExecutor.runWorker(ThreadPoolExecutor.java:1145)
12-10 10:04:31.772 11547 11852 W System.err: 	at java.util.concurrent.ThreadPoolExecutor$Worker.run(ThreadPoolExecutor.java:644)
12-10 10:04:31.772 11547 11852 W System.err: 	at java.lang.Thread.run(Thread.java:1012)
12-10 10:04:31.772 11547 11852 W System.err: 	at com.zhihu.android.af.a.d.run(RulerThread.java:101)
12-10 10:04:31.776 11547 11852 W System.err: java.lang.IllegalArgumentException: sITTNetDepend is null
12-10 10:04:31.778 11547 11852 W System.err: 	at com.bytedance.ttnet.TTNetInit.getTTNetDepend(Unknown Source:10)
12-10 10:04:31.778 11547 11852 W System.err: 	at com.bytedance.ttnet.TTNetInit.getEffectiveConnectionType(Unknown Source:0)
12-10 10:04:31.779 11547 11852 W System.err: 	at com.g.a.e.a(FrescoTraceListener.java:336)
12-10 10:04:31.779 11547 11852 W System.err: 	at com.g.a.e.a(FrescoTraceListener.java:57)
12-10 10:04:31.779 11547 11852 W System.err: 	at com.g.a.e$3.run(FrescoTraceListener.java:298)
12-10 10:04:31.780 11547 11852 W System.err: 	at java.util.concurrent.Executors$RunnableAdapter.call(Executors.java:487)
12-10 10:04:31.780 11547 11852 W System.err: 	at java.util.concurrent.FutureTask.run(FutureTask.java:264)
12-10 10:04:31.780 11547 11852 W System.err: 	at java.util.concurrent.ThreadPoolExecutor.runWorker(ThreadPoolExecutor.java:1145)
12-10 10:04:31.780 11547 11852 W System.err: 	at java.util.concurrent.ThreadPoolExecutor$Worker.run(ThreadPoolExecutor.java:644)
12-10 10:04:31.781 11547 11852 W System.err: 	at java.lang.Thread.run(Thread.java:1012)
12-10 10:04:31.781 11547 11852 W System.err: 	at com.zhihu.android.af.a.d.run(RulerThread.java:101)
12-10 10:04:31.791 11547 11852 W System.err: java.lang.IllegalArgumentException: sITTNetDepend is null
12-10 10:04:31.795 11547 11852 W System.err: 	at com.bytedance.ttnet.TTNetInit.getTTNetDepend(Unknown Source:10)
12-10 10:04:31.797 11547 11852 W System.err: 	at com.bytedance.ttnet.TTNetInit.getEffectiveConnectionType(Unknown Source:0)
12-10 10:04:31.797 11547 11852 W System.err: 	at com.g.a.e.a(FrescoTraceListener.java:336)
12-10 10:04:31.798 11547 11852 W System.err: 	at com.g.a.e.a(FrescoTraceListener.java:57)
12-10 10:04:31.798 11547 11852 W System.err: 	at com.g.a.e$3.run(FrescoTraceListener.java:298)
12-10 10:04:31.798 11547 11852 W System.err: 	at java.util.concurrent.Executors$RunnableAdapter.call(Executors.java:487)
12-10 10:04:31.798 11547 11852 W System.err: 	at java.util.concurrent.FutureTask.run(FutureTask.java:264)
12-10 10:04:31.799 11547 11852 W System.err: 	at java.util.concurrent.ThreadPoolExecutor.runWorker(ThreadPoolExecutor.java:1145)
12-10 10:04:31.799 11547 11852 W System.err: 	at java.util.concurrent.ThreadPoolExecutor$Worker.run(ThreadPoolExecutor.java:644)
12-10 10:04:31.799 11547 11852 W System.err: 	at java.lang.Thread.run(Thread.java:1012)
12-10 10:04:31.799 11547 11852 W System.err: 	at com.zhihu.android.af.a.d.run(RulerThread.java:101)
12-10 10:04:31.810 11547 11852 W System.err: java.lang.IllegalArgumentException: sITTNetDepend is null
12-10 10:04:31.810 11547 11852 W System.err: 	at com.bytedance.ttnet.TTNetInit.getTTNetDepend(Unknown Source:10)
12-10 10:04:31.810 11547 11852 W System.err: 	at com.bytedance.ttnet.TTNetInit.getEffectiveConnectionType(Unknown Source:0)
12-10 10:04:31.810 11547 11852 W System.err: 	at com.g.a.e.a(FrescoTraceListener.java:336)
12-10 10:04:31.810 11547 11852 W System.err: 	at com.g.a.e.a(FrescoTraceListener.java:57)
12-10 10:04:31.810 11547 11852 W System.err: 	at com.g.a.e$3.run(FrescoTraceListener.java:298)
12-10 10:04:31.810 11547 11852 W System.err: 	at java.util.concurrent.Executors$RunnableAdapter.call(Executors.java:487)
12-10 10:04:31.810 11547 11852 W System.err: 	at java.util.concurrent.FutureTask.run(FutureTask.java:264)
12-10 10:04:31.810 11547 11852 W System.err: 	at java.util.concurrent.ThreadPoolExecutor.runWorker(ThreadPoolExecutor.java:1145)
12-10 10:04:31.810 11547 11852 W System.err: 	at java.util.concurrent.ThreadPoolExecutor$Worker.run(ThreadPoolExecutor.java:644)
12-10 10:04:31.810 11547 11852 W System.err: 	at java.lang.Thread.run(Thread.java:1012)
12-10 10:04:31.810 11547 11852 W System.err: 	at com.zhihu.android.af.a.d.run(RulerThread.java:101)
12-10 10:04:31.831  1292  1526 W MediaProvider: isAppCloneUserPair for user 0: false
12-10 10:04:31.901 11547 11555 I m.zhihu.android: Background concurrent mark compact GC freed 23MB AllocSpace bytes, 142(5112KB) LOS objects, 36% free, 42MB/66MB, paused 27.066ms,10.471ms total 665.806ms
12-10 10:04:31.929   480   480 E adbd    : failed to connect to socket 'tcp:51112': Connection refused
12-10 10:04:32.015 12774 12774 W a       : Unable to load JDK7 types (annotations, java.nio.file.Path): no Java7 support added
12-10 10:04:32.134   598  1756 I ActivityManager: Broadcasting: Intent { act=android.intent.action.MEDIA_SCANNER_SCAN_FILE dat=file:///... flg=0x400000 }
12-10 10:04:32.135   598  1756 I ActivityManager: Enqueued broadcast Intent { act=android.intent.action.MEDIA_SCANNER_SCAN_FILE dat=file:///... flg=0x400000 }: 0
12-10 10:04:32.138   598  4019 W JobInfo : Job 'com.google.android.providers.media.module/com.android.providers.media.MediaService#-300' has a deadline with no functional constraints. The deadline won't improve job execution latency. Consider removing the deadline.
12-10 10:04:32.148   598   626 I ActivityManager: Broadcast completed: result=0
12-10 10:04:32.152  1292  1686 I MediaProvider: Begin Intent { act=android.intent.action.MEDIA_SCANNER_SCAN_FILE dat=file:///... flg=0x1400010 cmp=com.google.android.providers.media.module/com.android.providers.media.MediaService }
12-10 10:04:32.164  1292  1686 I MediaProvider: End Intent { act=android.intent.action.MEDIA_SCANNER_SCAN_FILE dat=file:///... flg=0x1400010 cmp=com.google.android.providers.media.module/com.android.providers.media.MediaService }
12-10 10:04:32.354   472   472 I BpBinder: onLastStrongRef automatically unlinking death recipients: 
12-10 10:04:32.358 11547 11725 W SQLiteLog: (28) double-quoted string literal: "
12-10 10:04:32.359 11547 11725 W SQLiteLog: (28) double-quoted string literal: "3C30548DD4D7D6D538EFC079EFF155AC"
12-10 10:04:32.374   598  1404 E TaskPersister: File error accessing recents directory (directory doesn't exist?).
12-10 10:04:32.430 11547 11725 W SQLiteLog: (28) double-quoted string literal: "3C30548DD4D7D6D538EFC079EFF155AC"
12-10 10:04:32.430 11547 11725 W SQLiteLog: (28) double-quoted string literal: ""
12-10 10:04:32.430 11547 11725 W SQLiteLog: (28) double-quoted string literal: "3C30548DD4D7D6D538EFC079EFF155AC"
12-10 10:04:32.430 11547 11725 W SQLiteLog: (28) double-quoted string literal: "-1"
12-10 10:04:32.446 11547 11547 I ImeTracker: com.zhihu.android:2ee7d5c7: onRequestHide at ORIGIN_CLIENT reason HIDE_SOFT_INPUT fromUser false
12-10 10:04:32.446 11547 11547 I ImeTracker: com.zhihu.android:2ee7d5c7: onFailed at PHASE_CLIENT_VIEW_SERVED
12-10 10:04:32.455   598   621 W AS.PlaybackActivityMon: No piid assigned for invalid/internal port id 16
12-10 10:04:32.533   598   621 W BestClock: java.time.DateTimeException: Missing network time fix
12-10 10:04:32.535   598   621 W BestClock: java.time.DateTimeException: Missing network time fix
12-10 10:04:32.539   598   621 W BestClock: java.time.DateTimeException: Missing network time fix
12-10 10:04:32.631  1292  4065 W MediaProvider: Ignoring param:deletedata post U for external apps
12-10 10:04:32.645  1292  4065 I MediaProvider: Deleted 0 1 0 0 0 0 0 items on external_primary due to com.android.shell
12-10 10:04:32.702   598   637 W IPCThreadState: Sending oneway calls to frozen process.
12-10 10:04:32.750   598   621 W UserManagerService: Requested status bar icon for non-badged user 0
12-10 10:04:32.767   598   621 W UserManagerService: Requested status bar icon for non-badged user 0
12-10 10:04:32.770   598   621 W UserManagerService: Requested status bar icon for non-badged user 0
12-10 10:04:33.072 11547 11852 W System.err: java.lang.IllegalArgumentException: sITTNetDepend is null
12-10 10:04:33.072 11547 11852 W System.err: 	at com.bytedance.ttnet.TTNetInit.getTTNetDepend(Unknown Source:10)
12-10 10:04:33.073 11547 11852 W System.err: 	at com.bytedance.ttnet.TTNetInit.getEffectiveConnectionType(Unknown Source:0)
12-10 10:04:33.073 11547 11852 W System.err: 	at com.g.a.e.a(FrescoTraceListener.java:336)
12-10 10:04:33.073 11547 11852 W System.err: 	at com.g.a.e.a(FrescoTraceListener.java:57)
12-10 10:04:33.073 11547 11852 W System.err: 	at com.g.a.e$3.run(FrescoTraceListener.java:298)
12-10 10:04:33.073 11547 11852 W System.err: 	at java.util.concurrent.Executors$RunnableAdapter.call(Executors.java:487)
12-10 10:04:33.073 11547 11852 W System.err: 	at java.util.concurrent.FutureTask.run(FutureTask.java:264)
12-10 10:04:33.073 11547 11852 W System.err: 	at java.util.concurrent.ThreadPoolExecutor.runWorker(ThreadPoolExecutor.java:1145)
12-10 10:04:33.073 11547 11852 W System.err: 	at java.util.concurrent.ThreadPoolExecutor$Worker.run(ThreadPoolExecutor.java:644)
12-10 10:04:33.073 11547 11852 W System.err: 	at java.lang.Thread.run(Thread.java:1012)
12-10 10:04:33.073 11547 11852 W System.err: 	at com.zhihu.android.af.a.d.run(RulerThread.java:101)
12-10 10:04:33.123 11547 11547 W WindowOnBackDispatcher: sendCancelIfRunning: isInProgress=false callback=android.view.ViewRootImpl$$ExternalSyntheticLambda11@8f284e9
12-10 10:04:33.170   598  4019 W InputManager-JNI: Input channel object '92221eb com.zhihu.android/com.zhihu.android.growth.ui.activity.GrowthActivity (client)' was disposed without first being removed with the input manager!
12-10 10:04:33.483 11547 12865 W System.err: java.lang.IllegalAccessException: you must call from main thread
12-10 10:04:33.483 11547 12865 W System.err: 	at com.zhihu.android.app.util.gt.a(UiCollections.java:44)
12-10 10:04:33.484 11547 12865 W System.err: 	at com.zhihu.android.app.util.gs.subList(UiArrayList.java:91)
12-10 10:04:33.484 11547 12865 W System.err: 	at com.zhihu.android.app.feed.util.ap.b(ZPreloadUtils.kt:65)
12-10 10:04:33.484 11547 12865 W System.err: 	at com.zhihu.android.app.feed.util.ap.a(ZPreloadUtils.kt:33)
12-10 10:04:33.488 11547 12865 W System.err: 	at com.zhihu.android.app.feed.ui2.a.a.d$c.a(CommonContentPreloadDelegate.kt:105)
12-10 10:04:33.489 11547 12865 W System.err: 	at com.zhihu.android.app.feed.ui2.a.a.d$c.invoke(CommonContentPreloadDelegate.kt:25)
12-10 10:04:33.489 11547 12865 W System.err: 	at com.zhihu.android.af.a.c$a.run(RulerKt.kt:36)
12-10 10:04:33.563   598  1756 W BestClock: java.time.DateTimeException: Missing network time fix
12-10 10:04:33.566   598  1756 W BestClock: java.time.DateTimeException: Missing network time fix
12-10 10:04:33.577   598  1756 W BestClock: java.time.DateTimeException: Missing network time fix
12-10 10:04:33.604   598  1756 W ActivityManager: pid 598 system sent binder code 1 with flags 1 to frozen apps and got error -32
12-10 10:04:33.609   598  1756 W EnhancedConfirmationService: The packageName should not be null.
12-10 10:04:33.622   598  1756 W MagnificationConnectionManager: requestConnection duplicated request: connect=false, mConnectionState=DISCONNECTED
12-10 10:04:33.625   598  1756 W MagnificationConnectionManager: requestConnection duplicated request: connect=false, mConnectionState=DISCONNECTED
12-10 10:04:33.633   598   598 W IPCThreadState: Sending oneway calls to frozen process.
12-10 10:04:33.653   598   598 W IPCThreadState: Sending oneway calls to frozen process.
12-10 10:04:33.655   598   598 W IPCThreadState: Sending oneway calls to frozen process.
12-10 10:04:33.659   598   598 W IPCThreadState: Sending oneway calls to frozen process.
12-10 10:04:33.666   598   621 W MagnificationConnectionManager: requestConnection duplicated request: connect=false, mConnectionState=DISCONNECTED
12-10 10:04:33.668   598   598 W IPCThreadState: Sending oneway calls to frozen process.
12-10 10:04:33.673   598   598 W IPCThreadState: Sending oneway calls to frozen process.
12-10 10:04:33.674   598   598 W IPCThreadState: Sending oneway calls to frozen process.
12-10 10:04:33.678   598   598 W IPCThreadState: Sending oneway calls to frozen process.
12-10 10:04:33.679   598   598 W IPCThreadState: Sending oneway calls to frozen process.
12-10 10:04:33.682   598   598 W IPCThreadState: Sending oneway calls to frozen process.
12-10 10:04:33.682   598   598 W IPCThreadState: Sending oneway calls to frozen process.
12-10 10:04:33.683   598   598 W IPCThreadState: Sending oneway calls to frozen process.
12-10 10:04:33.684   598   598 W IPCThreadState: Sending oneway calls to frozen process.
12-10 10:04:33.686   598   598 W IPCThreadState: Sending oneway calls to frozen process.
12-10 10:04:33.686   598   598 W IPCThreadState: Sending oneway calls to frozen process.
12-10 10:04:33.689   598   598 W IPCThreadState: Sending oneway calls to frozen process.
12-10 10:04:33.690   598   598 W IPCThreadState: Sending oneway calls to frozen process.
12-10 10:04:33.690   598   598 W IPCThreadState: Sending oneway calls to frozen process.
12-10 10:04:33.699   598   598 W MagnificationConnectionManager: requestConnection duplicated request: connect=false, mConnectionState=DISCONNECTED
12-10 10:04:33.706   598   598 W IPCThreadState: Sending oneway calls to frozen process.
12-10 10:04:33.708   598   598 W IPCThreadState: Sending oneway calls to frozen process.
12-10 10:04:33.708   598   598 W IPCThreadState: Sending oneway calls to frozen process.
12-10 10:04:33.710   598   598 W IPCThreadState: Sending oneway calls to frozen process.
12-10 10:04:33.711   598   598 W IPCThreadState: Sending oneway calls to frozen process.
12-10 10:04:33.712   598   598 W IPCThreadState: Sending oneway calls to frozen process.
12-10 10:04:33.713   598   598 W IPCThreadState: Sending oneway calls to frozen process.
12-10 10:04:33.714   598   598 W IPCThreadState: Sending oneway calls to frozen process.
12-10 10:04:33.714   598   598 W IPCThreadState: Sending oneway calls to frozen process.
12-10 10:04:33.715   598   598 W IPCThreadState: Sending oneway calls to frozen process.
12-10 10:04:33.715   598   598 W IPCThreadState: Sending oneway calls to frozen process.
12-10 10:04:33.716   598   598 W IPCThreadState: Sending oneway calls to frozen process.
12-10 10:04:33.716   598   598 W IPCThreadState: Sending oneway calls to frozen process.
12-10 10:04:33.716   598   598 W IPCThreadState: Sending oneway calls to frozen process.
12-10 10:04:33.717   598   598 W IPCThreadState: Sending oneway calls to frozen process.
12-10 10:04:33.719   598   598 W IPCThreadState: Sending oneway calls to frozen process.
12-10 10:04:33.720   598   598 W IPCThreadState: Sending oneway calls to frozen process.
12-10 10:04:33.721   598   598 W IPCThreadState: Sending oneway calls to frozen process.
12-10 10:04:33.723   598   598 W IPCThreadState: Sending oneway calls to frozen process.
12-10 10:04:33.724   598   598 W IPCThreadState: Sending oneway calls to frozen process.
12-10 10:04:33.725   598   598 W IPCThreadState: Sending oneway calls to frozen process.
12-10 10:04:33.726   598   598 W IPCThreadState: Sending oneway calls to frozen process.
12-10 10:04:33.726   598   598 W IPCThreadState: Sending oneway calls to frozen process.
12-10 10:04:33.726   598   598 W IPCThreadState: Sending oneway calls to frozen process.
12-10 10:04:33.738  1217  1377 E AccessibilitySettingsUtil: unable to parse accessibility service null
12-10 10:04:34.067 11547 11555 W m.zhihu.android: Cleared Reference was only reachable from finalizer (only reported once)
12-10 10:04:34.226  1292  7959 I PSyncWorker: Starting proactive picker sync from sync source: 1
12-10 10:04:34.226  1292  7959 I PickerSyncTracker: Created new sync future java.util.concurrent.CompletableFuture@107802e[Not completed, 1 dependents]. Future map: {a4578d5a-3ce7-40c8-9776-7354ee0954c4=java.util.concurrent.CompletableFuture@107802e[Not completed, 1 dependents]}
12-10 10:04:34.236  1292  7959 I PickerSyncController: Executing SyncAdd. isLocal: true. authority: com.android.providers.media.photopicker
12-10 10:04:34.243  1292  7959 I PickerSyncController: Paged sync successful. QueryArgs: Bundle[{android.provider.extra.SYNC_GENERATION=213, android.provider.extra.PAGE_SIZE=1000}] Total Rows: 0
12-10 10:04:34.244  1292  7959 I PickerSyncController: Executing SyncRemove. isLocal: true. authority: com.android.providers.media.photopicker
12-10 10:04:34.247  1292  7959 E PickerDbFacade: Could not get first date taken millis for media id: 1000000048
12-10 10:04:34.255  1292  7959 W PickerDbFacade: Unable to promote cloud media with localId: 1000000048
12-10 10:04:34.261  1292  7959 I PickerSyncController: Paged sync successful. QueryArgs: Bundle[{android.provider.extra.SYNC_GENERATION=213, android.provider.extra.PAGE_SIZE=1000}] Total Rows: 0
12-10 10:04:34.263  1292  7959 I PickerSyncTracker: Marked sync future complete for work id: a4578d5a-3ce7-40c8-9776-7354ee0954c4. Future map: {}
12-10 10:04:34.263  1292  7959 I PSyncWorker: Completed picker proactive sync complete from local provider.
12-10 10:04:34.266  1292  1469 I WM-WorkerWrapper: Worker result SUCCESS for Work [ id=a4578d5a-3ce7-40c8-9776-7354ee0954c4, tags={ com.android.providers.media.photopicker.sync.ProactiveSyncWorker } ]
12-10 10:04:34.366 11547 11555 I m.zhihu.android: Background concurrent mark compact GC freed 27MB AllocSpace bytes, 142(3504KB) LOS objects, 33% free, 46MB/70MB, paused 5.668ms,15.357ms total 519.226ms
12-10 10:04:34.468 11547 11937 I ttheif_dec: heif_info : data_size:287 is_grid:0 has_clap:0 is_seqence;0 cols:0 rows:0 width:36 height:36 angle:0.
12-10 10:04:34.489 11547 11852 W System.err: java.lang.IllegalArgumentException: sITTNetDepend is null
12-10 10:04:34.490 11547 11852 W System.err: 	at com.bytedance.ttnet.TTNetInit.getTTNetDepend(Unknown Source:10)
12-10 10:04:34.490 11547 11852 W System.err: 	at com.bytedance.ttnet.TTNetInit.getEffectiveConnectionType(Unknown Source:0)
12-10 10:04:34.491 11547 11852 W System.err: 	at com.g.a.e.a(FrescoTraceListener.java:336)
12-10 10:04:34.492 11547 11852 W System.err: 	at com.g.a.e.a(FrescoTraceListener.java:57)
12-10 10:04:34.492 11547 11852 W System.err: 	at com.g.a.e$3.run(FrescoTraceListener.java:298)
12-10 10:04:34.493 11547 11852 W System.err: 	at java.util.concurrent.Executors$RunnableAdapter.call(Executors.java:487)
12-10 10:04:34.494 11547 11852 W System.err: 	at java.util.concurrent.FutureTask.run(FutureTask.java:264)
12-10 10:04:34.498 11547 11852 W System.err: 	at java.util.concurrent.ThreadPoolExecutor.runWorker(ThreadPoolExecutor.java:1145)
12-10 10:04:34.498 11547 11852 W System.err: 	at java.util.concurrent.ThreadPoolExecutor$Worker.run(ThreadPoolExecutor.java:644)
12-10 10:04:34.499 11547 11852 W System.err: 	at java.lang.Thread.run(Thread.java:1012)
12-10 10:04:34.499 11547 11852 W System.err: 	at com.zhihu.android.af.a.d.run(RulerThread.java:101)
12-10 10:04:34.501 11547 11852 W System.err: java.lang.IllegalArgumentException: sITTNetDepend is null
12-10 10:04:34.502 11547 11852 W System.err: 	at com.bytedance.ttnet.TTNetInit.getTTNetDepend(Unknown Source:10)
12-10 10:04:34.503 11547 11852 W System.err: 	at com.bytedance.ttnet.TTNetInit.getEffectiveConnectionType(Unknown Source:0)
12-10 10:04:34.503 11547 11852 W System.err: 	at com.g.a.e.a(FrescoTraceListener.java:336)
12-10 10:04:34.503 11547 11938 I ttheif_dec: heif_info : data_size:724 is_grid:0 has_clap:0 is_seqence;0 cols:0 rows:0 width:54 height:54 angle:0.
12-10 10:04:34.504 11547 11852 W System.err: 	at com.g.a.e.a(FrescoTraceListener.java:57)
12-10 10:04:34.505 11547 11852 W System.err: 	at com.g.a.e$3.run(FrescoTraceListener.java:298)
12-10 10:04:34.507 11547 11942 I ttheif_dec: heif_info : data_size:285 is_grid:0 has_clap:0 is_seqence;0 cols:0 rows:0 width:36 height:36 angle:0.
12-10 10:04:34.513 11547 11852 W System.err: 	at java.util.concurrent.Executors$RunnableAdapter.call(Executors.java:487)
12-10 10:04:34.513 11547 11852 W System.err: 	at java.util.concurrent.FutureTask.run(FutureTask.java:264)
12-10 10:04:34.513 11547 11852 W System.err: 	at java.util.concurrent.ThreadPoolExecutor.runWorker(ThreadPoolExecutor.java:1145)
12-10 10:04:34.513 11547 11852 W System.err: 	at java.util.concurrent.ThreadPoolExecutor$Worker.run(ThreadPoolExecutor.java:644)
12-10 10:04:34.513 11547 11852 W System.err: 	at java.lang.Thread.run(Thread.java:1012)
12-10 10:04:34.513 11547 11852 W System.err: 	at com.zhihu.android.af.a.d.run(RulerThread.java:101)
12-10 10:04:34.516 11547 11852 W System.err: java.lang.IllegalArgumentException: sITTNetDepend is null
12-10 10:04:34.516 11547 11852 W System.err: 	at com.bytedance.ttnet.TTNetInit.getTTNetDepend(Unknown Source:10)
12-10 10:04:34.516 11547 11852 W System.err: 	at com.bytedance.ttnet.TTNetInit.getEffectiveConnectionType(Unknown Source:0)
12-10 10:04:34.516 11547 11852 W System.err: 	at com.g.a.e.a(FrescoTraceListener.java:336)
12-10 10:04:34.516 11547 11852 W System.err: 	at com.g.a.e.a(FrescoTraceListener.java:57)
12-10 10:04:34.516 11547 11852 W System.err: 	at com.g.a.e$3.run(FrescoTraceListener.java:298)
12-10 10:04:34.516 11547 11852 W System.err: 	at java.util.concurrent.Executors$RunnableAdapter.call(Executors.java:487)
12-10 10:04:34.517 11547 11852 W System.err: 	at java.util.concurrent.FutureTask.run(FutureTask.java:264)
12-10 10:04:34.517 11547 11852 W System.err: 	at java.util.concurrent.ThreadPoolExecutor.runWorker(ThreadPoolExecutor.java:1145)
12-10 10:04:34.517 11547 11852 W System.err: 	at java.util.concurrent.ThreadPoolExecutor$Worker.run(ThreadPoolExecutor.java:644)
12-10 10:04:34.518 11547 11852 W System.err: 	at java.lang.Thread.run(Thread.java:1012)
12-10 10:04:34.518 11547 11852 W System.err: 	at com.zhihu.android.af.a.d.run(RulerThread.java:101)
12-10 10:04:34.520 11547 11852 W System.err: java.lang.IllegalArgumentException: sITTNetDepend is null
12-10 10:04:34.521 11547 11852 W System.err: 	at com.bytedance.ttnet.TTNetInit.getTTNetDepend(Unknown Source:10)
12-10 10:04:34.522 11547 11852 W System.err: 	at com.bytedance.ttnet.TTNetInit.getEffectiveConnectionType(Unknown Source:0)
12-10 10:04:34.522 11547 11852 W System.err: 	at com.g.a.e.a(FrescoTraceListener.java:336)
12-10 10:04:34.522 11547 11852 W System.err: 	at com.g.a.e.a(FrescoTraceListener.java:57)
12-10 10:04:34.522 11547 11852 W System.err: 	at com.g.a.e$3.run(FrescoTraceListener.java:298)
12-10 10:04:34.523 11547 11852 W System.err: 	at java.util.concurrent.Executors$RunnableAdapter.call(Executors.java:487)
12-10 10:04:34.523 11547 11852 W System.err: 	at java.util.concurrent.FutureTask.run(FutureTask.java:264)
12-10 10:04:34.523 11547 11852 W System.err: 	at java.util.concurrent.ThreadPoolExecutor.runWorker(ThreadPoolExecutor.java:1145)
12-10 10:04:34.523 11547 11852 W System.err: 	at java.util.concurrent.ThreadPoolExecutor$Worker.run(ThreadPoolExecutor.java:644)
12-10 10:04:34.524 11547 11852 W System.err: 	at java.lang.Thread.run(Thread.java:1012)
12-10 10:04:34.524 11547 11852 W System.err: 	at com.zhihu.android.af.a.d.run(RulerThread.java:101)
12-10 10:04:34.527 11547 11852 W System.err: java.lang.IllegalArgumentException: sITTNetDepend is null
12-10 10:04:34.527 11547 11852 W System.err: 	at com.bytedance.ttnet.TTNetInit.getTTNetDepend(Unknown Source:10)
12-10 10:04:34.528 11547 11852 W System.err: 	at com.bytedance.ttnet.TTNetInit.getEffectiveConnectionType(Unknown Source:0)
12-10 10:04:34.528 11547 11852 W System.err: 	at com.g.a.e.a(FrescoTraceListener.java:336)
12-10 10:04:34.528 11547 11852 W System.err: 	at com.g.a.e.a(FrescoTraceListener.java:57)
12-10 10:04:34.528 11547 11852 W System.err: 	at com.g.a.e$3.run(FrescoTraceListener.java:298)
12-10 10:04:34.528 11547 11852 W System.err: 	at java.util.concurrent.Executors$RunnableAdapter.call(Executors.java:487)
12-10 10:04:34.528 11547 11852 W System.err: 	at java.util.concurrent.FutureTask.run(FutureTask.java:264)
12-10 10:04:34.528 11547 11852 W System.err: 	at java.util.concurrent.ThreadPoolExecutor.runWorker(ThreadPoolExecutor.java:1145)
12-10 10:04:34.529 11547 11852 W System.err: 	at java.util.concurrent.ThreadPoolExecutor$Worker.run(ThreadPoolExecutor.java:644)
12-10 10:04:34.529 11547 11852 W System.err: 	at java.lang.Thread.run(Thread.java:1012)
12-10 10:04:34.530 11547 11852 W System.err: 	at com.zhihu.android.af.a.d.run(RulerThread.java:101)
12-10 10:04:34.532 11547 11852 W System.err: java.lang.IllegalArgumentException: sITTNetDepend is null
12-10 10:04:34.533 11547 11852 W System.err: 	at com.bytedance.ttnet.TTNetInit.getTTNetDepend(Unknown Source:10)
12-10 10:04:34.533 11547 11852 W System.err: 	at com.bytedance.ttnet.TTNetInit.getEffectiveConnectionType(Unknown Source:0)
12-10 10:04:34.533 11547 11852 W System.err: 	at com.g.a.e.a(FrescoTraceListener.java:336)
12-10 10:04:34.534 11547 11852 W System.err: 	at com.g.a.e.a(FrescoTraceListener.java:57)
12-10 10:04:34.534 11547 11852 W System.err: 	at com.g.a.e$3.run(FrescoTraceListener.java:298)
12-10 10:04:34.534 11547 11852 W System.err: 	at java.util.concurrent.Executors$RunnableAdapter.call(Executors.java:487)
12-10 10:04:34.534 11547 11852 W System.err: 	at java.util.concurrent.FutureTask.run(FutureTask.java:264)
12-10 10:04:34.534 11547 11852 W System.err: 	at java.util.concurrent.ThreadPoolExecutor.runWorker(ThreadPoolExecutor.java:1145)
12-10 10:04:34.535 11547 11852 W System.err: 	at java.util.concurrent.ThreadPoolExecutor$Worker.run(ThreadPoolExecutor.java:644)
12-10 10:04:34.535 11547 11852 W System.err: 	at java.lang.Thread.run(Thread.java:1012)
12-10 10:04:34.535 11547 11852 W System.err: 	at com.zhihu.android.af.a.d.run(RulerThread.java:101)
12-10 10:04:34.538 11547 11852 W System.err: java.lang.IllegalArgumentException: sITTNetDepend is null
12-10 10:04:34.539 11547 11852 W System.err: 	at com.bytedance.ttnet.TTNetInit.getTTNetDepend(Unknown Source:10)
12-10 10:04:34.539 11547 11852 W System.err: 	at com.bytedance.ttnet.TTNetInit.getEffectiveConnectionType(Unknown Source:0)
12-10 10:04:34.539 11547 11852 W System.err: 	at com.g.a.e.a(FrescoTraceListener.java:336)
12-10 10:04:34.539 11547 11852 W System.err: 	at com.g.a.e.a(FrescoTraceListener.java:57)
12-10 10:04:34.539 11547 11852 W System.err: 	at com.g.a.e$3.run(FrescoTraceListener.java:298)
12-10 10:04:34.539 11547 11852 W System.err: 	at java.util.concurrent.Executors$RunnableAdapter.call(Executors.java:487)
12-10 10:04:34.539 11547 11852 W System.err: 	at java.util.concurrent.FutureTask.run(FutureTask.java:264)
12-10 10:04:34.540 11547 11852 W System.err: 	at java.util.concurrent.ThreadPoolExecutor.runWorker(ThreadPoolExecutor.java:1145)
12-10 10:04:34.540 11547 11852 W System.err: 	at java.util.concurrent.ThreadPoolExecutor$Worker.run(ThreadPoolExecutor.java:644)
12-10 10:04:34.540 11547 11852 W System.err: 	at java.lang.Thread.run(Thread.java:1012)
12-10 10:04:34.540 11547 11852 W System.err: 	at com.zhihu.android.af.a.d.run(RulerThread.java:101)
12-10 10:04:34.542 11547 11852 W System.err: java.lang.IllegalArgumentException: sITTNetDepend is null
12-10 10:04:34.543 11547 11852 W System.err: 	at com.bytedance.ttnet.TTNetInit.getTTNetDepend(Unknown Source:10)
12-10 10:04:34.543 11547 11852 W System.err: 	at com.bytedance.ttnet.TTNetInit.getEffectiveConnectionType(Unknown Source:0)
12-10 10:04:34.543 11547 11852 W System.err: 	at com.g.a.e.a(FrescoTraceListener.java:336)
12-10 10:04:34.543 11547 11852 W System.err: 	at com.g.a.e.a(FrescoTraceListener.java:57)
12-10 10:04:34.543 11547 11852 W System.err: 	at com.g.a.e$3.run(FrescoTraceListener.java:298)
12-10 10:04:34.543 11547 11852 W System.err: 	at java.util.concurrent.Executors$RunnableAdapter.call(Executors.java:487)
12-10 10:04:34.544 11547 11852 W System.err: 	at java.util.concurrent.FutureTask.run(FutureTask.java:264)
12-10 10:04:34.544 11547 11852 W System.err: 	at java.util.concurrent.ThreadPoolExecutor.runWorker(ThreadPoolExecutor.java:1145)
12-10 10:04:34.544 11547 11852 W System.err: 	at java.util.concurrent.ThreadPoolExecutor$Worker.run(ThreadPoolExecutor.java:644)
12-10 10:04:34.545 11547 11852 W System.err: 	at java.lang.Thread.run(Thread.java:1012)
12-10 10:04:34.545 11547 11852 W System.err: 	at com.zhihu.android.af.a.d.run(RulerThread.java:101)
12-10 10:04:34.548 11547 11852 W System.err: java.lang.IllegalArgumentException: sITTNetDepend is null
12-10 10:04:34.548 11547 11852 W System.err: 	at com.bytedance.ttnet.TTNetInit.getTTNetDepend(Unknown Source:10)
12-10 10:04:34.548 11547 11852 W System.err: 	at com.bytedance.ttnet.TTNetInit.getEffectiveConnectionType(Unknown Source:0)
12-10 10:04:34.550 11547 11852 W System.err: 	at com.g.a.e.a(FrescoTraceListener.java:336)
12-10 10:04:34.550 11547 11852 W System.err: 	at com.g.a.e.a(FrescoTraceListener.java:57)
12-10 10:04:34.550 11547 11852 W System.err: 	at com.g.a.e$3.run(FrescoTraceListener.java:298)
12-10 10:04:34.550 11547 11852 W System.err: 	at java.util.concurrent.Executors$RunnableAdapter.call(Executors.java:487)
12-10 10:04:34.550 11547 11852 W System.err: 	at java.util.concurrent.FutureTask.run(FutureTask.java:264)
12-10 10:04:34.550 11547 11852 W System.err: 	at java.util.concurrent.ThreadPoolExecutor.runWorker(ThreadPoolExecutor.java:1145)
12-10 10:04:34.551 11547 11852 W System.err: 	at java.util.concurrent.ThreadPoolExecutor$Worker.run(ThreadPoolExecutor.java:644)
12-10 10:04:34.551 11547 11852 W System.err: 	at java.lang.Thread.run(Thread.java:1012)
12-10 10:04:34.551 11547 11852 W System.err: 	at com.zhihu.android.af.a.d.run(RulerThread.java:101)
12-10 10:04:34.553 11547 11852 W System.err: java.lang.IllegalArgumentException: sITTNetDepend is null
12-10 10:04:34.553 11547 11852 W System.err: 	at com.bytedance.ttnet.TTNetInit.getTTNetDepend(Unknown Source:10)
12-10 10:04:34.553 11547 11852 W System.err: 	at com.bytedance.ttnet.TTNetInit.getEffectiveConnectionType(Unknown Source:0)
12-10 10:04:34.553 11547 11852 W System.err: 	at com.g.a.e.a(FrescoTraceListener.java:336)
12-10 10:04:34.553 11547 11852 W System.err: 	at com.g.a.e.a(FrescoTraceListener.java:57)
12-10 10:04:34.554 11547 11852 W System.err: 	at com.g.a.e$3.run(FrescoTraceListener.java:298)
12-10 10:04:34.554 11547 11852 W System.err: 	at java.util.concurrent.Executors$RunnableAdapter.call(Executors.java:487)
12-10 10:04:34.554 11547 11852 W System.err: 	at java.util.concurrent.FutureTask.run(FutureTask.java:264)
12-10 10:04:34.554 11547 11852 W System.err: 	at java.util.concurrent.ThreadPoolExecutor.runWorker(ThreadPoolExecutor.java:1145)
12-10 10:04:34.554 11547 11852 W System.err: 	at java.util.concurrent.ThreadPoolExecutor$Worker.run(ThreadPoolExecutor.java:644)
12-10 10:04:34.554 11547 11852 W System.err: 	at java.lang.Thread.run(Thread.java:1012)
12-10 10:04:34.554 11547 11852 W System.err: 	at com.zhihu.android.af.a.d.run(RulerThread.java:101)
12-10 10:04:34.558 11547 11852 W System.err: java.lang.IllegalArgumentException: sITTNetDepend is null
12-10 10:04:34.558 11547 11852 W System.err: 	at com.bytedance.ttnet.TTNetInit.getTTNetDepend(Unknown Source:10)
12-10 10:04:34.558 11547 11852 W System.err: 	at com.bytedance.ttnet.TTNetInit.getEffectiveConnectionType(Unknown Source:0)
12-10 10:04:34.558 11547 11852 W System.err: 	at com.g.a.e.a(FrescoTraceListener.java:336)
12-10 10:04:34.558 11547 11852 W System.err: 	at com.g.a.e.a(FrescoTraceListener.java:57)
12-10 10:04:34.559 11547 11852 W System.err: 	at com.g.a.e$3.run(FrescoTraceListener.java:298)
12-10 10:04:34.559 11547 11852 W System.err: 	at java.util.concurrent.Executors$RunnableAdapter.call(Executors.java:487)
12-10 10:04:34.559 11547 11852 W System.err: 	at java.util.concurrent.FutureTask.run(FutureTask.java:264)
12-10 10:04:34.560 11547 11852 W System.err: 	at java.util.concurrent.ThreadPoolExecutor.runWorker(ThreadPoolExecutor.java:1145)
12-10 10:04:34.560 11547 11852 W System.err: 	at java.util.concurrent.ThreadPoolExecutor$Worker.run(ThreadPoolExecutor.java:644)
12-10 10:04:34.560 11547 11852 W System.err: 	at java.lang.Thread.run(Thread.java:1012)
12-10 10:04:34.560 11547 11852 W System.err: 	at com.zhihu.android.af.a.d.run(RulerThread.java:101)
12-10 10:04:34.563 11547 11852 W System.err: java.lang.IllegalArgumentException: sITTNetDepend is null
12-10 10:04:34.564 11547 11852 W System.err: 	at com.bytedance.ttnet.TTNetInit.getTTNetDepend(Unknown Source:10)
12-10 10:04:34.564 11547 11852 W System.err: 	at com.bytedance.ttnet.TTNetInit.getEffectiveConnectionType(Unknown Source:0)
12-10 10:04:34.564 11547 11852 W System.err: 	at com.g.a.e.a(FrescoTraceListener.java:336)
12-10 10:04:34.564 11547 11852 W System.err: 	at com.g.a.e.a(FrescoTraceListener.java:57)
12-10 10:04:34.565 11547 11852 W System.err: 	at com.g.a.e$3.run(FrescoTraceListener.java:298)
12-10 10:04:34.565 11547 11852 W System.err: 	at java.util.concurrent.Executors$RunnableAdapter.call(Executors.java:487)
12-10 10:04:34.566 11547 11852 W System.err: 	at java.util.concurrent.FutureTask.run(FutureTask.java:264)
