12-10 10:04:34.566 11547 11852 W System.err: 	at java.util.concurrent.ThreadPoolExecutor.runWorker(ThreadPoolExecutor.java:1145)
12-10 10:04:34.566 11547 11852 W System.err: 	at java.util.concurrent.ThreadPoolExecutor$Worker.run(ThreadPoolExecutor.java:644)
12-10 10:04:34.567 11547 11852 W System.err: 	at java.lang.Thread.run(Thread.java:1012)
12-10 10:04:34.567 11547 11852 W System.err: 	at com.zhihu.android.af.a.d.run(RulerThread.java:101)
12-10 10:04:34.570 11547 11852 W System.err: java.lang.IllegalArgumentException: sITTNetDepend is null
12-10 10:04:34.570 11547 11852 W System.err: 	at com.bytedance.ttnet.TTNetInit.getTTNetDepend(Unknown Source:10)
12-10 10:04:34.570 11547 11852 W System.err: 	at com.bytedance.ttnet.TTNetInit.getEffectiveConnectionType(Unknown Source:0)
12-10 10:04:34.570 11547 11852 W System.err: 	at com.g.a.e.a(FrescoTraceListener.java:336)
12-10 10:04:34.570 11547 11852 W System.err: 	at com.g.a.e.a(FrescoTraceListener.java:57)
12-10 10:04:34.570 11547 11852 W System.err: 	at com.g.a.e$3.run(FrescoTraceListener.java:298)
12-10 10:04:34.570 11547 11852 W System.err: 	at java.util.concurrent.Executors$RunnableAdapter.call(Executors.java:487)
12-10 10:04:34.570 11547 11852 W System.err: 	at java.util.concurrent.FutureTask.run(FutureTask.java:264)
12-10 10:04:34.570 11547 11852 W System.err: 	at java.util.concurrent.ThreadPoolExecutor.runWorker(ThreadPoolExecutor.java:1145)
12-10 10:04:34.570 11547 11852 W System.err: 	at java.util.concurrent.ThreadPoolExecutor$Worker.run(ThreadPoolExecutor.java:644)
12-10 10:04:34.570 11547 11852 W System.err: 	at java.lang.Thread.run(Thread.java:1012)
12-10 10:04:34.570 11547 11852 W System.err: 	at com.zhihu.android.af.a.d.run(RulerThread.java:101)
12-10 10:04:34.571 11547 11852 W System.err: java.lang.IllegalArgumentException: sITTNetDepend is null
12-10 10:04:34.571 11547 11852 W System.err: 	at com.bytedance.ttnet.TTNetInit.getTTNetDepend(Unknown Source:10)
12-10 10:04:34.572 11547 11852 W System.err: 	at com.bytedance.ttnet.TTNetInit.getEffectiveConnectionType(Unknown Source:0)
12-10 10:04:34.572 11547 11852 W System.err: 	at com.g.a.e.a(FrescoTraceListener.java:336)
12-10 10:04:34.572 11547 11852 W System.err: 	at com.g.a.e.a(FrescoTraceListener.java:57)
12-10 10:04:34.572 11547 11852 W System.err: 	at com.g.a.e$3.run(FrescoTraceListener.java:298)
12-10 10:04:34.572 11547 11852 W System.err: 	at java.util.concurrent.Executors$RunnableAdapter.call(Executors.java:487)
12-10 10:04:34.572 11547 11852 W System.err: 	at java.util.concurrent.FutureTask.run(FutureTask.java:264)
12-10 10:04:34.572 11547 11852 W System.err: 	at java.util.concurrent.ThreadPoolExecutor.runWorker(ThreadPoolExecutor.java:1145)
12-10 10:04:34.572 11547 11852 W System.err: 	at java.util.concurrent.ThreadPoolExecutor$Worker.run(ThreadPoolExecutor.java:644)
12-10 10:04:34.572 11547 11852 W System.err: 	at java.lang.Thread.run(Thread.java:1012)
12-10 10:04:34.572 11547 11852 W System.err: 	at com.zhihu.android.af.a.d.run(RulerThread.java:101)
12-10 10:04:34.574 11547 11852 W System.err: java.lang.IllegalArgumentException: sITTNetDepend is null
12-10 10:04:34.574 11547 11852 W System.err: 	at com.bytedance.ttnet.TTNetInit.getTTNetDepend(Unknown Source:10)
12-10 10:04:34.574 11547 11852 W System.err: 	at com.bytedance.ttnet.TTNetInit.getEffectiveConnectionType(Unknown Source:0)
12-10 10:04:34.574 11547 11852 W System.err: 	at com.g.a.e.a(FrescoTraceListener.java:336)
12-10 10:04:34.574 11547 11852 W System.err: 	at com.g.a.e.a(FrescoTraceListener.java:57)
12-10 10:04:34.574 11547 11852 W System.err: 	at com.g.a.e$3.run(FrescoTraceListener.java:298)
12-10 10:04:34.574 11547 11852 W System.err: 	at java.util.concurrent.Executors$RunnableAdapter.call(Executors.java:487)
12-10 10:04:34.574 11547 11852 W System.err: 	at java.util.concurrent.FutureTask.run(FutureTask.java:264)
12-10 10:04:34.575 11547 11852 W System.err: 	at java.util.concurrent.ThreadPoolExecutor.runWorker(ThreadPoolExecutor.java:1145)
12-10 10:04:34.575 11547 11852 W System.err: 	at java.util.concurrent.ThreadPoolExecutor$Worker.run(ThreadPoolExecutor.java:644)
12-10 10:04:34.575 11547 11852 W System.err: 	at java.lang.Thread.run(Thread.java:1012)
12-10 10:04:34.576 11547 11852 W System.err: 	at com.zhihu.android.af.a.d.run(RulerThread.java:101)
12-10 10:04:34.578 11547 11852 W System.err: java.lang.IllegalArgumentException: sITTNetDepend is null
12-10 10:04:34.579 11547 11852 W System.err: 	at com.bytedance.ttnet.TTNetInit.getTTNetDepend(Unknown Source:10)
12-10 10:04:34.579 11547 11852 W System.err: 	at com.bytedance.ttnet.TTNetInit.getEffectiveConnectionType(Unknown Source:0)
12-10 10:04:34.579 11547 11852 W System.err: 	at com.g.a.e.a(FrescoTraceListener.java:336)
12-10 10:04:34.579 11547 11852 W System.err: 	at com.g.a.e.a(FrescoTraceListener.java:57)
12-10 10:04:34.580 11547 11852 W System.err: 	at com.g.a.e$3.run(FrescoTraceListener.java:298)
12-10 10:04:34.580 11547 11852 W System.err: 	at java.util.concurrent.Executors$RunnableAdapter.call(Executors.java:487)
12-10 10:04:34.580 11547 11852 W System.err: 	at java.util.concurrent.FutureTask.run(FutureTask.java:264)
12-10 10:04:34.582 11547 11852 W System.err: 	at java.util.concurrent.ThreadPoolExecutor.runWorker(ThreadPoolExecutor.java:1145)
12-10 10:04:34.582 11547 11852 W System.err: 	at java.util.concurrent.ThreadPoolExecutor$Worker.run(ThreadPoolExecutor.java:644)
12-10 10:04:34.582 11547 11852 W System.err: 	at java.lang.Thread.run(Thread.java:1012)
12-10 10:04:34.582   598   621 W BestClock: java.time.DateTimeException: Missing network time fix
12-10 10:04:34.582 11547 11852 W System.err: 	at com.zhihu.android.af.a.d.run(RulerThread.java:101)
12-10 10:04:34.584   598   621 W BestClock: java.time.DateTimeException: Missing network time fix
12-10 10:04:34.589   598   621 W BestClock: java.time.DateTimeException: Missing network time fix
12-10 10:04:34.589 11547 11852 W System.err: java.lang.IllegalArgumentException: sITTNetDepend is null
12-10 10:04:34.590 11547 11852 W System.err: 	at com.bytedance.ttnet.TTNetInit.getTTNetDepend(Unknown Source:10)
12-10 10:04:34.590 11547 11852 W System.err: 	at com.bytedance.ttnet.TTNetInit.getEffectiveConnectionType(Unknown Source:0)
12-10 10:04:34.590 11547 11852 W System.err: 	at com.g.a.e.a(FrescoTraceListener.java:336)
12-10 10:04:34.590 11547 11852 W System.err: 	at com.g.a.e.a(FrescoTraceListener.java:57)
12-10 10:04:34.590 11547 11852 W System.err: 	at com.g.a.e$3.run(FrescoTraceListener.java:298)
12-10 10:04:34.590 11547 11852 W System.err: 	at java.util.concurrent.Executors$RunnableAdapter.call(Executors.java:487)
12-10 10:04:34.590 11547 11852 W System.err: 	at java.util.concurrent.FutureTask.run(FutureTask.java:264)
12-10 10:04:34.590 11547 11852 W System.err: 	at java.util.concurrent.ThreadPoolExecutor.runWorker(ThreadPoolExecutor.java:1145)
12-10 10:04:34.590 11547 11852 W System.err: 	at java.util.concurrent.ThreadPoolExecutor$Worker.run(ThreadPoolExecutor.java:644)
12-10 10:04:34.590 11547 11852 W System.err: 	at java.lang.Thread.run(Thread.java:1012)
12-10 10:04:34.590 11547 11852 W System.err: 	at com.zhihu.android.af.a.d.run(RulerThread.java:101)
12-10 10:04:34.592 11547 11852 W System.err: java.lang.IllegalArgumentException: sITTNetDepend is null
12-10 10:04:34.593 11547 11852 W System.err: 	at com.bytedance.ttnet.TTNetInit.getTTNetDepend(Unknown Source:10)
12-10 10:04:34.593 11547 11852 W System.err: 	at com.bytedance.ttnet.TTNetInit.getEffectiveConnectionType(Unknown Source:0)
12-10 10:04:34.594 11547 11852 W System.err: 	at com.g.a.e.a(FrescoTraceListener.java:336)
12-10 10:04:34.595 11547 11852 W System.err: 	at com.g.a.e.a(FrescoTraceListener.java:57)
12-10 10:04:34.595 11547 11852 W System.err: 	at com.g.a.e$3.run(FrescoTraceListener.java:298)
12-10 10:04:34.595 11547 11852 W System.err: 	at java.util.concurrent.Executors$RunnableAdapter.call(Executors.java:487)
12-10 10:04:34.596 11547 11852 W System.err: 	at java.util.concurrent.FutureTask.run(FutureTask.java:264)
12-10 10:04:34.596 11547 11852 W System.err: 	at java.util.concurrent.ThreadPoolExecutor.runWorker(ThreadPoolExecutor.java:1145)
12-10 10:04:34.596 11547 11852 W System.err: 	at java.util.concurrent.ThreadPoolExecutor$Worker.run(ThreadPoolExecutor.java:644)
12-10 10:04:34.596 11547 11852 W System.err: 	at java.lang.Thread.run(Thread.java:1012)
12-10 10:04:34.596 11547 11852 W System.err: 	at com.zhihu.android.af.a.d.run(RulerThread.java:101)
12-10 10:04:34.598 11547 11852 W System.err: java.lang.IllegalArgumentException: sITTNetDepend is null
12-10 10:04:34.598 11547 11852 W System.err: 	at com.bytedance.ttnet.TTNetInit.getTTNetDepend(Unknown Source:10)
12-10 10:04:34.599 11547 11852 W System.err: 	at com.bytedance.ttnet.TTNetInit.getEffectiveConnectionType(Unknown Source:0)
12-10 10:04:34.599 11547 11852 W System.err: 	at com.g.a.e.a(FrescoTraceListener.java:336)
12-10 10:04:34.599 11547 11852 W System.err: 	at com.g.a.e.a(FrescoTraceListener.java:57)
12-10 10:04:34.600 11547 11852 W System.err: 	at com.g.a.e$3.run(FrescoTraceListener.java:298)
12-10 10:04:34.600 11547 11852 W System.err: 	at java.util.concurrent.Executors$RunnableAdapter.call(Executors.java:487)
12-10 10:04:34.601 11547 11852 W System.err: 	at java.util.concurrent.FutureTask.run(FutureTask.java:264)
12-10 10:04:34.601 11547 11852 W System.err: 	at java.util.concurrent.ThreadPoolExecutor.runWorker(ThreadPoolExecutor.java:1145)
12-10 10:04:34.602 11547 11852 W System.err: 	at java.util.concurrent.ThreadPoolExecutor$Worker.run(ThreadPoolExecutor.java:644)
12-10 10:04:34.602 11547 11852 W System.err: 	at java.lang.Thread.run(Thread.java:1012)
12-10 10:04:34.603 11547 11852 W System.err: 	at com.zhihu.android.af.a.d.run(RulerThread.java:101)
12-10 10:04:34.604 11547 11852 W System.err: java.lang.IllegalArgumentException: sITTNetDepend is null
12-10 10:04:34.605 11547 11852 W System.err: 	at com.bytedance.ttnet.TTNetInit.getTTNetDepend(Unknown Source:10)
12-10 10:04:34.605 11547 11852 W System.err: 	at com.bytedance.ttnet.TTNetInit.getEffectiveConnectionType(Unknown Source:0)
12-10 10:04:34.606 11547 11852 W System.err: 	at com.g.a.e.a(FrescoTraceListener.java:336)
12-10 10:04:34.606 11547 11852 W System.err: 	at com.g.a.e.a(FrescoTraceListener.java:57)
12-10 10:04:34.606 11547 11852 W System.err: 	at com.g.a.e$3.run(FrescoTraceListener.java:298)
12-10 10:04:34.607 11547 11852 W System.err: 	at java.util.concurrent.Executors$RunnableAdapter.call(Executors.java:487)
12-10 10:04:34.607 11547 11852 W System.err: 	at java.util.concurrent.FutureTask.run(FutureTask.java:264)
12-10 10:04:34.607 11547 11852 W System.err: 	at java.util.concurrent.ThreadPoolExecutor.runWorker(ThreadPoolExecutor.java:1145)
12-10 10:04:34.608 11547 11852 W System.err: 	at java.util.concurrent.ThreadPoolExecutor$Worker.run(ThreadPoolExecutor.java:644)
12-10 10:04:34.608 11547 11852 W System.err: 	at java.lang.Thread.run(Thread.java:1012)
12-10 10:04:34.609 11547 11852 W System.err: 	at com.zhihu.android.af.a.d.run(RulerThread.java:101)
12-10 10:04:34.617 11547 11852 W System.err: java.lang.IllegalArgumentException: sITTNetDepend is null
12-10 10:04:34.618 11547 11852 W System.err: 	at com.bytedance.ttnet.TTNetInit.getTTNetDepend(Unknown Source:10)
12-10 10:04:34.618 11547 11852 W System.err: 	at com.bytedance.ttnet.TTNetInit.getEffectiveConnectionType(Unknown Source:0)
12-10 10:04:34.618 11547 11852 W System.err: 	at com.g.a.e.a(FrescoTraceListener.java:336)
12-10 10:04:34.618 11547 11852 W System.err: 	at com.g.a.e.a(FrescoTraceListener.java:57)
12-10 10:04:34.618 11547 11852 W System.err: 	at com.g.a.e$3.run(FrescoTraceListener.java:298)
12-10 10:04:34.618 11547 11852 W System.err: 	at java.util.concurrent.Executors$RunnableAdapter.call(Executors.java:487)
12-10 10:04:34.618 11547 11852 W System.err: 	at java.util.concurrent.FutureTask.run(FutureTask.java:264)
12-10 10:04:34.618 11547 11852 W System.err: 	at java.util.concurrent.ThreadPoolExecutor.runWorker(ThreadPoolExecutor.java:1145)
12-10 10:04:34.618 11547 11852 W System.err: 	at java.util.concurrent.ThreadPoolExecutor$Worker.run(ThreadPoolExecutor.java:644)
12-10 10:04:34.618 11547 11852 W System.err: 	at java.lang.Thread.run(Thread.java:1012)
12-10 10:04:34.618 11547 11852 W System.err: 	at com.zhihu.android.af.a.d.run(RulerThread.java:101)
12-10 10:04:34.621 11547 11852 W System.err: java.lang.IllegalArgumentException: sITTNetDepend is null
12-10 10:04:34.622 11547 11852 W System.err: 	at com.bytedance.ttnet.TTNetInit.getTTNetDepend(Unknown Source:10)
12-10 10:04:34.622 11547 11852 W System.err: 	at com.bytedance.ttnet.TTNetInit.getEffectiveConnectionType(Unknown Source:0)
12-10 10:04:34.622 11547 11852 W System.err: 	at com.g.a.e.a(FrescoTraceListener.java:336)
12-10 10:04:34.622 11547 11852 W System.err: 	at com.g.a.e.a(FrescoTraceListener.java:57)
12-10 10:04:34.622 11547 11852 W System.err: 	at com.g.a.e$3.run(FrescoTraceListener.java:298)
12-10 10:04:34.623 11547 11852 W System.err: 	at java.util.concurrent.Executors$RunnableAdapter.call(Executors.java:487)
12-10 10:04:34.623 11547 11852 W System.err: 	at java.util.concurrent.FutureTask.run(FutureTask.java:264)
12-10 10:04:34.623 11547 11852 W System.err: 	at java.util.concurrent.ThreadPoolExecutor.runWorker(ThreadPoolExecutor.java:1145)
12-10 10:04:34.623 11547 11852 W System.err: 	at java.util.concurrent.ThreadPoolExecutor$Worker.run(ThreadPoolExecutor.java:644)
12-10 10:04:34.623 11547 11852 W System.err: 	at java.lang.Thread.run(Thread.java:1012)
12-10 10:04:34.623 11547 11852 W System.err: 	at com.zhihu.android.af.a.d.run(RulerThread.java:101)
12-10 10:04:34.627 11547 11852 W System.err: java.lang.IllegalArgumentException: sITTNetDepend is null
12-10 10:04:34.627 11547 11852 W System.err: 	at com.bytedance.ttnet.TTNetInit.getTTNetDepend(Unknown Source:10)
12-10 10:04:34.627 11547 11852 W System.err: 	at com.bytedance.ttnet.TTNetInit.getEffectiveConnectionType(Unknown Source:0)
12-10 10:04:34.628 11547 11852 W System.err: 	at com.g.a.e.a(FrescoTraceListener.java:336)
12-10 10:04:34.628 11547 11852 W System.err: 	at com.g.a.e.a(FrescoTraceListener.java:57)
12-10 10:04:34.628 11547 11852 W System.err: 	at com.g.a.e$3.run(FrescoTraceListener.java:298)
12-10 10:04:34.628 11547 11852 W System.err: 	at java.util.concurrent.Executors$RunnableAdapter.call(Executors.java:487)
12-10 10:04:34.628 11547 11852 W System.err: 	at java.util.concurrent.FutureTask.run(FutureTask.java:264)
12-10 10:04:34.628 11547 11852 W System.err: 	at java.util.concurrent.ThreadPoolExecutor.runWorker(ThreadPoolExecutor.java:1145)
12-10 10:04:34.629 11547 11852 W System.err: 	at java.util.concurrent.ThreadPoolExecutor$Worker.run(ThreadPoolExecutor.java:644)
12-10 10:04:34.630 11547 11852 W System.err: 	at java.lang.Thread.run(Thread.java:1012)
12-10 10:04:34.630 11547 11852 W System.err: 	at com.zhihu.android.af.a.d.run(RulerThread.java:101)
12-10 10:04:34.634 11547 11852 W System.err: java.lang.IllegalArgumentException: sITTNetDepend is null
12-10 10:04:34.636 11547 11852 W System.err: 	at com.bytedance.ttnet.TTNetInit.getTTNetDepend(Unknown Source:10)
12-10 10:04:34.636 11547 11852 W System.err: 	at com.bytedance.ttnet.TTNetInit.getEffectiveConnectionType(Unknown Source:0)
12-10 10:04:34.637 11547 11852 W System.err: 	at com.g.a.e.a(FrescoTraceListener.java:336)
12-10 10:04:34.637 11547 11852 W System.err: 	at com.g.a.e.a(FrescoTraceListener.java:57)
12-10 10:04:34.637 11547 11852 W System.err: 	at com.g.a.e$3.run(FrescoTraceListener.java:298)
12-10 10:04:34.637 11547 11852 W System.err: 	at java.util.concurrent.Executors$RunnableAdapter.call(Executors.java:487)
12-10 10:04:34.637 11547 11852 W System.err: 	at java.util.concurrent.FutureTask.run(FutureTask.java:264)
12-10 10:04:34.637 11547 11852 W System.err: 	at java.util.concurrent.ThreadPoolExecutor.runWorker(ThreadPoolExecutor.java:1145)
12-10 10:04:34.637 11547 11852 W System.err: 	at java.util.concurrent.ThreadPoolExecutor$Worker.run(ThreadPoolExecutor.java:644)
12-10 10:04:34.637 11547 11852 W System.err: 	at java.lang.Thread.run(Thread.java:1012)
12-10 10:04:34.637 11547 11852 W System.err: 	at com.zhihu.android.af.a.d.run(RulerThread.java:101)
12-10 10:04:34.886 11547 11852 W System.err: java.lang.IllegalArgumentException: sITTNetDepend is null
12-10 10:04:34.886 11547 11852 W System.err: 	at com.bytedance.ttnet.TTNetInit.getTTNetDepend(Unknown Source:10)
12-10 10:04:34.886 11547 11852 W System.err: 	at com.bytedance.ttnet.TTNetInit.getEffectiveConnectionType(Unknown Source:0)
12-10 10:04:34.887 11547 11852 W System.err: 	at com.g.a.e.a(FrescoTraceListener.java:336)
12-10 10:04:34.887 11547 11852 W System.err: 	at com.g.a.e.a(FrescoTraceListener.java:57)
12-10 10:04:34.887 11547 11852 W System.err: 	at com.g.a.e$3.run(FrescoTraceListener.java:298)
12-10 10:04:34.887 11547 11852 W System.err: 	at java.util.concurrent.Executors$RunnableAdapter.call(Executors.java:487)
12-10 10:04:34.887 11547 11852 W System.err: 	at java.util.concurrent.FutureTask.run(FutureTask.java:264)
12-10 10:04:34.887 11547 11852 W System.err: 	at java.util.concurrent.ThreadPoolExecutor.runWorker(ThreadPoolExecutor.java:1145)
12-10 10:04:34.887 11547 11852 W System.err: 	at java.util.concurrent.ThreadPoolExecutor$Worker.run(ThreadPoolExecutor.java:644)
12-10 10:04:34.887 11547 11852 W System.err: 	at java.lang.Thread.run(Thread.java:1012)
12-10 10:04:34.887 11547 11852 W System.err: 	at com.zhihu.android.af.a.d.run(RulerThread.java:101)
12-10 10:04:34.954 11547 11602 W System.err: java.lang.IllegalAccessException: you must call from main thread
12-10 10:04:34.954 11547 11602 W System.err: 	at com.zhihu.android.app.util.gt.a(UiCollections.java:44)
12-10 10:04:34.954 11547 11602 W System.err: 	at com.zhihu.android.app.util.gs.subList(UiArrayList.java:91)
12-10 10:04:34.954 11547 11602 W System.err: 	at com.zhihu.android.api.viewholder.AdFeedFlowWatcher.getVisibleDataList(AdFeedFlowWatcher.java:226)
12-10 10:04:34.954 11547 11602 W System.err: 	at com.zhihu.android.api.viewholder.AdFeedFlowWatcher$2.execute(AdFeedFlowWatcher.java:186)
12-10 10:04:34.954 11547 11602 W System.err: 	at com.zhihu.android.af.c.run(NamedRunnable.kt:24)
12-10 10:04:34.955 11547 11602 W System.err: 	at java.util.concurrent.Executors$RunnableAdapter.call(Executors.java:487)
12-10 10:04:34.955 11547 11602 W System.err: 	at java.util.concurrent.FutureTask.run(FutureTask.java:264)
12-10 10:04:34.955 11547 11602 W System.err: 	at java.util.concurrent.ScheduledThreadPoolExecutor$ScheduledFutureTask.run(ScheduledThreadPoolExecutor.java:307)
12-10 10:04:34.955 11547 11602 W System.err: 	at java.util.concurrent.ThreadPoolExecutor.runWorker(ThreadPoolExecutor.java:1145)
12-10 10:04:34.955 11547 11602 W System.err: 	at java.util.concurrent.ThreadPoolExecutor$Worker.run(ThreadPoolExecutor.java:644)
12-10 10:04:34.955 11547 11602 W System.err: 	at java.lang.Thread.run(Thread.java:1012)
12-10 10:04:34.955 11547 11602 W System.err: 	at com.zhihu.android.af.a.d.run(RulerThread.java:101)
12-10 10:04:34.965 11547 12896 W System.err: java.lang.IllegalAccessException: you must call from main thread
12-10 10:04:34.965 11547 12896 W System.err: 	at com.zhihu.android.app.util.gt.a(UiCollections.java:44)
12-10 10:04:34.965 11547 12896 W System.err: 	at com.zhihu.android.app.util.gs.subList(UiArrayList.java:91)
12-10 10:04:34.965 11547 12896 W System.err: 	at com.zhihu.android.app.feed.util.ap.b(ZPreloadUtils.kt:65)
12-10 10:04:34.965 11547 12896 W System.err: 	at com.zhihu.android.app.feed.util.ap.a(ZPreloadUtils.kt:33)
12-10 10:04:34.965 11547 12896 W System.err: 	at com.zhihu.android.app.feed.ui2.a.a.d$c.a(CommonContentPreloadDelegate.kt:105)
12-10 10:04:34.965 11547 12896 W System.err: 	at com.zhihu.android.app.feed.ui2.a.a.d$c.invoke(CommonContentPreloadDelegate.kt:25)
12-10 10:04:34.965 11547 12896 W System.err: 	at com.zhihu.android.af.a.c$a.run(RulerKt.kt:36)
12-10 10:04:34.977 11547 11547 I System.out: The URL does not point to a .heif or .gif file
12-10 10:04:34.985 11547 11547 I System.out: The URL does not point to a .heif or .gif file
12-10 10:04:34.994 11547 11547 I System.out: The URL does not point to a .heif or .gif file
12-10 10:04:34.997 11547 11941 I ttheif_dec: heif_info : data_size:100188 is_grid:0 has_clap:0 is_seqence;0 cols:0 rows:0 width:1080 height:1404 angle:0.
12-10 10:04:35.002 11547 11547 I System.out: The URL does not point to a .heif or .gif file
12-10 10:04:35.013 11547 11547 I System.out: The URL does not point to a .heif or .gif file
12-10 10:04:35.020 11547 11547 I System.out: The URL does not point to a .heif or .gif file
12-10 10:04:35.037 11547 11939 I ttheif_dec: heif_info : data_size:285 is_grid:0 has_clap:0 is_seqence;0 cols:0 rows:0 width:36 height:36 angle:0.
12-10 10:04:35.065 11547 11937 I ttheif_dec: heif_info : data_size:4262 is_grid:0 has_clap:0 is_seqence;0 cols:0 rows:0 width:640 height:640 angle:0.
12-10 10:04:35.066 11547 11852 W System.err: java.lang.IllegalArgumentException: sITTNetDepend is null
12-10 10:04:35.066 11547 11852 W System.err: 	at com.bytedance.ttnet.TTNetInit.getTTNetDepend(Unknown Source:10)
12-10 10:04:35.066 11547 11852 W System.err: 	at com.bytedance.ttnet.TTNetInit.getEffectiveConnectionType(Unknown Source:0)
12-10 10:04:35.066 11547 11852 W System.err: 	at com.g.a.e.a(FrescoTraceListener.java:336)
12-10 10:04:35.066 11547 11852 W System.err: 	at com.g.a.e.a(FrescoTraceListener.java:57)
12-10 10:04:35.066 11547 11852 W System.err: 	at com.g.a.e$3.run(FrescoTraceListener.java:298)
12-10 10:04:35.066 11547 11852 W System.err: 	at java.util.concurrent.Executors$RunnableAdapter.call(Executors.java:487)
12-10 10:04:35.066 11547 11852 W System.err: 	at java.util.concurrent.FutureTask.run(FutureTask.java:264)
12-10 10:04:35.066 11547 11852 W System.err: 	at java.util.concurrent.ThreadPoolExecutor.runWorker(ThreadPoolExecutor.java:1145)
12-10 10:04:35.067 11547 11852 W System.err: 	at java.util.concurrent.ThreadPoolExecutor$Worker.run(ThreadPoolExecutor.java:644)
12-10 10:04:35.067 11547 11852 W System.err: 	at java.lang.Thread.run(Thread.java:1012)
12-10 10:04:35.068 11547 11852 W System.err: 	at com.zhihu.android.af.a.d.run(RulerThread.java:101)
12-10 10:04:35.074 11547 11852 W System.err: java.lang.IllegalArgumentException: sITTNetDepend is null
12-10 10:04:35.074 11547 11852 W System.err: 	at com.bytedance.ttnet.TTNetInit.getTTNetDepend(Unknown Source:10)
12-10 10:04:35.074 11547 11852 W System.err: 	at com.bytedance.ttnet.TTNetInit.getEffectiveConnectionType(Unknown Source:0)
12-10 10:04:35.074 11547 11852 W System.err: 	at com.g.a.e.a(FrescoTraceListener.java:336)
12-10 10:04:35.075 11547 11852 W System.err: 	at com.g.a.e.a(FrescoTraceListener.java:57)
12-10 10:04:35.075 11547 11852 W System.err: 	at com.g.a.e$3.run(FrescoTraceListener.java:298)
12-10 10:04:35.075 11547 11852 W System.err: 	at java.util.concurrent.Executors$RunnableAdapter.call(Executors.java:487)
12-10 10:04:35.075 11547 11852 W System.err: 	at java.util.concurrent.FutureTask.run(FutureTask.java:264)
12-10 10:04:35.075 11547 11852 W System.err: 	at java.util.concurrent.ThreadPoolExecutor.runWorker(ThreadPoolExecutor.java:1145)
12-10 10:04:35.075 11547 11852 W System.err: 	at java.util.concurrent.ThreadPoolExecutor$Worker.run(ThreadPoolExecutor.java:644)
12-10 10:04:35.075 11547 11852 W System.err: 	at java.lang.Thread.run(Thread.java:1012)
12-10 10:04:35.075 11547 11852 W System.err: 	at com.zhihu.android.af.a.d.run(RulerThread.java:101)
12-10 10:04:35.076 11547 11852 W System.err: java.lang.IllegalArgumentException: sITTNetDepend is null
12-10 10:04:35.076 11547 11852 W System.err: 	at com.bytedance.ttnet.TTNetInit.getTTNetDepend(Unknown Source:10)
12-10 10:04:35.076 11547 11852 W System.err: 	at com.bytedance.ttnet.TTNetInit.getEffectiveConnectionType(Unknown Source:0)
12-10 10:04:35.076 11547 11852 W System.err: 	at com.g.a.e.a(FrescoTraceListener.java:336)
12-10 10:04:35.076 11547 11852 W System.err: 	at com.g.a.e.a(FrescoTraceListener.java:57)
12-10 10:04:35.076 11547 11852 W System.err: 	at com.g.a.e$3.run(FrescoTraceListener.java:298)
12-10 10:04:35.076 11547 11852 W System.err: 	at java.util.concurrent.Executors$RunnableAdapter.call(Executors.java:487)
12-10 10:04:35.076 11547 11852 W System.err: 	at java.util.concurrent.FutureTask.run(FutureTask.java:264)
12-10 10:04:35.076 11547 11852 W System.err: 	at java.util.concurrent.ThreadPoolExecutor.runWorker(ThreadPoolExecutor.java:1145)
12-10 10:04:35.076 11547 11852 W System.err: 	at java.util.concurrent.ThreadPoolExecutor$Worker.run(ThreadPoolExecutor.java:644)
12-10 10:04:35.076 11547 11852 W System.err: 	at java.lang.Thread.run(Thread.java:1012)
12-10 10:04:35.076 11547 11852 W System.err: 	at com.zhihu.android.af.a.d.run(RulerThread.java:101)
12-10 10:04:35.133 11547 11852 W System.err: java.lang.IllegalArgumentException: sITTNetDepend is null
12-10 10:04:35.134 11547 11852 W System.err: 	at com.bytedance.ttnet.TTNetInit.getTTNetDepend(Unknown Source:10)
12-10 10:04:35.134 11547 11852 W System.err: 	at com.bytedance.ttnet.TTNetInit.getEffectiveConnectionType(Unknown Source:0)
12-10 10:04:35.134 11547 11852 W System.err: 	at com.g.a.e.a(FrescoTraceListener.java:336)
12-10 10:04:35.134 11547 11852 W System.err: 	at com.g.a.e.a(FrescoTraceListener.java:57)
12-10 10:04:35.134 11547 11852 W System.err: 	at com.g.a.e$3.run(FrescoTraceListener.java:298)
12-10 10:04:35.134 11547 11852 W System.err: 	at java.util.concurrent.Executors$RunnableAdapter.call(Executors.java:487)
12-10 10:04:35.134 11547 11852 W System.err: 	at java.util.concurrent.FutureTask.run(FutureTask.java:264)
12-10 10:04:35.134 11547 11852 W System.err: 	at java.util.concurrent.ThreadPoolExecutor.runWorker(ThreadPoolExecutor.java:1145)
12-10 10:04:35.134 11547 11852 W System.err: 	at java.util.concurrent.ThreadPoolExecutor$Worker.run(ThreadPoolExecutor.java:644)
12-10 10:04:35.134 11547 11852 W System.err: 	at java.lang.Thread.run(Thread.java:1012)
12-10 10:04:35.135 11547 11852 W System.err: 	at com.zhihu.android.af.a.d.run(RulerThread.java:101)
12-10 10:04:35.137 11547 11852 E m.zhihu.android: No package ID ff found for resource ID 0xffffffff.
12-10 10:04:35.141 11547 11852 W System.err: java.lang.IllegalArgumentException: sITTNetDepend is null
12-10 10:04:35.141 11547 11852 W System.err: 	at com.bytedance.ttnet.TTNetInit.getTTNetDepend(Unknown Source:10)
12-10 10:04:35.141 11547 11852 W System.err: 	at com.bytedance.ttnet.TTNetInit.getEffectiveConnectionType(Unknown Source:0)
12-10 10:04:35.143 11547 11852 W System.err: 	at com.g.a.e.a(FrescoTraceListener.java:336)
12-10 10:04:35.144 11547 11852 W System.err: 	at com.g.a.e.a(FrescoTraceListener.java:57)
12-10 10:04:35.144 11547 11852 W System.err: 	at com.g.a.e$3.run(FrescoTraceListener.java:298)
12-10 10:04:35.144 11547 11852 W System.err: 	at java.util.concurrent.Executors$RunnableAdapter.call(Executors.java:487)
12-10 10:04:35.144 11547 11852 W System.err: 	at java.util.concurrent.FutureTask.run(FutureTask.java:264)
12-10 10:04:35.144 11547 11852 W System.err: 	at java.util.concurrent.ThreadPoolExecutor.runWorker(ThreadPoolExecutor.java:1145)
12-10 10:04:35.146 11547 11852 W System.err: 	at java.util.concurrent.ThreadPoolExecutor$Worker.run(ThreadPoolExecutor.java:644)
12-10 10:04:35.146 11547 11852 W System.err: 	at java.lang.Thread.run(Thread.java:1012)
12-10 10:04:35.146 11547 11852 W System.err: 	at com.zhihu.android.af.a.d.run(RulerThread.java:101)
12-10 10:04:35.310 11547 11938 I ttheif_dec: heif_info : data_size:7755 is_grid:0 has_clap:0 is_seqence;0 cols:0 rows:0 width:296 height:296 angle:0.
12-10 10:04:35.387 11547 11852 W System.err: java.lang.IllegalArgumentException: sITTNetDepend is null
12-10 10:04:35.390 11547 11852 W System.err: 	at com.bytedance.ttnet.TTNetInit.getTTNetDepend(Unknown Source:10)
12-10 10:04:35.391 11547 11852 W System.err: 	at com.bytedance.ttnet.TTNetInit.getEffectiveConnectionType(Unknown Source:0)
12-10 10:04:35.391 11547 11852 W System.err: 	at com.g.a.e.a(FrescoTraceListener.java:336)
12-10 10:04:35.392 11547 11852 W System.err: 	at com.g.a.e.a(FrescoTraceListener.java:57)
12-10 10:04:35.393 11547 11852 W System.err: 	at com.g.a.e$3.run(FrescoTraceListener.java:298)
12-10 10:04:35.393 11547 11852 W System.err: 	at java.util.concurrent.Executors$RunnableAdapter.call(Executors.java:487)
12-10 10:04:35.396 11547 11852 W System.err: 	at java.util.concurrent.FutureTask.run(FutureTask.java:264)
12-10 10:04:35.396 11547 11852 W System.err: 	at java.util.concurrent.ThreadPoolExecutor.runWorker(ThreadPoolExecutor.java:1145)
12-10 10:04:35.398 11547 11852 W System.err: 	at java.util.concurrent.ThreadPoolExecutor$Worker.run(ThreadPoolExecutor.java:644)
12-10 10:04:35.399 11547 11852 W System.err: 	at java.lang.Thread.run(Thread.java:1012)
12-10 10:04:35.399 11547 11852 W System.err: 	at com.zhihu.android.af.a.d.run(RulerThread.java:101)
12-10 10:04:35.402 11547 11852 E m.zhihu.android: No package ID ff found for resource ID 0xffffffff.
12-10 10:04:35.440 11547 11852 W System.err: java.lang.IllegalArgumentException: sITTNetDepend is null
12-10 10:04:35.440 11547 11852 W System.err: 	at com.bytedance.ttnet.TTNetInit.getTTNetDepend(Unknown Source:10)
12-10 10:04:35.440 11547 11852 W System.err: 	at com.bytedance.ttnet.TTNetInit.getEffectiveConnectionType(Unknown Source:0)
12-10 10:04:35.440 11547 11852 W System.err: 	at com.g.a.e.a(FrescoTraceListener.java:336)
12-10 10:04:35.440 11547 11852 W System.err: 	at com.g.a.e.a(FrescoTraceListener.java:57)
12-10 10:04:35.440 11547 11852 W System.err: 	at com.g.a.e$3.run(FrescoTraceListener.java:298)
12-10 10:04:35.440 11547 11852 W System.err: 	at java.util.concurrent.Executors$RunnableAdapter.call(Executors.java:487)
12-10 10:04:35.441 11547 11852 W System.err: 	at java.util.concurrent.FutureTask.run(FutureTask.java:264)
12-10 10:04:35.441 11547 11852 W System.err: 	at java.util.concurrent.ThreadPoolExecutor.runWorker(ThreadPoolExecutor.java:1145)
12-10 10:04:35.441 11547 11852 W System.err: 	at java.util.concurrent.ThreadPoolExecutor$Worker.run(ThreadPoolExecutor.java:644)
12-10 10:04:35.441 11547 11852 W System.err: 	at java.lang.Thread.run(Thread.java:1012)
12-10 10:04:35.441 11547 11852 W System.err: 	at com.zhihu.android.af.a.d.run(RulerThread.java:101)
12-10 10:04:35.444 11547 11852 E m.zhihu.android: No package ID ff found for resource ID 0xffffffff.
12-10 10:04:35.592   598  4019 W BestClock: java.time.DateTimeException: Missing network time fix
12-10 10:04:35.592   598  4019 W BestClock: java.time.DateTimeException: Missing network time fix
12-10 10:04:35.594   598  4019 W BestClock: java.time.DateTimeException: Missing network time fix
12-10 10:04:35.680 12908 12908 W BpBinder: Linking to death on android.gui.ISurfaceComposer but there are no threads (yet?) listening to incoming transactions. See ProcessState::startThreadPool and ProcessState::setThreadPoolMaxThreadCount. Generally you should setup the binder threadpool before other initialization steps.
12-10 10:04:35.681 12908 12908 W ProcessState: Extra binder thread started, but 0 threads requested. Do not use *startThreadPool when zero threads are requested.
12-10 10:04:35.712   184   184 I hwservicemanager: getTransport: Cannot find entry android.hardware.graphics.mapper@4.0::IMapper/default in either framework or device VINTF manifest.
12-10 10:04:35.712 12908 12911 I Gralloc4: mapper 4.x is not supported
12-10 10:04:35.799  1292  2080 W MediaProvider: isAppCloneUserPair for user 0: false
12-10 10:04:36.113   598  4019 I ActivityManager: Broadcasting: Intent { act=android.intent.action.MEDIA_SCANNER_SCAN_FILE dat=file:///... flg=0x400000 }
12-10 10:04:36.114   598  4019 I ActivityManager: Enqueued broadcast Intent { act=android.intent.action.MEDIA_SCANNER_SCAN_FILE dat=file:///... flg=0x400000 }: 0
12-10 10:04:36.118   598  4017 W JobInfo : Job 'com.google.android.providers.media.module/com.android.providers.media.MediaService#-300' has a deadline with no functional constraints. The deadline won't improve job execution latency. Consider removing the deadline.
12-10 10:04:36.126   598   626 I ActivityManager: Broadcast completed: result=0
12-10 10:04:36.132  1292  1686 I MediaProvider: Begin Intent { act=android.intent.action.MEDIA_SCANNER_SCAN_FILE dat=file:///... flg=0x1400010 cmp=com.google.android.providers.media.module/com.android.providers.media.MediaService }
12-10 10:04:36.167  1292  1686 I MediaProvider: End Intent { act=android.intent.action.MEDIA_SCANNER_SCAN_FILE dat=file:///... flg=0x1400010 cmp=com.google.android.providers.media.module/com.android.providers.media.MediaService }
12-10 10:04:36.184   480   480 E adbd    : failed to connect to socket 'tcp:51112': Connection refused
12-10 10:04:36.207   598  1404 E TaskPersister: File error accessing recents directory (directory doesn't exist?).
12-10 10:04:36.224 10841 10849 I mit.droidbotapp: Background concurrent mark compact GC freed 1020KB AllocSpace bytes, 7(1012KB) LOS objects, 49% free, 5386KB/10MB, paused 6.918ms,2.965ms total 34.469ms
12-10 10:04:36.318 11547 11555 I m.zhihu.android: Background concurrent mark compact GC freed 23MB AllocSpace bytes, 109(8512KB) LOS objects, 37% free, 39MB/63MB, paused 5.271ms,9.338ms total 193.981ms
12-10 10:04:36.448  1292  1526 W MediaProvider: Ignoring param:deletedata post U for external apps
12-10 10:04:36.454  1292  1526 I MediaProvider: Deleted 0 1 0 0 0 0 0 items on external_primary due to com.android.shell
12-10 10:04:36.599   598  4017 W BestClock: java.time.DateTimeException: Missing network time fix
12-10 10:04:36.600   598  4017 W BestClock: java.time.DateTimeException: Missing network time fix
12-10 10:04:36.604   598   621 W BestClock: java.time.DateTimeException: Missing network time fix
12-10 10:04:37.610   598   621 W BestClock: java.time.DateTimeException: Missing network time fix
12-10 10:04:37.611   598   621 W BestClock: java.time.DateTimeException: Missing network time fix
12-10 10:04:37.616   598   621 W BestClock: java.time.DateTimeException: Missing network time fix
12-10 10:04:37.837   598   738 W BestClock: java.time.DateTimeException: Missing network time fix
12-10 10:04:37.888   598   738 W BestClock: java.time.DateTimeException: Missing network time fix
12-10 10:04:37.896   598   739 W BestClock: java.time.DateTimeException: Missing network time fix
12-10 10:04:37.898   598   739 W BestClock: java.time.DateTimeException: Missing network time fix
12-10 10:04:37.901   598   739 W BestClock: java.time.DateTimeException: Missing network time fix
12-10 10:04:37.917   598   739 W BestClock: java.time.DateTimeException: Missing network time fix
12-10 10:04:37.938   598   739 W BestClock: java.time.DateTimeException: Missing network time fix
12-10 10:04:37.939   598   739 W BestClock: java.time.DateTimeException: Missing network time fix
12-10 10:04:37.990  1292  8235 I PSyncWorker: Starting proactive picker sync from sync source: 1
12-10 10:04:37.990  1292  8235 I PickerSyncTracker: Created new sync future java.util.concurrent.CompletableFuture@c2ae1c7[Not completed, 1 dependents]. Future map: {c27150b4-c129-469a-8bc5-223ad8e76624=java.util.concurrent.CompletableFuture@c2ae1c7[Not completed, 1 dependents]}
12-10 10:04:37.995  1292  8235 I PickerSyncController: Executing SyncAdd. isLocal: true. authority: com.android.providers.media.photopicker
12-10 10:04:38.004  1292  8235 I PickerSyncController: Paged sync successful. QueryArgs: Bundle[{android.provider.extra.SYNC_GENERATION=224, android.provider.extra.PAGE_SIZE=1000}] Total Rows: 0
12-10 10:04:38.004  1292  8235 I PickerSyncController: Executing SyncRemove. isLocal: true. authority: com.android.providers.media.photopicker
12-10 10:04:38.007  1292  8235 E PickerDbFacade: Could not get first date taken millis for media id: 1000000049
12-10 10:04:38.008  1292  8235 W PickerDbFacade: Unable to promote cloud media with localId: 1000000049
12-10 10:04:38.013  1292  8235 I PickerSyncController: Paged sync successful. QueryArgs: Bundle[{android.provider.extra.SYNC_GENERATION=224, android.provider.extra.PAGE_SIZE=1000}] Total Rows: 0
12-10 10:04:38.014  1292  8235 I PickerSyncTracker: Marked sync future complete for work id: c27150b4-c129-469a-8bc5-223ad8e76624. Future map: {}
12-10 10:04:38.014  1292  8235 I PSyncWorker: Completed picker proactive sync complete from local provider.
12-10 10:04:38.019  1292  1468 I WM-WorkerWrapper: Worker result SUCCESS for Work [ id=c27150b4-c129-469a-8bc5-223ad8e76624, tags={ com.android.providers.media.photopicker.sync.ProactiveSyncWorker } ]
12-10 10:04:38.042   598   598 W JobScheduler: Job didn't exist in JobStore: a7cf5ca {androidx.work.systemjobscheduler} #u0a196/34 @androidx.work.systemjobscheduler@com.google.android.providers.media.module/androidx.work.impl.background.systemjob.SystemJobService
12-10 10:04:38.621   598  4019 W BestClock: java.time.DateTimeException: Missing network time fix
12-10 10:04:38.622   598  4019 W BestClock: java.time.DateTimeException: Missing network time fix
12-10 10:04:38.626   598  4019 W BestClock: java.time.DateTimeException: Missing network time fix
12-10 10:04:39.638   598  4019 W BestClock: java.time.DateTimeException: Missing network time fix
12-10 10:04:39.639   598  4019 W BestClock: java.time.DateTimeException: Missing network time fix
12-10 10:04:39.643   598  4019 W BestClock: java.time.DateTimeException: Missing network time fix
12-10 10:04:40.183   480   480 E adbd    : failed to connect to socket 'tcp:51112': Connection refused
12-10 10:04:40.648   598  4019 W BestClock: java.time.DateTimeException: Missing network time fix
12-10 10:04:40.649   598  4019 W BestClock: java.time.DateTimeException: Missing network time fix
12-10 10:04:40.653   598  4019 W BestClock: java.time.DateTimeException: Missing network time fix
12-10 10:04:41.660   598  4019 W BestClock: java.time.DateTimeException: Missing network time fix
12-10 10:04:41.661   598  4019 W BestClock: java.time.DateTimeException: Missing network time fix
12-10 10:04:41.664   598  4019 W BestClock: java.time.DateTimeException: Missing network time fix
12-10 10:04:42.441 12983 12983 I AndroidRuntime: Using default boot image
12-10 10:04:42.441 12983 12983 I AndroidRuntime: Leaving lock profiling enabled
12-10 10:04:42.454 12983 12983 I app_process: Using CollectorTypeCMC GC.
12-10 10:04:42.667   598  1756 W BestClock: java.time.DateTimeException: Missing network time fix
12-10 10:04:42.668   598  1756 W BestClock: java.time.DateTimeException: Missing network time fix
12-10 10:04:42.668   598   637 W IPCThreadState: Sending oneway calls to frozen process.
12-10 10:04:42.670   598  4019 W BestClock: java.time.DateTimeException: Missing network time fix
12-10 10:04:42.774 12983 12983 W app_process: Unexpected CPU variant for x86: x86_64.
12-10 10:04:42.774 12983 12983 W app_process: Known variants: atom, sandybridge, silvermont, goldmont, goldmont-plus, goldmont-without-sha-xsaves, tremont, kabylake, default
12-10 10:04:42.786 12983 12983 W app_process: ClassLoaderContext shared library size mismatch. Expected=2, found=0 (PCL[]{PCL[/system/framework/android.test.base.jar*724373495]#PCL[/system/framework/android.test.mock.jar*1452759902]} | PCL[])
12-10 10:04:42.792 12983 12983 W app_process: ClassLoaderContext classpath size mismatch. expected=0, found=1 (PCL[]{PCL[/system/framework/android.test.runner.jar*2496447986]#PCL[/system/framework/android.test.base.jar*724373495]} | PCL[/system/framework/android.test.runner.jar*2496447986])
12-10 10:04:42.839 12983 12983 I UiAutomation: Initialized for user 0 on display 0
12-10 10:04:42.839 12983 12983 W UiAutomation: Created with deprecatead constructor, assumes DEFAULT_DISPLAY
12-10 10:04:42.842   598  4019 I UiAutomationManager: Registering UiTestAutomationService (id=com.android.server.accessibility/UiAutomation, flags=0x0) when called by user 0
12-10 10:04:42.850   598  4019 W MagnificationConnectionManager: requestConnection duplicated request: connect=false, mConnectionState=DISCONNECTED
12-10 10:04:42.853   598   598 W IPCThreadState: Sending oneway calls to frozen process.
12-10 10:04:42.854   598   598 W IPCThreadState: Sending oneway calls to frozen process.
12-10 10:04:42.854   598   598 W IPCThreadState: Sending oneway calls to frozen process.
12-10 10:04:42.854   598   598 W IPCThreadState: Sending oneway calls to frozen process.
12-10 10:04:42.854   598   598 W IPCThreadState: Sending oneway calls to frozen process.
12-10 10:04:42.854   598   598 W IPCThreadState: Sending oneway calls to frozen process.
12-10 10:04:42.854   598   598 W IPCThreadState: Sending oneway calls to frozen process.
12-10 10:04:42.856   598   598 W IPCThreadState: Sending oneway calls to frozen process.
12-10 10:04:42.856   598   598 W IPCThreadState: Sending oneway calls to frozen process.
12-10 10:04:42.856   598   598 W IPCThreadState: Sending oneway calls to frozen process.
12-10 10:04:42.856   598   598 W IPCThreadState: Sending oneway calls to frozen process.
12-10 10:04:42.858   598   598 W IPCThreadState: Sending oneway calls to frozen process.
12-10 10:04:42.858   598   598 W IPCThreadState: Sending oneway calls to frozen process.
12-10 10:04:42.859   598   598 W IPCThreadState: Sending oneway calls to frozen process.
12-10 10:04:43.645   598   621 I ActivityManager: Killing 9764:com.google.android.rkpdapp/u0a197 (adj 985): empty #17
12-10 10:04:43.663   401   401 I Zygote  : Process 9764 exited due to signal 9 (Killed)
12-10 10:04:43.668   598   640 I libprocessgroup: Removed cgroup /sys/fs/cgroup/uid_10197/pid_9764
12-10 10:04:43.674   598   621 W BestClock: java.time.DateTimeException: Missing network time fix
12-10 10:04:43.675   598   621 W BestClock: java.time.DateTimeException: Missing network time fix
12-10 10:04:43.678   598   621 W BestClock: java.time.DateTimeException: Missing network time fix
12-10 10:04:44.160   480   480 E adbd    : failed to connect to socket 'tcp:51112': Connection refused
12-10 10:04:44.682   598  4017 W BestClock: java.time.DateTimeException: Missing network time fix
12-10 10:04:44.683   598  4017 W BestClock: java.time.DateTimeException: Missing network time fix
12-10 10:04:44.686   598  4017 W BestClock: java.time.DateTimeException: Missing network time fix
12-10 10:04:44.703 11547 11547 E m.zhihu.android: No package ID ff found for resource ID 0xffffffff.
12-10 10:04:44.726   598   622 W AS.PlaybackActivityMon: No piid assigned for invalid/internal port id 16
12-10 10:04:44.841 11547 11547 I tgfx    : PAGFile.LoadFromAssets() start: pull_refresh_loading.pag
12-10 10:04:44.943 11547 11547 I tgfx    : PAGFile.LoadFromAssets() start: pull_refresh_loading.pag
12-10 10:04:45.014 11547 11547 I tgfx    : PAGFile.LoadFromAssets() start: pull_refresh_loading.pag
12-10 10:04:45.211 11547 11852 W System.err: java.lang.IllegalArgumentException: sITTNetDepend is null
12-10 10:04:45.218 11547 11852 W System.err: 	at com.bytedance.ttnet.TTNetInit.getTTNetDepend(Unknown Source:10)
12-10 10:04:45.218 11547 11852 W System.err: 	at com.bytedance.ttnet.TTNetInit.getEffectiveConnectionType(Unknown Source:0)
12-10 10:04:45.219 11547 11852 W System.err: 	at com.g.a.e.a(FrescoTraceListener.java:538)
12-10 10:04:45.219 11547 11852 W System.err: 	at com.g.a.e.a(FrescoTraceListener.java:57)
12-10 10:04:45.219 11547 11852 W System.err: 	at com.g.a.e$4.run(FrescoTraceListener.java:493)
12-10 10:04:45.219 11547 11852 W System.err: 	at java.util.concurrent.Executors$RunnableAdapter.call(Executors.java:487)
12-10 10:04:45.219 11547 11852 W System.err: 	at java.util.concurrent.FutureTask.run(FutureTask.java:264)
12-10 10:04:45.219 11547 11852 W System.err: 	at java.util.concurrent.ThreadPoolExecutor.runWorker(ThreadPoolExecutor.java:1145)
12-10 10:04:45.219 11547 11852 W System.err: 	at java.util.concurrent.ThreadPoolExecutor$Worker.run(ThreadPoolExecutor.java:644)
12-10 10:04:45.219 11547 11852 W System.err: 	at java.lang.Thread.run(Thread.java:1012)
12-10 10:04:45.219 11547 11852 W System.err: 	at com.zhihu.android.af.a.d.run(RulerThread.java:101)
12-10 10:04:45.694   598  1035 W BestClock: java.time.DateTimeException: Missing network time fix
12-10 10:04:45.697   598  1035 W BestClock: java.time.DateTimeException: Missing network time fix
12-10 10:04:45.705   598  1035 W BestClock: java.time.DateTimeException: Missing network time fix
12-10 10:04:45.966 11547 11554 W m.zhihu.android: Missing inline cache for com.zhihu.android.base.e.b com.zhihu.android.base.e.c.e()
12-10 10:04:46.015 11547 11555 I m.zhihu.android: Background concurrent mark compact GC freed 22MB AllocSpace bytes, 98(2460KB) LOS objects, 35% free, 42MB/66MB, paused 11.765ms,6.849ms total 564.543ms
12-10 10:04:46.025 13079 13079 W BpBinder: Linking to death on android.gui.ISurfaceComposer but there are no threads (yet?) listening to incoming transactions. See ProcessState::startThreadPool and ProcessState::setThreadPoolMaxThreadCount. Generally you should setup the binder threadpool before other initialization steps.
12-10 10:04:46.026 13079 13079 W ProcessState: Extra binder thread started, but 0 threads requested. Do not use *startThreadPool when zero threads are requested.
12-10 10:04:46.057   184   184 I hwservicemanager: getTransport: Cannot find entry android.hardware.graphics.mapper@4.0::IMapper/default in either framework or device VINTF manifest.
12-10 10:04:46.060 13079 13084 I Gralloc4: mapper 4.x is not supported
12-10 10:04:46.124  1292  1526 W MediaProvider: isAppCloneUserPair for user 0: false
12-10 10:04:46.380   598  4017 I ActivityManager: Broadcasting: Intent { act=android.intent.action.MEDIA_SCANNER_SCAN_FILE dat=file:///... flg=0x400000 }
12-10 10:04:46.381   598  4017 I ActivityManager: Enqueued broadcast Intent { act=android.intent.action.MEDIA_SCANNER_SCAN_FILE dat=file:///... flg=0x400000 }: 0
12-10 10:04:46.384   598  1035 W JobInfo : Job 'com.google.android.providers.media.module/com.android.providers.media.MediaService#-300' has a deadline with no functional constraints. The deadline won't improve job execution latency. Consider removing the deadline.
12-10 10:04:46.399   598   626 I ActivityManager: Broadcast completed: result=0
12-10 10:04:46.408  1292  1686 I MediaProvider: Begin Intent { act=android.intent.action.MEDIA_SCANNER_SCAN_FILE dat=file:///... flg=0x1400010 cmp=com.google.android.providers.media.module/com.android.providers.media.MediaService }
12-10 10:04:46.420  1292  1686 I MediaProvider: End Intent { act=android.intent.action.MEDIA_SCANNER_SCAN_FILE dat=file:///... flg=0x1400010 cmp=com.google.android.providers.media.module/com.android.providers.media.MediaService }
12-10 10:04:46.470   598   637 W IPCThreadState: Sending oneway calls to frozen process.
12-10 10:04:46.710   598  4017 W BestClock: java.time.DateTimeException: Missing network time fix
12-10 10:04:46.712   598  4017 W BestClock: java.time.DateTimeException: Missing network time fix
12-10 10:04:46.715   598  4017 W BestClock: java.time.DateTimeException: Missing network time fix
12-10 10:04:46.728  1292  2080 W MediaProvider: Ignoring param:deletedata post U for external apps
12-10 10:04:46.734  1292  2080 I MediaProvider: Deleted 0 1 0 0 0 0 0 items on external_primary due to com.android.shell
12-10 10:04:47.558   598   621 W ActivityManager: pid 598 system sent binder code 1 with flags 1 to frozen apps and got error -32
12-10 10:04:47.560   598   621 W EnhancedConfirmationService: The packageName should not be null.
12-10 10:04:47.573   598   621 W MagnificationConnectionManager: requestConnection duplicated request: connect=false, mConnectionState=DISCONNECTED
12-10 10:04:47.575   598  4017 W MagnificationConnectionManager: requestConnection duplicated request: connect=false, mConnectionState=DISCONNECTED
12-10 10:04:47.578   598   598 W MagnificationConnectionManager: requestConnection duplicated request: connect=false, mConnectionState=DISCONNECTED
12-10 10:04:47.581   598   598 W IPCThreadState: Sending oneway calls to frozen process.
12-10 10:04:47.583   598   598 W IPCThreadState: Sending oneway calls to frozen process.
12-10 10:04:47.583   598   598 W IPCThreadState: Sending oneway calls to frozen process.
12-10 10:04:47.583   598   598 W IPCThreadState: Sending oneway calls to frozen process.
12-10 10:04:47.584   598   598 W IPCThreadState: Sending oneway calls to frozen process.
12-10 10:04:47.585   598   598 W IPCThreadState: Sending oneway calls to frozen process.
12-10 10:04:47.586   598   598 W IPCThreadState: Sending oneway calls to frozen process.
12-10 10:04:47.590   598   598 W IPCThreadState: Sending oneway calls to frozen process.
12-10 10:04:47.590   598   598 W IPCThreadState: Sending oneway calls to frozen process.
12-10 10:04:47.591   598   598 W IPCThreadState: Sending oneway calls to frozen process.
12-10 10:04:47.591   598   598 W IPCThreadState: Sending oneway calls to frozen process.
12-10 10:04:47.594   598   598 W IPCThreadState: Sending oneway calls to frozen process.
12-10 10:04:47.595   598   598 W IPCThreadState: Sending oneway calls to frozen process.
12-10 10:04:47.596   598   598 W IPCThreadState: Sending oneway calls to frozen process.
12-10 10:04:47.614   598   598 W IPCThreadState: Sending oneway calls to frozen process.
12-10 10:04:47.614   598   598 W IPCThreadState: Sending oneway calls to frozen process.
12-10 10:04:47.615   598   598 W IPCThreadState: Sending oneway calls to frozen process.
12-10 10:04:47.615   598   598 W IPCThreadState: Sending oneway calls to frozen process.
